  state:0.0, ok
  Welcome! Try test(3,5,7,15,30)
->move(E)
  state:0.1, error
  Negative on that request:no mission in progress.
->move(N)
  state:0.2, error
  Negative on that request:no mission in progress.
->liftoff
  state:0.3, error
  Negative on that request:no mission in progress.
->wormhole
  state:0.4, error
  Negative on that request:no mission in progress.
->move(N)
  state:0.5, error
  Negative on that request:no mission in progress.
->move(NW)
  state:0.6, error
  Negative on that request:no mission in progress.
->move(N)
  state:0.7, error
  Negative on that request:no mission in progress.
->abort
  state:0.8, error
  Negative on that request:no mission in progress.
->move(NE)
  state:0.9, error
  Negative on that request:no mission in progress.
->move(W)
  state:0.10, error
  Negative on that request:no mission in progress.
->move(SE)
  state:0.11, error
  Negative on that request:no mission in progress.
->move(N)
  state:0.12, error
  Negative on that request:no mission in progress.
->pass
  state:0.13, error
  Negative on that request:no mission in progress.
->pass
  state:0.14, error
  Negative on that request:no mission in progress.
->liftoff
  state:0.15, error
  Negative on that request:no mission in progress.
->move(NW)
  state:0.16, error
  Negative on that request:no mission in progress.
->move(W)
  state:0.17, error
  Negative on that request:no mission in progress.
->land
  state:0.18, error
  Negative on that request:no mission in progress.
->abort
  state:0.19, error
  Negative on that request:no mission in progress.
->move(W)
  state:0.20, error
  Negative on that request:no mission in progress.
->move(N)
  state:0.21, error
  Negative on that request:no mission in progress.
->pass
  state:0.22, error
  Negative on that request:no mission in progress.
->move(W)
  state:0.23, error
  Negative on that request:no mission in progress.
->move(N)
  state:0.24, error
  Negative on that request:no mission in progress.
->land
  state:0.25, error
  Negative on that request:no mission in progress.
->move(N)
  state:0.26, error
  Negative on that request:no mission in progress.
->move(S)
  state:0.27, error
  Negative on that request:no mission in progress.
->move(SW)
  state:0.28, error
  Negative on that request:no mission in progress.
->land
  state:0.29, error
  Negative on that request:no mission in progress.
->move(NW)
  state:0.30, error
  Negative on that request:no mission in progress.
->move(N)
  state:0.31, error
  Negative on that request:no mission in progress.
->test(7,22,28,34,54)
  state:1.0, mode:test, ok
  Movement:none
  Sectors:
    [1,1]->[0,E],-,-,-
    [1,2]->[1,P],[2,P],-,-
    [1,3]->-,-,-,-
    [1,4]->[3,P],[-2,W],-,-
    [1,5]->[4,J],-,-,-
    [2,1]->-,-,-,-
    [2,2]->-,-,-,-
    [2,3]->[5,P],-,-,-
    [2,4]->[6,M],[7,J],[-11,W],-
    [2,5]->[8,M],[9,P],[-4,Y],-
    [3,1]->[10,M],-,-,-
    [3,2]->[11,P],-,-,-
    [3,3]->[-1,O],-,-,-
    [3,4]->[12,A],[-7,W],-,-
    [3,5]->[13,J],[-8,W],-,-
    [4,1]->[14,J],[-3,W],-,-
    [4,2]->[15,P],[-9,W],-,-
    [4,3]->[16,J],[17,B],-,-
    [4,4]->-,-,-,-
    [4,5]->[18,P],[-5,W],-,-
    [5,1]->-,-,-,-
    [5,2]->[19,P],-,-,-
    [5,3]->[20,B],[21,P],[22,J],[-6,*]
    [5,4]->[-10,W],-,-,-
    [5,5]->[23,P],-,-,-
  Descriptions:
    [-11,W]->
    [-10,W]->
    [-9,W]->
    [-8,W]->
    [-7,W]->
    [-6,*]->Luminosity:5
    [-5,W]->
    [-4,Y]->Luminosity:2
    [-3,W]->
    [-2,W]->
    [-1,O]->
    [0,E]->fuel:3/3, life:3/3, landed?:F
    [1,P]->attached?:F, support_life?:F, visited?:F, turns_left:1
    [2,P]->attached?:F, support_life?:F, visited?:F, turns_left:0
    [3,P]->attached?:F, support_life?:F, visited?:F, turns_left:0
    [4,J]->fuel:5/5, load:0/2, actions_left_until_reproduction:2/2, turns_left:0
    [5,P]->attached?:F, support_life?:F, visited?:F, turns_left:0
    [6,M]->fuel:3/3, actions_left_until_reproduction:1/1, turns_left:2
    [7,J]->fuel:5/5, load:0/2, actions_left_until_reproduction:2/2, turns_left:2
    [8,M]->fuel:3/3, actions_left_until_reproduction:1/1, turns_left:1
    [9,P]->attached?:F, support_life?:F, visited?:F, turns_left:1
    [10,M]->fuel:3/3, actions_left_until_reproduction:1/1, turns_left:2
    [11,P]->attached?:F, support_life?:F, visited?:F, turns_left:0
    [12,A]->turns_left:2
    [13,J]->fuel:5/5, load:0/2, actions_left_until_reproduction:2/2, turns_left:0
    [14,J]->fuel:5/5, load:0/2, actions_left_until_reproduction:2/2, turns_left:1
    [15,P]->attached?:F, support_life?:F, visited?:F, turns_left:2
    [16,J]->fuel:5/5, load:0/2, actions_left_until_reproduction:2/2, turns_left:1
    [17,B]->fuel:3/3, actions_left_until_reproduction:1/1, turns_left:1
    [18,P]->attached?:F, support_life?:F, visited?:F, turns_left:0
    [19,P]->attached?:F, support_life?:F, visited?:F, turns_left:0
    [20,B]->fuel:3/3, actions_left_until_reproduction:1/1, turns_left:2
    [21,P]->attached?:F, support_life?:F, visited?:F, turns_left:1
    [22,J]->fuel:5/5, load:0/2, actions_left_until_reproduction:2/2, turns_left:2
    [23,P]->attached?:F, support_life?:F, visited?:F, turns_left:1
  Deaths This Turn:none
    (1:1)  (1:2)  (1:3)  (1:4)  (1:5)  
    E---   PP--   ----   PW--   J---   
    (2:1)  (2:2)  (2:3)  (2:4)  (2:5)  
    ----   ----   P---   MJW-   MPY-   
    (3:1)  (3:2)  (3:3)  (3:4)  (3:5)  
    M---   P---   O---   AW--   JW--   
    (4:1)  (4:2)  (4:3)  (4:4)  (4:5)  
    JW--   PW--   JB--   ----   PW--   
    (5:1)  (5:2)  (5:3)  (5:4)  (5:5)  
    ----   P---   BPJ*   W---   P---   
->move(S)
  state:2.0, mode:test, ok
  Movement:
    [0,E]:[1,1,1]->[2,1,1]
    [2,P]:[1,2,2]->[1,3,1]
    [3,P]:[1,4,1]->[2,4,4]
    [4,J]:[1,5,1]->[5,5,2]
    [5,P]:[2,3,1]
    [11,P]:[3,2,1]->[3,1,2]
    [13,J]:[3,5,1]
    [18,P]:[4,5,1]->[3,4,3]
    [19,P]:[5,2,1]->[1,1,1]
  Sectors:
    [1,1]->[19,P],-,-,-
    [1,2]->[1,P],-,-,-
    [1,3]->[2,P],-,-,-
    [1,4]->-,[-2,W],-,-
    [1,5]->-,-,-,-
    [2,1]->[0,E],-,-,-
    [2,2]->-,-,-,-
    [2,3]->[5,P],-,-,-
    [2,4]->[6,M],[7,J],[-11,W],[3,P]
    [2,5]->[8,M],[9,P],[-4,Y],-
    [3,1]->[10,M],[11,P],-,-
    [3,2]->-,-,-,-
    [3,3]->[-1,O],-,-,-
    [3,4]->[12,A],[-7,W],[18,P],-
    [3,5]->[13,J],[-8,W],-,-
    [4,1]->[14,J],[-3,W],-,-
    [4,2]->[15,P],[-9,W],-,-
    [4,3]->[16,J],[17,B],-,-
    [4,4]->-,-,-,-
    [4,5]->-,[-5,W],-,-
    [5,1]->-,-,-,-
    [5,2]->-,-,-,-
    [5,3]->[20,B],[21,P],[22,J],[-6,*]
    [5,4]->[-10,W],-,-,-
    [5,5]->[23,P],[4,J],-,-
  Descriptions:
    [-11,W]->
    [-10,W]->
    [-9,W]->
    [-8,W]->
    [-7,W]->
    [-6,*]->Luminosity:5
    [-5,W]->
    [-4,Y]->Luminosity:2
    [-3,W]->
    [-2,W]->
    [-1,O]->
    [0,E]->fuel:2/3, life:3/3, landed?:F
    [1,P]->attached?:F, support_life?:F, visited?:F, turns_left:0
    [2,P]->attached?:F, support_life?:F, visited?:F, turns_left:0
    [3,P]->attached?:F, support_life?:F, visited?:F, turns_left:1
    [4,J]->fuel:4/5, load:0/2, actions_left_until_reproduction:1/2, turns_left:1
    [5,P]->attached?:F, support_life?:F, visited?:F, turns_left:0
    [6,M]->fuel:3/3, actions_left_until_reproduction:1/1, turns_left:1
    [7,J]->fuel:5/5, load:0/2, actions_left_until_reproduction:2/2, turns_left:1
    [8,M]->fuel:3/3, actions_left_until_reproduction:1/1, turns_left:0
    [9,P]->attached?:F, support_life?:F, visited?:F, turns_left:0
    [10,M]->fuel:3/3, actions_left_until_reproduction:1/1, turns_left:1
    [11,P]->attached?:F, support_life?:F, visited?:F, turns_left:2
    [12,A]->turns_left:1
    [13,J]->fuel:5/5, load:0/2, actions_left_until_reproduction:1/2, turns_left:2
    [14,J]->fuel:5/5, load:0/2, actions_left_until_reproduction:2/2, turns_left:0
    [15,P]->attached?:F, support_life?:F, visited?:F, turns_left:1
    [16,J]->fuel:5/5, load:0/2, actions_left_until_reproduction:2/2, turns_left:0
    [17,B]->fuel:3/3, actions_left_until_reproduction:1/1, turns_left:0
    [18,P]->attached?:F, support_life?:F, visited?:F, turns_left:0
    [19,P]->attached?:F, support_life?:F, visited?:F, turns_left:0
    [20,B]->fuel:3/3, actions_left_until_reproduction:1/1, turns_left:1
    [21,P]->attached?:F, support_life?:F, visited?:F, turns_left:0
    [22,J]->fuel:5/5, load:0/2, actions_left_until_reproduction:2/2, turns_left:1
    [23,P]->attached?:F, support_life?:F, visited?:F, turns_left:0
  Deaths This Turn:none
    (1:1)  (1:2)  (1:3)  (1:4)  (1:5)  
    P---   P---   P---   -W--   ----   
    (2:1)  (2:2)  (2:3)  (2:4)  (2:5)  
    E---   ----   P---   MJWP   MPY-   
    (3:1)  (3:2)  (3:3)  (3:4)  (3:5)  
    MP--   ----   O---   AWP-   JW--   
    (4:1)  (4:2)  (4:3)  (4:4)  (4:5)  
    JW--   PW--   JB--   ----   -W--   
    (5:1)  (5:2)  (5:3)  (5:4)  (5:5)  
    ----   ----   BPJ*   W---   PJ--   
->move(W)
  state:3.0, mode:test, ok
  Movement:
    [0,E]:[2,1,1]->[2,5,4]
    [1,P]:[1,2,1]->[2,2,1]
    [2,P]:[1,3,1]
    [5,P]:[2,3,1]->[3,3,2]
    [8,M]:[2,5,1]->[1,1,2]
    [14,J]:[4,1,1]->[3,5,3]
    [16,J]:[4,3,1]->[4,2,3]
    [17,B]:[4,3,2]->[3,4,4]
    [18,P]:[3,4,3]->[4,3,1]
    [19,P]:[1,1,1]->[5,5,3]
    [23,P]:[5,5,1]->[5,4,2]
  Sectors:
    [1,1]->-,[8,M],-,-
    [1,2]->-,-,-,-
    [1,3]->[2,P],-,-,-
    [1,4]->-,[-2,W],-,-
    [1,5]->-,-,-,-
    [2,1]->-,-,-,-
    [2,2]->[1,P],-,-,-
    [2,3]->-,-,-,-
    [2,4]->[6,M],[7,J],[-11,W],[3,P]
    [2,5]->-,[9,P],[-4,Y],[0,E]
    [3,1]->[10,M],[11,P],-,-
    [3,2]->-,-,-,-
    [3,3]->[-1,O],-,-,-
    [3,4]->[12,A],[-7,W],-,[17,B]
    [3,5]->[13,J],[-8,W],[14,J],-
    [4,1]->-,[-3,W],-,-
    [4,2]->[15,P],[-9,W],[16,J],-
    [4,3]->[18,P],-,-,-
    [4,4]->-,-,-,-
    [4,5]->-,[-5,W],-,-
    [5,1]->-,-,-,-
    [5,2]->-,-,-,-
    [5,3]->[20,B],[21,P],[22,J],[-6,*]
    [5,4]->[-10,W],[23,P],-,-
    [5,5]->-,[4,J],[19,P],-
  Descriptions:
    [-11,W]->
    [-10,W]->
    [-9,W]->
    [-8,W]->
    [-7,W]->
    [-6,*]->Luminosity:5
    [-5,W]->
    [-4,Y]->Luminosity:2
    [-3,W]->
    [-2,W]->
    [-1,O]->
    [0,E]->fuel:3/3, life:3/3, landed?:F
    [1,P]->attached?:F, support_life?:F, visited?:F, turns_left:1
    [2,P]->attached?:F, support_life?:F, visited?:F, turns_left:2
    [3,P]->attached?:F, support_life?:F, visited?:F, turns_left:0
    [4,J]->fuel:4/5, load:0/2, actions_left_until_reproduction:1/2, turns_left:0
    [6,M]->fuel:3/3, actions_left_until_reproduction:1/1, turns_left:0
    [7,J]->fuel:5/5, load:0/2, actions_left_until_reproduction:2/2, turns_left:0
    [8,M]->fuel:2/3, actions_left_until_reproduction:0/1, turns_left:1
    [9,P]->attached?:T, support_life?:T, visited?:F, turns_left:N/A
    [10,M]->fuel:3/3, actions_left_until_reproduction:1/1, turns_left:0
    [11,P]->attached?:F, support_life?:F, visited?:F, turns_left:1
    [12,A]->turns_left:0
    [13,J]->fuel:5/5, load:0/2, actions_left_until_reproduction:1/2, turns_left:1
    [14,J]->fuel:4/5, load:0/2, actions_left_until_reproduction:1/2, turns_left:2
    [15,P]->attached?:F, support_life?:F, visited?:F, turns_left:0
    [16,J]->fuel:4/5, load:0/2, actions_left_until_reproduction:1/2, turns_left:2
    [17,B]->fuel:2/3, actions_left_until_reproduction:0/1, turns_left:0
    [18,P]->attached?:F, support_life?:F, visited?:F, turns_left:1
    [19,P]->attached?:F, support_life?:F, visited?:F, turns_left:1
    [20,B]->fuel:3/3, actions_left_until_reproduction:1/1, turns_left:0
    [21,P]->attached?:T, support_life?:F, visited?:F, turns_left:N/A
    [22,J]->fuel:5/5, load:0/2, actions_left_until_reproduction:2/2, turns_left:0
    [23,P]->attached?:F, support_life?:F, visited?:F, turns_left:2
  Deaths This Turn:
    [5,P]->attached?:F, support_life?:F, visited?:F, turns_left:N/A,
      Planet got devoured by blackhole (id: -1) at Sector:3:3
    (1:1)  (1:2)  (1:3)  (1:4)  (1:5)  
    -M--   ----   P---   -W--   ----   
    (2:1)  (2:2)  (2:3)  (2:4)  (2:5)  
    ----   P---   ----   MJWP   -PYE   
    (3:1)  (3:2)  (3:3)  (3:4)  (3:5)  
    MP--   ----   O---   AW-B   JWJ-   
    (4:1)  (4:2)  (4:3)  (4:4)  (4:5)  
    -W--   PWJ-   P---   ----   -W--   
    (5:1)  (5:2)  (5:3)  (5:4)  (5:5)  
    ----   ----   BPJ*   WP--   -JP-   
->land
  state:4.0, mode:test, ok
  Tranquility base here - we've got a life!
->land
  state:4.1, error
  Negative on that request:no mission in progress.
->move(NW)
  state:4.2, error
  Negative on that request:no mission in progress.
->move(N)
  state:4.3, error
  Negative on that request:no mission in progress.
->move(W)
  state:4.4, error
  Negative on that request:no mission in progress.
->move(NE)
  state:4.5, error
  Negative on that request:no mission in progress.
->move(NW)
  state:4.6, error
  Negative on that request:no mission in progress.
->move(NW)
  state:4.7, error
  Negative on that request:no mission in progress.
->move(W)
  state:4.8, error
  Negative on that request:no mission in progress.
->move(S)
  state:4.9, error
  Negative on that request:no mission in progress.
->move(NW)
  state:4.10, error
  Negative on that request:no mission in progress.
->move(S)
  state:4.11, error
  Negative on that request:no mission in progress.
->move(S)
  state:4.12, error
  Negative on that request:no mission in progress.
->move(NE)
  state:4.13, error
  Negative on that request:no mission in progress.
->move(N)
  state:4.14, error
  Negative on that request:no mission in progress.
