  state:0.0, ok
  Welcome! Try test(3,5,7,15,30)
->land
  state:0.1, error
  Negative on that request:no mission in progress.
->move(E)
  state:0.2, error
  Negative on that request:no mission in progress.
->liftoff
  state:0.3, error
  Negative on that request:no mission in progress.
->abort
  state:0.4, error
  Negative on that request:no mission in progress.
->move(NW)
  state:0.5, error
  Negative on that request:no mission in progress.
->move(S)
  state:0.6, error
  Negative on that request:no mission in progress.
->move(NW)
  state:0.7, error
  Negative on that request:no mission in progress.
->pass
  state:0.8, error
  Negative on that request:no mission in progress.
->move(NW)
  state:0.9, error
  Negative on that request:no mission in progress.
->move(NE)
  state:0.10, error
  Negative on that request:no mission in progress.
->move(S)
  state:0.11, error
  Negative on that request:no mission in progress.
->move(S)
  state:0.12, error
  Negative on that request:no mission in progress.
->move(SE)
  state:0.13, error
  Negative on that request:no mission in progress.
->abort
  state:0.14, error
  Negative on that request:no mission in progress.
->move(S)
  state:0.15, error
  Negative on that request:no mission in progress.
->move(SW)
  state:0.16, error
  Negative on that request:no mission in progress.
->move(SE)
  state:0.17, error
  Negative on that request:no mission in progress.
->liftoff
  state:0.18, error
  Negative on that request:no mission in progress.
->move(SW)
  state:0.19, error
  Negative on that request:no mission in progress.
->move(NW)
  state:0.20, error
  Negative on that request:no mission in progress.
->move(N)
  state:0.21, error
  Negative on that request:no mission in progress.
->move(E)
  state:0.22, error
  Negative on that request:no mission in progress.
->move(NE)
  state:0.23, error
  Negative on that request:no mission in progress.
->move(SW)
  state:0.24, error
  Negative on that request:no mission in progress.
->move(W)
  state:0.25, error
  Negative on that request:no mission in progress.
->move(N)
  state:0.26, error
  Negative on that request:no mission in progress.
->move(SW)
  state:0.27, error
  Negative on that request:no mission in progress.
->move(W)
  state:0.28, error
  Negative on that request:no mission in progress.
->move(NE)
  state:0.29, error
  Negative on that request:no mission in progress.
->move(N)
  state:0.30, error
  Negative on that request:no mission in progress.
->move(SE)
  state:0.31, error
  Negative on that request:no mission in progress.
->move(NE)
  state:0.32, error
  Negative on that request:no mission in progress.
->move(SE)
  state:0.33, error
  Negative on that request:no mission in progress.
->wormhole
  state:0.34, error
  Negative on that request:no mission in progress.
->move(E)
  state:0.35, error
  Negative on that request:no mission in progress.
->move(SE)
  state:0.36, error
  Negative on that request:no mission in progress.
->move(SW)
  state:0.37, error
  Negative on that request:no mission in progress.
->move(SE)
  state:0.38, error
  Negative on that request:no mission in progress.
->move(SW)
  state:0.39, error
  Negative on that request:no mission in progress.
->land
  state:0.40, error
  Negative on that request:no mission in progress.
->move(E)
  state:0.41, error
  Negative on that request:no mission in progress.
->move(SE)
  state:0.42, error
  Negative on that request:no mission in progress.
->play
  state:1.0, mode:play, ok
  Movement:none
    (1:1)  (1:2)  (1:3)  (1:4)  (1:5)  
    E---   *---   P---   ----   PP--   
    (2:1)  (2:2)  (2:3)  (2:4)  (2:5)  
    ----   ----   W---   ----   P---   
    (3:1)  (3:2)  (3:3)  (3:4)  (3:5)  
    MY--   ----   O---   PW--   ----   
    (4:1)  (4:2)  (4:3)  (4:4)  (4:5)  
    W---   M*--   P---   P*--   ----   
    (5:1)  (5:2)  (5:3)  (5:4)  (5:5)  
    BW--   ----   *---   ----   PW--   
->move(NE)
  state:2.0, mode:play, ok
  Movement:
    [0,E]:[1,1,1]->[5,2,1]
    [3,P]:[1,5,2]->[5,4,1]
    [8,P]:[4,3,1]->[3,2,1]
    (1:1)  (1:2)  (1:3)  (1:4)  (1:5)  
    ----   *---   P---   ----   P---   
    (2:1)  (2:2)  (2:3)  (2:4)  (2:5)  
    ----   ----   W---   ----   P---   
    (3:1)  (3:2)  (3:3)  (3:4)  (3:5)  
    MY--   P---   O---   PW--   ----   
    (4:1)  (4:2)  (4:3)  (4:4)  (4:5)  
    W---   M*--   ----   P*--   ----   
    (5:1)  (5:2)  (5:3)  (5:4)  (5:5)  
    BW--   E---   *---   P---   PW--   
->move(SE)
  state:3.0, mode:play, ok
  Movement:
    [0,E]:[5,2,1]->[1,3,2]
    [5,M]:[3,1,1]->[3,5,1]
    [8,P]:[3,2,1]->[2,1,1]
    [10,B]:[5,1,1]->[5,2,1]
    (1:1)  (1:2)  (1:3)  (1:4)  (1:5)  
    ----   *---   PE--   ----   P---   
    (2:1)  (2:2)  (2:3)  (2:4)  (2:5)  
    P---   ----   W---   ----   P---   
    (3:1)  (3:2)  (3:3)  (3:4)  (3:5)  
    -Y--   ----   O---   PW--   M---   
    (4:1)  (4:2)  (4:3)  (4:4)  (4:5)  
    W---   M*--   ----   P*--   ----   
    (5:1)  (5:2)  (5:3)  (5:4)  (5:5)  
    -W--   B---   *---   P---   PW--   
->move(W)
  state:4.0, mode:play, ok
  Movement:
    [0,E]:[1,3,2]->[1,2,2]
    [1,P]:[1,3,1]->[2,4,1]
    [2,P]:[1,5,1]->[2,5,2]
    [4,P]:[2,5,1]->[2,4,2]
    [6,P]:[3,4,1]->[2,3,2]
    [7,M]:[4,2,1]->[5,1,1]
    [10,B]:[5,2,1]->[5,1,3]
      reproduced [12,B] at [5,1,4]
      destroyed [7,M] at [5,1,1]
    [11,P]:[5,5,1]->[4,4,3]
    (1:1)  (1:2)  (1:3)  (1:4)  (1:5)  
    ----   *E--   ----   ----   ----   
    (2:1)  (2:2)  (2:3)  (2:4)  (2:5)  
    P---   ----   WP--   PP--   -P--   
    (3:1)  (3:2)  (3:3)  (3:4)  (3:5)  
    -Y--   ----   O---   -W--   M---   
    (4:1)  (4:2)  (4:3)  (4:4)  (4:5)  
    W---   -*--   ----   P*P-   ----   
    (5:1)  (5:2)  (5:3)  (5:4)  (5:5)  
    -WBB   ----   *---   P---   -W--   
->move(W)
  state:5.0, mode:play, ok
  Movement:
    [0,E]:[1,2,2]->[1,1,1]
    [2,P]:[2,5,2]->[1,5,1]
    [3,P]:[5,4,1]->[1,4,1]
    [6,P]:[2,3,2]->[3,2,1]
    [8,P]:[2,1,1]->[1,5,2]
    [12,B]:[5,1,4]->[5,3,2]
    (1:1)  (1:2)  (1:3)  (1:4)  (1:5)  
    E---   *---   ----   P---   PP--   
    (2:1)  (2:2)  (2:3)  (2:4)  (2:5)  
    ----   ----   W---   PP--   ----   
    (3:1)  (3:2)  (3:3)  (3:4)  (3:5)  
    -Y--   P---   O---   -W--   M---   
    (4:1)  (4:2)  (4:3)  (4:4)  (4:5)  
    W---   -*--   ----   P*P-   ----   
    (5:1)  (5:2)  (5:3)  (5:4)  (5:5)  
    -WB-   ----   *B--   ----   -W--   
->move(E)
  state:6.0, mode:play, ok
  Movement:
    [0,E]:[1,1,1]->[1,2,2]
    [1,P]:[2,4,1]->[1,3,1]
    [3,P]:[1,4,1]->[1,3,2]
    [5,M]:[3,5,1]->[2,1,1]
      reproduced [13,M] at [2,1,2]
    [6,P]:[3,2,1]->[2,1,3]
    (1:1)  (1:2)  (1:3)  (1:4)  (1:5)  
    ----   *E--   PP--   ----   PP--   
    (2:1)  (2:2)  (2:3)  (2:4)  (2:5)  
    MMP-   ----   W---   -P--   ----   
    (3:1)  (3:2)  (3:3)  (3:4)  (3:5)  
    -Y--   ----   O---   -W--   ----   
    (4:1)  (4:2)  (4:3)  (4:4)  (4:5)  
    W---   -*--   ----   P*P-   ----   
    (5:1)  (5:2)  (5:3)  (5:4)  (5:5)  
    -WB-   ----   *B--   ----   -W--   
->test(18,19,26,37,28)
  state:6.1, mode:play, error
  To start a new mission, please abort the current one first.
->move(S)
  state:7.0, mode:play, ok
  Movement:
    [0,E]:[1,2,2]->[2,2,1]
    [2,P]:[1,5,1]->[1,1,1]
    [4,P]:[2,4,2]->[2,5,1]
    [8,P]:[1,5,2]->[1,1,2]
    [10,B]:[5,1,3]->[5,1,1]
    [13,M]:[2,1,2]->[1,2,2]
    (1:1)  (1:2)  (1:3)  (1:4)  (1:5)  
    PP--   *M--   PP--   ----   ----   
    (2:1)  (2:2)  (2:3)  (2:4)  (2:5)  
    M-P-   E---   W---   ----   P---   
    (3:1)  (3:2)  (3:3)  (3:4)  (3:5)  
    -Y--   ----   O---   -W--   ----   
    (4:1)  (4:2)  (4:3)  (4:4)  (4:5)  
    W---   -*--   ----   P*P-   ----   
    (5:1)  (5:2)  (5:3)  (5:4)  (5:5)  
    BW--   ----   *B--   ----   -W--   
->move(SW)
  state:8.0, mode:play, ok
  Movement:
    [0,E]:[2,2,1]->[3,1,1]
    [2,P]:[1,1,1]->[5,5,1]
    [5,M]:[2,1,1]->[3,1,3]
      attacked [0,E] at [3,1,1]
    [6,P]:[2,1,3]->[2,5,2]
    [12,B]:[5,3,2]->[5,2,1]
      reproduced [14,B] at [5,2,2]
    (1:1)  (1:2)  (1:3)  (1:4)  (1:5)  
    -P--   *M--   PP--   ----   ----   
    (2:1)  (2:2)  (2:3)  (2:4)  (2:5)  
    ----   ----   W---   ----   PP--   
    (3:1)  (3:2)  (3:3)  (3:4)  (3:5)  
    EYM-   ----   O---   -W--   ----   
    (4:1)  (4:2)  (4:3)  (4:4)  (4:5)  
    W---   -*--   ----   P*P-   ----   
    (5:1)  (5:2)  (5:3)  (5:4)  (5:5)  
    BW--   BB--   *---   ----   PW--   
->move(S)
  state:9.0, mode:play, ok
  Movement:
    [0,E]:[3,1,1]->[4,1,2]
    [1,P]:[1,3,1]->[5,3,2]
    [3,P]:[1,3,2]->[2,4,1]
    [5,M]:[3,1,3]->[4,1,3]
      reproduced [15,M] at [4,1,4]
      attacked [0,E] at [4,1,2]
    [10,B]:[5,1,1]->[2,5,3]
      reproduced [16,B] at [2,5,4]
    [12,B]:[5,2,1]->[1,1,1]
    (1:1)  (1:2)  (1:3)  (1:4)  (1:5)  
    BP--   *M--   ----   ----   ----   
    (2:1)  (2:2)  (2:3)  (2:4)  (2:5)  
    ----   ----   W---   P---   PPBB   
    (3:1)  (3:2)  (3:3)  (3:4)  (3:5)  
    -Y--   ----   O---   -W--   ----   
    (4:1)  (4:2)  (4:3)  (4:4)  (4:5)  
    WEMM   -*--   ----   P*P-   ----   
    (5:1)  (5:2)  (5:3)  (5:4)  (5:5)  
    -W--   -B--   *P--   ----   PW--   
->pass
  state:10.0, mode:play, ok
  Movement:
    [4,P]:[2,5,1]->[2,4,2]
    [6,P]:[2,5,2]->[2,4,3]
    [8,P]:[1,1,2]->[5,5,3]
    [13,M]:[1,2,2]->[2,3,2]
      reproduced [17,M] at [2,3,3]
    (1:1)  (1:2)  (1:3)  (1:4)  (1:5)  
    B---   *---   ----   ----   ----   
    (2:1)  (2:2)  (2:3)  (2:4)  (2:5)  
    ----   ----   WMM-   PPP-   --BB   
    (3:1)  (3:2)  (3:3)  (3:4)  (3:5)  
    -Y--   ----   O---   -W--   ----   
    (4:1)  (4:2)  (4:3)  (4:4)  (4:5)  
    WEMM   -*--   ----   P*P-   ----   
    (5:1)  (5:2)  (5:3)  (5:4)  (5:5)  
    -W--   -B--   *P--   ----   PWP-   
->wormhole
  state:11.0, mode:play, ok
  Movement:
    [0,E]:[4,1,2]->[4,3,1]
    [2,P]:[5,5,1]->[4,4,4]
    [4,P]:[2,4,2]->[2,3,4]
    [5,M]:[4,1,3]->[4,5,1]
    [8,P]:[5,5,3]->[5,4,1]
    [12,B]:[1,1,1]->[5,5,1]
    [14,B]:[5,2,2]->[5,3,3]
    (1:1)  (1:2)  (1:3)  (1:4)  (1:5)  
    ----   *---   ----   ----   ----   
    (2:1)  (2:2)  (2:3)  (2:4)  (2:5)  
    ----   ----   WMMP   P-P-   --BB   
    (3:1)  (3:2)  (3:3)  (3:4)  (3:5)  
    -Y--   ----   O---   -W--   ----   
    (4:1)  (4:2)  (4:3)  (4:4)  (4:5)  
    W--M   -*--   E---   P*PP   M---   
    (5:1)  (5:2)  (5:3)  (5:4)  (5:5)  
    -W--   ----   *PB-   P---   -W--   
->move(N)
  state:12.0, mode:play, ok
  Explorer got devoured by blackhole (id: -1) at Sector:3:3
  The game has ended. You can start a new game.
  Movement:
    [0,E]:[4,3,1]->[3,3,2]
    [3,P]:[2,4,1]->[1,4,1]
    [5,M]:[4,5,1]->[3,5,1]
    [10,B]:[2,5,3]->[1,5,1]
    [13,M]:[2,3,2]->[1,1,1]
    [14,B]:[5,3,3]->[1,2,2]
      reproduced [18,B] at [1,2,3]
    [15,M]:[4,1,4]->[4,5,1]
    [16,B]:[2,5,4]->[3,5,1]
    [17,M]:[2,3,3]->[5,3,3]
    (1:1)  (1:2)  (1:3)  (1:4)  (1:5)  
    M---   *BB-   ----   P---   B---   
    (2:1)  (2:2)  (2:3)  (2:4)  (2:5)  
    ----   ----   W--P   --P-   ----   
    (3:1)  (3:2)  (3:3)  (3:4)  (3:5)  
    -Y--   ----   O---   -W--   B---   
    (4:1)  (4:2)  (4:3)  (4:4)  (4:5)  
    W---   -*--   ----   P*PP   M---   
    (5:1)  (5:2)  (5:3)  (5:4)  (5:5)  
    -W--   ----   *PM-   P---   -W--   
->move(NE)
  state:12.1, error
  Negative on that request:no mission in progress.
->move(E)
  state:12.2, error
  Negative on that request:no mission in progress.
->move(NE)
  state:12.3, error
  Negative on that request:no mission in progress.
->pass
  state:12.4, error
  Negative on that request:no mission in progress.
->abort
  state:12.5, error
  Negative on that request:no mission in progress.
->move(S)
  state:12.6, error
  Negative on that request:no mission in progress.
->pass
  state:12.7, error
  Negative on that request:no mission in progress.
->wormhole
  state:12.8, error
  Negative on that request:no mission in progress.
->abort
  state:12.9, error
  Negative on that request:no mission in progress.
->liftoff
  state:12.10, error
  Negative on that request:no mission in progress.
->move(SW)
  state:12.11, error
  Negative on that request:no mission in progress.
->move(SW)
  state:12.12, error
  Negative on that request:no mission in progress.
->move(SE)
  state:12.13, error
  Negative on that request:no mission in progress.
->move(S)
  state:12.14, error
  Negative on that request:no mission in progress.
->move(E)
  state:12.15, error
  Negative on that request:no mission in progress.
->move(SE)
  state:12.16, error
  Negative on that request:no mission in progress.
->move(NW)
  state:12.17, error
  Negative on that request:no mission in progress.
->move(SW)
  state:12.18, error
  Negative on that request:no mission in progress.
->test(27,35,46,26,37)
  state:12.19, error
  Thresholds should be non-decreasing order.
->move(E)
  state:12.20, error
  Negative on that request:no mission in progress.
->move(E)
  state:12.21, error
  Negative on that request:no mission in progress.
->move(S)
  state:12.22, error
  Negative on that request:no mission in progress.
->move(N)
  state:12.23, error
  Negative on that request:no mission in progress.
