  state:0.0, ok
  Welcome! Try test(3,5,7,15,30)
->wormhole
  state:0.1, error
  Negative on that request:no mission in progress.
->abort
  state:0.2, error
  Negative on that request:no mission in progress.
->liftoff
  state:0.3, error
  Negative on that request:no mission in progress.
->abort
  state:0.4, error
  Negative on that request:no mission in progress.
->move(NE)
  state:0.5, error
  Negative on that request:no mission in progress.
->land
  state:0.6, error
  Negative on that request:no mission in progress.
->test(19,26,33,20,26)
  state:0.7, error
  Thresholds should be non-decreasing order.
->move(E)
  state:0.8, error
  Negative on that request:no mission in progress.
->play
  state:1.0, mode:play, ok
  Movement:none
    (1:1)  (1:2)  (1:3)  (1:4)  (1:5)  
    E---   *---   P---   ----   PP--   
    (2:1)  (2:2)  (2:3)  (2:4)  (2:5)  
    ----   ----   W---   ----   P---   
    (3:1)  (3:2)  (3:3)  (3:4)  (3:5)  
    MY--   ----   O---   PW--   ----   
    (4:1)  (4:2)  (4:3)  (4:4)  (4:5)  
    W---   M*--   P---   P*--   ----   
    (5:1)  (5:2)  (5:3)  (5:4)  (5:5)  
    BW--   ----   *---   ----   PW--   
->land
  state:1.1, mode:play, error
  Negative on that request:no yellow dwarf at Sector:1:1
->move(SW)
  state:2.0, mode:play, ok
  Movement:
    [0,E]:[1,1,1]->[2,5,2]
    [3,P]:[1,5,2]->[5,4,1]
    [8,P]:[4,3,1]->[3,2,1]
    (1:1)  (1:2)  (1:3)  (1:4)  (1:5)  
    ----   *---   P---   ----   P---   
    (2:1)  (2:2)  (2:3)  (2:4)  (2:5)  
    ----   ----   W---   ----   PE--   
    (3:1)  (3:2)  (3:3)  (3:4)  (3:5)  
    MY--   P---   O---   PW--   ----   
    (4:1)  (4:2)  (4:3)  (4:4)  (4:5)  
    W---   M*--   ----   P*--   ----   
    (5:1)  (5:2)  (5:3)  (5:4)  (5:5)  
    BW--   ----   *---   P---   PW--   
->move(N)
  state:3.0, mode:play, ok
  Movement:
    [0,E]:[2,5,2]->[1,5,2]
    [5,M]:[3,1,1]->[3,5,1]
    [8,P]:[3,2,1]->[2,1,1]
    [10,B]:[5,1,1]->[5,2,1]
    (1:1)  (1:2)  (1:3)  (1:4)  (1:5)  
    ----   *---   P---   ----   PE--   
    (2:1)  (2:2)  (2:3)  (2:4)  (2:5)  
    P---   ----   W---   ----   P---   
    (3:1)  (3:2)  (3:3)  (3:4)  (3:5)  
    -Y--   ----   O---   PW--   M---   
    (4:1)  (4:2)  (4:3)  (4:4)  (4:5)  
    W---   M*--   ----   P*--   ----   
    (5:1)  (5:2)  (5:3)  (5:4)  (5:5)  
    -W--   B---   *---   P---   PW--   
