  state:0.0, ok
  Welcome! Try test(3,5,7,15,30)
->pass
  state:0.1, error
  Negative on that request:no mission in progress.
->move(W)
  state:0.2, error
  Negative on that request:no mission in progress.
->move(SE)
  state:0.3, error
  Negative on that request:no mission in progress.
->land
  state:0.4, error
  Negative on that request:no mission in progress.
->move(NW)
  state:0.5, error
  Negative on that request:no mission in progress.
->move(NE)
  state:0.6, error
  Negative on that request:no mission in progress.
->move(N)
  state:0.7, error
  Negative on that request:no mission in progress.
->abort
  state:0.8, error
  Negative on that request:no mission in progress.
->move(N)
  state:0.9, error
  Negative on that request:no mission in progress.
->liftoff
  state:0.10, error
  Negative on that request:no mission in progress.
->move(NE)
  state:0.11, error
  Negative on that request:no mission in progress.
->move(SW)
  state:0.12, error
  Negative on that request:no mission in progress.
->move(N)
  state:0.13, error
  Negative on that request:no mission in progress.
->move(NW)
  state:0.14, error
  Negative on that request:no mission in progress.
->move(SW)
  state:0.15, error
  Negative on that request:no mission in progress.
->liftoff
  state:0.16, error
  Negative on that request:no mission in progress.
->abort
  state:0.17, error
  Negative on that request:no mission in progress.
->move(NE)
  state:0.18, error
  Negative on that request:no mission in progress.
->wormhole
  state:0.19, error
  Negative on that request:no mission in progress.
->move(SW)
  state:0.20, error
  Negative on that request:no mission in progress.
->move(E)
  state:0.21, error
  Negative on that request:no mission in progress.
->move(SW)
  state:0.22, error
  Negative on that request:no mission in progress.
->move(SW)
  state:0.23, error
  Negative on that request:no mission in progress.
->move(S)
  state:0.24, error
  Negative on that request:no mission in progress.
->liftoff
  state:0.25, error
  Negative on that request:no mission in progress.
->move(NE)
  state:0.26, error
  Negative on that request:no mission in progress.
->land
  state:0.27, error
  Negative on that request:no mission in progress.
->land
  state:0.28, error
  Negative on that request:no mission in progress.
->move(NW)
  state:0.29, error
  Negative on that request:no mission in progress.
->move(S)
  state:0.30, error
  Negative on that request:no mission in progress.
->move(NE)
  state:0.31, error
  Negative on that request:no mission in progress.
->move(N)
  state:0.32, error
  Negative on that request:no mission in progress.
->move(N)
  state:0.33, error
  Negative on that request:no mission in progress.
->liftoff
  state:0.34, error
  Negative on that request:no mission in progress.
->move(NW)
  state:0.35, error
  Negative on that request:no mission in progress.
->pass
  state:0.36, error
  Negative on that request:no mission in progress.
->wormhole
  state:0.37, error
  Negative on that request:no mission in progress.
->liftoff
  state:0.38, error
  Negative on that request:no mission in progress.
->pass
  state:0.39, error
  Negative on that request:no mission in progress.
->move(SE)
  state:0.40, error
  Negative on that request:no mission in progress.
->move(NW)
  state:0.41, error
  Negative on that request:no mission in progress.
->move(W)
  state:0.42, error
  Negative on that request:no mission in progress.
->move(N)
  state:0.43, error
  Negative on that request:no mission in progress.
->move(SW)
  state:0.44, error
  Negative on that request:no mission in progress.
->move(NE)
  state:0.45, error
  Negative on that request:no mission in progress.
->wormhole
  state:0.46, error
  Negative on that request:no mission in progress.
->move(NW)
  state:0.47, error
  Negative on that request:no mission in progress.
->abort
  state:0.48, error
  Negative on that request:no mission in progress.
->pass
  state:0.49, error
  Negative on that request:no mission in progress.
->move(NE)
  state:0.50, error
  Negative on that request:no mission in progress.
->wormhole
  state:0.51, error
  Negative on that request:no mission in progress.
->wormhole
  state:0.52, error
  Negative on that request:no mission in progress.
->land
  state:0.53, error
  Negative on that request:no mission in progress.
->liftoff
  state:0.54, error
  Negative on that request:no mission in progress.
->move(NE)
  state:0.55, error
  Negative on that request:no mission in progress.
->move(SE)
  state:0.56, error
  Negative on that request:no mission in progress.
->move(S)
  state:0.57, error
  Negative on that request:no mission in progress.
->move(SW)
  state:0.58, error
  Negative on that request:no mission in progress.
->move(N)
  state:0.59, error
  Negative on that request:no mission in progress.
->move(S)
  state:0.60, error
  Negative on that request:no mission in progress.
->liftoff
  state:0.61, error
  Negative on that request:no mission in progress.
->move(NE)
  state:0.62, error
  Negative on that request:no mission in progress.
->move(E)
  state:0.63, error
  Negative on that request:no mission in progress.
->move(S)
  state:0.64, error
  Negative on that request:no mission in progress.
->pass
  state:0.65, error
  Negative on that request:no mission in progress.
->move(N)
  state:0.66, error
  Negative on that request:no mission in progress.
->pass
  state:0.67, error
  Negative on that request:no mission in progress.
->abort
  state:0.68, error
  Negative on that request:no mission in progress.
->wormhole
  state:0.69, error
  Negative on that request:no mission in progress.
->move(NW)
  state:0.70, error
  Negative on that request:no mission in progress.
