  state:0.0, ok
  Welcome! Try test(3,5,7,15,30)
->move(W)
  state:0.1, error
  Negative on that request:no mission in progress.
->move(NW)
  state:0.2, error
  Negative on that request:no mission in progress.
->move(W)
  state:0.3, error
  Negative on that request:no mission in progress.
->move(SW)
  state:0.4, error
  Negative on that request:no mission in progress.
->abort
  state:0.5, error
  Negative on that request:no mission in progress.
->land
  state:0.6, error
  Negative on that request:no mission in progress.
->pass
  state:0.7, error
  Negative on that request:no mission in progress.
->move(NW)
  state:0.8, error
  Negative on that request:no mission in progress.
->move(NE)
  state:0.9, error
  Negative on that request:no mission in progress.
->move(S)
  state:0.10, error
  Negative on that request:no mission in progress.
->move(N)
  state:0.11, error
  Negative on that request:no mission in progress.
->wormhole
  state:0.12, error
  Negative on that request:no mission in progress.
->move(W)
  state:0.13, error
  Negative on that request:no mission in progress.
->move(NW)
  state:0.14, error
  Negative on that request:no mission in progress.
->move(SW)
  state:0.15, error
  Negative on that request:no mission in progress.
->move(NE)
  state:0.16, error
  Negative on that request:no mission in progress.
->move(NW)
  state:0.17, error
  Negative on that request:no mission in progress.
->move(E)
  state:0.18, error
  Negative on that request:no mission in progress.
->liftoff
  state:0.19, error
  Negative on that request:no mission in progress.
->move(S)
  state:0.20, error
  Negative on that request:no mission in progress.
->move(S)
  state:0.21, error
  Negative on that request:no mission in progress.
->move(E)
  state:0.22, error
  Negative on that request:no mission in progress.
->abort
  state:0.23, error
  Negative on that request:no mission in progress.
->move(NE)
  state:0.24, error
  Negative on that request:no mission in progress.
->move(SW)
  state:0.25, error
  Negative on that request:no mission in progress.
->wormhole
  state:0.26, error
  Negative on that request:no mission in progress.
->move(SE)
  state:0.27, error
  Negative on that request:no mission in progress.
->move(N)
  state:0.28, error
  Negative on that request:no mission in progress.
->move(NW)
  state:0.29, error
  Negative on that request:no mission in progress.
->pass
  state:0.30, error
  Negative on that request:no mission in progress.
->move(S)
  state:0.31, error
  Negative on that request:no mission in progress.
->move(S)
  state:0.32, error
  Negative on that request:no mission in progress.
->move(N)
  state:0.33, error
  Negative on that request:no mission in progress.
->move(E)
  state:0.34, error
  Negative on that request:no mission in progress.
->move(W)
  state:0.35, error
  Negative on that request:no mission in progress.
->test(27,27,61,61,61)
  state:1.0, mode:test, ok
  Movement:none
  Sectors:
    [1,1]->[0,E],[1,M],-,-
    [1,2]->[2,M],[3,M],[-3,*],-
    [1,3]->[4,M],[5,M],-,-
    [1,4]->[6,A],-,-,-
    [1,5]->-,-,-,-
    [2,1]->-,-,-,-
    [2,2]->[7,M],[-9,*],-,-
    [2,3]->[8,A],[9,A],-,-
    [2,4]->[10,M],[11,M],[-10,W],-
    [2,5]->[12,A],-,-,-
    [3,1]->[13,M],[14,M],-,-
    [3,2]->[-6,*],-,-,-
    [3,3]->[-1,O],-,-,-
    [3,4]->[15,M],-,-,-
    [3,5]->[-11,W],-,-,-
    [4,1]->[16,M],-,-,-
    [4,2]->[17,A],[-2,*],-,-
    [4,3]->-,-,-,-
    [4,4]->[18,M],-,-,-
    [4,5]->[-7,W],-,-,-
    [5,1]->[-5,Y],-,-,-
    [5,2]->[19,M],-,-,-
    [5,3]->[20,M],[21,M],[22,A],[-8,Y]
    [5,4]->[23,M],-,-,-
    [5,5]->[-4,W],-,-,-
  Descriptions:
    [-11,W]->
    [-10,W]->
    [-9,*]->Luminosity:5
    [-8,Y]->Luminosity:2
    [-7,W]->
    [-6,*]->Luminosity:5
    [-5,Y]->Luminosity:2
    [-4,W]->
    [-3,*]->Luminosity:5
    [-2,*]->Luminosity:5
    [-1,O]->
    [0,E]->fuel:3/3, life:3/3, landed?:F
    [1,M]->fuel:3/3, actions_left_until_reproduction:1/1, turns_left:1
    [2,M]->fuel:3/3, actions_left_until_reproduction:1/1, turns_left:0
    [3,M]->fuel:3/3, actions_left_until_reproduction:1/1, turns_left:1
    [4,M]->fuel:3/3, actions_left_until_reproduction:1/1, turns_left:0
    [5,M]->fuel:3/3, actions_left_until_reproduction:1/1, turns_left:0
    [6,A]->turns_left:0
    [7,M]->fuel:3/3, actions_left_until_reproduction:1/1, turns_left:0
    [8,A]->turns_left:2
    [9,A]->turns_left:2
    [10,M]->fuel:3/3, actions_left_until_reproduction:1/1, turns_left:1
    [11,M]->fuel:3/3, actions_left_until_reproduction:1/1, turns_left:1
    [12,A]->turns_left:2
    [13,M]->fuel:3/3, actions_left_until_reproduction:1/1, turns_left:0
    [14,M]->fuel:3/3, actions_left_until_reproduction:1/1, turns_left:1
    [15,M]->fuel:3/3, actions_left_until_reproduction:1/1, turns_left:0
    [16,M]->fuel:3/3, actions_left_until_reproduction:1/1, turns_left:0
    [17,A]->turns_left:1
    [18,M]->fuel:3/3, actions_left_until_reproduction:1/1, turns_left:0
    [19,M]->fuel:3/3, actions_left_until_reproduction:1/1, turns_left:0
    [20,M]->fuel:3/3, actions_left_until_reproduction:1/1, turns_left:2
    [21,M]->fuel:3/3, actions_left_until_reproduction:1/1, turns_left:1
    [22,A]->turns_left:2
    [23,M]->fuel:3/3, actions_left_until_reproduction:1/1, turns_left:1
  Deaths This Turn:none
    (1:1)  (1:2)  (1:3)  (1:4)  (1:5)  
    EM--   MM*-   MM--   A---   ----   
    (2:1)  (2:2)  (2:3)  (2:4)  (2:5)  
    ----   M*--   AA--   MMW-   A---   
    (3:1)  (3:2)  (3:3)  (3:4)  (3:5)  
    MM--   *---   O---   M---   W---   
    (4:1)  (4:2)  (4:3)  (4:4)  (4:5)  
    M---   A*--   ----   M---   W---   
    (5:1)  (5:2)  (5:3)  (5:4)  (5:5)  
    Y---   M---   MMAY   M---   W---   
->move(N)
  state:2.0, mode:test, ok
  Movement:
    [0,E]:[1,1,1]->[5,1,2]
    [2,M]:[1,2,1]->[5,1,3]
      attacked [0,E] at [5,1,2]
    [4,M]:[1,3,1]->[2,2,3]
    [5,M]:[1,3,2]->[1,2,1]
    [6,A]:[1,4,1]->[2,3,3]
    [7,M]:[2,2,1]->[1,2,4]
    [13,M]:[3,1,1]->[4,1,2]
    [15,M]:[3,4,1]->[4,3,1]
    [16,M]:[4,1,1]->[3,5,2]
    [18,M]:[4,4,1]->[3,5,3]
    [19,M]:[5,2,1]->[4,1,1]
  Sectors:
    [1,1]->-,[1,M],-,-
    [1,2]->[5,M],[3,M],[-3,*],[7,M]
    [1,3]->-,-,-,-
    [1,4]->-,-,-,-
    [1,5]->-,-,-,-
    [2,1]->-,-,-,-
    [2,2]->-,[-9,*],[4,M],-
    [2,3]->[8,A],[9,A],[6,A],-
    [2,4]->[10,M],[11,M],[-10,W],-
    [2,5]->[12,A],-,-,-
    [3,1]->-,[14,M],-,-
    [3,2]->[-6,*],-,-,-
    [3,3]->[-1,O],-,-,-
    [3,4]->-,-,-,-
    [3,5]->[-11,W],[16,M],[18,M],-
    [4,1]->[19,M],[13,M],-,-
    [4,2]->[17,A],[-2,*],-,-
    [4,3]->[15,M],-,-,-
    [4,4]->-,-,-,-
    [4,5]->[-7,W],-,-,-
    [5,1]->[-5,Y],[0,E],[2,M],-
    [5,2]->-,-,-,-
    [5,3]->[20,M],[21,M],[22,A],[-8,Y]
    [5,4]->[23,M],-,-,-
    [5,5]->[-4,W],-,-,-
  Descriptions:
    [-11,W]->
    [-10,W]->
    [-9,*]->Luminosity:5
    [-8,Y]->Luminosity:2
    [-7,W]->
    [-6,*]->Luminosity:5
    [-5,Y]->Luminosity:2
    [-4,W]->
    [-3,*]->Luminosity:5
    [-2,*]->Luminosity:5
    [-1,O]->
    [0,E]->fuel:3/3, life:2/3, landed?:F
    [1,M]->fuel:3/3, actions_left_until_reproduction:1/1, turns_left:0
    [2,M]->fuel:3/3, actions_left_until_reproduction:0/1, turns_left:0
    [3,M]->fuel:3/3, actions_left_until_reproduction:1/1, turns_left:0
    [4,M]->fuel:3/3, actions_left_until_reproduction:0/1, turns_left:0
    [5,M]->fuel:3/3, actions_left_until_reproduction:0/1, turns_left:0
    [6,A]->turns_left:1
    [7,M]->fuel:3/3, actions_left_until_reproduction:0/1, turns_left:1
    [8,A]->turns_left:1
    [9,A]->turns_left:1
    [10,M]->fuel:3/3, actions_left_until_reproduction:1/1, turns_left:0
    [11,M]->fuel:3/3, actions_left_until_reproduction:1/1, turns_left:0
    [12,A]->turns_left:1
    [13,M]->fuel:2/3, actions_left_until_reproduction:0/1, turns_left:0
    [14,M]->fuel:3/3, actions_left_until_reproduction:1/1, turns_left:0
    [15,M]->fuel:2/3, actions_left_until_reproduction:0/1, turns_left:0
    [16,M]->fuel:2/3, actions_left_until_reproduction:0/1, turns_left:1
    [17,A]->turns_left:0
    [18,M]->fuel:2/3, actions_left_until_reproduction:0/1, turns_left:1
    [19,M]->fuel:2/3, actions_left_until_reproduction:0/1, turns_left:2
    [20,M]->fuel:3/3, actions_left_until_reproduction:1/1, turns_left:1
    [21,M]->fuel:3/3, actions_left_until_reproduction:1/1, turns_left:0
    [22,A]->turns_left:1
    [23,M]->fuel:3/3, actions_left_until_reproduction:1/1, turns_left:0
  Deaths This Turn:none
    (1:1)  (1:2)  (1:3)  (1:4)  (1:5)  
    -M--   MM*M   ----   ----   ----   
    (2:1)  (2:2)  (2:3)  (2:4)  (2:5)  
    ----   -*M-   AAA-   MMW-   A---   
    (3:1)  (3:2)  (3:3)  (3:4)  (3:5)  
    -M--   *---   O---   ----   WMM-   
    (4:1)  (4:2)  (4:3)  (4:4)  (4:5)  
    MM--   A*--   M---   ----   W---   
    (5:1)  (5:2)  (5:3)  (5:4)  (5:5)  
    YEM-   ----   MMAY   M---   W---   
->abort
  state:2.1, ok
  Mission aborted. Try test(3,5,7,15,30)
->move(E)
  state:2.2, error
  Negative on that request:no mission in progress.
->move(SE)
  state:2.3, error
  Negative on that request:no mission in progress.
->move(W)
  state:2.4, error
  Negative on that request:no mission in progress.
->move(NW)
  state:2.5, error
  Negative on that request:no mission in progress.
->move(SE)
  state:2.6, error
  Negative on that request:no mission in progress.
->move(E)
  state:2.7, error
  Negative on that request:no mission in progress.
->move(N)
  state:2.8, error
  Negative on that request:no mission in progress.
->pass
  state:2.9, error
  Negative on that request:no mission in progress.
->land
  state:2.10, error
  Negative on that request:no mission in progress.
->move(N)
  state:2.11, error
  Negative on that request:no mission in progress.
->land
  state:2.12, error
  Negative on that request:no mission in progress.
