  state:0.0, ok
  Welcome! Try test(3,5,7,15,30)
->move(SW)
  state:0.1, error
  Negative on that request:no mission in progress.
->move(NE)
  state:0.2, error
  Negative on that request:no mission in progress.
->move(E)
  state:0.3, error
  Negative on that request:no mission in progress.
->wormhole
  state:0.4, error
  Negative on that request:no mission in progress.
->move(NW)
  state:0.5, error
  Negative on that request:no mission in progress.
->move(E)
  state:0.6, error
  Negative on that request:no mission in progress.
->move(S)
  state:0.7, error
  Negative on that request:no mission in progress.
->land
  state:0.8, error
  Negative on that request:no mission in progress.
->move(S)
  state:0.9, error
  Negative on that request:no mission in progress.
->abort
  state:0.10, error
  Negative on that request:no mission in progress.
->move(N)
  state:0.11, error
  Negative on that request:no mission in progress.
->move(S)
  state:0.12, error
  Negative on that request:no mission in progress.
->move(W)
  state:0.13, error
  Negative on that request:no mission in progress.
->move(E)
  state:0.14, error
  Negative on that request:no mission in progress.
->move(SW)
  state:0.15, error
  Negative on that request:no mission in progress.
->move(E)
  state:0.16, error
  Negative on that request:no mission in progress.
->move(W)
  state:0.17, error
  Negative on that request:no mission in progress.
->move(E)
  state:0.18, error
  Negative on that request:no mission in progress.
->move(SW)
  state:0.19, error
  Negative on that request:no mission in progress.
->move(NW)
  state:0.20, error
  Negative on that request:no mission in progress.
->wormhole
  state:0.21, error
  Negative on that request:no mission in progress.
->move(NW)
  state:0.22, error
  Negative on that request:no mission in progress.
->move(N)
  state:0.23, error
  Negative on that request:no mission in progress.
->move(SE)
  state:0.24, error
  Negative on that request:no mission in progress.
->liftoff
  state:0.25, error
  Negative on that request:no mission in progress.
->move(NW)
  state:0.26, error
  Negative on that request:no mission in progress.
->move(SE)
  state:0.27, error
  Negative on that request:no mission in progress.
->move(SW)
  state:0.28, error
  Negative on that request:no mission in progress.
->move(SW)
  state:0.29, error
  Negative on that request:no mission in progress.
->test(67,67,67,77,77)
  state:1.0, mode:test, ok
  Movement:none
  Sectors:
    [1,1]->[0,E],[1,A],-,-
    [1,2]->[2,A],[3,A],[-11,Y],-
    [1,3]->[4,A],[5,A],-,-
    [1,4]->[6,A],-,-,-
    [1,5]->[7,B],[-3,W],-,-
    [2,1]->[8,A],[9,A],-,-
    [2,2]->[10,A],[-9,Y],-,-
    [2,3]->[11,A],[-4,W],-,-
    [2,4]->-,-,-,-
    [2,5]->[12,A],[13,A],[14,B],[-7,*]
    [3,1]->[15,A],[16,A],-,-
    [3,2]->[17,A],-,-,-
    [3,3]->[-1,O],-,-,-
    [3,4]->[-6,W],-,-,-
    [3,5]->[18,A],[-10,W],-,-
    [4,1]->[19,A],[20,A],-,-
    [4,2]->[21,A],[22,B],-,-
    [4,3]->-,-,-,-
    [4,4]->-,-,-,-
    [4,5]->[23,B],-,-,-
    [5,1]->[24,A],[25,A],-,-
    [5,2]->[26,A],[-8,Y],-,-
    [5,3]->[27,A],[28,A],[-5,W],-
    [5,4]->[29,A],[-2,Y],-,-
    [5,5]->[30,A],[31,A],-,-
  Descriptions:
    [-11,Y]->Luminosity:2
    [-10,W]->
    [-9,Y]->Luminosity:2
    [-8,Y]->Luminosity:2
    [-7,*]->Luminosity:5
    [-6,W]->
    [-5,W]->
    [-4,W]->
    [-3,W]->
    [-2,Y]->Luminosity:2
    [-1,O]->
    [0,E]->fuel:3/3, life:3/3, landed?:F
    [1,A]->turns_left:1
    [2,A]->turns_left:0
    [3,A]->turns_left:1
    [4,A]->turns_left:0
    [5,A]->turns_left:0
    [6,A]->turns_left:0
    [7,B]->fuel:3/3, actions_left_until_reproduction:1/1, turns_left:0
    [8,A]->turns_left:1
    [9,A]->turns_left:2
    [10,A]->turns_left:2
    [11,A]->turns_left:1
    [12,A]->turns_left:1
    [13,A]->turns_left:2
    [14,B]->fuel:3/3, actions_left_until_reproduction:1/1, turns_left:1
    [15,A]->turns_left:2
    [16,A]->turns_left:2
    [17,A]->turns_left:0
    [18,A]->turns_left:0
    [19,A]->turns_left:2
    [20,A]->turns_left:1
    [21,A]->turns_left:0
    [22,B]->fuel:3/3, actions_left_until_reproduction:1/1, turns_left:0
    [23,B]->fuel:3/3, actions_left_until_reproduction:1/1, turns_left:1
    [24,A]->turns_left:0
    [25,A]->turns_left:0
    [26,A]->turns_left:2
    [27,A]->turns_left:1
    [28,A]->turns_left:1
    [29,A]->turns_left:2
    [30,A]->turns_left:2
    [31,A]->turns_left:2
  Deaths This Turn:none
    (1:1)  (1:2)  (1:3)  (1:4)  (1:5)  
    EA--   AAY-   AA--   A---   BW--   
    (2:1)  (2:2)  (2:3)  (2:4)  (2:5)  
    AA--   AY--   AW--   ----   AAB*   
    (3:1)  (3:2)  (3:3)  (3:4)  (3:5)  
    AA--   A---   O---   W---   AW--   
    (4:1)  (4:2)  (4:3)  (4:4)  (4:5)  
    AA--   AB--   ----   ----   B---   
    (5:1)  (5:2)  (5:3)  (5:4)  (5:5)  
    AA--   AY--   AAW-   AY--   AA--   
->move(S)
  state:2.0, mode:test, ok
  Explorer got destroyed by asteroid (id: 17) at Sector:2:1
  The game has ended. You can start a new game.
  Movement:
    [0,E]:[1,1,1]->[2,1,3]
    [2,A]:[1,2,1]->[1,1,1]
    [4,A]:[1,3,1]->[5,2,3]
    [5,A]:[1,3,2]->[5,2,4]
    [6,A]:[1,4,1]->[2,3,3]
    [7,B]:[1,5,1]->[5,4,3]
    [17,A]:[3,2,1]->[2,1,4]
      destroyed [0,E] at [2,1,3]
    [18,A]:[3,5,1]->[2,1,3]
    [21,A]:[4,2,1]->[3,1,3]
    [22,B]:[4,2,2]->[3,2,1]
    [24,A]:[5,1,1]->[4,5,2]
      destroyed [23,B] at [4,5,1]
    [25,A]:[5,1,2]->[4,1,3]
  Sectors:
    [1,1]->[2,A],[1,A],-,-
    [1,2]->-,[3,A],[-11,Y],-
    [1,3]->-,-,-,-
    [1,4]->-,-,-,-
    [1,5]->-,[-3,W],-,-
    [2,1]->[8,A],[9,A],[18,A],[17,A]
    [2,2]->[10,A],[-9,Y],-,-
    [2,3]->[11,A],[-4,W],[6,A],-
    [2,4]->-,-,-,-
    [2,5]->[12,A],[13,A],[14,B],[-7,*]
    [3,1]->[15,A],[16,A],[21,A],-
    [3,2]->[22,B],-,-,-
    [3,3]->[-1,O],-,-,-
    [3,4]->[-6,W],-,-,-
    [3,5]->-,[-10,W],-,-
    [4,1]->[19,A],[20,A],[25,A],-
    [4,2]->-,-,-,-
    [4,3]->-,-,-,-
    [4,4]->-,-,-,-
    [4,5]->-,[24,A],-,-
    [5,1]->-,-,-,-
    [5,2]->[26,A],[-8,Y],[4,A],[5,A]
    [5,3]->[27,A],[28,A],[-5,W],-
    [5,4]->[29,A],[-2,Y],[7,B],-
    [5,5]->[30,A],[31,A],-,-
  Descriptions:
    [-11,Y]->Luminosity:2
    [-10,W]->
    [-9,Y]->Luminosity:2
    [-8,Y]->Luminosity:2
    [-7,*]->Luminosity:5
    [-6,W]->
    [-5,W]->
    [-4,W]->
    [-3,W]->
    [-2,Y]->Luminosity:2
    [-1,O]->
    [1,A]->turns_left:0
    [2,A]->turns_left:2
    [3,A]->turns_left:0
    [4,A]->turns_left:2
    [5,A]->turns_left:0
    [6,A]->turns_left:0
    [7,B]->fuel:3/3, actions_left_until_reproduction:0/1, turns_left:0
    [8,A]->turns_left:0
    [9,A]->turns_left:1
    [10,A]->turns_left:1
    [11,A]->turns_left:0
    [12,A]->turns_left:0
    [13,A]->turns_left:1
    [14,B]->fuel:3/3, actions_left_until_reproduction:1/1, turns_left:0
    [15,A]->turns_left:1
    [16,A]->turns_left:1
    [17,A]->turns_left:1
    [18,A]->turns_left:1
    [19,A]->turns_left:1
    [20,A]->turns_left:0
    [21,A]->turns_left:2
    [22,B]->fuel:2/3, actions_left_until_reproduction:0/1, turns_left:2
    [24,A]->turns_left:0
    [25,A]->turns_left:1
    [26,A]->turns_left:1
    [27,A]->turns_left:0
    [28,A]->turns_left:0
    [29,A]->turns_left:1
    [30,A]->turns_left:1
    [31,A]->turns_left:1
  Deaths This Turn:
    [0,E]->fuel:2/3, life:0/3, landed?:F,
      Explorer got destroyed by asteroid (id: 17) at Sector:2:1
    [23,B]->fuel:3/3, actions_left_until_reproduction:1/1, turns_left:N/A,
      Benign got destroyed by asteroid (id: 24) at Sector:4:5
    (1:1)  (1:2)  (1:3)  (1:4)  (1:5)  
    AA--   -AY-   ----   ----   -W--   
    (2:1)  (2:2)  (2:3)  (2:4)  (2:5)  
    AAAA   AY--   AWA-   ----   AAB*   
    (3:1)  (3:2)  (3:3)  (3:4)  (3:5)  
    AAA-   B---   O---   W---   -W--   
    (4:1)  (4:2)  (4:3)  (4:4)  (4:5)  
    AAA-   ----   ----   ----   -A--   
    (5:1)  (5:2)  (5:3)  (5:4)  (5:5)  
    ----   AYAA   AAW-   AYB-   AA--   
  Explorer got destroyed by asteroid (id: 17) at Sector:2:1
  The game has ended. You can start a new game.
->pass
  state:2.1, error
  Negative on that request:no mission in progress.
->move(W)
  state:2.2, error
  Negative on that request:no mission in progress.
->move(N)
  state:2.3, error
  Negative on that request:no mission in progress.
->move(N)
  state:2.4, error
  Negative on that request:no mission in progress.
->move(W)
  state:2.5, error
  Negative on that request:no mission in progress.
->move(SE)
  state:2.6, error
  Negative on that request:no mission in progress.
->liftoff
  state:2.7, error
  Negative on that request:no mission in progress.
->move(SE)
  state:2.8, error
  Negative on that request:no mission in progress.
->move(E)
  state:2.9, error
  Negative on that request:no mission in progress.
->move(SE)
  state:2.10, error
  Negative on that request:no mission in progress.
