  state:0.0, ok
  Welcome! Try test(3,5,7,15,30)
->move(SE)
  state:0.1, error
  Negative on that request:no mission in progress.
->move(E)
  state:0.2, error
  Negative on that request:no mission in progress.
->move(N)
  state:0.3, error
  Negative on that request:no mission in progress.
->move(NE)
  state:0.4, error
  Negative on that request:no mission in progress.
->move(E)
  state:0.5, error
  Negative on that request:no mission in progress.
->move(W)
  state:0.6, error
  Negative on that request:no mission in progress.
->move(W)
  state:0.7, error
  Negative on that request:no mission in progress.
->move(W)
  state:0.8, error
  Negative on that request:no mission in progress.
->move(NW)
  state:0.9, error
  Negative on that request:no mission in progress.
->move(N)
  state:0.10, error
  Negative on that request:no mission in progress.
->move(NW)
  state:0.11, error
  Negative on that request:no mission in progress.
->move(SW)
  state:0.12, error
  Negative on that request:no mission in progress.
->test(89,98,98,98,98)
  state:1.0, mode:test, ok
  Movement:none
  Sectors:
    [1,1]->[0,E],[1,A],-,-
    [1,2]->[2,A],[3,A],[4,A],-
    [1,3]->[5,A],-,-,-
    [1,4]->[6,A],[7,A],[8,A],-
    [1,5]->[9,A],[-6,W],-,-
    [2,1]->[10,A],-,-,-
    [2,2]->[11,A],[12,A],[13,A],-
    [2,3]->[14,A],[-4,*],-,-
    [2,4]->[15,A],[16,A],-,-
    [2,5]->[17,A],[18,A],[-7,*],-
    [3,1]->[19,J],[20,A],[21,A],[-5,Y]
    [3,2]->[22,A],[23,A],[24,A],[-9,W]
    [3,3]->[-1,O],-,-,-
    [3,4]->[25,A],[26,A],[27,A],-
    [3,5]->[28,A],-,-,-
    [4,1]->[29,A],-,-,-
    [4,2]->[30,A],[-3,*],-,-
    [4,3]->[31,A],-,-,-
    [4,4]->[32,A],[-8,W],-,-
    [4,5]->[33,A],[-2,Y],-,-
    [5,1]->[34,A],[35,A],-,-
    [5,2]->[36,J],[37,J],-,-
    [5,3]->[38,A],[39,A],[40,A],[-11,*]
    [5,4]->[41,A],[42,A],[43,J],[-10,W]
    [5,5]->[44,A],[45,A],[46,A],-
  Descriptions:
    [-11,*]->Luminosity:5
    [-10,W]->
    [-9,W]->
    [-8,W]->
    [-7,*]->Luminosity:5
    [-6,W]->
    [-5,Y]->Luminosity:2
    [-4,*]->Luminosity:5
    [-3,*]->Luminosity:5
    [-2,Y]->Luminosity:2
    [-1,O]->
    [0,E]->fuel:3/3, life:3/3, landed?:F
    [1,A]->turns_left:1
    [2,A]->turns_left:1
    [3,A]->turns_left:2
    [4,A]->turns_left:2
    [5,A]->turns_left:0
    [6,A]->turns_left:1
    [7,A]->turns_left:0
    [8,A]->turns_left:0
    [9,A]->turns_left:1
    [10,A]->turns_left:0
    [11,A]->turns_left:1
    [12,A]->turns_left:0
    [13,A]->turns_left:1
    [14,A]->turns_left:2
    [15,A]->turns_left:0
    [16,A]->turns_left:0
    [17,A]->turns_left:0
    [18,A]->turns_left:1
    [19,J]->fuel:5/5, load:0/2, actions_left_until_reproduction:2/2, turns_left:1
    [20,A]->turns_left:1
    [21,A]->turns_left:0
    [22,A]->turns_left:1
    [23,A]->turns_left:0
    [24,A]->turns_left:0
    [25,A]->turns_left:1
    [26,A]->turns_left:1
    [27,A]->turns_left:1
    [28,A]->turns_left:0
    [29,A]->turns_left:0
    [30,A]->turns_left:2
    [31,A]->turns_left:2
    [32,A]->turns_left:2
    [33,A]->turns_left:2
    [34,A]->turns_left:1
    [35,A]->turns_left:1
    [36,J]->fuel:5/5, load:0/2, actions_left_until_reproduction:2/2, turns_left:1
    [37,J]->fuel:5/5, load:0/2, actions_left_until_reproduction:2/2, turns_left:1
    [38,A]->turns_left:1
    [39,A]->turns_left:0
    [40,A]->turns_left:0
    [41,A]->turns_left:2
    [42,A]->turns_left:1
    [43,J]->fuel:5/5, load:0/2, actions_left_until_reproduction:2/2, turns_left:2
    [44,A]->turns_left:2
    [45,A]->turns_left:2
    [46,A]->turns_left:1
  Deaths This Turn:none
    (1:1)  (1:2)  (1:3)  (1:4)  (1:5)  
    EA--   AAA-   A---   AAA-   AW--   
    (2:1)  (2:2)  (2:3)  (2:4)  (2:5)  
    A---   AAA-   A*--   AA--   AA*-   
    (3:1)  (3:2)  (3:3)  (3:4)  (3:5)  
    JAAY   AAAW   O---   AAA-   A---   
    (4:1)  (4:2)  (4:3)  (4:4)  (4:5)  
    A---   A*--   A---   AW--   AY--   
    (5:1)  (5:2)  (5:3)  (5:4)  (5:5)  
    AA--   JJ--   AAA*   AAJW   AAA-   
->move(S)
  state:2.0, mode:test, ok
  Explorer got destroyed by asteroid (id: 10) at Sector:2:1
  The game has ended. You can start a new game.
  Movement:
    [0,E]:[1,1,1]->[2,1,2]
    [5,A]:[1,3,1]->[1,4,4]
    [7,A]:[1,4,2]->[1,5,3]
    [8,A]:[1,4,3]->[1,5,4]
    [10,A]:[2,1,1]
      destroyed [0,E] at [2,1,2]
    [12,A]:[2,2,2]->[2,1,2]
    [15,A]:[2,4,1]->[3,5,2]
    [16,A]:[2,4,2]->[1,3,1]
    [17,A]:[2,5,1]->[1,1,1]
    [21,A]:[3,1,3]->[4,5,3]
    [23,A]:[3,2,2]->[2,3,3]
    [24,A]:[3,2,3]->[2,2,2]
    [28,A]:[3,5,1]->[4,4,3]
    [29,A]:[4,1,1]->[5,5,4]
    [39,A]:[5,3,2]->[1,4,2]
    [40,A]:[5,3,3]
  Sectors:
    [1,1]->[17,A],[1,A],-,-
    [1,2]->[2,A],[3,A],[4,A],-
    [1,3]->[16,A],-,-,-
    [1,4]->[6,A],[39,A],-,[5,A]
    [1,5]->[9,A],[-6,W],[7,A],[8,A]
    [2,1]->[10,A],[12,A],-,-
    [2,2]->[11,A],[24,A],[13,A],-
    [2,3]->[14,A],[-4,*],[23,A],-
    [2,4]->-,-,-,-
    [2,5]->-,[18,A],[-7,*],-
    [3,1]->[19,J],[20,A],-,[-5,Y]
    [3,2]->[22,A],-,-,[-9,W]
    [3,3]->[-1,O],-,-,-
    [3,4]->[25,A],[26,A],[27,A],-
    [3,5]->-,[15,A],-,-
    [4,1]->-,-,-,-
    [4,2]->[30,A],[-3,*],-,-
    [4,3]->[31,A],-,-,-
    [4,4]->[32,A],[-8,W],[28,A],-
    [4,5]->[33,A],[-2,Y],[21,A],-
    [5,1]->[34,A],[35,A],-,-
    [5,2]->[36,J],[37,J],-,-
    [5,3]->[38,A],-,[40,A],[-11,*]
    [5,4]->[41,A],[42,A],[43,J],[-10,W]
    [5,5]->[44,A],[45,A],[46,A],[29,A]
  Descriptions:
    [-11,*]->Luminosity:5
    [-10,W]->
    [-9,W]->
    [-8,W]->
    [-7,*]->Luminosity:5
    [-6,W]->
    [-5,Y]->Luminosity:2
    [-4,*]->Luminosity:5
    [-3,*]->Luminosity:5
    [-2,Y]->Luminosity:2
    [-1,O]->
    [1,A]->turns_left:0
    [2,A]->turns_left:0
    [3,A]->turns_left:1
    [4,A]->turns_left:1
    [5,A]->turns_left:0
    [6,A]->turns_left:0
    [7,A]->turns_left:2
    [8,A]->turns_left:2
    [9,A]->turns_left:0
    [10,A]->turns_left:1
    [11,A]->turns_left:0
    [12,A]->turns_left:2
    [13,A]->turns_left:0
    [14,A]->turns_left:1
    [15,A]->turns_left:1
    [16,A]->turns_left:0
    [17,A]->turns_left:2
    [18,A]->turns_left:0
    [19,J]->fuel:5/5, load:0/2, actions_left_until_reproduction:2/2, turns_left:0
    [20,A]->turns_left:0
    [21,A]->turns_left:2
    [22,A]->turns_left:0
    [23,A]->turns_left:0
    [24,A]->turns_left:1
    [25,A]->turns_left:0
    [26,A]->turns_left:0
    [27,A]->turns_left:0
    [28,A]->turns_left:1
    [29,A]->turns_left:1
    [30,A]->turns_left:1
    [31,A]->turns_left:1
    [32,A]->turns_left:1
    [33,A]->turns_left:1
    [34,A]->turns_left:0
    [35,A]->turns_left:0
    [36,J]->fuel:5/5, load:0/2, actions_left_until_reproduction:2/2, turns_left:0
    [37,J]->fuel:5/5, load:0/2, actions_left_until_reproduction:2/2, turns_left:0
    [38,A]->turns_left:0
    [39,A]->turns_left:1
    [40,A]->turns_left:2
    [41,A]->turns_left:1
    [42,A]->turns_left:0
    [43,J]->fuel:5/5, load:0/2, actions_left_until_reproduction:2/2, turns_left:1
    [44,A]->turns_left:1
    [45,A]->turns_left:1
    [46,A]->turns_left:0
  Deaths This Turn:
    [0,E]->fuel:2/3, life:0/3, landed?:F,
      Explorer got destroyed by asteroid (id: 10) at Sector:2:1
    (1:1)  (1:2)  (1:3)  (1:4)  (1:5)  
    AA--   AAA-   A---   AA-A   AWAA   
    (2:1)  (2:2)  (2:3)  (2:4)  (2:5)  
    AA--   AAA-   A*A-   ----   -A*-   
    (3:1)  (3:2)  (3:3)  (3:4)  (3:5)  
    JA-Y   A--W   O---   AAA-   -A--   
    (4:1)  (4:2)  (4:3)  (4:4)  (4:5)  
    ----   A*--   A---   AWA-   AYA-   
    (5:1)  (5:2)  (5:3)  (5:4)  (5:5)  
    AA--   JJ--   A-A*   AAJW   AAAA   
  Explorer got destroyed by asteroid (id: 10) at Sector:2:1
  The game has ended. You can start a new game.
->wormhole
  state:2.1, error
  Negative on that request:no mission in progress.
->move(SE)
  state:2.2, error
  Negative on that request:no mission in progress.
->move(S)
  state:2.3, error
  Negative on that request:no mission in progress.
->wormhole
  state:2.4, error
  Negative on that request:no mission in progress.
->land
  state:2.5, error
  Negative on that request:no mission in progress.
->liftoff
  state:2.6, error
  Negative on that request:no mission in progress.
->test(31,31,31,96,96)
  state:3.0, mode:test, ok
  Movement:none
  Sectors:
    [1,1]->[0,E],[1,B],[2,A],[3,B]
    [1,2]->[4,B],-,-,-
    [1,3]->[5,B],[6,B],[-11,W],-
    [1,4]->[7,B],[8,B],[-3,*],-
    [1,5]->[9,B],-,-,-
    [2,1]->[10,A],-,-,-
    [2,2]->[11,B],-,-,-
    [2,3]->[12,B],[13,B],-,-
    [2,4]->[14,A],[15,B],-,-
    [2,5]->[16,A],[17,B],-,-
    [3,1]->[18,B],[19,A],[-7,*],-
    [3,2]->[20,A],[21,B],-,-
    [3,3]->[-1,O],-,-,-
    [3,4]->[22,B],[23,A],[24,B],[-10,Y]
    [3,5]->[25,B],-,-,-
    [4,1]->[26,A],-,-,-
    [4,2]->[27,A],[-5,*],-,-
    [4,3]->[28,B],[29,B],[-2,Y],-
    [4,4]->[30,A],[31,A],[32,B],[-4,W]
    [4,5]->-,-,-,-
    [5,1]->[33,B],[34,A],[35,A],[-9,W]
    [5,2]->[36,B],-,-,-
    [5,3]->[37,B],[-6,W],-,-
    [5,4]->[38,A],[39,B],-,-
    [5,5]->[40,A],[-8,W],-,-
  Descriptions:
    [-11,W]->
    [-10,Y]->Luminosity:2
    [-9,W]->
    [-8,W]->
    [-7,*]->Luminosity:5
    [-6,W]->
    [-5,*]->Luminosity:5
    [-4,W]->
    [-3,*]->Luminosity:5
    [-2,Y]->Luminosity:2
    [-1,O]->
    [0,E]->fuel:3/3, life:3/3, landed?:F
    [1,B]->fuel:3/3, actions_left_until_reproduction:1/1, turns_left:1
    [2,A]->turns_left:0
    [3,B]->fuel:3/3, actions_left_until_reproduction:1/1, turns_left:1
    [4,B]->fuel:3/3, actions_left_until_reproduction:1/1, turns_left:1
    [5,B]->fuel:3/3, actions_left_until_reproduction:1/1, turns_left:1
    [6,B]->fuel:3/3, actions_left_until_reproduction:1/1, turns_left:2
    [7,B]->fuel:3/3, actions_left_until_reproduction:1/1, turns_left:0
    [8,B]->fuel:3/3, actions_left_until_reproduction:1/1, turns_left:2
    [9,B]->fuel:3/3, actions_left_until_reproduction:1/1, turns_left:0
    [10,A]->turns_left:1
    [11,B]->fuel:3/3, actions_left_until_reproduction:1/1, turns_left:1
    [12,B]->fuel:3/3, actions_left_until_reproduction:1/1, turns_left:1
    [13,B]->fuel:3/3, actions_left_until_reproduction:1/1, turns_left:1
    [14,A]->turns_left:1
    [15,B]->fuel:3/3, actions_left_until_reproduction:1/1, turns_left:0
    [16,A]->turns_left:2
    [17,B]->fuel:3/3, actions_left_until_reproduction:1/1, turns_left:1
    [18,B]->fuel:3/3, actions_left_until_reproduction:1/1, turns_left:0
    [19,A]->turns_left:0
    [20,A]->turns_left:1
    [21,B]->fuel:3/3, actions_left_until_reproduction:1/1, turns_left:2
    [22,B]->fuel:3/3, actions_left_until_reproduction:1/1, turns_left:0
    [23,A]->turns_left:2
    [24,B]->fuel:3/3, actions_left_until_reproduction:1/1, turns_left:1
    [25,B]->fuel:3/3, actions_left_until_reproduction:1/1, turns_left:1
    [26,A]->turns_left:0
    [27,A]->turns_left:0
    [28,B]->fuel:3/3, actions_left_until_reproduction:1/1, turns_left:2
    [29,B]->fuel:3/3, actions_left_until_reproduction:1/1, turns_left:1
    [30,A]->turns_left:2
    [31,A]->turns_left:1
    [32,B]->fuel:3/3, actions_left_until_reproduction:1/1, turns_left:0
    [33,B]->fuel:3/3, actions_left_until_reproduction:1/1, turns_left:1
    [34,A]->turns_left:2
    [35,A]->turns_left:0
    [36,B]->fuel:3/3, actions_left_until_reproduction:1/1, turns_left:2
    [37,B]->fuel:3/3, actions_left_until_reproduction:1/1, turns_left:2
    [38,A]->turns_left:1
    [39,B]->fuel:3/3, actions_left_until_reproduction:1/1, turns_left:2
    [40,A]->turns_left:2
  Deaths This Turn:none
    (1:1)  (1:2)  (1:3)  (1:4)  (1:5)  
    EBAB   B---   BBW-   BB*-   B---   
    (2:1)  (2:2)  (2:3)  (2:4)  (2:5)  
    A---   B---   BB--   AB--   AB--   
    (3:1)  (3:2)  (3:3)  (3:4)  (3:5)  
    BA*-   AB--   O---   BABY   B---   
    (4:1)  (4:2)  (4:3)  (4:4)  (4:5)  
    A---   A*--   BBY-   AABW   ----   
    (5:1)  (5:2)  (5:3)  (5:4)  (5:5)  
    BAAW   B---   BW--   AB--   AW--   
->abort
  state:3.1, ok
  Mission aborted. Try test(3,5,7,15,30)
->wormhole
  state:3.2, error
  Negative on that request:no mission in progress.
->move(NE)
  state:3.3, error
  Negative on that request:no mission in progress.
->move(SE)
  state:3.4, error
  Negative on that request:no mission in progress.
->move(SE)
  state:3.5, error
  Negative on that request:no mission in progress.
->move(S)
  state:3.6, error
  Negative on that request:no mission in progress.
->move(N)
  state:3.7, error
  Negative on that request:no mission in progress.
->move(NW)
  state:3.8, error
  Negative on that request:no mission in progress.
->wormhole
  state:3.9, error
  Negative on that request:no mission in progress.
->wormhole
  state:3.10, error
  Negative on that request:no mission in progress.
->move(E)
  state:3.11, error
  Negative on that request:no mission in progress.
->move(N)
  state:3.12, error
  Negative on that request:no mission in progress.
->move(SW)
  state:3.13, error
  Negative on that request:no mission in progress.
->move(N)
  state:3.14, error
  Negative on that request:no mission in progress.
->move(NW)
  state:3.15, error
  Negative on that request:no mission in progress.
->liftoff
  state:3.16, error
  Negative on that request:no mission in progress.
->abort
  state:3.17, error
  Negative on that request:no mission in progress.
->land
  state:3.18, error
  Negative on that request:no mission in progress.
->test(86,86,86,86,86)
  state:4.0, mode:test, ok
  Movement:none
  Sectors:
    [1,1]->[0,E],[1,A],[2,A],-
    [1,2]->[3,A],-,-,-
    [1,3]->[4,A],[-10,W],-,-
    [1,4]->[5,A],[6,A],[-4,Y],-
    [1,5]->[7,A],[8,A],[9,A],[-5,*]
    [2,1]->[10,A],-,-,-
    [2,2]->[11,A],[12,A],-,-
    [2,3]->[13,A],[14,A],-,-
    [2,4]->[15,A],[16,A],-,-
    [2,5]->[17,A],-,-,-
    [3,1]->[18,A],-,-,-
    [3,2]->[19,A],-,-,-
    [3,3]->[-1,O],-,-,-
    [3,4]->[20,A],[21,A],[-7,Y],-
    [3,5]->[22,A],-,-,-
    [4,1]->[23,A],[24,A],-,-
    [4,2]->[25,A],[-6,*],-,-
    [4,3]->[26,A],[27,A],[-2,W],-
    [4,4]->[28,A],[-9,W],-,-
    [4,5]->[29,A],[30,A],[-8,*],-
    [5,1]->[31,A],-,-,-
    [5,2]->-,-,-,-
    [5,3]->[32,A],[-11,*],-,-
    [5,4]->[-3,Y],-,-,-
    [5,5]->[33,A],[34,A],[35,A],-
  Descriptions:
    [-11,*]->Luminosity:5
    [-10,W]->
    [-9,W]->
    [-8,*]->Luminosity:5
    [-7,Y]->Luminosity:2
    [-6,*]->Luminosity:5
    [-5,*]->Luminosity:5
    [-4,Y]->Luminosity:2
    [-3,Y]->Luminosity:2
    [-2,W]->
    [-1,O]->
    [0,E]->fuel:3/3, life:3/3, landed?:F
    [1,A]->turns_left:2
    [2,A]->turns_left:2
    [3,A]->turns_left:0
    [4,A]->turns_left:2
    [5,A]->turns_left:2
    [6,A]->turns_left:0
    [7,A]->turns_left:2
    [8,A]->turns_left:0
    [9,A]->turns_left:0
    [10,A]->turns_left:2
    [11,A]->turns_left:0
    [12,A]->turns_left:0
    [13,A]->turns_left:1
    [14,A]->turns_left:1
    [15,A]->turns_left:1
    [16,A]->turns_left:0
    [17,A]->turns_left:1
    [18,A]->turns_left:0
    [19,A]->turns_left:1
    [20,A]->turns_left:2
    [21,A]->turns_left:1
    [22,A]->turns_left:0
    [23,A]->turns_left:1
    [24,A]->turns_left:1
    [25,A]->turns_left:1
    [26,A]->turns_left:0
    [27,A]->turns_left:1
    [28,A]->turns_left:1
    [29,A]->turns_left:1
    [30,A]->turns_left:1
    [31,A]->turns_left:0
    [32,A]->turns_left:0
    [33,A]->turns_left:1
    [34,A]->turns_left:0
    [35,A]->turns_left:0
  Deaths This Turn:none
    (1:1)  (1:2)  (1:3)  (1:4)  (1:5)  
    EAA-   A---   AW--   AAY-   AAA*   
    (2:1)  (2:2)  (2:3)  (2:4)  (2:5)  
    A---   AA--   AA--   AA--   A---   
    (3:1)  (3:2)  (3:3)  (3:4)  (3:5)  
    A---   A---   O---   AAY-   A---   
    (4:1)  (4:2)  (4:3)  (4:4)  (4:5)  
    AA--   A*--   AAW-   AW--   AA*-   
    (5:1)  (5:2)  (5:3)  (5:4)  (5:5)  
    A---   ----   A*--   Y---   AAA-   
->move(N)
  state:5.0, mode:test, ok
  Movement:
    [0,E]:[1,1,1]->[5,1,2]
    [3,A]:[1,2,1]->[1,3,3]
    [6,A]:[1,4,2]->[2,3,3]
    [8,A]:[1,5,2]->[5,4,2]
    [9,A]:[1,5,3]->[1,4,2]
    [11,A]:[2,2,1]->[1,3,4]
    [12,A]:[2,2,2]->[3,3,2]
    [16,A]:[2,4,2]->[3,4,4]
    [18,A]:[3,1,1]->[4,1,3]
    [22,A]:[3,5,1]->[2,5,2]
    [26,A]:[4,3,1]
    [31,A]:[5,1,1]->[1,1,1]
    [32,A]:[5,3,1]->[5,4,3]
    [34,A]:[5,5,2]->[1,4,4]
    [35,A]:[5,5,3]->[1,5,2]
  Sectors:
    [1,1]->[31,A],[1,A],[2,A],-
    [1,2]->-,-,-,-
    [1,3]->[4,A],[-10,W],[3,A],[11,A]
    [1,4]->[5,A],[9,A],[-4,Y],[34,A]
    [1,5]->[7,A],[35,A],-,[-5,*]
    [2,1]->[10,A],-,-,-
    [2,2]->-,-,-,-
    [2,3]->[13,A],[14,A],[6,A],-
    [2,4]->[15,A],-,-,-
    [2,5]->[17,A],[22,A],-,-
    [3,1]->-,-,-,-
    [3,2]->[19,A],-,-,-
    [3,3]->[-1,O],-,-,-
    [3,4]->[20,A],[21,A],[-7,Y],[16,A]
    [3,5]->-,-,-,-
    [4,1]->[23,A],[24,A],[18,A],-
    [4,2]->[25,A],[-6,*],-,-
    [4,3]->[26,A],[27,A],[-2,W],-
    [4,4]->[28,A],[-9,W],-,-
    [4,5]->[29,A],[30,A],[-8,*],-
    [5,1]->-,[0,E],-,-
    [5,2]->-,-,-,-
    [5,3]->-,[-11,*],-,-
    [5,4]->[-3,Y],[8,A],[32,A],-
    [5,5]->[33,A],-,-,-
  Descriptions:
    [-11,*]->Luminosity:5
    [-10,W]->
    [-9,W]->
    [-8,*]->Luminosity:5
    [-7,Y]->Luminosity:2
    [-6,*]->Luminosity:5
    [-5,*]->Luminosity:5
    [-4,Y]->Luminosity:2
    [-3,Y]->Luminosity:2
    [-2,W]->
    [-1,O]->
    [0,E]->fuel:2/3, life:3/3, landed?:F
    [1,A]->turns_left:1
    [2,A]->turns_left:1
    [3,A]->turns_left:0
    [4,A]->turns_left:1
    [5,A]->turns_left:1
    [6,A]->turns_left:1
    [7,A]->turns_left:1
    [8,A]->turns_left:2
    [9,A]->turns_left:0
    [10,A]->turns_left:1
    [11,A]->turns_left:1
    [13,A]->turns_left:0
    [14,A]->turns_left:0
    [15,A]->turns_left:0
    [16,A]->turns_left:1
    [17,A]->turns_left:0
    [18,A]->turns_left:0
    [19,A]->turns_left:0
    [20,A]->turns_left:1
    [21,A]->turns_left:0
    [22,A]->turns_left:0
    [23,A]->turns_left:0
    [24,A]->turns_left:0
    [25,A]->turns_left:0
    [26,A]->turns_left:1
    [27,A]->turns_left:0
    [28,A]->turns_left:0
    [29,A]->turns_left:0
    [30,A]->turns_left:0
    [31,A]->turns_left:1
    [32,A]->turns_left:2
    [33,A]->turns_left:0
    [34,A]->turns_left:0
    [35,A]->turns_left:0
  Deaths This Turn:
    [12,A]->turns_left:N/A,
      Asteroid got devoured by blackhole (id: -1) at Sector:3:3
    (1:1)  (1:2)  (1:3)  (1:4)  (1:5)  
    AAA-   ----   AWAA   AAYA   AA-*   
    (2:1)  (2:2)  (2:3)  (2:4)  (2:5)  
    A---   ----   AAA-   A---   AA--   
    (3:1)  (3:2)  (3:3)  (3:4)  (3:5)  
    ----   A---   O---   AAYA   ----   
    (4:1)  (4:2)  (4:3)  (4:4)  (4:5)  
    AAA-   A*--   AAW-   AW--   AA*-   
    (5:1)  (5:2)  (5:3)  (5:4)  (5:5)  
    -E--   ----   -*--   YAA-   A---   
->move(N)
  state:6.0, mode:test, ok
  Movement:
    [0,E]:[5,1,2]->[4,1,4]
    [3,A]:[1,3,3]->[2,4,2]
    [9,A]:[1,4,2]->[5,3,1]
    [13,A]:[2,3,1]->[2,2,1]
    [14,A]:[2,3,2]->[2,2,2]
    [15,A]:[2,4,1]->[1,5,3]
    [17,A]:[2,5,1]->[3,1,1]
    [18,A]:[4,1,3]->[5,2,1]
    [19,A]:[3,2,1]->[3,3,2]
    [21,A]:[3,4,2]->[2,3,1]
    [22,A]:[2,5,2]->[2,1,2]
    [23,A]:[4,1,1]->[4,5,4]
    [24,A]:[4,1,2]->[4,2,3]
    [25,A]:[4,2,1]->[3,3,2]
    [27,A]:[4,3,2]->[3,2,1]
    [28,A]:[4,4,1]
    [29,A]:[4,5,1]->[5,1,1]
    [30,A]:[4,5,2]->[5,5,2]
    [33,A]:[5,5,1]->[4,5,1]
    [34,A]:[1,4,4]
    [35,A]:[1,5,2]->[2,4,1]
  Sectors:
    [1,1]->[31,A],[1,A],[2,A],-
    [1,2]->-,-,-,-
    [1,3]->[4,A],[-10,W],-,[11,A]
    [1,4]->[5,A],-,[-4,Y],[34,A]
    [1,5]->[7,A],-,[15,A],[-5,*]
    [2,1]->[10,A],[22,A],-,-
    [2,2]->[13,A],[14,A],-,-
    [2,3]->[21,A],-,[6,A],-
    [2,4]->[35,A],[3,A],-,-
    [2,5]->-,-,-,-
    [3,1]->[17,A],-,-,-
    [3,2]->[27,A],-,-,-
    [3,3]->[-1,O],-,-,-
    [3,4]->[20,A],-,[-7,Y],[16,A]
    [3,5]->-,-,-,-
    [4,1]->-,-,-,[0,E]
    [4,2]->-,[-6,*],[24,A],-
    [4,3]->[26,A],-,[-2,W],-
    [4,4]->[28,A],[-9,W],-,-
    [4,5]->[33,A],-,[-8,*],[23,A]
    [5,1]->[29,A],-,-,-
    [5,2]->[18,A],-,-,-
    [5,3]->[9,A],[-11,*],-,-
    [5,4]->[-3,Y],[8,A],[32,A],-
    [5,5]->-,[30,A],-,-
  Descriptions:
    [-11,*]->Luminosity:5
    [-10,W]->
    [-9,W]->
    [-8,*]->Luminosity:5
    [-7,Y]->Luminosity:2
    [-6,*]->Luminosity:5
    [-5,*]->Luminosity:5
    [-4,Y]->Luminosity:2
    [-3,Y]->Luminosity:2
    [-2,W]->
    [-1,O]->
    [0,E]->fuel:1/3, life:3/3, landed?:F
    [1,A]->turns_left:0
    [2,A]->turns_left:0
    [3,A]->turns_left:1
    [4,A]->turns_left:0
    [5,A]->turns_left:0
    [6,A]->turns_left:0
    [7,A]->turns_left:0
    [8,A]->turns_left:1
    [9,A]->turns_left:1
    [10,A]->turns_left:0
    [11,A]->turns_left:0
    [13,A]->turns_left:2
    [14,A]->turns_left:1
    [15,A]->turns_left:0
    [16,A]->turns_left:0
    [17,A]->turns_left:0
    [18,A]->turns_left:2
    [20,A]->turns_left:0
    [21,A]->turns_left:0
    [22,A]->turns_left:2
    [23,A]->turns_left:2
    [24,A]->turns_left:0
    [26,A]->turns_left:0
    [27,A]->turns_left:2
    [28,A]->turns_left:1
    [29,A]->turns_left:0
    [30,A]->turns_left:1
    [31,A]->turns_left:0
    [32,A]->turns_left:1
    [33,A]->turns_left:2
    [34,A]->turns_left:1
    [35,A]->turns_left:2
  Deaths This Turn:
    [19,A]->turns_left:N/A,
      Asteroid got devoured by blackhole (id: -1) at Sector:3:3
    [25,A]->turns_left:N/A,
      Asteroid got devoured by blackhole (id: -1) at Sector:3:3
    (1:1)  (1:2)  (1:3)  (1:4)  (1:5)  
    AAA-   ----   AW-A   A-YA   A-A*   
    (2:1)  (2:2)  (2:3)  (2:4)  (2:5)  
    AA--   AA--   A-A-   AA--   ----   
    (3:1)  (3:2)  (3:3)  (3:4)  (3:5)  
    A---   A---   O---   A-YA   ----   
    (4:1)  (4:2)  (4:3)  (4:4)  (4:5)  
    ---E   -*A-   A-W-   AW--   A-*A   
    (5:1)  (5:2)  (5:3)  (5:4)  (5:5)  
    A---   A---   A*--   YAA-   -A--   
->move(W)
  state:7.0, mode:test, ok
  Movement:
    [0,E]:[4,1,4]->[4,5,2]
    [1,A]:[1,1,2]->[5,2,2]
    [2,A]:[1,1,3]->[5,5,1]
    [4,A]:[1,3,1]->[2,3,2]
    [5,A]:[1,4,1]->[1,3,1]
    [6,A]:[2,3,3]->[1,2,1]
    [7,A]:[1,5,1]->[1,1,2]
    [10,A]:[2,1,1]->[1,5,1]
    [11,A]:[1,3,4]->[1,4,1]
    [15,A]:[1,5,3]->[5,1,2]
    [16,A]:[3,4,4]->[2,5,1]
    [17,A]:[3,1,1]
    [20,A]:[3,4,1]->[2,5,2]
    [21,A]:[2,3,1]->[3,3,2]
    [24,A]:[4,2,3]->[4,3,2]
    [26,A]:[4,3,1]->[5,2,3]
    [29,A]:[5,1,1]->[5,5,3]
    [31,A]:[1,1,1]->[5,2,4]
  Sectors:
    [1,1]->-,[7,A],-,-
    [1,2]->[6,A],-,-,-
    [1,3]->[5,A],[-10,W],-,-
    [1,4]->[11,A],-,[-4,Y],[34,A]
    [1,5]->[10,A],-,-,[-5,*]
    [2,1]->-,[22,A],-,-
    [2,2]->[13,A],[14,A],-,-
    [2,3]->-,[4,A],-,-
    [2,4]->[35,A],[3,A],-,-
    [2,5]->[16,A],[20,A],-,-
    [3,1]->[17,A],-,-,-
    [3,2]->[27,A],-,-,-
    [3,3]->[-1,O],-,-,-
    [3,4]->-,-,[-7,Y],-
    [3,5]->-,-,-,-
    [4,1]->-,-,-,-
    [4,2]->-,[-6,*],-,-
    [4,3]->-,[24,A],[-2,W],-
    [4,4]->[28,A],[-9,W],-,-
    [4,5]->[33,A],[0,E],[-8,*],[23,A]
    [5,1]->-,[15,A],-,-
    [5,2]->[18,A],[1,A],[26,A],[31,A]
    [5,3]->[9,A],[-11,*],-,-
    [5,4]->[-3,Y],[8,A],[32,A],-
    [5,5]->[2,A],[30,A],[29,A],-
  Descriptions:
    [-11,*]->Luminosity:5
    [-10,W]->
    [-9,W]->
    [-8,*]->Luminosity:5
    [-7,Y]->Luminosity:2
    [-6,*]->Luminosity:5
    [-5,*]->Luminosity:5
    [-4,Y]->Luminosity:2
    [-3,Y]->Luminosity:2
    [-2,W]->
    [-1,O]->
    [0,E]->fuel:3/3, life:3/3, landed?:F
    [1,A]->turns_left:0
    [2,A]->turns_left:1
    [3,A]->turns_left:0
    [4,A]->turns_left:0
    [5,A]->turns_left:2
    [6,A]->turns_left:0
    [7,A]->turns_left:0
    [8,A]->turns_left:0
    [9,A]->turns_left:0
    [10,A]->turns_left:2
    [11,A]->turns_left:1
    [13,A]->turns_left:1
    [14,A]->turns_left:0
    [15,A]->turns_left:1
    [16,A]->turns_left:1
    [17,A]->turns_left:1
    [18,A]->turns_left:1
    [20,A]->turns_left:2
    [22,A]->turns_left:1
    [23,A]->turns_left:1
    [24,A]->turns_left:2
    [26,A]->turns_left:1
    [27,A]->turns_left:1
    [28,A]->turns_left:0
    [29,A]->turns_left:1
    [30,A]->turns_left:0
    [31,A]->turns_left:0
    [32,A]->turns_left:0
    [33,A]->turns_left:1
    [34,A]->turns_left:0
    [35,A]->turns_left:1
  Deaths This Turn:
    [21,A]->turns_left:N/A,
      Asteroid got devoured by blackhole (id: -1) at Sector:3:3
    (1:1)  (1:2)  (1:3)  (1:4)  (1:5)  
    -A--   A---   AW--   A-YA   A--*   
    (2:1)  (2:2)  (2:3)  (2:4)  (2:5)  
    -A--   AA--   -A--   AA--   AA--   
    (3:1)  (3:2)  (3:3)  (3:4)  (3:5)  
    A---   A---   O---   --Y-   ----   
    (4:1)  (4:2)  (4:3)  (4:4)  (4:5)  
    ----   -*--   -AW-   AW--   AE*A   
    (5:1)  (5:2)  (5:3)  (5:4)  (5:5)  
    -A--   AAAA   A*--   YAA-   AAA-   
->test(24,24,24,64,64)
  state:7.1, mode:test, error
  To start a new mission, please abort the current one first.
->test(96,96,96,97,97)
  state:7.2, mode:test, error
  To start a new mission, please abort the current one first.
->move(NE)
  state:8.0, mode:test, ok
  Movement:
    [0,E]:[4,5,2]->[3,1,2]
    [1,A]:[5,2,2]->[1,1,1]
    [3,A]:[2,4,2]->[3,5,1]
    [4,A]:[2,3,2]->[1,4,2]
    [6,A]:[1,2,1]->[5,2,2]
    [7,A]:[1,1,2]
    [8,A]:[5,4,2]->[5,5,4]
    [9,A]:[5,3,1]->[4,2,1]
    [14,A]:[2,2,2]->[2,3,1]
    [28,A]:[4,4,1]
    [30,A]:[5,5,2]->[4,5,2]
    [31,A]:[5,2,4]->[5,3,1]
    [32,A]:[5,4,3]->[1,3,3]
    [34,A]:[1,4,4]->[2,5,3]
  Sectors:
    [1,1]->[1,A],[7,A],-,-
    [1,2]->-,-,-,-
    [1,3]->[5,A],[-10,W],[32,A],-
    [1,4]->[11,A],[4,A],[-4,Y],-
    [1,5]->[10,A],-,-,[-5,*]
    [2,1]->-,[22,A],-,-
    [2,2]->[13,A],-,-,-
    [2,3]->[14,A],-,-,-
    [2,4]->[35,A],-,-,-
    [2,5]->[16,A],[20,A],[34,A],-
    [3,1]->[17,A],[0,E],-,-
    [3,2]->[27,A],-,-,-
    [3,3]->[-1,O],-,-,-
    [3,4]->-,-,[-7,Y],-
    [3,5]->[3,A],-,-,-
    [4,1]->-,-,-,-
    [4,2]->[9,A],[-6,*],-,-
    [4,3]->-,[24,A],[-2,W],-
    [4,4]->[28,A],[-9,W],-,-
    [4,5]->[33,A],[30,A],[-8,*],[23,A]
    [5,1]->-,[15,A],-,-
    [5,2]->[18,A],[6,A],[26,A],-
    [5,3]->[31,A],[-11,*],-,-
    [5,4]->[-3,Y],-,-,-
    [5,5]->[2,A],-,[29,A],[8,A]
  Descriptions:
    [-11,*]->Luminosity:5
    [-10,W]->
    [-9,W]->
    [-8,*]->Luminosity:5
    [-7,Y]->Luminosity:2
    [-6,*]->Luminosity:5
    [-5,*]->Luminosity:5
    [-4,Y]->Luminosity:2
    [-3,Y]->Luminosity:2
    [-2,W]->
    [-1,O]->
    [0,E]->fuel:2/3, life:3/3, landed?:F
    [1,A]->turns_left:0
    [2,A]->turns_left:0
    [3,A]->turns_left:2
    [4,A]->turns_left:1
    [5,A]->turns_left:1
    [6,A]->turns_left:1
    [7,A]->turns_left:2
    [8,A]->turns_left:1
    [9,A]->turns_left:2
    [10,A]->turns_left:1
    [11,A]->turns_left:0
    [13,A]->turns_left:0
    [14,A]->turns_left:0
    [15,A]->turns_left:0
    [16,A]->turns_left:0
    [17,A]->turns_left:0
    [18,A]->turns_left:0
    [20,A]->turns_left:1
    [22,A]->turns_left:0
    [23,A]->turns_left:0
    [24,A]->turns_left:1
    [26,A]->turns_left:0
    [27,A]->turns_left:0
    [28,A]->turns_left:0
    [29,A]->turns_left:0
    [30,A]->turns_left:1
    [31,A]->turns_left:1
    [32,A]->turns_left:0
    [33,A]->turns_left:0
    [34,A]->turns_left:1
    [35,A]->turns_left:0
  Deaths This Turn:none
    (1:1)  (1:2)  (1:3)  (1:4)  (1:5)  
    AA--   ----   AWA-   AAY-   A--*   
    (2:1)  (2:2)  (2:3)  (2:4)  (2:5)  
    -A--   A---   A---   A---   AAA-   
    (3:1)  (3:2)  (3:3)  (3:4)  (3:5)  
    AE--   A---   O---   --Y-   A---   
    (4:1)  (4:2)  (4:3)  (4:4)  (4:5)  
    ----   A*--   -AW-   AW--   AA*A   
    (5:1)  (5:2)  (5:3)  (5:4)  (5:5)  
    -A--   AAA-   A*--   Y---   A-AA   
->move(N)
  state:9.0, mode:test, ok
  Movement:
    [0,E]:[3,1,2]->[2,1,1]
    [1,A]:[1,1,1]->[2,2,2]
    [2,A]:[5,5,1]->[1,4,4]
    [11,A]:[1,4,1]->[2,3,2]
    [13,A]:[2,2,1]->[3,2,2]
    [14,A]:[2,3,1]->[3,2,3]
    [15,A]:[5,1,2]->[1,2,1]
    [16,A]:[2,5,1]->[1,5,2]
    [17,A]:[3,1,1]->[4,1,1]
    [18,A]:[5,2,1]->[1,1,1]
    [22,A]:[2,1,2]->[3,5,2]
    [23,A]:[4,5,4]->[3,5,3]
    [26,A]:[5,2,3]->[1,2,2]
    [27,A]:[3,2,1]->[4,2,3]
    [28,A]:[4,4,1]->[3,3,2]
    [29,A]:[5,5,3]->[1,1,3]
    [32,A]:[1,3,3]->[1,2,3]
    [33,A]:[4,5,1]->[5,5,1]
    [35,A]:[2,4,1]->[1,4,1]
  Sectors:
    [1,1]->[18,A],[7,A],[29,A],-
    [1,2]->[15,A],[26,A],[32,A],-
    [1,3]->[5,A],[-10,W],-,-
    [1,4]->[35,A],[4,A],[-4,Y],[2,A]
    [1,5]->[10,A],[16,A],-,[-5,*]
    [2,1]->[0,E],-,-,-
    [2,2]->-,[1,A],-,-
    [2,3]->-,[11,A],-,-
    [2,4]->-,-,-,-
    [2,5]->-,[20,A],[34,A],-
    [3,1]->-,-,-,-
    [3,2]->-,[13,A],[14,A],-
    [3,3]->[-1,O],-,-,-
    [3,4]->-,-,[-7,Y],-
    [3,5]->[3,A],[22,A],[23,A],-
    [4,1]->[17,A],-,-,-
    [4,2]->[9,A],[-6,*],[27,A],-
    [4,3]->-,[24,A],[-2,W],-
    [4,4]->-,[-9,W],-,-
    [4,5]->-,[30,A],[-8,*],-
    [5,1]->-,-,-,-
    [5,2]->-,[6,A],-,-
    [5,3]->[31,A],[-11,*],-,-
    [5,4]->[-3,Y],-,-,-
    [5,5]->[33,A],-,-,[8,A]
  Descriptions:
    [-11,*]->Luminosity:5
    [-10,W]->
    [-9,W]->
    [-8,*]->Luminosity:5
    [-7,Y]->Luminosity:2
    [-6,*]->Luminosity:5
    [-5,*]->Luminosity:5
    [-4,Y]->Luminosity:2
    [-3,Y]->Luminosity:2
    [-2,W]->
    [-1,O]->
    [0,E]->fuel:1/3, life:3/3, landed?:F
    [1,A]->turns_left:0
    [2,A]->turns_left:1
    [3,A]->turns_left:1
    [4,A]->turns_left:0
    [5,A]->turns_left:0
    [6,A]->turns_left:0
    [7,A]->turns_left:1
    [8,A]->turns_left:0
    [9,A]->turns_left:1
    [10,A]->turns_left:0
    [11,A]->turns_left:2
    [13,A]->turns_left:2
    [14,A]->turns_left:0
    [15,A]->turns_left:1
    [16,A]->turns_left:0
    [17,A]->turns_left:1
    [18,A]->turns_left:1
    [20,A]->turns_left:0
    [22,A]->turns_left:2
    [23,A]->turns_left:2
    [24,A]->turns_left:0
    [26,A]->turns_left:1
    [27,A]->turns_left:1
    [29,A]->turns_left:2
    [30,A]->turns_left:0
    [31,A]->turns_left:0
    [32,A]->turns_left:0
    [33,A]->turns_left:1
    [34,A]->turns_left:0
    [35,A]->turns_left:1
  Deaths This Turn:
    [28,A]->turns_left:N/A,
      Asteroid got devoured by blackhole (id: -1) at Sector:3:3
    (1:1)  (1:2)  (1:3)  (1:4)  (1:5)  
    AAA-   AAA-   AW--   AAYA   AA-*   
    (2:1)  (2:2)  (2:3)  (2:4)  (2:5)  
    E---   -A--   -A--   ----   -AA-   
    (3:1)  (3:2)  (3:3)  (3:4)  (3:5)  
    ----   -AA-   O---   --Y-   AAA-   
    (4:1)  (4:2)  (4:3)  (4:4)  (4:5)  
    A---   A*A-   -AW-   -W--   -A*-   
    (5:1)  (5:2)  (5:3)  (5:4)  (5:5)  
    ----   -A--   A*--   Y---   A--A   
->abort
  state:9.1, ok
  Mission aborted. Try test(3,5,7,15,30)
->move(SW)
  state:9.2, error
  Negative on that request:no mission in progress.
->move(NW)
  state:9.3, error
  Negative on that request:no mission in progress.
->abort
  state:9.4, error
  Negative on that request:no mission in progress.
->move(SW)
  state:9.5, error
  Negative on that request:no mission in progress.
->pass
  state:9.6, error
  Negative on that request:no mission in progress.
->wormhole
  state:9.7, error
  Negative on that request:no mission in progress.
->move(SW)
  state:9.8, error
  Negative on that request:no mission in progress.
->move(E)
  state:9.9, error
  Negative on that request:no mission in progress.
->move(N)
  state:9.10, error
  Negative on that request:no mission in progress.
->abort
  state:9.11, error
  Negative on that request:no mission in progress.
->move(S)
  state:9.12, error
  Negative on that request:no mission in progress.
->move(SW)
  state:9.13, error
  Negative on that request:no mission in progress.
->move(NE)
  state:9.14, error
  Negative on that request:no mission in progress.
->move(NW)
  state:9.15, error
  Negative on that request:no mission in progress.
->land
  state:9.16, error
  Negative on that request:no mission in progress.
->move(N)
  state:9.17, error
  Negative on that request:no mission in progress.
->move(N)
  state:9.18, error
  Negative on that request:no mission in progress.
->wormhole
  state:9.19, error
  Negative on that request:no mission in progress.
