  state:0.0, ok
  Welcome! Try test(3,5,7,15,30)
->move(S)
  state:0.1, error
  Negative on that request:no mission in progress.
->test(5,13,29,27,41)
  state:0.2, error
  Thresholds should be non-decreasing order.
->pass
  state:0.3, error
  Negative on that request:no mission in progress.
->move(NE)
  state:0.4, error
  Negative on that request:no mission in progress.
->pass
  state:0.5, error
  Negative on that request:no mission in progress.
->move(NW)
  state:0.6, error
  Negative on that request:no mission in progress.
->move(NE)
  state:0.7, error
  Negative on that request:no mission in progress.
->play
  state:1.0, mode:play, ok
  Movement:none
    (1:1)  (1:2)  (1:3)  (1:4)  (1:5)  
    E---   *---   P---   ----   PP--   
    (2:1)  (2:2)  (2:3)  (2:4)  (2:5)  
    ----   ----   W---   ----   P---   
    (3:1)  (3:2)  (3:3)  (3:4)  (3:5)  
    MY--   ----   O---   PW--   ----   
    (4:1)  (4:2)  (4:3)  (4:4)  (4:5)  
    W---   M*--   P---   P*--   ----   
    (5:1)  (5:2)  (5:3)  (5:4)  (5:5)  
    BW--   ----   *---   ----   PW--   
->pass
  state:2.0, mode:play, ok
  Movement:
    [3,P]:[1,5,2]->[5,4,1]
    [8,P]:[4,3,1]->[3,2,1]
    (1:1)  (1:2)  (1:3)  (1:4)  (1:5)  
    E---   *---   P---   ----   P---   
    (2:1)  (2:2)  (2:3)  (2:4)  (2:5)  
    ----   ----   W---   ----   P---   
    (3:1)  (3:2)  (3:3)  (3:4)  (3:5)  
    MY--   P---   O---   PW--   ----   
    (4:1)  (4:2)  (4:3)  (4:4)  (4:5)  
    W---   M*--   ----   P*--   ----   
    (5:1)  (5:2)  (5:3)  (5:4)  (5:5)  
    BW--   ----   *---   P---   PW--   
->move(NE)
  state:3.0, mode:play, ok
  Movement:
    [0,E]:[1,1,1]->[5,2,1]
    [5,M]:[3,1,1]->[3,5,1]
    [8,P]:[3,2,1]->[2,1,1]
    [10,B]:[5,1,1]->[5,2,2]
    (1:1)  (1:2)  (1:3)  (1:4)  (1:5)  
    ----   *---   P---   ----   P---   
    (2:1)  (2:2)  (2:3)  (2:4)  (2:5)  
    P---   ----   W---   ----   P---   
    (3:1)  (3:2)  (3:3)  (3:4)  (3:5)  
    -Y--   ----   O---   PW--   M---   
    (4:1)  (4:2)  (4:3)  (4:4)  (4:5)  
    W---   M*--   ----   P*--   ----   
    (5:1)  (5:2)  (5:3)  (5:4)  (5:5)  
    -W--   EB--   *---   P---   PW--   
->test(20,12,42,29,30)
  state:3.1, mode:play, error
  To start a new mission, please abort the current one first.
->move(N)
  state:4.0, mode:play, ok
  Movement:
    [0,E]:[5,2,1]->[4,2,3]
    [1,P]:[1,3,1]->[2,4,1]
    [2,P]:[1,5,1]->[2,5,2]
    [4,P]:[2,5,1]->[2,4,2]
    [6,P]:[3,4,1]->[2,3,2]
    [7,M]:[4,2,1]->[5,1,1]
    [10,B]:[5,2,2]->[5,1,3]
      reproduced [12,B] at [5,1,4]
      destroyed [7,M] at [5,1,1]
    [11,P]:[5,5,1]->[4,4,3]
    (1:1)  (1:2)  (1:3)  (1:4)  (1:5)  
    ----   *---   ----   ----   ----   
    (2:1)  (2:2)  (2:3)  (2:4)  (2:5)  
    P---   ----   WP--   PP--   -P--   
    (3:1)  (3:2)  (3:3)  (3:4)  (3:5)  
    -Y--   ----   O---   -W--   M---   
    (4:1)  (4:2)  (4:3)  (4:4)  (4:5)  
    W---   -*E-   ----   P*P-   ----   
    (5:1)  (5:2)  (5:3)  (5:4)  (5:5)  
    -WBB   ----   *---   P---   -W--   
->move(S)
  state:5.0, mode:play, ok
  Movement:
    [0,E]:[4,2,3]->[5,2,1]
    [2,P]:[2,5,2]->[1,5,1]
    [3,P]:[5,4,1]->[1,4,1]
    [6,P]:[2,3,2]->[3,2,1]
    [8,P]:[2,1,1]->[1,5,2]
    [12,B]:[5,1,4]->[5,3,2]
    (1:1)  (1:2)  (1:3)  (1:4)  (1:5)  
    ----   *---   ----   P---   PP--   
    (2:1)  (2:2)  (2:3)  (2:4)  (2:5)  
    ----   ----   W---   PP--   ----   
    (3:1)  (3:2)  (3:3)  (3:4)  (3:5)  
    -Y--   P---   O---   -W--   M---   
    (4:1)  (4:2)  (4:3)  (4:4)  (4:5)  
    W---   -*--   ----   P*P-   ----   
    (5:1)  (5:2)  (5:3)  (5:4)  (5:5)  
    -WB-   E---   *B--   ----   -W--   
->move(NE)
  state:6.0, mode:play, ok
  Movement:
    [0,E]:[5,2,1]->[4,3,1]
    [1,P]:[2,4,1]->[1,3,1]
    [3,P]:[1,4,1]->[1,3,2]
    [5,M]:[3,5,1]->[2,1,1]
      reproduced [13,M] at [2,1,2]
    [6,P]:[3,2,1]->[2,1,3]
    (1:1)  (1:2)  (1:3)  (1:4)  (1:5)  
    ----   *---   PP--   ----   PP--   
    (2:1)  (2:2)  (2:3)  (2:4)  (2:5)  
    MMP-   ----   W---   -P--   ----   
    (3:1)  (3:2)  (3:3)  (3:4)  (3:5)  
    -Y--   ----   O---   -W--   ----   
    (4:1)  (4:2)  (4:3)  (4:4)  (4:5)  
    W---   -*--   E---   P*P-   ----   
    (5:1)  (5:2)  (5:3)  (5:4)  (5:5)  
    -WB-   ----   *B--   ----   -W--   
->move(SE)
  state:7.0, mode:play, ok
  Explorer got lost in space - out of fuel at Sector:5:4
  The game has ended. You can start a new game.
  Movement:
    [0,E]:[4,3,1]->[5,4,1]
    [2,P]:[1,5,1]->[1,1,1]
    [4,P]:[2,4,2]->[2,5,1]
    [8,P]:[1,5,2]->[1,1,2]
    [10,B]:[5,1,3]->[5,1,1]
    [13,M]:[2,1,2]->[1,2,2]
    (1:1)  (1:2)  (1:3)  (1:4)  (1:5)  
    PP--   *M--   PP--   ----   ----   
    (2:1)  (2:2)  (2:3)  (2:4)  (2:5)  
    M-P-   ----   W---   ----   P---   
    (3:1)  (3:2)  (3:3)  (3:4)  (3:5)  
    -Y--   ----   O---   -W--   ----   
    (4:1)  (4:2)  (4:3)  (4:4)  (4:5)  
    W---   -*--   ----   P*P-   ----   
    (5:1)  (5:2)  (5:3)  (5:4)  (5:5)  
    BW--   ----   *B--   ----   -W--   
->abort
  state:7.1, error
  Negative on that request:no mission in progress.
->test(1,24,47,37,47)
  state:7.2, error
  Thresholds should be non-decreasing order.
->wormhole
  state:7.3, error
  Negative on that request:no mission in progress.
->move(SE)
  state:7.4, error
  Negative on that request:no mission in progress.
->land
  state:7.5, error
  Negative on that request:no mission in progress.
->test(5,39,10,26,36)
  state:7.6, error
  Thresholds should be non-decreasing order.
->liftoff
  state:7.7, error
  Negative on that request:no mission in progress.
->move(SW)
  state:7.8, error
  Negative on that request:no mission in progress.
->liftoff
  state:7.9, error
  Negative on that request:no mission in progress.
->move(W)
  state:7.10, error
  Negative on that request:no mission in progress.
->test(17,6,43,43,35)
  state:7.11, error
  Thresholds should be non-decreasing order.
->test(17,32,12,46,43)
  state:7.12, error
  Thresholds should be non-decreasing order.
->move(E)
  state:7.13, error
  Negative on that request:no mission in progress.
->move(S)
  state:7.14, error
  Negative on that request:no mission in progress.
->move(NW)
  state:7.15, error
  Negative on that request:no mission in progress.
->move(SE)
  state:7.16, error
  Negative on that request:no mission in progress.
->move(E)
  state:7.17, error
  Negative on that request:no mission in progress.
->move(NE)
  state:7.18, error
  Negative on that request:no mission in progress.
->move(S)
  state:7.19, error
  Negative on that request:no mission in progress.
->move(S)
  state:7.20, error
  Negative on that request:no mission in progress.
->move(SE)
  state:7.21, error
  Negative on that request:no mission in progress.
->move(NW)
  state:7.22, error
  Negative on that request:no mission in progress.
->wormhole
  state:7.23, error
  Negative on that request:no mission in progress.
->move(SE)
  state:7.24, error
  Negative on that request:no mission in progress.
