  state:0.0, ok
  Welcome! Try test(3,5,7,15,30)
->move(S)
  state:0.1, error
  Negative on that request:no mission in progress.
->move(E)
  state:0.2, error
  Negative on that request:no mission in progress.
->liftoff
  state:0.3, error
  Negative on that request:no mission in progress.
->move(SW)
  state:0.4, error
  Negative on that request:no mission in progress.
->move(SW)
  state:0.5, error
  Negative on that request:no mission in progress.
->move(W)
  state:0.6, error
  Negative on that request:no mission in progress.
->pass
  state:0.7, error
  Negative on that request:no mission in progress.
->land
  state:0.8, error
  Negative on that request:no mission in progress.
->move(SE)
  state:0.9, error
  Negative on that request:no mission in progress.
->move(E)
  state:0.10, error
  Negative on that request:no mission in progress.
->move(SW)
  state:0.11, error
  Negative on that request:no mission in progress.
->move(NW)
  state:0.12, error
  Negative on that request:no mission in progress.
->move(SW)
  state:0.13, error
  Negative on that request:no mission in progress.
->move(NE)
  state:0.14, error
  Negative on that request:no mission in progress.
->move(N)
  state:0.15, error
  Negative on that request:no mission in progress.
->move(S)
  state:0.16, error
  Negative on that request:no mission in progress.
->move(SE)
  state:0.17, error
  Negative on that request:no mission in progress.
->pass
  state:0.18, error
  Negative on that request:no mission in progress.
->move(S)
  state:0.19, error
  Negative on that request:no mission in progress.
->move(NW)
  state:0.20, error
  Negative on that request:no mission in progress.
->move(NW)
  state:0.21, error
  Negative on that request:no mission in progress.
->move(NW)
  state:0.22, error
  Negative on that request:no mission in progress.
->move(W)
  state:0.23, error
  Negative on that request:no mission in progress.
->move(SW)
  state:0.24, error
  Negative on that request:no mission in progress.
->liftoff
  state:0.25, error
  Negative on that request:no mission in progress.
->play
  state:1.0, mode:play, ok
  Movement:none
    (1:1)  (1:2)  (1:3)  (1:4)  (1:5)  
    E---   *---   P---   ----   PP--   
    (2:1)  (2:2)  (2:3)  (2:4)  (2:5)  
    ----   ----   W---   ----   P---   
    (3:1)  (3:2)  (3:3)  (3:4)  (3:5)  
    MY--   ----   O---   PW--   ----   
    (4:1)  (4:2)  (4:3)  (4:4)  (4:5)  
    W---   M*--   P---   P*--   ----   
    (5:1)  (5:2)  (5:3)  (5:4)  (5:5)  
    BW--   ----   *---   ----   PW--   
->move(E)
  state:2.0, mode:play, ok
  Movement:
    [0,E]:[1,1,1]->[1,2,2]
    [3,P]:[1,5,2]->[5,4,1]
    [8,P]:[4,3,1]->[3,2,1]
    (1:1)  (1:2)  (1:3)  (1:4)  (1:5)  
    ----   *E--   P---   ----   P---   
    (2:1)  (2:2)  (2:3)  (2:4)  (2:5)  
    ----   ----   W---   ----   P---   
    (3:1)  (3:2)  (3:3)  (3:4)  (3:5)  
    MY--   P---   O---   PW--   ----   
    (4:1)  (4:2)  (4:3)  (4:4)  (4:5)  
    W---   M*--   ----   P*--   ----   
    (5:1)  (5:2)  (5:3)  (5:4)  (5:5)  
    BW--   ----   *---   P---   PW--   
->move(W)
  state:3.0, mode:play, ok
  Movement:
    [0,E]:[1,2,2]->[1,1,1]
    [5,M]:[3,1,1]->[3,5,1]
    [8,P]:[3,2,1]->[2,1,1]
    [10,B]:[5,1,1]->[5,2,1]
    (1:1)  (1:2)  (1:3)  (1:4)  (1:5)  
    E---   *---   P---   ----   P---   
    (2:1)  (2:2)  (2:3)  (2:4)  (2:5)  
    P---   ----   W---   ----   P---   
    (3:1)  (3:2)  (3:3)  (3:4)  (3:5)  
    -Y--   ----   O---   PW--   M---   
    (4:1)  (4:2)  (4:3)  (4:4)  (4:5)  
    W---   M*--   ----   P*--   ----   
    (5:1)  (5:2)  (5:3)  (5:4)  (5:5)  
    -W--   B---   *---   P---   PW--   
->move(NE)
  state:4.0, mode:play, ok
  Movement:
    [0,E]:[1,1,1]->[5,2,2]
    [1,P]:[1,3,1]->[2,4,1]
    [2,P]:[1,5,1]->[2,5,2]
    [4,P]:[2,5,1]->[2,4,2]
    [6,P]:[3,4,1]->[2,3,2]
    [7,M]:[4,2,1]->[5,1,1]
    [10,B]:[5,2,1]->[5,1,3]
      reproduced [12,B] at [5,1,4]
      destroyed [7,M] at [5,1,1]
    [11,P]:[5,5,1]->[4,4,3]
    (1:1)  (1:2)  (1:3)  (1:4)  (1:5)  
    ----   *---   ----   ----   ----   
    (2:1)  (2:2)  (2:3)  (2:4)  (2:5)  
    P---   ----   WP--   PP--   -P--   
    (3:1)  (3:2)  (3:3)  (3:4)  (3:5)  
    -Y--   ----   O---   -W--   M---   
    (4:1)  (4:2)  (4:3)  (4:4)  (4:5)  
    W---   -*--   ----   P*P-   ----   
    (5:1)  (5:2)  (5:3)  (5:4)  (5:5)  
    -WBB   -E--   *---   P---   -W--   
->move(NE)
  state:5.0, mode:play, ok
  Explorer got lost in space - out of fuel at Sector:4:3
  The game has ended. You can start a new game.
  Movement:
    [0,E]:[5,2,2]->[4,3,1]
    [2,P]:[2,5,2]->[1,5,1]
    [3,P]:[5,4,1]->[1,4,1]
    [6,P]:[2,3,2]->[3,2,1]
    [8,P]:[2,1,1]->[1,5,2]
    [12,B]:[5,1,4]->[5,3,2]
    (1:1)  (1:2)  (1:3)  (1:4)  (1:5)  
    ----   *---   ----   P---   PP--   
    (2:1)  (2:2)  (2:3)  (2:4)  (2:5)  
    ----   ----   W---   PP--   ----   
    (3:1)  (3:2)  (3:3)  (3:4)  (3:5)  
    -Y--   P---   O---   -W--   M---   
    (4:1)  (4:2)  (4:3)  (4:4)  (4:5)  
    W---   -*--   ----   P*P-   ----   
    (5:1)  (5:2)  (5:3)  (5:4)  (5:5)  
    -WB-   ----   *B--   ----   -W--   
->move(NW)
  state:5.1, error
  Negative on that request:no mission in progress.
->move(S)
  state:5.2, error
  Negative on that request:no mission in progress.
->abort
  state:5.3, error
  Negative on that request:no mission in progress.
->test(24,38,12,30,32)
  state:5.4, error
  Thresholds should be non-decreasing order.
->abort
  state:5.5, error
  Negative on that request:no mission in progress.
->test(4,11,23,32,47)
  state:6.0, mode:test, ok
  Movement:none
  Sectors:
    [1,1]->[0,E],[1,B],[2,A],[-4,W]
    [1,2]->[3,M],-,-,-
    [1,3]->[-5,Y],-,-,-
    [1,4]->[4,M],[-7,Y],-,-
    [1,5]->[5,B],[-10,Y],-,-
    [2,1]->[-8,*],-,-,-
    [2,2]->-,-,-,-
    [2,3]->[-6,Y],-,-,-
    [2,4]->[6,M],-,-,-
    [2,5]->[-9,W],-,-,-
    [3,1]->[7,B],-,-,-
    [3,2]->[8,B],-,-,-
    [3,3]->[-1,O],-,-,-
    [3,4]->[9,M],[10,P],-,-
    [3,5]->[11,P],-,-,-
    [4,1]->-,-,-,-
    [4,2]->[-11,Y],-,-,-
    [4,3]->[12,M],-,-,-
    [4,4]->-,-,-,-
    [4,5]->[13,P],-,-,-
    [5,1]->[14,A],[15,M],-,-
    [5,2]->[16,M],-,-,-
    [5,3]->-,-,-,-
    [5,4]->[17,M],[-2,*],-,-
    [5,5]->[-3,*],-,-,-
  Descriptions:
    [-11,Y]->Luminosity:2
    [-10,Y]->Luminosity:2
    [-9,W]->
    [-8,*]->Luminosity:5
    [-7,Y]->Luminosity:2
    [-6,Y]->Luminosity:2
    [-5,Y]->Luminosity:2
    [-4,W]->
    [-3,*]->Luminosity:5
    [-2,*]->Luminosity:5
    [-1,O]->
    [0,E]->fuel:3/3, life:3/3, landed?:F
    [1,B]->fuel:3/3, actions_left_until_reproduction:1/1, turns_left:2
    [2,A]->turns_left:0
    [3,M]->fuel:3/3, actions_left_until_reproduction:1/1, turns_left:1
    [4,M]->fuel:3/3, actions_left_until_reproduction:1/1, turns_left:1
    [5,B]->fuel:3/3, actions_left_until_reproduction:1/1, turns_left:2
    [6,M]->fuel:3/3, actions_left_until_reproduction:1/1, turns_left:1
    [7,B]->fuel:3/3, actions_left_until_reproduction:1/1, turns_left:1
    [8,B]->fuel:3/3, actions_left_until_reproduction:1/1, turns_left:2
    [9,M]->fuel:3/3, actions_left_until_reproduction:1/1, turns_left:0
    [10,P]->attached?:F, support_life?:F, visited?:F, turns_left:1
    [11,P]->attached?:F, support_life?:F, visited?:F, turns_left:2
    [12,M]->fuel:3/3, actions_left_until_reproduction:1/1, turns_left:0
    [13,P]->attached?:F, support_life?:F, visited?:F, turns_left:0
    [14,A]->turns_left:1
    [15,M]->fuel:3/3, actions_left_until_reproduction:1/1, turns_left:1
    [16,M]->fuel:3/3, actions_left_until_reproduction:1/1, turns_left:0
    [17,M]->fuel:3/3, actions_left_until_reproduction:1/1, turns_left:1
  Deaths This Turn:none
    (1:1)  (1:2)  (1:3)  (1:4)  (1:5)  
    EBAW   M---   Y---   MY--   BY--   
    (2:1)  (2:2)  (2:3)  (2:4)  (2:5)  
    *---   ----   Y---   M---   W---   
    (3:1)  (3:2)  (3:3)  (3:4)  (3:5)  
    B---   B---   O---   MP--   P---   
    (4:1)  (4:2)  (4:3)  (4:4)  (4:5)  
    ----   Y---   M---   ----   P---   
    (5:1)  (5:2)  (5:3)  (5:4)  (5:5)  
    AM--   M---   ----   M*--   *---   
->move(E)
  state:7.0, mode:test, ok
  Movement:
    [0,E]:[1,1,1]->[1,2,2]
    [2,A]:[1,1,3]->[2,1,2]
    [9,M]:[3,4,1]->[4,4,1]
    [12,M]:[4,3,1]->[4,2,2]
    [13,P]:[4,5,1]->[4,4,2]
    [16,M]:[5,2,1]->[1,3,2]
  Sectors:
    [1,1]->-,[1,B],-,[-4,W]
    [1,2]->[3,M],[0,E],-,-
    [1,3]->[-5,Y],[16,M],-,-
    [1,4]->[4,M],[-7,Y],-,-
    [1,5]->[5,B],[-10,Y],-,-
    [2,1]->[-8,*],[2,A],-,-
    [2,2]->-,-,-,-
    [2,3]->[-6,Y],-,-,-
    [2,4]->[6,M],-,-,-
    [2,5]->[-9,W],-,-,-
    [3,1]->[7,B],-,-,-
    [3,2]->[8,B],-,-,-
    [3,3]->[-1,O],-,-,-
    [3,4]->-,[10,P],-,-
    [3,5]->[11,P],-,-,-
    [4,1]->-,-,-,-
    [4,2]->[-11,Y],[12,M],-,-
    [4,3]->-,-,-,-
    [4,4]->[9,M],[13,P],-,-
    [4,5]->-,-,-,-
    [5,1]->[14,A],[15,M],-,-
    [5,2]->-,-,-,-
    [5,3]->-,-,-,-
    [5,4]->[17,M],[-2,*],-,-
    [5,5]->[-3,*],-,-,-
  Descriptions:
    [-11,Y]->Luminosity:2
    [-10,Y]->Luminosity:2
    [-9,W]->
    [-8,*]->Luminosity:5
    [-7,Y]->Luminosity:2
    [-6,Y]->Luminosity:2
    [-5,Y]->Luminosity:2
    [-4,W]->
    [-3,*]->Luminosity:5
    [-2,*]->Luminosity:5
    [-1,O]->
    [0,E]->fuel:2/3, life:3/3, landed?:F
    [1,B]->fuel:3/3, actions_left_until_reproduction:1/1, turns_left:1
    [2,A]->turns_left:2
    [3,M]->fuel:3/3, actions_left_until_reproduction:1/1, turns_left:0
    [4,M]->fuel:3/3, actions_left_until_reproduction:1/1, turns_left:0
    [5,B]->fuel:3/3, actions_left_until_reproduction:1/1, turns_left:1
    [6,M]->fuel:3/3, actions_left_until_reproduction:1/1, turns_left:0
    [7,B]->fuel:3/3, actions_left_until_reproduction:1/1, turns_left:0
    [8,B]->fuel:3/3, actions_left_until_reproduction:1/1, turns_left:1
    [9,M]->fuel:2/3, actions_left_until_reproduction:0/1, turns_left:0
    [10,P]->attached?:F, support_life?:F, visited?:F, turns_left:0
    [11,P]->attached?:F, support_life?:F, visited?:F, turns_left:1
    [12,M]->fuel:3/3, actions_left_until_reproduction:0/1, turns_left:1
    [13,P]->attached?:F, support_life?:F, visited?:F, turns_left:0
    [14,A]->turns_left:0
    [15,M]->fuel:3/3, actions_left_until_reproduction:1/1, turns_left:0
    [16,M]->fuel:3/3, actions_left_until_reproduction:0/1, turns_left:0
    [17,M]->fuel:3/3, actions_left_until_reproduction:1/1, turns_left:0
  Deaths This Turn:none
    (1:1)  (1:2)  (1:3)  (1:4)  (1:5)  
    -B-W   ME--   YM--   MY--   BY--   
    (2:1)  (2:2)  (2:3)  (2:4)  (2:5)  
    *A--   ----   Y---   M---   W---   
    (3:1)  (3:2)  (3:3)  (3:4)  (3:5)  
    B---   B---   O---   -P--   P---   
    (4:1)  (4:2)  (4:3)  (4:4)  (4:5)  
    ----   YM--   ----   MP--   ----   
    (5:1)  (5:2)  (5:3)  (5:4)  (5:5)  
    AM--   ----   ----   M*--   *---   
->liftoff
  state:7.1, mode:test, error
  Negative on that request:you are not on a planet at Sector:1:2
->land
  state:7.2, mode:test, error
  Negative on that request:no yellow dwarf at Sector:1:2
->move(SE)
  state:8.0, mode:test, ok
  Movement:
    [0,E]:[1,2,2]->[2,3,2]
    [3,M]:[1,2,1]->[2,2,1]
    [4,M]:[1,4,1]->[1,3,3]
    [6,M]:[2,4,1]->[3,4,1]
    [7,B]:[3,1,1]->[4,2,3]
      destroyed [12,M] at [4,2,2]
    [9,M]:[4,4,1]->[4,5,1]
      reproduced [18,M] at [4,5,2]
    [10,P]:[3,4,2]->[4,5,3]
    [13,P]:[4,4,2]->[3,5,2]
    [14,A]:[5,1,1]->[1,2,1]
    [15,M]:[5,1,2]->[4,5,4]
    [16,M]:[1,3,2]->[2,4,1]
      reproduced [19,M] at [2,4,2]
    [17,M]:[5,4,1]->[5,3,1]
  Sectors:
    [1,1]->-,[1,B],-,[-4,W]
    [1,2]->[14,A],-,-,-
    [1,3]->[-5,Y],-,[4,M],-
    [1,4]->-,[-7,Y],-,-
    [1,5]->[5,B],[-10,Y],-,-
    [2,1]->[-8,*],[2,A],-,-
    [2,2]->[3,M],-,-,-
    [2,3]->[-6,Y],[0,E],-,-
    [2,4]->[16,M],[19,M],-,-
    [2,5]->[-9,W],-,-,-
    [3,1]->-,-,-,-
    [3,2]->[8,B],-,-,-
    [3,3]->[-1,O],-,-,-
    [3,4]->[6,M],-,-,-
    [3,5]->[11,P],[13,P],-,-
    [4,1]->-,-,-,-
    [4,2]->[-11,Y],-,[7,B],-
    [4,3]->-,-,-,-
    [4,4]->-,-,-,-
    [4,5]->[9,M],[18,M],[10,P],[15,M]
    [5,1]->-,-,-,-
    [5,2]->-,-,-,-
    [5,3]->[17,M],-,-,-
    [5,4]->-,[-2,*],-,-
    [5,5]->[-3,*],-,-,-
  Descriptions:
    [-11,Y]->Luminosity:2
    [-10,Y]->Luminosity:2
    [-9,W]->
    [-8,*]->Luminosity:5
    [-7,Y]->Luminosity:2
    [-6,Y]->Luminosity:2
    [-5,Y]->Luminosity:2
    [-4,W]->
    [-3,*]->Luminosity:5
    [-2,*]->Luminosity:5
    [-1,O]->
    [0,E]->fuel:3/3, life:3/3, landed?:F
    [1,B]->fuel:3/3, actions_left_until_reproduction:1/1, turns_left:0
    [2,A]->turns_left:1
    [3,M]->fuel:2/3, actions_left_until_reproduction:0/1, turns_left:2
    [4,M]->fuel:3/3, actions_left_until_reproduction:0/1, turns_left:2
    [5,B]->fuel:3/3, actions_left_until_reproduction:1/1, turns_left:0
    [6,M]->fuel:2/3, actions_left_until_reproduction:0/1, turns_left:1
    [7,B]->fuel:3/3, actions_left_until_reproduction:0/1, turns_left:1
    [8,B]->fuel:3/3, actions_left_until_reproduction:1/1, turns_left:0
    [9,M]->fuel:1/3, actions_left_until_reproduction:1/1, turns_left:0
    [10,P]->attached?:F, support_life?:F, visited?:F, turns_left:2
    [11,P]->attached?:F, support_life?:F, visited?:F, turns_left:0
    [13,P]->attached?:F, support_life?:F, visited?:F, turns_left:2
    [14,A]->turns_left:0
    [15,M]->fuel:2/3, actions_left_until_reproduction:0/1, turns_left:1
    [16,M]->fuel:2/3, actions_left_until_reproduction:1/1, turns_left:2
    [17,M]->fuel:2/3, actions_left_until_reproduction:0/1, turns_left:1
    [18,M]->fuel:3/3, actions_left_until_reproduction:1/1, turns_left:2
    [19,M]->fuel:3/3, actions_left_until_reproduction:1/1, turns_left:1
  Deaths This Turn:
    [12,M]->fuel:3/3, actions_left_until_reproduction:0/1, turns_left:N/A,
      Malevolent got destroyed by benign (id: 7) at Sector:4:2
    (1:1)  (1:2)  (1:3)  (1:4)  (1:5)  
    -B-W   A---   Y-M-   -Y--   BY--   
    (2:1)  (2:2)  (2:3)  (2:4)  (2:5)  
    *A--   M---   YE--   MM--   W---   
    (3:1)  (3:2)  (3:3)  (3:4)  (3:5)  
    ----   B---   O---   M---   PP--   
    (4:1)  (4:2)  (4:3)  (4:4)  (4:5)  
    ----   Y-B-   ----   ----   MMPM   
    (5:1)  (5:2)  (5:3)  (5:4)  (5:5)  
    ----   ----   M---   -*--   *---   
->pass
  state:9.0, mode:test, ok
  Movement:
    [1,B]:[1,1,2]->[2,1,3]
    [5,B]:[1,5,1]->[1,1,1]
    [8,B]:[3,2,1]->[3,3,2]
    [9,M]:[4,5,1]->[5,4,1]
    [11,P]:[3,5,1]->[3,1,1]
    [14,A]:[1,2,1]->[1,1,2]
      destroyed [5,B] at [1,1,1]
  Sectors:
    [1,1]->-,[14,A],-,[-4,W]
    [1,2]->-,-,-,-
    [1,3]->[-5,Y],-,[4,M],-
    [1,4]->-,[-7,Y],-,-
    [1,5]->-,[-10,Y],-,-
    [2,1]->[-8,*],[2,A],[1,B],-
    [2,2]->[3,M],-,-,-
    [2,3]->[-6,Y],[0,E],-,-
    [2,4]->[16,M],[19,M],-,-
    [2,5]->[-9,W],-,-,-
    [3,1]->[11,P],-,-,-
    [3,2]->-,-,-,-
    [3,3]->[-1,O],-,-,-
    [3,4]->[6,M],-,-,-
    [3,5]->-,[13,P],-,-
    [4,1]->-,-,-,-
    [4,2]->[-11,Y],-,[7,B],-
    [4,3]->-,-,-,-
    [4,4]->-,-,-,-
    [4,5]->-,[18,M],[10,P],[15,M]
    [5,1]->-,-,-,-
    [5,2]->-,-,-,-
    [5,3]->[17,M],-,-,-
    [5,4]->[9,M],[-2,*],-,-
    [5,5]->[-3,*],-,-,-
  Descriptions:
    [-11,Y]->Luminosity:2
    [-10,Y]->Luminosity:2
    [-9,W]->
    [-8,*]->Luminosity:5
    [-7,Y]->Luminosity:2
    [-6,Y]->Luminosity:2
    [-5,Y]->Luminosity:2
    [-4,W]->
    [-3,*]->Luminosity:5
    [-2,*]->Luminosity:5
    [-1,O]->
    [0,E]->fuel:3/3, life:3/3, landed?:F
    [1,B]->fuel:3/3, actions_left_until_reproduction:0/1, turns_left:1
    [2,A]->turns_left:0
    [3,M]->fuel:2/3, actions_left_until_reproduction:0/1, turns_left:1
    [4,M]->fuel:3/3, actions_left_until_reproduction:0/1, turns_left:1
    [6,M]->fuel:2/3, actions_left_until_reproduction:0/1, turns_left:0
    [7,B]->fuel:3/3, actions_left_until_reproduction:0/1, turns_left:0
    [9,M]->fuel:3/3, actions_left_until_reproduction:0/1, turns_left:0
    [10,P]->attached?:F, support_life?:F, visited?:F, turns_left:1
    [11,P]->attached?:F, support_life?:F, visited?:F, turns_left:1
    [13,P]->attached?:F, support_life?:F, visited?:F, turns_left:1
    [14,A]->turns_left:2
    [15,M]->fuel:2/3, actions_left_until_reproduction:0/1, turns_left:0
    [16,M]->fuel:2/3, actions_left_until_reproduction:1/1, turns_left:1
    [17,M]->fuel:2/3, actions_left_until_reproduction:0/1, turns_left:0
    [18,M]->fuel:3/3, actions_left_until_reproduction:1/1, turns_left:1
    [19,M]->fuel:3/3, actions_left_until_reproduction:1/1, turns_left:0
  Deaths This Turn:
    [8,B]->fuel:2/3, actions_left_until_reproduction:1/1, turns_left:N/A,
      Benign got devoured by blackhole (id: -1) at Sector:3:3
    [5,B]->fuel:2/3, actions_left_until_reproduction:0/1, turns_left:N/A,
      Benign got destroyed by asteroid (id: 14) at Sector:1:1
    (1:1)  (1:2)  (1:3)  (1:4)  (1:5)  
    -A-W   ----   Y-M-   -Y--   -Y--   
    (2:1)  (2:2)  (2:3)  (2:4)  (2:5)  
    *AB-   M---   YE--   MM--   W---   
    (3:1)  (3:2)  (3:3)  (3:4)  (3:5)  
    P---   ----   O---   M---   -P--   
    (4:1)  (4:2)  (4:3)  (4:4)  (4:5)  
    ----   Y-B-   ----   ----   -MPM   
    (5:1)  (5:2)  (5:3)  (5:4)  (5:5)  
    ----   ----   M---   M*--   *---   
->move(S)
  state:10.0, mode:test, ok
  Explorer got devoured by blackhole (id: -1) at Sector:3:3
  The game has ended. You can start a new game.
  Movement:
    [0,E]:[2,3,2]->[3,3,2]
    [2,A]:[2,1,2]->[1,1,1]
    [6,M]:[3,4,1]->[4,4,1]
      reproduced [20,M] at [4,4,2]
    [7,B]:[4,2,3]->[4,1,1]
      reproduced [21,B] at [4,1,2]
    [9,M]:[5,4,1]->[1,3,2]
      reproduced [22,M] at [1,3,4]
    [15,M]:[4,5,4]->[5,1,1]
      reproduced [23,M] at [5,1,2]
    [17,M]:[5,3,1]->[5,2,1]
      reproduced [24,M] at [5,2,2]
    [19,M]:[2,4,2]->[1,5,1]
  Sectors:
    [1,1]->[2,A],[14,A],-,[-4,W]
    [1,2]->-,-,-,-
    [1,3]->[-5,Y],[9,M],[4,M],[22,M]
    [1,4]->-,[-7,Y],-,-
    [1,5]->[19,M],[-10,Y],-,-
    [2,1]->[-8,*],-,[1,B],-
    [2,2]->[3,M],-,-,-
    [2,3]->[-6,Y],-,-,-
    [2,4]->[16,M],-,-,-
    [2,5]->[-9,W],-,-,-
    [3,1]->[11,P],-,-,-
    [3,2]->-,-,-,-
    [3,3]->[-1,O],-,-,-
    [3,4]->-,-,-,-
    [3,5]->-,[13,P],-,-
    [4,1]->[7,B],[21,B],-,-
    [4,2]->[-11,Y],-,-,-
    [4,3]->-,-,-,-
    [4,4]->[6,M],[20,M],-,-
    [4,5]->-,[18,M],[10,P],-
    [5,1]->[15,M],[23,M],-,-
    [5,2]->[17,M],[24,M],-,-
    [5,3]->-,-,-,-
    [5,4]->-,[-2,*],-,-
    [5,5]->[-3,*],-,-,-
  Descriptions:
    [-11,Y]->Luminosity:2
    [-10,Y]->Luminosity:2
    [-9,W]->
    [-8,*]->Luminosity:5
    [-7,Y]->Luminosity:2
    [-6,Y]->Luminosity:2
    [-5,Y]->Luminosity:2
    [-4,W]->
    [-3,*]->Luminosity:5
    [-2,*]->Luminosity:5
    [-1,O]->
    [1,B]->fuel:3/3, actions_left_until_reproduction:0/1, turns_left:0
    [2,A]->turns_left:1
    [3,M]->fuel:2/3, actions_left_until_reproduction:0/1, turns_left:0
    [4,M]->fuel:3/3, actions_left_until_reproduction:0/1, turns_left:0
    [6,M]->fuel:1/3, actions_left_until_reproduction:1/1, turns_left:2
    [7,B]->fuel:2/3, actions_left_until_reproduction:1/1, turns_left:0
    [9,M]->fuel:3/3, actions_left_until_reproduction:1/1, turns_left:2
    [10,P]->attached?:F, support_life?:F, visited?:F, turns_left:0
    [11,P]->attached?:F, support_life?:F, visited?:F, turns_left:0
    [13,P]->attached?:F, support_life?:F, visited?:F, turns_left:0
    [14,A]->turns_left:1
    [15,M]->fuel:1/3, actions_left_until_reproduction:1/1, turns_left:2
    [16,M]->fuel:2/3, actions_left_until_reproduction:1/1, turns_left:0
    [17,M]->fuel:1/3, actions_left_until_reproduction:1/1, turns_left:2
    [18,M]->fuel:3/3, actions_left_until_reproduction:1/1, turns_left:0
    [19,M]->fuel:3/3, actions_left_until_reproduction:0/1, turns_left:1
    [20,M]->fuel:3/3, actions_left_until_reproduction:1/1, turns_left:2
    [21,B]->fuel:3/3, actions_left_until_reproduction:1/1, turns_left:1
    [22,M]->fuel:3/3, actions_left_until_reproduction:1/1, turns_left:1
    [23,M]->fuel:3/3, actions_left_until_reproduction:1/1, turns_left:0
    [24,M]->fuel:3/3, actions_left_until_reproduction:1/1, turns_left:0
  Deaths This Turn:
    [0,E]->fuel:2/3, life:0/3, landed?:F,
      Explorer got devoured by blackhole (id: -1) at Sector:3:3
    (1:1)  (1:2)  (1:3)  (1:4)  (1:5)  
    AA-W   ----   YMMM   -Y--   MY--   
    (2:1)  (2:2)  (2:3)  (2:4)  (2:5)  
    *-B-   M---   Y---   M---   W---   
    (3:1)  (3:2)  (3:3)  (3:4)  (3:5)  
    P---   ----   O---   ----   -P--   
    (4:1)  (4:2)  (4:3)  (4:4)  (4:5)  
    BB--   Y---   ----   MM--   -MP-   
    (5:1)  (5:2)  (5:3)  (5:4)  (5:5)  
    MM--   MM--   ----   -*--   *---   
  Explorer got devoured by blackhole (id: -1) at Sector:3:3
  The game has ended. You can start a new game.
->wormhole
  state:10.1, error
  Negative on that request:no mission in progress.
->move(SW)
  state:10.2, error
  Negative on that request:no mission in progress.
->move(NE)
  state:10.3, error
  Negative on that request:no mission in progress.
->move(N)
  state:10.4, error
  Negative on that request:no mission in progress.
->move(NW)
  state:10.5, error
  Negative on that request:no mission in progress.
->move(N)
  state:10.6, error
  Negative on that request:no mission in progress.
->wormhole
  state:10.7, error
  Negative on that request:no mission in progress.
->liftoff
  state:10.8, error
  Negative on that request:no mission in progress.
->move(SW)
  state:10.9, error
  Negative on that request:no mission in progress.
->move(NE)
  state:10.10, error
  Negative on that request:no mission in progress.
->move(W)
  state:10.11, error
  Negative on that request:no mission in progress.
->move(NW)
  state:10.12, error
  Negative on that request:no mission in progress.
->move(SE)
  state:10.13, error
  Negative on that request:no mission in progress.
->move(E)
  state:10.14, error
  Negative on that request:no mission in progress.
->move(S)
  state:10.15, error
  Negative on that request:no mission in progress.
->move(W)
  state:10.16, error
  Negative on that request:no mission in progress.
->pass
  state:10.17, error
  Negative on that request:no mission in progress.
->move(SE)
  state:10.18, error
  Negative on that request:no mission in progress.
->move(S)
  state:10.19, error
  Negative on that request:no mission in progress.
->move(S)
  state:10.20, error
  Negative on that request:no mission in progress.
->land
  state:10.21, error
  Negative on that request:no mission in progress.
->land
  state:10.22, error
  Negative on that request:no mission in progress.
->pass
  state:10.23, error
  Negative on that request:no mission in progress.
->move(W)
  state:10.24, error
  Negative on that request:no mission in progress.
->move(N)
  state:10.25, error
  Negative on that request:no mission in progress.
->move(E)
  state:10.26, error
  Negative on that request:no mission in progress.
->wormhole
  state:10.27, error
  Negative on that request:no mission in progress.
->move(S)
  state:10.28, error
  Negative on that request:no mission in progress.
->test(28,4,16,24,32)
  state:10.29, error
  Thresholds should be non-decreasing order.
->move(NE)
  state:10.30, error
  Negative on that request:no mission in progress.
->move(E)
  state:10.31, error
  Negative on that request:no mission in progress.
->move(NW)
  state:10.32, error
  Negative on that request:no mission in progress.
->pass
  state:10.33, error
  Negative on that request:no mission in progress.
->move(W)
  state:10.34, error
  Negative on that request:no mission in progress.
->move(SW)
  state:10.35, error
  Negative on that request:no mission in progress.
->move(E)
  state:10.36, error
  Negative on that request:no mission in progress.
->move(N)
  state:10.37, error
  Negative on that request:no mission in progress.
->pass
  state:10.38, error
  Negative on that request:no mission in progress.
->move(S)
  state:10.39, error
  Negative on that request:no mission in progress.
->liftoff
  state:10.40, error
  Negative on that request:no mission in progress.
->move(N)
  state:10.41, error
  Negative on that request:no mission in progress.
->move(W)
  state:10.42, error
  Negative on that request:no mission in progress.
->move(E)
  state:10.43, error
  Negative on that request:no mission in progress.
->move(SW)
  state:10.44, error
  Negative on that request:no mission in progress.
->move(SE)
  state:10.45, error
  Negative on that request:no mission in progress.
->move(SW)
  state:10.46, error
  Negative on that request:no mission in progress.
->move(SE)
  state:10.47, error
  Negative on that request:no mission in progress.
