  state:0.0, ok
  Welcome! Try test(3,5,7,15,30)
->liftoff
  state:0.1, error
  Negative on that request:no mission in progress.
->move(SW)
  state:0.2, error
  Negative on that request:no mission in progress.
->move(NW)
  state:0.3, error
  Negative on that request:no mission in progress.
->move(W)
  state:0.4, error
  Negative on that request:no mission in progress.
->move(SW)
  state:0.5, error
  Negative on that request:no mission in progress.
->abort
  state:0.6, error
  Negative on that request:no mission in progress.
->move(SW)
  state:0.7, error
  Negative on that request:no mission in progress.
->wormhole
  state:0.8, error
  Negative on that request:no mission in progress.
->move(NE)
  state:0.9, error
  Negative on that request:no mission in progress.
->move(NW)
  state:0.10, error
  Negative on that request:no mission in progress.
->move(S)
  state:0.11, error
  Negative on that request:no mission in progress.
->move(N)
  state:0.12, error
  Negative on that request:no mission in progress.
->move(W)
  state:0.13, error
  Negative on that request:no mission in progress.
->move(N)
  state:0.14, error
  Negative on that request:no mission in progress.
->wormhole
  state:0.15, error
  Negative on that request:no mission in progress.
->move(E)
  state:0.16, error
  Negative on that request:no mission in progress.
->abort
  state:0.17, error
  Negative on that request:no mission in progress.
->move(E)
  state:0.18, error
  Negative on that request:no mission in progress.
->move(NE)
  state:0.19, error
  Negative on that request:no mission in progress.
->move(S)
  state:0.20, error
  Negative on that request:no mission in progress.
->wormhole
  state:0.21, error
  Negative on that request:no mission in progress.
->play
  state:1.0, mode:play, ok
  Movement:none
    (1:1)  (1:2)  (1:3)  (1:4)  (1:5)  
    E---   *---   P---   ----   PP--   
    (2:1)  (2:2)  (2:3)  (2:4)  (2:5)  
    ----   ----   W---   ----   P---   
    (3:1)  (3:2)  (3:3)  (3:4)  (3:5)  
    MY--   ----   O---   PW--   ----   
    (4:1)  (4:2)  (4:3)  (4:4)  (4:5)  
    W---   M*--   P---   P*--   ----   
    (5:1)  (5:2)  (5:3)  (5:4)  (5:5)  
    BW--   ----   *---   ----   PW--   
->move(SW)
  state:2.0, mode:play, ok
  Movement:
    [0,E]:[1,1,1]->[2,5,2]
    [3,P]:[1,5,2]->[5,4,1]
    [8,P]:[4,3,1]->[3,2,1]
    (1:1)  (1:2)  (1:3)  (1:4)  (1:5)  
    ----   *---   P---   ----   P---   
    (2:1)  (2:2)  (2:3)  (2:4)  (2:5)  
    ----   ----   W---   ----   PE--   
    (3:1)  (3:2)  (3:3)  (3:4)  (3:5)  
    MY--   P---   O---   PW--   ----   
    (4:1)  (4:2)  (4:3)  (4:4)  (4:5)  
    W---   M*--   ----   P*--   ----   
    (5:1)  (5:2)  (5:3)  (5:4)  (5:5)  
    BW--   ----   *---   P---   PW--   
->liftoff
  state:2.1, mode:play, error
  Negative on that request:you are not on a planet at Sector:2:5
->play
  state:2.2, mode:play, error
  To start a new mission, please abort the current one first.
->move(E)
  state:3.0, mode:play, ok
  Movement:
    [0,E]:[2,5,2]->[2,1,1]
    [5,M]:[3,1,1]->[3,5,1]
    [8,P]:[3,2,1]->[2,1,2]
    [10,B]:[5,1,1]->[5,2,1]
    (1:1)  (1:2)  (1:3)  (1:4)  (1:5)  
    ----   *---   P---   ----   P---   
    (2:1)  (2:2)  (2:3)  (2:4)  (2:5)  
    EP--   ----   W---   ----   P---   
    (3:1)  (3:2)  (3:3)  (3:4)  (3:5)  
    -Y--   ----   O---   PW--   M---   
    (4:1)  (4:2)  (4:3)  (4:4)  (4:5)  
    W---   M*--   ----   P*--   ----   
    (5:1)  (5:2)  (5:3)  (5:4)  (5:5)  
    -W--   B---   *---   P---   PW--   
->move(NW)
  state:4.0, mode:play, ok
  Explorer got lost in space - out of fuel at Sector:1:5
  The game has ended. You can start a new game.
  Movement:
    [0,E]:[2,1,1]->[1,5,2]
    [1,P]:[1,3,1]->[2,4,1]
    [2,P]:[1,5,1]->[2,5,2]
    [4,P]:[2,5,1]->[2,4,2]
    [6,P]:[3,4,1]->[2,3,2]
    [7,M]:[4,2,1]->[5,1,1]
    [10,B]:[5,2,1]->[5,1,3]
      reproduced [12,B] at [5,1,4]
      destroyed [7,M] at [5,1,1]
    [11,P]:[5,5,1]->[4,4,3]
    (1:1)  (1:2)  (1:3)  (1:4)  (1:5)  
    ----   *---   ----   ----   ----   
    (2:1)  (2:2)  (2:3)  (2:4)  (2:5)  
    -P--   ----   WP--   PP--   -P--   
    (3:1)  (3:2)  (3:3)  (3:4)  (3:5)  
    -Y--   ----   O---   -W--   M---   
    (4:1)  (4:2)  (4:3)  (4:4)  (4:5)  
    W---   -*--   ----   P*P-   ----   
    (5:1)  (5:2)  (5:3)  (5:4)  (5:5)  
    -WBB   ----   *---   P---   -W--   
->move(SE)
  state:4.1, error
  Negative on that request:no mission in progress.
->move(S)
  state:4.2, error
  Negative on that request:no mission in progress.
->move(E)
  state:4.3, error
  Negative on that request:no mission in progress.
->abort
  state:4.4, error
  Negative on that request:no mission in progress.
->move(W)
  state:4.5, error
  Negative on that request:no mission in progress.
->move(NE)
  state:4.6, error
  Negative on that request:no mission in progress.
->play
  state:5.0, mode:play, ok
  Movement:none
    (1:1)  (1:2)  (1:3)  (1:4)  (1:5)  
    EW--   *---   P---   ----   A*--   
    (2:1)  (2:2)  (2:3)  (2:4)  (2:5)  
    B*--   *---   P---   P---   ----   
    (3:1)  (3:2)  (3:3)  (3:4)  (3:5)  
    Y---   ----   O---   B---   ----   
    (4:1)  (4:2)  (4:3)  (4:4)  (4:5)  
    ----   P---   P*--   ----   P---   
    (5:1)  (5:2)  (5:3)  (5:4)  (5:5)  
    *---   *---   P---   ----   *---   
->move(S)
  state:6.0, mode:play, ok
  Movement:
    [0,E]:[1,1,1]->[2,1,3]
    [2,A]:[1,5,1]->[5,5,2]
    [7,P]:[4,2,1]->[3,2,1]
    [10,P]:[5,3,1]->[1,2,2]
    (1:1)  (1:2)  (1:3)  (1:4)  (1:5)  
    -W--   *P--   P---   ----   -*--   
    (2:1)  (2:2)  (2:3)  (2:4)  (2:5)  
    B*E-   *---   P---   P---   ----   
    (3:1)  (3:2)  (3:3)  (3:4)  (3:5)  
    Y---   P---   O---   B---   ----   
    (4:1)  (4:2)  (4:3)  (4:4)  (4:5)  
    ----   ----   P*--   ----   P---   
    (5:1)  (5:2)  (5:3)  (5:4)  (5:5)  
    *---   *---   ----   ----   *A--   
->move(NE)
  state:7.0, mode:play, ok
  Movement:
    [0,E]:[2,1,3]->[1,2,3]
    [1,P]:[1,3,1]->[5,4,1]
    [3,B]:[2,1,1]->[3,2,2]
    [4,P]:[2,3,1]->[1,3,1]
    [6,B]:[3,4,1]->[4,4,1]
    [9,P]:[4,5,1]->[5,5,3]
    (1:1)  (1:2)  (1:3)  (1:4)  (1:5)  
    -W--   *PE-   P---   ----   -*--   
    (2:1)  (2:2)  (2:3)  (2:4)  (2:5)  
    -*--   *---   ----   P---   ----   
    (3:1)  (3:2)  (3:3)  (3:4)  (3:5)  
    Y---   PB--   O---   ----   ----   
    (4:1)  (4:2)  (4:3)  (4:4)  (4:5)  
    ----   ----   P*--   B---   ----   
    (5:1)  (5:2)  (5:3)  (5:4)  (5:5)  
    *---   *---   ----   P---   *AP-   
->move(E)
  state:8.0, mode:play, ok
  Movement:
    [0,E]:[1,2,3]->[1,3,2]
    [4,P]:[1,3,1]->[5,3,1]
    [5,P]:[2,4,1]->[2,5,1]
    [7,P]:[3,2,1]->[4,3,3]
    (1:1)  (1:2)  (1:3)  (1:4)  (1:5)  
    -W--   *P--   -E--   ----   -*--   
    (2:1)  (2:2)  (2:3)  (2:4)  (2:5)  
    -*--   *---   ----   ----   P---   
    (3:1)  (3:2)  (3:3)  (3:4)  (3:5)  
    Y---   -B--   O---   ----   ----   
    (4:1)  (4:2)  (4:3)  (4:4)  (4:5)  
    ----   ----   P*P-   B---   ----   
    (5:1)  (5:2)  (5:3)  (5:4)  (5:5)  
    *---   *---   P---   P---   *AP-   
->pass
  state:9.0, mode:play, ok
  Movement:
    [2,A]:[5,5,2]->[1,1,1]
    [3,B]:[3,2,2]->[4,2,1]
      reproduced [11,B] at [4,2,2]
    (1:1)  (1:2)  (1:3)  (1:4)  (1:5)  
    AW--   *P--   -E--   ----   -*--   
    (2:1)  (2:2)  (2:3)  (2:4)  (2:5)  
    -*--   *---   ----   ----   P---   
    (3:1)  (3:2)  (3:3)  (3:4)  (3:5)  
    Y---   ----   O---   ----   ----   
    (4:1)  (4:2)  (4:3)  (4:4)  (4:5)  
    ----   BB--   P*P-   B---   ----   
    (5:1)  (5:2)  (5:3)  (5:4)  (5:5)  
    *---   *---   P---   P---   *-P-   
->move(NE)
  state:10.0, mode:play, ok
  Movement:
    [0,E]:[1,3,2]->[5,4,2]
    [1,P]:[5,4,1]->[5,5,2]
    [2,A]:[1,1,1]->[2,1,1]
    [3,B]:[4,2,1]->[5,3,2]
    [4,P]:[5,3,1]->[1,2,3]
    [6,B]:[4,4,1]->[4,5,1]
      reproduced [12,B] at [4,5,2]
    (1:1)  (1:2)  (1:3)  (1:4)  (1:5)  
    -W--   *PP-   ----   ----   -*--   
    (2:1)  (2:2)  (2:3)  (2:4)  (2:5)  
    A*--   *---   ----   ----   P---   
    (3:1)  (3:2)  (3:3)  (3:4)  (3:5)  
    Y---   ----   O---   ----   ----   
    (4:1)  (4:2)  (4:3)  (4:4)  (4:5)  
    ----   -B--   P*P-   ----   BB--   
    (5:1)  (5:2)  (5:3)  (5:4)  (5:5)  
    *---   *---   ----   -E--   *PP-   
->move(SW)
  state:11.0, mode:play, ok
  Explorer got lost in space - out of fuel at Sector:1:3
  The game has ended. You can start a new game.
  Movement:
    [0,E]:[5,4,2]->[1,3,1]
    [5,P]:[2,5,1]->[3,1,2]
    [6,B]:[4,5,1]->[3,1,3]
    (1:1)  (1:2)  (1:3)  (1:4)  (1:5)  
    -W--   *PP-   ----   ----   -*--   
    (2:1)  (2:2)  (2:3)  (2:4)  (2:5)  
    A*--   *---   ----   ----   ----   
    (3:1)  (3:2)  (3:3)  (3:4)  (3:5)  
    YPB-   ----   O---   ----   ----   
    (4:1)  (4:2)  (4:3)  (4:4)  (4:5)  
    ----   -B--   P*P-   ----   -B--   
    (5:1)  (5:2)  (5:3)  (5:4)  (5:5)  
    *---   *---   ----   ----   *PP-   
->move(N)
  state:11.1, error
  Negative on that request:no mission in progress.
->liftoff
  state:11.2, error
  Negative on that request:no mission in progress.
->move(NW)
  state:11.3, error
  Negative on that request:no mission in progress.
->pass
  state:11.4, error
  Negative on that request:no mission in progress.
->abort
  state:11.5, error
  Negative on that request:no mission in progress.
->move(SE)
  state:11.6, error
  Negative on that request:no mission in progress.
->move(N)
  state:11.7, error
  Negative on that request:no mission in progress.
->move(S)
  state:11.8, error
  Negative on that request:no mission in progress.
->abort
  state:11.9, error
  Negative on that request:no mission in progress.
->move(E)
  state:11.10, error
  Negative on that request:no mission in progress.
->move(S)
  state:11.11, error
  Negative on that request:no mission in progress.
->move(E)
  state:11.12, error
  Negative on that request:no mission in progress.
->move(SW)
  state:11.13, error
  Negative on that request:no mission in progress.
->move(SE)
  state:11.14, error
  Negative on that request:no mission in progress.
->move(E)
  state:11.15, error
  Negative on that request:no mission in progress.
