  state:0.0, ok
  Welcome! Try test(3,5,7,15,30)
->move(N)
  state:0.1, error
  Negative on that request:no mission in progress.
->pass
  state:0.2, error
  Negative on that request:no mission in progress.
->move(NE)
  state:0.3, error
  Negative on that request:no mission in progress.
->liftoff
  state:0.4, error
  Negative on that request:no mission in progress.
->move(NE)
  state:0.5, error
  Negative on that request:no mission in progress.
->pass
  state:0.6, error
  Negative on that request:no mission in progress.
->move(N)
  state:0.7, error
  Negative on that request:no mission in progress.
->move(E)
  state:0.8, error
  Negative on that request:no mission in progress.
->move(NE)
  state:0.9, error
  Negative on that request:no mission in progress.
->play
  state:1.0, mode:play, ok
  Movement:none
    (1:1)  (1:2)  (1:3)  (1:4)  (1:5)  
    E---   *---   P---   ----   PP--   
    (2:1)  (2:2)  (2:3)  (2:4)  (2:5)  
    ----   ----   W---   ----   P---   
    (3:1)  (3:2)  (3:3)  (3:4)  (3:5)  
    MY--   ----   O---   PW--   ----   
    (4:1)  (4:2)  (4:3)  (4:4)  (4:5)  
    W---   M*--   P---   P*--   ----   
    (5:1)  (5:2)  (5:3)  (5:4)  (5:5)  
    BW--   ----   *---   ----   PW--   
->move(W)
  state:2.0, mode:play, ok
  Movement:
    [0,E]:[1,1,1]->[1,5,3]
    [3,P]:[1,5,2]->[5,4,1]
    [8,P]:[4,3,1]->[3,2,1]
    (1:1)  (1:2)  (1:3)  (1:4)  (1:5)  
    ----   *---   P---   ----   P-E-   
    (2:1)  (2:2)  (2:3)  (2:4)  (2:5)  
    ----   ----   W---   ----   P---   
    (3:1)  (3:2)  (3:3)  (3:4)  (3:5)  
    MY--   P---   O---   PW--   ----   
    (4:1)  (4:2)  (4:3)  (4:4)  (4:5)  
    W---   M*--   ----   P*--   ----   
    (5:1)  (5:2)  (5:3)  (5:4)  (5:5)  
    BW--   ----   *---   P---   PW--   
->land
  state:2.1, mode:play, error
  Negative on that request:no yellow dwarf at Sector:1:5
->move(SE)
  state:3.0, mode:play, ok
  Movement:
    [0,E]:[1,5,3]->[2,1,1]
    [5,M]:[3,1,1]->[3,5,1]
    [8,P]:[3,2,1]->[2,1,2]
    [10,B]:[5,1,1]->[5,2,1]
    (1:1)  (1:2)  (1:3)  (1:4)  (1:5)  
    ----   *---   P---   ----   P---   
    (2:1)  (2:2)  (2:3)  (2:4)  (2:5)  
    EP--   ----   W---   ----   P---   
    (3:1)  (3:2)  (3:3)  (3:4)  (3:5)  
    -Y--   ----   O---   PW--   M---   
    (4:1)  (4:2)  (4:3)  (4:4)  (4:5)  
    W---   M*--   ----   P*--   ----   
    (5:1)  (5:2)  (5:3)  (5:4)  (5:5)  
    -W--   B---   *---   P---   PW--   
->move(E)
  state:4.0, mode:play, ok
  Explorer got lost in space - out of fuel at Sector:2:2
  The game has ended. You can start a new game.
  Movement:
    [0,E]:[2,1,1]->[2,2,1]
    [1,P]:[1,3,1]->[2,4,1]
    [2,P]:[1,5,1]->[2,5,2]
    [4,P]:[2,5,1]->[2,4,2]
    [6,P]:[3,4,1]->[2,3,2]
    [7,M]:[4,2,1]->[5,1,1]
    [10,B]:[5,2,1]->[5,1,3]
      reproduced [12,B] at [5,1,4]
      destroyed [7,M] at [5,1,1]
    [11,P]:[5,5,1]->[4,4,3]
    (1:1)  (1:2)  (1:3)  (1:4)  (1:5)  
    ----   *---   ----   ----   ----   
    (2:1)  (2:2)  (2:3)  (2:4)  (2:5)  
    -P--   ----   WP--   PP--   -P--   
    (3:1)  (3:2)  (3:3)  (3:4)  (3:5)  
    -Y--   ----   O---   -W--   M---   
    (4:1)  (4:2)  (4:3)  (4:4)  (4:5)  
    W---   -*--   ----   P*P-   ----   
    (5:1)  (5:2)  (5:3)  (5:4)  (5:5)  
    -WBB   ----   *---   P---   -W--   
->liftoff
  state:4.1, error
  Negative on that request:no mission in progress.
->move(SW)
  state:4.2, error
  Negative on that request:no mission in progress.
->move(NE)
  state:4.3, error
  Negative on that request:no mission in progress.
->move(NW)
  state:4.4, error
  Negative on that request:no mission in progress.
->move(S)
  state:4.5, error
  Negative on that request:no mission in progress.
->move(W)
  state:4.6, error
  Negative on that request:no mission in progress.
->liftoff
  state:4.7, error
  Negative on that request:no mission in progress.
->move(S)
  state:4.8, error
  Negative on that request:no mission in progress.
->play
  state:5.0, mode:play, ok
  Movement:none
    (1:1)  (1:2)  (1:3)  (1:4)  (1:5)  
    EW--   *---   P---   ----   A*--   
    (2:1)  (2:2)  (2:3)  (2:4)  (2:5)  
    B*--   *---   P---   P---   ----   
    (3:1)  (3:2)  (3:3)  (3:4)  (3:5)  
    Y---   ----   O---   B---   ----   
    (4:1)  (4:2)  (4:3)  (4:4)  (4:5)  
    ----   P---   P*--   ----   P---   
    (5:1)  (5:2)  (5:3)  (5:4)  (5:5)  
    *---   *---   P---   ----   *---   
->move(W)
  state:6.0, mode:play, ok
  Movement:
    [0,E]:[1,1,1]->[1,5,3]
    [2,A]:[1,5,1]->[5,5,2]
    [7,P]:[4,2,1]->[3,2,1]
    [10,P]:[5,3,1]->[1,2,2]
    (1:1)  (1:2)  (1:3)  (1:4)  (1:5)  
    -W--   *P--   P---   ----   -*E-   
    (2:1)  (2:2)  (2:3)  (2:4)  (2:5)  
    B*--   *---   P---   P---   ----   
    (3:1)  (3:2)  (3:3)  (3:4)  (3:5)  
    Y---   P---   O---   B---   ----   
    (4:1)  (4:2)  (4:3)  (4:4)  (4:5)  
    ----   ----   P*--   ----   P---   
    (5:1)  (5:2)  (5:3)  (5:4)  (5:5)  
    *---   *---   ----   ----   *A--   
->abort
  state:6.1, ok
  Mission aborted. Try test(3,5,7,15,30)
->move(NW)
  state:6.2, error
  Negative on that request:no mission in progress.
->move(NE)
  state:6.3, error
  Negative on that request:no mission in progress.
->wormhole
  state:6.4, error
  Negative on that request:no mission in progress.
->move(N)
  state:6.5, error
  Negative on that request:no mission in progress.
->move(S)
  state:6.6, error
  Negative on that request:no mission in progress.
->move(W)
  state:6.7, error
  Negative on that request:no mission in progress.
->move(N)
  state:6.8, error
  Negative on that request:no mission in progress.
->move(NE)
  state:6.9, error
  Negative on that request:no mission in progress.
->wormhole
  state:6.10, error
  Negative on that request:no mission in progress.
->pass
  state:6.11, error
  Negative on that request:no mission in progress.
->move(E)
  state:6.12, error
  Negative on that request:no mission in progress.
->move(NE)
  state:6.13, error
  Negative on that request:no mission in progress.
->move(SW)
  state:6.14, error
  Negative on that request:no mission in progress.
->liftoff
  state:6.15, error
  Negative on that request:no mission in progress.
->move(NE)
  state:6.16, error
  Negative on that request:no mission in progress.
->move(S)
  state:6.17, error
  Negative on that request:no mission in progress.
->move(NW)
  state:6.18, error
  Negative on that request:no mission in progress.
->move(SE)
  state:6.19, error
  Negative on that request:no mission in progress.
->move(N)
  state:6.20, error
  Negative on that request:no mission in progress.
