  State: 0 -> ok
->new_game(easy)
  State: 1 -> ok
  +-*-+---+---+---+---+---+---+
  | X                         |
  +   +   +   +---+---+   +   +
  |       |   |       |       |
  +   +---+   +---+   +---+   +
  |   |                   |   |
  +   +   +   +   +---+   +   +
  |   |       |   |       |   |
  +   +   +---+   +   +   +   +
  |       |   |   |           |
  +---+   +   +   +---+   +---+
  |   |   |       |       |   |
  +   +   +   +   +---+   +   +
  |       |                   |
  +---+---+---+---+---+---+- -+

  Game Number: 1
  Score: 0 / 1

->move(E)
  State: 2 -> ok
  +-*-+---+---+---+---+---+---+
  | * * X                     |
  +   +   +   +---+---+   +   +
  |       |   |       |       |
  +   +---+   +---+   +---+   +
  |   |                   |   |
  +   +   +   +   +---+   +   +
  |   |       |   |       |   |
  +   +   +---+   +   +   +   +
  |       |   |   |           |
  +---+   +   +   +---+   +---+
  |   |   |       |       |   |
  +   +   +   +   +---+   +   +
  |       |                   |
  +---+---+---+---+---+---+- -+

  Game Number: 1
  Score: 0 / 1

