  state:0.0, ok
  Welcome! Try test(3,5,7,15,30)
->move(NW)
  state:0.1, error
  Negative on that request:no mission in progress.
->move(W)
  state:0.2, error
  Negative on that request:no mission in progress.
->move(E)
  state:0.3, error
  Negative on that request:no mission in progress.
->move(W)
  state:0.4, error
  Negative on that request:no mission in progress.
->move(N)
  state:0.5, error
  Negative on that request:no mission in progress.
->move(S)
  state:0.6, error
  Negative on that request:no mission in progress.
->liftoff
  state:0.7, error
  Negative on that request:no mission in progress.
->move(NW)
  state:0.8, error
  Negative on that request:no mission in progress.
->move(NE)
  state:0.9, error
  Negative on that request:no mission in progress.
->move(N)
  state:0.10, error
  Negative on that request:no mission in progress.
->move(E)
  state:0.11, error
  Negative on that request:no mission in progress.
->land
  state:0.12, error
  Negative on that request:no mission in progress.
->move(NE)
  state:0.13, error
  Negative on that request:no mission in progress.
->abort
  state:0.14, error
  Negative on that request:no mission in progress.
->move(SE)
  state:0.15, error
  Negative on that request:no mission in progress.
->wormhole
  state:0.16, error
  Negative on that request:no mission in progress.
->move(NW)
  state:0.17, error
  Negative on that request:no mission in progress.
->move(SW)
  state:0.18, error
  Negative on that request:no mission in progress.
->move(N)
  state:0.19, error
  Negative on that request:no mission in progress.
->move(SE)
  state:0.20, error
  Negative on that request:no mission in progress.
->move(SE)
  state:0.21, error
  Negative on that request:no mission in progress.
->move(E)
  state:0.22, error
  Negative on that request:no mission in progress.
->pass
  state:0.23, error
  Negative on that request:no mission in progress.
->move(E)
  state:0.24, error
  Negative on that request:no mission in progress.
->pass
  state:0.25, error
  Negative on that request:no mission in progress.
->liftoff
  state:0.26, error
  Negative on that request:no mission in progress.
->move(SE)
  state:0.27, error
  Negative on that request:no mission in progress.
->move(SE)
  state:0.28, error
  Negative on that request:no mission in progress.
->move(NW)
  state:0.29, error
  Negative on that request:no mission in progress.
->move(S)
  state:0.30, error
  Negative on that request:no mission in progress.
->move(N)
  state:0.31, error
  Negative on that request:no mission in progress.
->wormhole
  state:0.32, error
  Negative on that request:no mission in progress.
->move(E)
  state:0.33, error
  Negative on that request:no mission in progress.
->move(S)
  state:0.34, error
  Negative on that request:no mission in progress.
->move(NW)
  state:0.35, error
  Negative on that request:no mission in progress.
->move(NW)
  state:0.36, error
  Negative on that request:no mission in progress.
->move(S)
  state:0.37, error
  Negative on that request:no mission in progress.
->move(N)
  state:0.38, error
  Negative on that request:no mission in progress.
->move(N)
  state:0.39, error
  Negative on that request:no mission in progress.
->land
  state:0.40, error
  Negative on that request:no mission in progress.
->liftoff
  state:0.41, error
  Negative on that request:no mission in progress.
->test(33,89,89,91,91)
  state:1.0, mode:test, ok
  Movement:none
  Sectors:
    [1,1]->[0,E],[1,J],-,-
    [1,2]->[2,J],[3,A],[4,J],[-8,Y]
    [1,3]->[5,J],-,-,-
    [1,4]->[6,J],[7,A],[8,J],-
    [1,5]->[9,J],[-11,*],-,-
    [2,1]->[10,J],-,-,-
    [2,2]->[11,J],[12,J],[13,A],[-6,Y]
    [2,3]->[14,J],-,-,-
    [2,4]->[15,J],[16,J],-,-
    [2,5]->[17,J],[18,J],[-4,*],-
    [3,1]->[19,B],[20,J],[21,J],-
    [3,2]->[22,A],[23,J],[24,J],-
    [3,3]->[-1,O],-,-,-
    [3,4]->[25,J],[26,A],[27,J],[-3,W]
    [3,5]->[28,J],[-7,W],-,-
    [4,1]->[29,J],-,-,-
    [4,2]->[30,A],-,-,-
    [4,3]->[31,J],-,-,-
    [4,4]->[32,J],[-10,W],-,-
    [4,5]->[33,A],-,-,-
    [5,1]->[34,J],[35,J],-,-
    [5,2]->[36,J],[-5,Y],-,-
    [5,3]->[37,A],[38,A],[-2,W],-
    [5,4]->[39,A],[-9,Y],-,-
    [5,5]->[40,A],[41,J],-,-
  Descriptions:
    [-11,*]->Luminosity:5
    [-10,W]->
    [-9,Y]->Luminosity:2
    [-8,Y]->Luminosity:2
    [-7,W]->
    [-6,Y]->Luminosity:2
    [-5,Y]->Luminosity:2
    [-4,*]->Luminosity:5
    [-3,W]->
    [-2,W]->
    [-1,O]->
    [0,E]->fuel:3/3, life:3/3, landed?:F
    [1,J]->fuel:5/5, load:0/2, actions_left_until_reproduction:2/2, turns_left:1
    [2,J]->fuel:5/5, load:0/2, actions_left_until_reproduction:2/2, turns_left:1
    [3,A]->turns_left:2
    [4,J]->fuel:5/5, load:0/2, actions_left_until_reproduction:2/2, turns_left:2
    [5,J]->fuel:5/5, load:0/2, actions_left_until_reproduction:2/2, turns_left:0
    [6,J]->fuel:5/5, load:0/2, actions_left_until_reproduction:2/2, turns_left:1
    [7,A]->turns_left:0
    [8,J]->fuel:5/5, load:0/2, actions_left_until_reproduction:2/2, turns_left:0
    [9,J]->fuel:5/5, load:0/2, actions_left_until_reproduction:2/2, turns_left:1
    [10,J]->fuel:5/5, load:0/2, actions_left_until_reproduction:2/2, turns_left:0
    [11,J]->fuel:5/5, load:0/2, actions_left_until_reproduction:2/2, turns_left:1
    [12,J]->fuel:5/5, load:0/2, actions_left_until_reproduction:2/2, turns_left:0
    [13,A]->turns_left:1
    [14,J]->fuel:5/5, load:0/2, actions_left_until_reproduction:2/2, turns_left:2
    [15,J]->fuel:5/5, load:0/2, actions_left_until_reproduction:2/2, turns_left:0
    [16,J]->fuel:5/5, load:0/2, actions_left_until_reproduction:2/2, turns_left:0
    [17,J]->fuel:5/5, load:0/2, actions_left_until_reproduction:2/2, turns_left:0
    [18,J]->fuel:5/5, load:0/2, actions_left_until_reproduction:2/2, turns_left:1
    [19,B]->fuel:3/3, actions_left_until_reproduction:1/1, turns_left:1
    [20,J]->fuel:5/5, load:0/2, actions_left_until_reproduction:2/2, turns_left:1
    [21,J]->fuel:5/5, load:0/2, actions_left_until_reproduction:2/2, turns_left:0
    [22,A]->turns_left:1
    [23,J]->fuel:5/5, load:0/2, actions_left_until_reproduction:2/2, turns_left:0
    [24,J]->fuel:5/5, load:0/2, actions_left_until_reproduction:2/2, turns_left:0
    [25,J]->fuel:5/5, load:0/2, actions_left_until_reproduction:2/2, turns_left:1
    [26,A]->turns_left:1
    [27,J]->fuel:5/5, load:0/2, actions_left_until_reproduction:2/2, turns_left:1
    [28,J]->fuel:5/5, load:0/2, actions_left_until_reproduction:2/2, turns_left:0
    [29,J]->fuel:5/5, load:0/2, actions_left_until_reproduction:2/2, turns_left:0
    [30,A]->turns_left:2
    [31,J]->fuel:5/5, load:0/2, actions_left_until_reproduction:2/2, turns_left:2
    [32,J]->fuel:5/5, load:0/2, actions_left_until_reproduction:2/2, turns_left:2
    [33,A]->turns_left:2
    [34,J]->fuel:5/5, load:0/2, actions_left_until_reproduction:2/2, turns_left:1
    [35,J]->fuel:5/5, load:0/2, actions_left_until_reproduction:2/2, turns_left:1
    [36,J]->fuel:5/5, load:0/2, actions_left_until_reproduction:2/2, turns_left:2
    [37,A]->turns_left:2
    [38,A]->turns_left:2
    [39,A]->turns_left:0
    [40,A]->turns_left:2
    [41,J]->fuel:5/5, load:0/2, actions_left_until_reproduction:2/2, turns_left:1
  Deaths This Turn:none
    (1:1)  (1:2)  (1:3)  (1:4)  (1:5)  
    EJ--   JAJY   J---   JAJ-   J*--   
    (2:1)  (2:2)  (2:3)  (2:4)  (2:5)  
    J---   JJAY   J---   JJ--   JJ*-   
    (3:1)  (3:2)  (3:3)  (3:4)  (3:5)  
    BJJ-   AJJ-   O---   JAJW   JW--   
    (4:1)  (4:2)  (4:3)  (4:4)  (4:5)  
    J---   A---   J---   JW--   A---   
    (5:1)  (5:2)  (5:3)  (5:4)  (5:5)  
    JJ--   JY--   AAW-   AY--   AJ--   
->move(E)
  state:1.1, mode:test, error
  Cannot transfer to new location as it is full.
->move(E)
  state:1.2, mode:test, error
  Cannot transfer to new location as it is full.
->move(N)
  state:2.0, mode:test, ok
  Movement:
    [0,E]:[1,1,1]->[5,1,3]
    [5,J]:[1,3,1]->[5,2,3]
    [7,A]:[1,4,2]->[5,4,3]
    [8,J]:[1,4,3]->[5,3,4]
      destroyed [37,A] at [5,3,1]
      destroyed [38,A] at [5,3,2]
    [10,J]:[2,1,1]->[1,1,1]
    [12,J]:[2,2,2]->[1,1,3]
    [15,J]:[2,4,1]->[2,5,4]
    [16,J]:[2,4,2]
    [17,J]:[2,5,1]->[2,1,1]
    [21,J]:[3,1,3]->[4,1,2]
    [23,J]:[3,2,2]->[3,1,3]
    [24,J]:[3,2,3]->[4,3,2]
    [28,J]:[3,5,1]->[2,4,1]
    [29,J]:[4,1,1]->[3,2,2]
      destroyed [22,A] at [3,2,1]
    [39,A]:[5,4,1]->[1,3,1]
  Sectors:
    [1,1]->[10,J],[1,J],[12,J],-
    [1,2]->[2,J],[3,A],[4,J],[-8,Y]
    [1,3]->[39,A],-,-,-
    [1,4]->[6,J],-,-,-
    [1,5]->[9,J],[-11,*],-,-
    [2,1]->[17,J],-,-,-
    [2,2]->[11,J],-,[13,A],[-6,Y]
    [2,3]->[14,J],-,-,-
    [2,4]->[28,J],[16,J],-,-
    [2,5]->-,[18,J],[-4,*],[15,J]
    [3,1]->[19,B],[20,J],[23,J],-
    [3,2]->-,[29,J],-,-
    [3,3]->[-1,O],-,-,-
    [3,4]->[25,J],[26,A],[27,J],[-3,W]
    [3,5]->-,[-7,W],-,-
    [4,1]->-,[21,J],-,-
    [4,2]->[30,A],-,-,-
    [4,3]->[31,J],[24,J],-,-
    [4,4]->[32,J],[-10,W],-,-
    [4,5]->[33,A],-,-,-
    [5,1]->[34,J],[35,J],[0,E],-
    [5,2]->[36,J],[-5,Y],[5,J],-
    [5,3]->-,-,[-2,W],[8,J]
    [5,4]->-,[-9,Y],[7,A],-
    [5,5]->[40,A],[41,J],-,-
  Descriptions:
    [-11,*]->Luminosity:5
    [-10,W]->
    [-9,Y]->Luminosity:2
    [-8,Y]->Luminosity:2
    [-7,W]->
    [-6,Y]->Luminosity:2
    [-5,Y]->Luminosity:2
    [-4,*]->Luminosity:5
    [-3,W]->
    [-2,W]->
    [-1,O]->
    [0,E]->fuel:2/3, life:3/3, landed?:F
    [1,J]->fuel:5/5, load:0/2, actions_left_until_reproduction:2/2, turns_left:0
    [2,J]->fuel:5/5, load:0/2, actions_left_until_reproduction:2/2, turns_left:0
    [3,A]->turns_left:1
    [4,J]->fuel:5/5, load:0/2, actions_left_until_reproduction:2/2, turns_left:1
    [5,J]->fuel:5/5, load:0/2, actions_left_until_reproduction:1/2, turns_left:2
    [6,J]->fuel:5/5, load:0/2, actions_left_until_reproduction:2/2, turns_left:0
    [7,A]->turns_left:2
    [8,J]->fuel:4/5, load:0/2, actions_left_until_reproduction:1/2, turns_left:0
    [9,J]->fuel:5/5, load:0/2, actions_left_until_reproduction:2/2, turns_left:0
    [10,J]->fuel:4/5, load:0/2, actions_left_until_reproduction:1/2, turns_left:1
    [11,J]->fuel:5/5, load:0/2, actions_left_until_reproduction:2/2, turns_left:0
    [12,J]->fuel:4/5, load:0/2, actions_left_until_reproduction:1/2, turns_left:1
    [13,A]->turns_left:0
    [14,J]->fuel:5/5, load:0/2, actions_left_until_reproduction:2/2, turns_left:1
    [15,J]->fuel:5/5, load:0/2, actions_left_until_reproduction:1/2, turns_left:0
    [16,J]->fuel:5/5, load:0/2, actions_left_until_reproduction:1/2, turns_left:2
    [17,J]->fuel:4/5, load:0/2, actions_left_until_reproduction:1/2, turns_left:2
    [18,J]->fuel:5/5, load:0/2, actions_left_until_reproduction:2/2, turns_left:0
    [19,B]->fuel:3/3, actions_left_until_reproduction:1/1, turns_left:0
    [20,J]->fuel:5/5, load:0/2, actions_left_until_reproduction:2/2, turns_left:0
    [21,J]->fuel:4/5, load:0/2, actions_left_until_reproduction:1/2, turns_left:1
    [23,J]->fuel:4/5, load:0/2, actions_left_until_reproduction:1/2, turns_left:2
    [24,J]->fuel:4/5, load:0/2, actions_left_until_reproduction:1/2, turns_left:1
    [25,J]->fuel:5/5, load:0/2, actions_left_until_reproduction:2/2, turns_left:0
    [26,A]->turns_left:0
    [27,J]->fuel:5/5, load:0/2, actions_left_until_reproduction:2/2, turns_left:0
    [28,J]->fuel:4/5, load:0/2, actions_left_until_reproduction:1/2, turns_left:0
    [29,J]->fuel:4/5, load:1/2, actions_left_until_reproduction:1/2, turns_left:2
    [30,A]->turns_left:1
    [31,J]->fuel:5/5, load:0/2, actions_left_until_reproduction:2/2, turns_left:1
    [32,J]->fuel:5/5, load:0/2, actions_left_until_reproduction:2/2, turns_left:1
    [33,A]->turns_left:1
    [34,J]->fuel:5/5, load:0/2, actions_left_until_reproduction:2/2, turns_left:0
    [35,J]->fuel:5/5, load:0/2, actions_left_until_reproduction:2/2, turns_left:0
    [36,J]->fuel:5/5, load:0/2, actions_left_until_reproduction:2/2, turns_left:1
    [39,A]->turns_left:2
    [40,A]->turns_left:1
    [41,J]->fuel:5/5, load:0/2, actions_left_until_reproduction:2/2, turns_left:0
  Deaths This Turn:
    [37,A]->turns_left:N/A,
      Asteroid got imploded by janitaur (id: 8) at Sector:5:3
    [38,A]->turns_left:N/A,
      Asteroid got imploded by janitaur (id: 8) at Sector:5:3
    [22,A]->turns_left:N/A,
      Asteroid got imploded by janitaur (id: 29) at Sector:3:2
    (1:1)  (1:2)  (1:3)  (1:4)  (1:5)  
    JJJ-   JAJY   A---   J---   J*--   
    (2:1)  (2:2)  (2:3)  (2:4)  (2:5)  
    J---   J-AY   J---   JJ--   -J*J   
    (3:1)  (3:2)  (3:3)  (3:4)  (3:5)  
    BJJ-   -J--   O---   JAJW   -W--   
    (4:1)  (4:2)  (4:3)  (4:4)  (4:5)  
    -J--   A---   JJ--   JW--   A---   
    (5:1)  (5:2)  (5:3)  (5:4)  (5:5)  
    JJE-   JYJ-   --WJ   -YA-   AJ--   
->move(NW)
  state:3.0, mode:test, ok
  Explorer got destroyed by asteroid (id: 26) at Sector:4:5
  The game has ended. You can start a new game.
  Movement:
    [0,E]:[5,1,3]->[4,5,2]
    [1,J]:[1,1,2]->[5,2,4]
    [2,J]:[1,2,1]
      destroyed [3,A] at [1,2,2]
    [6,J]:[1,4,1]->[2,3,2]
    [8,J]:[5,3,4]->[1,2,2]
    [9,J]:[1,5,1]->[2,1,2]
    [11,J]:[2,2,1]->[2,3,3]
    [13,A]:[2,2,3]->[3,1,4]
      destroyed [19,B] at [3,1,1]
      destroyed [20,J] at [3,1,2]
      destroyed [23,J] at [3,1,3]
    [15,J]:[2,5,4]->[2,4,3]
    [18,J]:[2,5,2]->[2,4,4]
    [25,J]:[3,4,1]->[2,3,4]
    [26,A]:[3,4,2]->[4,5,3]
      destroyed [0,E] at [4,5,2]
    [27,J]:[3,4,3]
    [28,J]:[2,4,1]->[3,3,2]
    [34,J]:[5,1,1]->[4,5,2]
      destroyed [26,A] at [4,5,3]
      destroyed [33,A] at [4,5,1]
    [35,J]:[5,1,2]->[1,1,2]
    [41,J]:[5,5,2]->[4,5,1]
  Sectors:
    [1,1]->[10,J],[35,J],[12,J],-
    [1,2]->[2,J],[8,J],[4,J],[-8,Y]
    [1,3]->[39,A],-,-,-
    [1,4]->-,-,-,-
    [1,5]->-,[-11,*],-,-
    [2,1]->[17,J],[9,J],-,-
    [2,2]->-,-,-,[-6,Y]
    [2,3]->[14,J],[6,J],[11,J],[25,J]
    [2,4]->-,[16,J],[15,J],[18,J]
    [2,5]->-,-,[-4,*],-
    [3,1]->-,-,-,[13,A]
    [3,2]->-,[29,J],-,-
    [3,3]->[-1,O],-,-,-
    [3,4]->-,-,[27,J],[-3,W]
    [3,5]->-,[-7,W],-,-
    [4,1]->-,[21,J],-,-
    [4,2]->[30,A],-,-,-
    [4,3]->[31,J],[24,J],-,-
    [4,4]->[32,J],[-10,W],-,-
    [4,5]->[41,J],[34,J],-,-
    [5,1]->-,-,-,-
    [5,2]->[36,J],[-5,Y],[5,J],[1,J]
    [5,3]->-,-,[-2,W],-
    [5,4]->-,[-9,Y],[7,A],-
    [5,5]->[40,A],-,-,-
  Descriptions:
    [-11,*]->Luminosity:5
    [-10,W]->
    [-9,Y]->Luminosity:2
    [-8,Y]->Luminosity:2
    [-7,W]->
    [-6,Y]->Luminosity:2
    [-5,Y]->Luminosity:2
    [-4,*]->Luminosity:5
    [-3,W]->
    [-2,W]->
    [-1,O]->
    [1,J]->fuel:5/5, load:0/2, actions_left_until_reproduction:1/2, turns_left:0
    [2,J]->fuel:5/5, load:1/2, actions_left_until_reproduction:1/2, turns_left:1
    [4,J]->fuel:5/5, load:0/2, actions_left_until_reproduction:2/2, turns_left:0
    [5,J]->fuel:5/5, load:0/2, actions_left_until_reproduction:1/2, turns_left:1
    [6,J]->fuel:4/5, load:0/2, actions_left_until_reproduction:1/2, turns_left:1
    [7,A]->turns_left:1
    [8,J]->fuel:5/5, load:0/2, actions_left_until_reproduction:0/2, turns_left:1
    [9,J]->fuel:4/5, load:0/2, actions_left_until_reproduction:1/2, turns_left:1
    [10,J]->fuel:4/5, load:0/2, actions_left_until_reproduction:1/2, turns_left:0
    [11,J]->fuel:4/5, load:0/2, actions_left_until_reproduction:1/2, turns_left:2
    [12,J]->fuel:4/5, load:0/2, actions_left_until_reproduction:1/2, turns_left:0
    [13,A]->turns_left:1
    [14,J]->fuel:5/5, load:0/2, actions_left_until_reproduction:2/2, turns_left:0
    [15,J]->fuel:4/5, load:0/2, actions_left_until_reproduction:0/2, turns_left:0
    [16,J]->fuel:5/5, load:0/2, actions_left_until_reproduction:1/2, turns_left:1
    [17,J]->fuel:4/5, load:0/2, actions_left_until_reproduction:1/2, turns_left:1
    [18,J]->fuel:4/5, load:0/2, actions_left_until_reproduction:1/2, turns_left:2
    [21,J]->fuel:4/5, load:0/2, actions_left_until_reproduction:1/2, turns_left:0
    [24,J]->fuel:4/5, load:0/2, actions_left_until_reproduction:1/2, turns_left:0
    [25,J]->fuel:4/5, load:0/2, actions_left_until_reproduction:1/2, turns_left:0
    [27,J]->fuel:5/5, load:0/2, actions_left_until_reproduction:1/2, turns_left:2
    [29,J]->fuel:4/5, load:1/2, actions_left_until_reproduction:1/2, turns_left:1
    [30,A]->turns_left:0
    [31,J]->fuel:5/5, load:0/2, actions_left_until_reproduction:2/2, turns_left:0
    [32,J]->fuel:5/5, load:0/2, actions_left_until_reproduction:2/2, turns_left:0
    [34,J]->fuel:4/5, load:2/2, actions_left_until_reproduction:1/2, turns_left:2
    [35,J]->fuel:4/5, load:0/2, actions_left_until_reproduction:1/2, turns_left:2
    [36,J]->fuel:5/5, load:0/2, actions_left_until_reproduction:2/2, turns_left:0
    [39,A]->turns_left:1
    [40,A]->turns_left:0
    [41,J]->fuel:4/5, load:0/2, actions_left_until_reproduction:1/2, turns_left:0
  Deaths This Turn:
    [3,A]->turns_left:N/A,
      Asteroid got imploded by janitaur (id: 2) at Sector:1:2
    [19,B]->fuel:3/3, actions_left_until_reproduction:1/1, turns_left:N/A,
      Benign got destroyed by asteroid (id: 13) at Sector:3:1
    [20,J]->fuel:5/5, load:0/2, actions_left_until_reproduction:2/2, turns_left:N/A,
      Janitaur got destroyed by asteroid (id: 13) at Sector:3:1
    [23,J]->fuel:4/5, load:0/2, actions_left_until_reproduction:1/2, turns_left:N/A,
      Janitaur got destroyed by asteroid (id: 13) at Sector:3:1
    [0,E]->fuel:1/3, life:0/3, landed?:F,
      Explorer got destroyed by asteroid (id: 26) at Sector:4:5
    [28,J]->fuel:3/5, load:0/2, actions_left_until_reproduction:1/2, turns_left:N/A,
      Janitaur got devoured by blackhole (id: -1) at Sector:3:3
    [26,A]->turns_left:N/A,
      Asteroid got imploded by janitaur (id: 34) at Sector:4:5
    [33,A]->turns_left:N/A,
      Asteroid got imploded by janitaur (id: 34) at Sector:4:5
    (1:1)  (1:2)  (1:3)  (1:4)  (1:5)  
    JJJ-   JJJY   A---   ----   -*--   
    (2:1)  (2:2)  (2:3)  (2:4)  (2:5)  
    JJ--   ---Y   JJJJ   -JJJ   --*-   
    (3:1)  (3:2)  (3:3)  (3:4)  (3:5)  
    ---A   -J--   O---   --JW   -W--   
    (4:1)  (4:2)  (4:3)  (4:4)  (4:5)  
    -J--   A---   JJ--   JW--   JJ--   
    (5:1)  (5:2)  (5:3)  (5:4)  (5:5)  
    ----   JYJJ   --W-   -YA-   A---   
  Explorer got destroyed by asteroid (id: 26) at Sector:4:5
  The game has ended. You can start a new game.
->move(W)
  state:3.1, error
  Negative on that request:no mission in progress.
->move(N)
  state:3.2, error
  Negative on that request:no mission in progress.
->move(W)
  state:3.3, error
  Negative on that request:no mission in progress.
->move(N)
  state:3.4, error
  Negative on that request:no mission in progress.
->wormhole
  state:3.5, error
  Negative on that request:no mission in progress.
->move(NE)
  state:3.6, error
  Negative on that request:no mission in progress.
->move(SE)
  state:3.7, error
  Negative on that request:no mission in progress.
->move(NW)
  state:3.8, error
  Negative on that request:no mission in progress.
->move(SW)
  state:3.9, error
  Negative on that request:no mission in progress.
->move(E)
  state:3.10, error
  Negative on that request:no mission in progress.
->move(S)
  state:3.11, error
  Negative on that request:no mission in progress.
->move(SW)
  state:3.12, error
  Negative on that request:no mission in progress.
->pass
  state:3.13, error
  Negative on that request:no mission in progress.
->move(S)
  state:3.14, error
  Negative on that request:no mission in progress.
->land
  state:3.15, error
  Negative on that request:no mission in progress.
->move(SW)
  state:3.16, error
  Negative on that request:no mission in progress.
->abort
  state:3.17, error
  Negative on that request:no mission in progress.
->test(67,67,67,67,67)
  state:4.0, mode:test, ok
  Movement:none
  Sectors:
    [1,1]->[0,E],-,-,-
    [1,2]->[1,A],[-11,Y],-,-
    [1,3]->-,-,-,-
    [1,4]->[2,A],[3,A],-,-
    [1,5]->[4,A],[5,A],[-2,Y],-
    [2,1]->[6,A],-,-,-
    [2,2]->-,-,-,-
    [2,3]->[7,A],-,-,-
    [2,4]->-,-,-,-
    [2,5]->[8,A],[9,A],[10,A],-
    [3,1]->-,-,-,-
    [3,2]->[11,A],[12,A],-,-
    [3,3]->[-1,O],-,-,-
    [3,4]->[-5,*],-,-,-
    [3,5]->[13,A],-,-,-
    [4,1]->[14,A],[15,A],[-7,*],-
    [4,2]->[16,A],[17,A],[-8,W],-
    [4,3]->[18,A],[-3,Y],-,-
    [4,4]->[19,A],[20,A],[21,A],-
    [4,5]->[22,A],[-4,Y],-,-
    [5,1]->[23,A],[-6,W],-,-
    [5,2]->[24,A],-,-,-
    [5,3]->[25,A],[-10,*],-,-
    [5,4]->[26,A],[27,A],[28,A],-
    [5,5]->[29,A],[-9,Y],-,-
  Descriptions:
    [-11,Y]->Luminosity:2
    [-10,*]->Luminosity:5
    [-9,Y]->Luminosity:2
    [-8,W]->
    [-7,*]->Luminosity:5
    [-6,W]->
    [-5,*]->Luminosity:5
    [-4,Y]->Luminosity:2
    [-3,Y]->Luminosity:2
    [-2,Y]->Luminosity:2
    [-1,O]->
    [0,E]->fuel:3/3, life:3/3, landed?:F
    [1,A]->turns_left:0
    [2,A]->turns_left:0
    [3,A]->turns_left:2
    [4,A]->turns_left:2
    [5,A]->turns_left:2
    [6,A]->turns_left:0
    [7,A]->turns_left:1
    [8,A]->turns_left:1
    [9,A]->turns_left:2
    [10,A]->turns_left:0
    [11,A]->turns_left:0
    [12,A]->turns_left:0
    [13,A]->turns_left:0
    [14,A]->turns_left:2
    [15,A]->turns_left:1
    [16,A]->turns_left:2
    [17,A]->turns_left:1
    [18,A]->turns_left:2
    [19,A]->turns_left:1
    [20,A]->turns_left:2
    [21,A]->turns_left:0
    [22,A]->turns_left:2
    [23,A]->turns_left:2
    [24,A]->turns_left:1
    [25,A]->turns_left:0
    [26,A]->turns_left:0
    [27,A]->turns_left:1
    [28,A]->turns_left:1
    [29,A]->turns_left:0
  Deaths This Turn:none
    (1:1)  (1:2)  (1:3)  (1:4)  (1:5)  
    E---   AY--   ----   AA--   AAY-   
    (2:1)  (2:2)  (2:3)  (2:4)  (2:5)  
    A---   ----   A---   ----   AAA-   
    (3:1)  (3:2)  (3:3)  (3:4)  (3:5)  
    ----   AA--   O---   *---   A---   
    (4:1)  (4:2)  (4:3)  (4:4)  (4:5)  
    AA*-   AAW-   AY--   AAA-   AY--   
    (5:1)  (5:2)  (5:3)  (5:4)  (5:5)  
    AW--   A---   A*--   AAA-   AY--   
->test(59,62,62,65,65)
  state:4.1, mode:test, error
  To start a new mission, please abort the current one first.
->move(NW)
  state:5.0, mode:test, ok
  Movement:
    [0,E]:[1,1,1]->[5,5,3]
    [1,A]:[1,2,1]->[2,2,1]
    [2,A]:[1,4,1]->[1,5,4]
    [6,A]:[2,1,1]->[3,1,1]
    [10,A]:[2,5,3]->[2,4,1]
    [11,A]:[3,2,1]->[4,1,4]
    [12,A]:[3,2,2]
    [13,A]:[3,5,1]->[4,4,4]
    [21,A]:[4,4,3]->[3,3,2]
    [25,A]:[5,3,1]->[4,2,4]
    [26,A]:[5,4,1]->[4,5,3]
    [29,A]:[5,5,1]->[5,1,3]
  Sectors:
    [1,1]->-,-,-,-
    [1,2]->-,[-11,Y],-,-
    [1,3]->-,-,-,-
    [1,4]->-,[3,A],-,-
    [1,5]->[4,A],[5,A],[-2,Y],[2,A]
    [2,1]->-,-,-,-
    [2,2]->[1,A],-,-,-
    [2,3]->[7,A],-,-,-
    [2,4]->[10,A],-,-,-
    [2,5]->[8,A],[9,A],-,-
    [3,1]->[6,A],-,-,-
    [3,2]->-,[12,A],-,-
    [3,3]->[-1,O],-,-,-
    [3,4]->[-5,*],-,-,-
    [3,5]->-,-,-,-
    [4,1]->[14,A],[15,A],[-7,*],[11,A]
    [4,2]->[16,A],[17,A],[-8,W],[25,A]
    [4,3]->[18,A],[-3,Y],-,-
    [4,4]->[19,A],[20,A],-,[13,A]
    [4,5]->[22,A],[-4,Y],[26,A],-
    [5,1]->[23,A],[-6,W],[29,A],-
    [5,2]->[24,A],-,-,-
    [5,3]->-,[-10,*],-,-
    [5,4]->-,[27,A],[28,A],-
    [5,5]->-,[-9,Y],[0,E],-
  Descriptions:
    [-11,Y]->Luminosity:2
    [-10,*]->Luminosity:5
    [-9,Y]->Luminosity:2
    [-8,W]->
    [-7,*]->Luminosity:5
    [-6,W]->
    [-5,*]->Luminosity:5
    [-4,Y]->Luminosity:2
    [-3,Y]->Luminosity:2
    [-2,Y]->Luminosity:2
    [-1,O]->
    [0,E]->fuel:3/3, life:3/3, landed?:F
    [1,A]->turns_left:1
    [2,A]->turns_left:2
    [3,A]->turns_left:1
    [4,A]->turns_left:1
    [5,A]->turns_left:1
    [6,A]->turns_left:2
    [7,A]->turns_left:0
    [8,A]->turns_left:0
    [9,A]->turns_left:1
    [10,A]->turns_left:0
    [11,A]->turns_left:0
    [12,A]->turns_left:2
    [13,A]->turns_left:1
    [14,A]->turns_left:1
    [15,A]->turns_left:0
    [16,A]->turns_left:1
    [17,A]->turns_left:0
    [18,A]->turns_left:1
    [19,A]->turns_left:0
    [20,A]->turns_left:1
    [22,A]->turns_left:1
    [23,A]->turns_left:1
    [24,A]->turns_left:0
    [25,A]->turns_left:0
    [26,A]->turns_left:2
    [27,A]->turns_left:0
    [28,A]->turns_left:0
    [29,A]->turns_left:1
  Deaths This Turn:
    [21,A]->turns_left:N/A,
      Asteroid got devoured by blackhole (id: -1) at Sector:3:3
    (1:1)  (1:2)  (1:3)  (1:4)  (1:5)  
    ----   -Y--   ----   -A--   AAYA   
    (2:1)  (2:2)  (2:3)  (2:4)  (2:5)  
    ----   A---   A---   A---   AA--   
    (3:1)  (3:2)  (3:3)  (3:4)  (3:5)  
    A---   -A--   O---   *---   ----   
    (4:1)  (4:2)  (4:3)  (4:4)  (4:5)  
    AA*A   AAWA   AY--   AA-A   AYA-   
    (5:1)  (5:2)  (5:3)  (5:4)  (5:5)  
    AWA-   A---   -*--   -AA-   -YE-   
->move(SE)
  state:6.0, mode:test, ok
  Movement:
    [0,E]:[5,5,3]->[1,1,1]
    [7,A]:[2,3,1]->[3,2,1]
    [8,A]:[2,5,1]->[2,4,2]
    [10,A]:[2,4,1]->[2,3,1]
    [11,A]:[4,1,4]->[5,5,1]
    [15,A]:[4,1,2]->[5,2,2]
    [17,A]:[4,2,2]->[4,1,2]
    [19,A]:[4,4,1]->[3,3,2]
    [24,A]:[5,2,1]->[4,2,2]
    [25,A]:[4,2,4]->[5,1,4]
    [27,A]:[5,4,2]->[1,4,1]
    [28,A]:[5,4,3]->[4,4,1]
  Sectors:
    [1,1]->[0,E],-,-,-
    [1,2]->-,[-11,Y],-,-
    [1,3]->-,-,-,-
    [1,4]->[27,A],[3,A],-,-
    [1,5]->[4,A],[5,A],[-2,Y],[2,A]
    [2,1]->-,-,-,-
    [2,2]->[1,A],-,-,-
    [2,3]->[10,A],-,-,-
    [2,4]->-,[8,A],-,-
    [2,5]->-,[9,A],-,-
    [3,1]->[6,A],-,-,-
    [3,2]->[7,A],[12,A],-,-
    [3,3]->[-1,O],-,-,-
    [3,4]->[-5,*],-,-,-
    [3,5]->-,-,-,-
    [4,1]->[14,A],[17,A],[-7,*],-
    [4,2]->[16,A],[24,A],[-8,W],-
    [4,3]->[18,A],[-3,Y],-,-
    [4,4]->[28,A],[20,A],-,[13,A]
    [4,5]->[22,A],[-4,Y],[26,A],-
    [5,1]->[23,A],[-6,W],[29,A],[25,A]
    [5,2]->-,[15,A],-,-
    [5,3]->-,[-10,*],-,-
    [5,4]->-,-,-,-
    [5,5]->[11,A],[-9,Y],-,-
  Descriptions:
    [-11,Y]->Luminosity:2
    [-10,*]->Luminosity:5
    [-9,Y]->Luminosity:2
    [-8,W]->
    [-7,*]->Luminosity:5
    [-6,W]->
    [-5,*]->Luminosity:5
    [-4,Y]->Luminosity:2
    [-3,Y]->Luminosity:2
    [-2,Y]->Luminosity:2
    [-1,O]->
    [0,E]->fuel:2/3, life:3/3, landed?:F
    [1,A]->turns_left:0
    [2,A]->turns_left:1
    [3,A]->turns_left:0
    [4,A]->turns_left:0
    [5,A]->turns_left:0
    [6,A]->turns_left:1
    [7,A]->turns_left:0
    [8,A]->turns_left:1
    [9,A]->turns_left:0
    [10,A]->turns_left:1
    [11,A]->turns_left:0
    [12,A]->turns_left:1
    [13,A]->turns_left:0
    [14,A]->turns_left:0
    [15,A]->turns_left:0
    [16,A]->turns_left:0
    [17,A]->turns_left:0
    [18,A]->turns_left:0
    [20,A]->turns_left:0
    [22,A]->turns_left:0
    [23,A]->turns_left:0
    [24,A]->turns_left:0
    [25,A]->turns_left:1
    [26,A]->turns_left:1
    [27,A]->turns_left:2
    [28,A]->turns_left:1
    [29,A]->turns_left:0
  Deaths This Turn:
    [19,A]->turns_left:N/A,
      Asteroid got devoured by blackhole (id: -1) at Sector:3:3
    (1:1)  (1:2)  (1:3)  (1:4)  (1:5)  
    E---   -Y--   ----   AA--   AAYA   
    (2:1)  (2:2)  (2:3)  (2:4)  (2:5)  
    ----   A---   A---   -A--   -A--   
    (3:1)  (3:2)  (3:3)  (3:4)  (3:5)  
    A---   AA--   O---   *---   ----   
    (4:1)  (4:2)  (4:3)  (4:4)  (4:5)  
    AA*-   AAW-   AY--   AA-A   AYA-   
    (5:1)  (5:2)  (5:3)  (5:4)  (5:5)  
    AWAA   -A--   -*--   ----   AY--   
->test(45,69,98,98,98)
  state:6.1, mode:test, error
  To start a new mission, please abort the current one first.
->abort
  state:6.2, ok
  Mission aborted. Try test(3,5,7,15,30)
->wormhole
  state:6.3, error
  Negative on that request:no mission in progress.
->land
  state:6.4, error
  Negative on that request:no mission in progress.
->abort
  state:6.5, error
  Negative on that request:no mission in progress.
->move(S)
  state:6.6, error
  Negative on that request:no mission in progress.
->land
  state:6.7, error
  Negative on that request:no mission in progress.
->move(SW)
  state:6.8, error
  Negative on that request:no mission in progress.
->pass
  state:6.9, error
  Negative on that request:no mission in progress.
