  state:0.0, ok
  Welcome! Try test(3,5,7,15,30)
->move(S)
  state:0.1, error
  Negative on that request:no mission in progress.
->move(SW)
  state:0.2, error
  Negative on that request:no mission in progress.
->move(SW)
  state:0.3, error
  Negative on that request:no mission in progress.
->move(E)
  state:0.4, error
  Negative on that request:no mission in progress.
->move(N)
  state:0.5, error
  Negative on that request:no mission in progress.
->move(N)
  state:0.6, error
  Negative on that request:no mission in progress.
->move(NE)
  state:0.7, error
  Negative on that request:no mission in progress.
->wormhole
  state:0.8, error
  Negative on that request:no mission in progress.
->move(SW)
  state:0.9, error
  Negative on that request:no mission in progress.
->wormhole
  state:0.10, error
  Negative on that request:no mission in progress.
->move(W)
  state:0.11, error
  Negative on that request:no mission in progress.
->move(NW)
  state:0.12, error
  Negative on that request:no mission in progress.
->move(NW)
  state:0.13, error
  Negative on that request:no mission in progress.
->pass
  state:0.14, error
  Negative on that request:no mission in progress.
->move(W)
  state:0.15, error
  Negative on that request:no mission in progress.
->move(S)
  state:0.16, error
  Negative on that request:no mission in progress.
->move(NE)
  state:0.17, error
  Negative on that request:no mission in progress.
->move(N)
  state:0.18, error
  Negative on that request:no mission in progress.
->move(N)
  state:0.19, error
  Negative on that request:no mission in progress.
->move(NE)
  state:0.20, error
  Negative on that request:no mission in progress.
->move(W)
  state:0.21, error
  Negative on that request:no mission in progress.
->move(W)
  state:0.22, error
  Negative on that request:no mission in progress.
->move(SE)
  state:0.23, error
  Negative on that request:no mission in progress.
->test(24,59,72,72,80)
  state:1.0, mode:test, ok
  Movement:none
  Sectors:
    [1,1]->[0,E],[1,J],-,-
    [1,2]->[2,J],[3,J],[-8,Y],-
    [1,3]->[4,J],[5,J],-,-
    [1,4]->[6,A],-,-,-
    [1,5]->[7,P],[-11,*],-,-
    [2,1]->[8,M],[9,A],-,-
    [2,2]->[10,A],[-6,Y],-,-
    [2,3]->[11,A],-,-,-
    [2,4]->-,-,-,-
    [2,5]->[12,J],[13,J],[14,M],[-4,*]
    [3,1]->[15,J],[16,J],-,-
    [3,2]->[17,P],[18,J],-,-
    [3,3]->[-1,O],-,-,-
    [3,4]->[19,A],[20,M],[21,J],[-3,W]
    [3,5]->[22,M],[23,A],[24,J],[-7,W]
    [4,1]->[25,J],-,-,-
    [4,2]->-,-,-,-
    [4,3]->[26,M],-,-,-
    [4,4]->[27,J],[28,A],[-10,W],-
    [4,5]->[29,J],-,-,-
    [5,1]->[30,J],[31,J],-,-
    [5,2]->[32,J],[-5,Y],-,-
    [5,3]->[33,A],[34,J],[-2,W],-
    [5,4]->[35,A],[-9,Y],-,-
    [5,5]->[36,A],[37,M],-,-
  Descriptions:
    [-11,*]->Luminosity:5
    [-10,W]->
    [-9,Y]->Luminosity:2
    [-8,Y]->Luminosity:2
    [-7,W]->
    [-6,Y]->Luminosity:2
    [-5,Y]->Luminosity:2
    [-4,*]->Luminosity:5
    [-3,W]->
    [-2,W]->
    [-1,O]->
    [0,E]->fuel:3/3, life:3/3, landed?:F
    [1,J]->fuel:5/5, load:0/2, actions_left_until_reproduction:2/2, turns_left:1
    [2,J]->fuel:5/5, load:0/2, actions_left_until_reproduction:2/2, turns_left:0
    [3,J]->fuel:5/5, load:0/2, actions_left_until_reproduction:2/2, turns_left:1
    [4,J]->fuel:5/5, load:0/2, actions_left_until_reproduction:2/2, turns_left:0
    [5,J]->fuel:5/5, load:0/2, actions_left_until_reproduction:2/2, turns_left:0
    [6,A]->turns_left:0
    [7,P]->attached?:F, support_life?:F, visited?:F, turns_left:0
    [8,M]->fuel:3/3, actions_left_until_reproduction:1/1, turns_left:1
    [9,A]->turns_left:2
    [10,A]->turns_left:2
    [11,A]->turns_left:1
    [12,J]->fuel:5/5, load:0/2, actions_left_until_reproduction:2/2, turns_left:1
    [13,J]->fuel:5/5, load:0/2, actions_left_until_reproduction:2/2, turns_left:2
    [14,M]->fuel:3/3, actions_left_until_reproduction:1/1, turns_left:1
    [15,J]->fuel:5/5, load:0/2, actions_left_until_reproduction:2/2, turns_left:2
    [16,J]->fuel:5/5, load:0/2, actions_left_until_reproduction:2/2, turns_left:2
    [17,P]->attached?:F, support_life?:F, visited?:F, turns_left:1
    [18,J]->fuel:5/5, load:0/2, actions_left_until_reproduction:2/2, turns_left:0
    [19,A]->turns_left:1
    [20,M]->fuel:3/3, actions_left_until_reproduction:1/1, turns_left:0
    [21,J]->fuel:5/5, load:0/2, actions_left_until_reproduction:2/2, turns_left:0
    [22,M]->fuel:3/3, actions_left_until_reproduction:1/1, turns_left:1
    [23,A]->turns_left:1
    [24,J]->fuel:5/5, load:0/2, actions_left_until_reproduction:2/2, turns_left:1
    [25,J]->fuel:5/5, load:0/2, actions_left_until_reproduction:2/2, turns_left:0
    [26,M]->fuel:3/3, actions_left_until_reproduction:1/1, turns_left:1
    [27,J]->fuel:5/5, load:0/2, actions_left_until_reproduction:2/2, turns_left:0
    [28,A]->turns_left:0
    [29,J]->fuel:5/5, load:0/2, actions_left_until_reproduction:2/2, turns_left:2
    [30,J]->fuel:5/5, load:0/2, actions_left_until_reproduction:2/2, turns_left:1
    [31,J]->fuel:5/5, load:0/2, actions_left_until_reproduction:2/2, turns_left:1
    [32,J]->fuel:5/5, load:0/2, actions_left_until_reproduction:2/2, turns_left:2
    [33,A]->turns_left:2
    [34,J]->fuel:5/5, load:0/2, actions_left_until_reproduction:2/2, turns_left:2
    [35,A]->turns_left:0
    [36,A]->turns_left:2
    [37,M]->fuel:3/3, actions_left_until_reproduction:1/1, turns_left:1
  Deaths This Turn:none
    (1:1)  (1:2)  (1:3)  (1:4)  (1:5)  
    EJ--   JJY-   JJ--   A---   P*--   
    (2:1)  (2:2)  (2:3)  (2:4)  (2:5)  
    MA--   AY--   A---   ----   JJM*   
    (3:1)  (3:2)  (3:3)  (3:4)  (3:5)  
    JJ--   PJ--   O---   AMJW   MAJW   
    (4:1)  (4:2)  (4:3)  (4:4)  (4:5)  
    J---   ----   M---   JAW-   J---   
    (5:1)  (5:2)  (5:3)  (5:4)  (5:5)  
    JJ--   JY--   AJW-   AY--   AM--   
->land
  state:1.1, mode:test, error
  Negative on that request:no yellow dwarf at Sector:1:1
->move(N)
  state:2.0, mode:test, ok
  Movement:
    [0,E]:[1,1,1]->[5,1,3]
    [2,J]:[1,2,1]->[5,1,4]
    [4,J]:[1,3,1]->[5,3,4]
      destroyed [33,A] at [5,3,1]
    [5,J]:[1,3,2]->[5,2,3]
    [6,A]:[1,4,1]->[5,4,3]
    [18,J]:[3,2,2]->[2,1,3]
      destroyed [9,A] at [2,1,2]
    [20,M]:[3,4,2]->[4,3,2]
    [21,J]:[3,4,3]->[4,5,2]
    [25,J]:[4,1,1]->[5,2,4]
    [27,J]:[4,4,1]->[4,5,3]
    [28,A]:[4,4,2]
    [35,A]:[5,4,1]->[4,3,3]
      destroyed [20,M] at [4,3,2]
      destroyed [26,M] at [4,3,1]
  Sectors:
    [1,1]->-,[1,J],-,-
    [1,2]->-,[3,J],[-8,Y],-
    [1,3]->-,-,-,-
    [1,4]->-,-,-,-
    [1,5]->[7,P],[-11,*],-,-
    [2,1]->[8,M],-,[18,J],-
    [2,2]->[10,A],[-6,Y],-,-
    [2,3]->[11,A],-,-,-
    [2,4]->-,-,-,-
    [2,5]->[12,J],[13,J],[14,M],[-4,*]
    [3,1]->[15,J],[16,J],-,-
    [3,2]->[17,P],-,-,-
    [3,3]->[-1,O],-,-,-
    [3,4]->[19,A],-,-,[-3,W]
    [3,5]->[22,M],[23,A],[24,J],[-7,W]
    [4,1]->-,-,-,-
    [4,2]->-,-,-,-
    [4,3]->-,-,[35,A],-
    [4,4]->-,[28,A],[-10,W],-
    [4,5]->[29,J],[21,J],[27,J],-
    [5,1]->[30,J],[31,J],[0,E],[2,J]
    [5,2]->[32,J],[-5,Y],[5,J],[25,J]
    [5,3]->-,[34,J],[-2,W],[4,J]
    [5,4]->-,[-9,Y],[6,A],-
    [5,5]->[36,A],[37,M],-,-
  Descriptions:
    [-11,*]->Luminosity:5
    [-10,W]->
    [-9,Y]->Luminosity:2
    [-8,Y]->Luminosity:2
    [-7,W]->
    [-6,Y]->Luminosity:2
    [-5,Y]->Luminosity:2
    [-4,*]->Luminosity:5
    [-3,W]->
    [-2,W]->
    [-1,O]->
    [0,E]->fuel:2/3, life:3/3, landed?:F
    [1,J]->fuel:5/5, load:0/2, actions_left_until_reproduction:2/2, turns_left:0
    [2,J]->fuel:4/5, load:0/2, actions_left_until_reproduction:1/2, turns_left:2
    [3,J]->fuel:5/5, load:0/2, actions_left_until_reproduction:2/2, turns_left:0
    [4,J]->fuel:4/5, load:0/2, actions_left_until_reproduction:1/2, turns_left:2
    [5,J]->fuel:5/5, load:0/2, actions_left_until_reproduction:1/2, turns_left:0
    [6,A]->turns_left:1
    [7,P]->attached?:T, support_life?:F, visited?:F, turns_left:N/A
    [8,M]->fuel:3/3, actions_left_until_reproduction:1/1, turns_left:0
    [10,A]->turns_left:1
    [11,A]->turns_left:0
    [12,J]->fuel:5/5, load:0/2, actions_left_until_reproduction:2/2, turns_left:0
    [13,J]->fuel:5/5, load:0/2, actions_left_until_reproduction:2/2, turns_left:1
    [14,M]->fuel:3/3, actions_left_until_reproduction:1/1, turns_left:0
    [15,J]->fuel:5/5, load:0/2, actions_left_until_reproduction:2/2, turns_left:1
    [16,J]->fuel:5/5, load:0/2, actions_left_until_reproduction:2/2, turns_left:1
    [17,P]->attached?:F, support_life?:F, visited?:F, turns_left:0
    [18,J]->fuel:4/5, load:1/2, actions_left_until_reproduction:1/2, turns_left:1
    [19,A]->turns_left:0
    [21,J]->fuel:4/5, load:0/2, actions_left_until_reproduction:1/2, turns_left:1
    [22,M]->fuel:3/3, actions_left_until_reproduction:1/1, turns_left:0
    [23,A]->turns_left:0
    [24,J]->fuel:5/5, load:0/2, actions_left_until_reproduction:2/2, turns_left:0
    [25,J]->fuel:5/5, load:0/2, actions_left_until_reproduction:1/2, turns_left:1
    [27,J]->fuel:4/5, load:0/2, actions_left_until_reproduction:1/2, turns_left:1
    [28,A]->turns_left:2
    [29,J]->fuel:5/5, load:0/2, actions_left_until_reproduction:2/2, turns_left:1
    [30,J]->fuel:5/5, load:0/2, actions_left_until_reproduction:2/2, turns_left:0
    [31,J]->fuel:5/5, load:0/2, actions_left_until_reproduction:2/2, turns_left:0
    [32,J]->fuel:5/5, load:0/2, actions_left_until_reproduction:2/2, turns_left:1
    [34,J]->fuel:5/5, load:0/2, actions_left_until_reproduction:2/2, turns_left:1
    [35,A]->turns_left:2
    [36,A]->turns_left:1
    [37,M]->fuel:3/3, actions_left_until_reproduction:1/1, turns_left:0
  Deaths This Turn:
    [33,A]->turns_left:N/A,
      Asteroid got imploded by janitaur (id: 4) at Sector:5:3
    [9,A]->turns_left:N/A,
      Asteroid got imploded by janitaur (id: 18) at Sector:2:1
    [20,M]->fuel:3/3, actions_left_until_reproduction:0/1, turns_left:N/A,
      Malevolent got destroyed by asteroid (id: 35) at Sector:4:3
    [26,M]->fuel:3/3, actions_left_until_reproduction:1/1, turns_left:N/A,
      Malevolent got destroyed by asteroid (id: 35) at Sector:4:3
    (1:1)  (1:2)  (1:3)  (1:4)  (1:5)  
    -J--   -JY-   ----   ----   P*--   
    (2:1)  (2:2)  (2:3)  (2:4)  (2:5)  
    M-J-   AY--   A---   ----   JJM*   
    (3:1)  (3:2)  (3:3)  (3:4)  (3:5)  
    JJ--   P---   O---   A--W   MAJW   
    (4:1)  (4:2)  (4:3)  (4:4)  (4:5)  
    ----   ----   --A-   -AW-   JJJ-   
    (5:1)  (5:2)  (5:3)  (5:4)  (5:5)  
    JJEJ   JYJJ   -JWJ   -YA-   AM--   
->pass
  state:3.0, mode:test, ok
  Movement:
    [1,J]:[1,1,2]->[2,1,2]
    [3,J]:[1,2,2]->[1,1,1]
    [5,J]:[5,2,3]
    [8,M]:[2,1,1]->[1,5,3]
    [11,A]:[2,3,1]->[3,4,2]
    [12,J]:[2,5,1]
    [14,M]:[2,5,3]->[2,4,1]
    [17,P]:[3,2,1]->[2,2,3]
    [19,A]:[3,4,1]->[3,3,2]
    [22,M]:[3,5,1]->[5,4,1]
    [23,A]:[3,5,2]->[4,4,1]
    [24,J]:[3,5,3]->[2,5,3]
    [30,J]:[5,1,1]->[4,1,1]
    [31,J]:[5,1,2]->[1,1,2]
    [37,M]:[5,5,2]->[4,5,4]
  Sectors:
    [1,1]->[3,J],[31,J],-,-
    [1,2]->-,-,[-8,Y],-
    [1,3]->-,-,-,-
    [1,4]->-,-,-,-
    [1,5]->[7,P],[-11,*],[8,M],-
    [2,1]->-,[1,J],[18,J],-
    [2,2]->[10,A],[-6,Y],[17,P],-
    [2,3]->-,-,-,-
    [2,4]->[14,M],-,-,-
    [2,5]->[12,J],[13,J],[24,J],[-4,*]
    [3,1]->[15,J],[16,J],-,-
    [3,2]->-,-,-,-
    [3,3]->[-1,O],-,-,-
    [3,4]->-,[11,A],-,[-3,W]
    [3,5]->-,-,-,[-7,W]
    [4,1]->[30,J],-,-,-
    [4,2]->-,-,-,-
    [4,3]->-,-,[35,A],-
    [4,4]->[23,A],[28,A],[-10,W],-
    [4,5]->[29,J],[21,J],[27,J],[37,M]
    [5,1]->-,-,[0,E],[2,J]
    [5,2]->[32,J],[-5,Y],[5,J],[25,J]
    [5,3]->-,[34,J],[-2,W],[4,J]
    [5,4]->[22,M],[-9,Y],[6,A],-
    [5,5]->[36,A],-,-,-
  Descriptions:
    [-11,*]->Luminosity:5
    [-10,W]->
    [-9,Y]->Luminosity:2
    [-8,Y]->Luminosity:2
    [-7,W]->
    [-6,Y]->Luminosity:2
    [-5,Y]->Luminosity:2
    [-4,*]->Luminosity:5
    [-3,W]->
    [-2,W]->
    [-1,O]->
    [0,E]->fuel:2/3, life:3/3, landed?:F
    [1,J]->fuel:4/5, load:0/2, actions_left_until_reproduction:1/2, turns_left:0
    [2,J]->fuel:4/5, load:0/2, actions_left_until_reproduction:1/2, turns_left:1
    [3,J]->fuel:4/5, load:0/2, actions_left_until_reproduction:1/2, turns_left:1
    [4,J]->fuel:4/5, load:0/2, actions_left_until_reproduction:1/2, turns_left:1
    [5,J]->fuel:5/5, load:0/2, actions_left_until_reproduction:0/2, turns_left:2
    [6,A]->turns_left:0
    [7,P]->attached?:T, support_life?:F, visited?:F, turns_left:N/A
    [8,M]->fuel:3/3, actions_left_until_reproduction:0/1, turns_left:2
    [10,A]->turns_left:0
    [11,A]->turns_left:2
    [12,J]->fuel:5/5, load:0/2, actions_left_until_reproduction:1/2, turns_left:2
    [13,J]->fuel:5/5, load:0/2, actions_left_until_reproduction:2/2, turns_left:0
    [14,M]->fuel:2/3, actions_left_until_reproduction:0/1, turns_left:1
    [15,J]->fuel:5/5, load:0/2, actions_left_until_reproduction:2/2, turns_left:0
    [16,J]->fuel:5/5, load:0/2, actions_left_until_reproduction:2/2, turns_left:0
    [17,P]->attached?:T, support_life?:F, visited?:F, turns_left:N/A
    [18,J]->fuel:4/5, load:1/2, actions_left_until_reproduction:1/2, turns_left:0
    [21,J]->fuel:4/5, load:0/2, actions_left_until_reproduction:1/2, turns_left:0
    [22,M]->fuel:3/3, actions_left_until_reproduction:0/1, turns_left:1
    [23,A]->turns_left:0
    [24,J]->fuel:5/5, load:0/2, actions_left_until_reproduction:1/2, turns_left:1
    [25,J]->fuel:5/5, load:0/2, actions_left_until_reproduction:1/2, turns_left:0
    [27,J]->fuel:4/5, load:0/2, actions_left_until_reproduction:1/2, turns_left:0
    [28,A]->turns_left:1
    [29,J]->fuel:5/5, load:0/2, actions_left_until_reproduction:2/2, turns_left:0
    [30,J]->fuel:4/5, load:0/2, actions_left_until_reproduction:1/2, turns_left:0
    [31,J]->fuel:4/5, load:0/2, actions_left_until_reproduction:1/2, turns_left:1
    [32,J]->fuel:5/5, load:0/2, actions_left_until_reproduction:2/2, turns_left:0
    [34,J]->fuel:5/5, load:0/2, actions_left_until_reproduction:2/2, turns_left:0
    [35,A]->turns_left:1
    [36,A]->turns_left:0
    [37,M]->fuel:2/3, actions_left_until_reproduction:0/1, turns_left:1
  Deaths This Turn:
    [19,A]->turns_left:N/A,
      Asteroid got devoured by blackhole (id: -1) at Sector:3:3
    (1:1)  (1:2)  (1:3)  (1:4)  (1:5)  
    JJ--   --Y-   ----   ----   P*M-   
    (2:1)  (2:2)  (2:3)  (2:4)  (2:5)  
    -JJ-   AYP-   ----   M---   JJJ*   
    (3:1)  (3:2)  (3:3)  (3:4)  (3:5)  
    JJ--   ----   O---   -A-W   ---W   
    (4:1)  (4:2)  (4:3)  (4:4)  (4:5)  
    J---   ----   --A-   AAW-   JJJM   
    (5:1)  (5:2)  (5:3)  (5:4)  (5:5)  
    --EJ   JYJJ   -JWJ   MYA-   A---   
->move(S)
  state:4.0, mode:test, ok
  Explorer got destroyed by asteroid (id: 36) at Sector:1:1
  The game has ended. You can start a new game.
  Movement:
    [0,E]:[5,1,3]->[1,1,3]
    [1,J]:[2,1,2]->[1,5,4]
    [6,A]:[5,4,3]->[1,4,1]
    [10,A]:[2,2,1]->[1,2,1]
    [13,J]:[2,5,2]->[2,4,2]
    [15,J]:[3,1,1]->[2,5,2]
    [16,J]:[3,1,2]->[2,2,1]
    [18,J]:[2,1,3]->[3,2,1]
    [21,J]:[4,5,2]->[3,5,1]
    [23,A]:[4,4,1]->[4,3,1]
    [25,J]:[5,2,4]->[4,2,1]
    [27,J]:[4,5,3]->[3,4,1]
      destroyed [11,A] at [3,4,2]
    [29,J]:[4,5,1]->[3,1,1]
    [30,J]:[4,1,1]->[5,1,1]
    [32,J]:[5,2,1]->[5,1,2]
    [34,J]:[5,3,2]->[4,3,2]
      destroyed [23,A] at [4,3,1]
      destroyed [35,A] at [4,3,3]
    [36,A]:[5,5,1]->[1,1,4]
      destroyed [0,E] at [1,1,3]
      destroyed [3,J] at [1,1,1]
      destroyed [31,J] at [1,1,2]
  Sectors:
    [1,1]->-,-,-,[36,A]
    [1,2]->[10,A],-,[-8,Y],-
    [1,3]->-,-,-,-
    [1,4]->[6,A],-,-,-
    [1,5]->[7,P],[-11,*],[8,M],[1,J]
    [2,1]->-,-,-,-
    [2,2]->[16,J],[-6,Y],[17,P],-
    [2,3]->-,-,-,-
    [2,4]->[14,M],[13,J],-,-
    [2,5]->[12,J],[15,J],[24,J],[-4,*]
    [3,1]->[29,J],-,-,-
    [3,2]->[18,J],-,-,-
    [3,3]->[-1,O],-,-,-
    [3,4]->[27,J],-,-,[-3,W]
    [3,5]->[21,J],-,-,[-7,W]
    [4,1]->-,-,-,-
    [4,2]->[25,J],-,-,-
    [4,3]->-,[34,J],-,-
    [4,4]->-,[28,A],[-10,W],-
    [4,5]->-,-,-,[37,M]
    [5,1]->[30,J],[32,J],-,[2,J]
    [5,2]->-,[-5,Y],[5,J],-
    [5,3]->-,-,[-2,W],[4,J]
    [5,4]->[22,M],[-9,Y],-,-
    [5,5]->-,-,-,-
  Descriptions:
    [-11,*]->Luminosity:5
    [-10,W]->
    [-9,Y]->Luminosity:2
    [-8,Y]->Luminosity:2
    [-7,W]->
    [-6,Y]->Luminosity:2
    [-5,Y]->Luminosity:2
    [-4,*]->Luminosity:5
    [-3,W]->
    [-2,W]->
    [-1,O]->
    [1,J]->fuel:5/5, load:0/2, actions_left_until_reproduction:0/2, turns_left:2
    [2,J]->fuel:4/5, load:0/2, actions_left_until_reproduction:1/2, turns_left:0
    [4,J]->fuel:4/5, load:0/2, actions_left_until_reproduction:1/2, turns_left:0
    [5,J]->fuel:5/5, load:0/2, actions_left_until_reproduction:0/2, turns_left:1
    [6,A]->turns_left:2
    [7,P]->attached?:T, support_life?:F, visited?:F, turns_left:N/A
    [8,M]->fuel:3/3, actions_left_until_reproduction:0/1, turns_left:1
    [10,A]->turns_left:0
    [12,J]->fuel:5/5, load:0/2, actions_left_until_reproduction:1/2, turns_left:1
    [13,J]->fuel:4/5, load:0/2, actions_left_until_reproduction:1/2, turns_left:1
    [14,M]->fuel:2/3, actions_left_until_reproduction:0/1, turns_left:0
    [15,J]->fuel:5/5, load:0/2, actions_left_until_reproduction:1/2, turns_left:0
    [16,J]->fuel:5/5, load:0/2, actions_left_until_reproduction:1/2, turns_left:0
    [17,P]->attached?:T, support_life?:F, visited?:F, turns_left:N/A
    [18,J]->fuel:3/5, load:1/2, actions_left_until_reproduction:0/2, turns_left:1
    [21,J]->fuel:3/5, load:0/2, actions_left_until_reproduction:0/2, turns_left:1
    [22,M]->fuel:3/3, actions_left_until_reproduction:0/1, turns_left:0
    [24,J]->fuel:5/5, load:0/2, actions_left_until_reproduction:1/2, turns_left:0
    [25,J]->fuel:4/5, load:0/2, actions_left_until_reproduction:0/2, turns_left:1
    [27,J]->fuel:3/5, load:0/2, actions_left_until_reproduction:0/2, turns_left:1
    [28,A]->turns_left:0
    [29,J]->fuel:4/5, load:0/2, actions_left_until_reproduction:1/2, turns_left:2
    [30,J]->fuel:3/5, load:0/2, actions_left_until_reproduction:0/2, turns_left:2
    [32,J]->fuel:4/5, load:0/2, actions_left_until_reproduction:1/2, turns_left:1
    [34,J]->fuel:4/5, load:2/2, actions_left_until_reproduction:1/2, turns_left:2
    [36,A]->turns_left:1
    [37,M]->fuel:2/3, actions_left_until_reproduction:0/1, turns_left:0
  Deaths This Turn:
    [11,A]->turns_left:N/A,
      Asteroid got imploded by janitaur (id: 27) at Sector:3:4
    [23,A]->turns_left:N/A,
      Asteroid got imploded by janitaur (id: 34) at Sector:4:3
    [35,A]->turns_left:N/A,
      Asteroid got imploded by janitaur (id: 34) at Sector:4:3
    [0,E]->fuel:1/3, life:0/3, landed?:F,
      Explorer got destroyed by asteroid (id: 36) at Sector:1:1
    [3,J]->fuel:4/5, load:0/2, actions_left_until_reproduction:1/2, turns_left:N/A,
      Janitaur got destroyed by asteroid (id: 36) at Sector:1:1
    [31,J]->fuel:4/5, load:0/2, actions_left_until_reproduction:1/2, turns_left:N/A,
      Janitaur got destroyed by asteroid (id: 36) at Sector:1:1
    (1:1)  (1:2)  (1:3)  (1:4)  (1:5)  
    ---A   A-Y-   ----   A---   P*MJ   
    (2:1)  (2:2)  (2:3)  (2:4)  (2:5)  
    ----   JYP-   ----   MJ--   JJJ*   
    (3:1)  (3:2)  (3:3)  (3:4)  (3:5)  
    J---   J---   O---   J--W   J--W   
    (4:1)  (4:2)  (4:3)  (4:4)  (4:5)  
    ----   J---   -J--   -AW-   ---M   
    (5:1)  (5:2)  (5:3)  (5:4)  (5:5)  
    JJ-J   -YJ-   --WJ   MY--   ----   
  Explorer got destroyed by asteroid (id: 36) at Sector:1:1
  The game has ended. You can start a new game.
