  state:0.0, ok
  Welcome! Try test(3,5,7,15,30)
->test(88,88,88,93,93)
  state:1.0, mode:test, ok
  Movement:none
  Sectors:
    [1,1]->[0,E],[1,A],-,-
    [1,2]->[2,B],[3,A],[4,A],[-8,Y]
    [1,3]->[5,A],-,-,-
    [1,4]->[6,A],[7,A],[8,A],-
    [1,5]->[9,A],[-11,*],-,-
    [2,1]->[10,A],-,-,-
    [2,2]->[11,A],[12,A],[13,A],[-6,Y]
    [2,3]->[14,A],-,-,-
    [2,4]->[15,A],[16,A],-,-
    [2,5]->[17,A],[18,A],[-4,*],-
    [3,1]->[19,B],[20,A],[21,A],-
    [3,2]->[22,A],[23,A],[24,A],-
    [3,3]->[-1,O],-,-,-
    [3,4]->[25,A],[26,A],[27,A],[-3,W]
    [3,5]->[28,A],[-7,W],-,-
    [4,1]->[29,A],-,-,-
    [4,2]->[30,A],-,-,-
    [4,3]->[31,A],-,-,-
    [4,4]->[32,A],[-10,W],-,-
    [4,5]->[33,A],-,-,-
    [5,1]->[34,A],[35,A],-,-
    [5,2]->[36,A],[-5,Y],-,-
    [5,3]->[37,A],[38,A],[-2,W],-
    [5,4]->[39,A],[-9,Y],-,-
    [5,5]->[40,A],[41,A],-,-
  Descriptions:
    [-11,*]->Luminosity:5
    [-10,W]->
    [-9,Y]->Luminosity:2
    [-8,Y]->Luminosity:2
    [-7,W]->
    [-6,Y]->Luminosity:2
    [-5,Y]->Luminosity:2
    [-4,*]->Luminosity:5
    [-3,W]->
    [-2,W]->
    [-1,O]->
    [0,E]->fuel:3/3, life:3/3, landed?:F
    [1,A]->turns_left:1
    [2,B]->fuel:3/3, actions_left_until_reproduction:1/1, turns_left:1
    [3,A]->turns_left:2
    [4,A]->turns_left:2
    [5,A]->turns_left:0
    [6,A]->turns_left:1
    [7,A]->turns_left:0
    [8,A]->turns_left:0
    [9,A]->turns_left:1
    [10,A]->turns_left:0
    [11,A]->turns_left:1
    [12,A]->turns_left:0
    [13,A]->turns_left:1
    [14,A]->turns_left:2
    [15,A]->turns_left:0
    [16,A]->turns_left:0
    [17,A]->turns_left:0
    [18,A]->turns_left:1
    [19,B]->fuel:3/3, actions_left_until_reproduction:1/1, turns_left:1
    [20,A]->turns_left:1
    [21,A]->turns_left:0
    [22,A]->turns_left:1
    [23,A]->turns_left:0
    [24,A]->turns_left:0
    [25,A]->turns_left:1
    [26,A]->turns_left:1
    [27,A]->turns_left:1
    [28,A]->turns_left:0
    [29,A]->turns_left:0
    [30,A]->turns_left:2
    [31,A]->turns_left:2
    [32,A]->turns_left:2
    [33,A]->turns_left:2
    [34,A]->turns_left:1
    [35,A]->turns_left:1
    [36,A]->turns_left:2
    [37,A]->turns_left:2
    [38,A]->turns_left:2
    [39,A]->turns_left:0
    [40,A]->turns_left:2
    [41,A]->turns_left:1
  Deaths This Turn:none
    (1:1)  (1:2)  (1:3)  (1:4)  (1:5)  
    EA--   BAAY   A---   AAA-   A*--   
    (2:1)  (2:2)  (2:3)  (2:4)  (2:5)  
    A---   AAAY   A---   AA--   AA*-   
    (3:1)  (3:2)  (3:3)  (3:4)  (3:5)  
    BAA-   AAA-   O---   AAAW   AW--   
    (4:1)  (4:2)  (4:3)  (4:4)  (4:5)  
    A---   A---   A---   AW--   A---   
    (5:1)  (5:2)  (5:3)  (5:4)  (5:5)  
    AA--   AY--   AAW-   AY--   AA--   
->pass
  state:2.0, mode:test, ok
  Explorer got destroyed by asteroid (id: 10) at Sector:1:1
  The game has ended. You can start a new game.
  Movement:
    [5,A]:[1,3,1]->[5,2,3]
    [7,A]:[1,4,2]->[5,4,3]
    [8,A]:[1,4,3]->[5,3,4]
    [10,A]:[2,1,1]->[1,1,3]
      destroyed [0,E] at [1,1,1]
    [12,A]:[2,2,2]->[1,1,1]
    [15,A]:[2,4,1]->[2,5,4]
    [16,A]:[2,4,2]
    [17,A]:[2,5,1]->[2,1,1]
    [21,A]:[3,1,3]->[4,1,2]
    [23,A]:[3,2,2]->[3,1,3]
      destroyed [19,B] at [3,1,1]
    [24,A]:[3,2,3]->[4,3,2]
    [28,A]:[3,5,1]->[2,4,1]
    [29,A]:[4,1,1]->[3,2,2]
    [39,A]:[5,4,1]->[1,3,1]
  Sectors:
    [1,1]->[12,A],[1,A],[10,A],-
    [1,2]->[2,B],[3,A],[4,A],[-8,Y]
    [1,3]->[39,A],-,-,-
    [1,4]->[6,A],-,-,-
    [1,5]->[9,A],[-11,*],-,-
    [2,1]->[17,A],-,-,-
    [2,2]->[11,A],-,[13,A],[-6,Y]
    [2,3]->[14,A],-,-,-
    [2,4]->[28,A],[16,A],-,-
    [2,5]->-,[18,A],[-4,*],[15,A]
    [3,1]->-,[20,A],[23,A],-
    [3,2]->[22,A],[29,A],-,-
    [3,3]->[-1,O],-,-,-
    [3,4]->[25,A],[26,A],[27,A],[-3,W]
    [3,5]->-,[-7,W],-,-
    [4,1]->-,[21,A],-,-
    [4,2]->[30,A],-,-,-
    [4,3]->[31,A],[24,A],-,-
    [4,4]->[32,A],[-10,W],-,-
    [4,5]->[33,A],-,-,-
    [5,1]->[34,A],[35,A],-,-
    [5,2]->[36,A],[-5,Y],[5,A],-
    [5,3]->[37,A],[38,A],[-2,W],[8,A]
    [5,4]->-,[-9,Y],[7,A],-
    [5,5]->[40,A],[41,A],-,-
  Descriptions:
    [-11,*]->Luminosity:5
    [-10,W]->
    [-9,Y]->Luminosity:2
    [-8,Y]->Luminosity:2
    [-7,W]->
    [-6,Y]->Luminosity:2
    [-5,Y]->Luminosity:2
    [-4,*]->Luminosity:5
    [-3,W]->
    [-2,W]->
    [-1,O]->
    [1,A]->turns_left:0
    [2,B]->fuel:3/3, actions_left_until_reproduction:1/1, turns_left:0
    [3,A]->turns_left:1
    [4,A]->turns_left:1
    [5,A]->turns_left:2
    [6,A]->turns_left:0
    [7,A]->turns_left:2
    [8,A]->turns_left:0
    [9,A]->turns_left:0
    [10,A]->turns_left:1
    [11,A]->turns_left:0
    [12,A]->turns_left:1
    [13,A]->turns_left:0
    [14,A]->turns_left:1
    [15,A]->turns_left:0
    [16,A]->turns_left:2
    [17,A]->turns_left:2
    [18,A]->turns_left:0
    [20,A]->turns_left:0
    [21,A]->turns_left:1
    [22,A]->turns_left:0
    [23,A]->turns_left:2
    [24,A]->turns_left:1
    [25,A]->turns_left:0
    [26,A]->turns_left:0
    [27,A]->turns_left:0
    [28,A]->turns_left:0
    [29,A]->turns_left:2
    [30,A]->turns_left:1
    [31,A]->turns_left:1
    [32,A]->turns_left:1
    [33,A]->turns_left:1
    [34,A]->turns_left:0
    [35,A]->turns_left:0
    [36,A]->turns_left:1
    [37,A]->turns_left:1
    [38,A]->turns_left:1
    [39,A]->turns_left:2
    [40,A]->turns_left:1
    [41,A]->turns_left:0
  Deaths This Turn:
    [0,E]->fuel:3/3, life:0/3, landed?:F,
      Explorer got destroyed by asteroid (id: 10) at Sector:1:1
    [19,B]->fuel:3/3, actions_left_until_reproduction:1/1, turns_left:N/A,
      Benign got destroyed by asteroid (id: 23) at Sector:3:1
    (1:1)  (1:2)  (1:3)  (1:4)  (1:5)  
    AAA-   BAAY   A---   A---   A*--   
    (2:1)  (2:2)  (2:3)  (2:4)  (2:5)  
    A---   A-AY   A---   AA--   -A*A   
    (3:1)  (3:2)  (3:3)  (3:4)  (3:5)  
    -AA-   AA--   O---   AAAW   -W--   
    (4:1)  (4:2)  (4:3)  (4:4)  (4:5)  
    -A--   A---   AA--   AW--   A---   
    (5:1)  (5:2)  (5:3)  (5:4)  (5:5)  
    AA--   AYA-   AAWA   -YA-   AA--   
  Explorer got destroyed by asteroid (id: 10) at Sector:1:1
  The game has ended. You can start a new game.
->move(SW)
  state:2.1, error
  Negative on that request:no mission in progress.
->liftoff
  state:2.2, error
  Negative on that request:no mission in progress.
->land
  state:2.3, error
  Negative on that request:no mission in progress.
->move(S)
  state:2.4, error
  Negative on that request:no mission in progress.
->move(S)
  state:2.5, error
  Negative on that request:no mission in progress.
->move(NE)
  state:2.6, error
  Negative on that request:no mission in progress.
->move(NE)
  state:2.7, error
  Negative on that request:no mission in progress.
->test(1,1,16,93,93)
  state:3.0, mode:test, ok
  Movement:none
  Sectors:
    [1,1]->[0,E],[1,B],[2,B],[3,M]
    [1,2]->[4,B],[5,M],-,-
    [1,3]->[6,B],[7,B],[8,B],[-3,W]
    [1,4]->[9,B],[-5,*],-,-
    [1,5]->[10,B],[11,B],-,-
    [2,1]->[12,B],[13,B],-,-
    [2,2]->[14,B],[-2,W],-,-
    [2,3]->[15,M],-,-,-
    [2,4]->[16,B],-,-,-
    [2,5]->[17,B],[18,B],-,-
    [3,1]->[19,B],[20,B],[-9,*],-
    [3,2]->[21,M],[22,B],-,-
    [3,3]->[-1,O],-,-,-
    [3,4]->[23,B],[24,B],-,-
    [3,5]->[25,B],[26,B],-,-
    [4,1]->[27,B],[28,B],[29,B],-
    [4,2]->[30,B],[-7,*],-,-
    [4,3]->[31,M],[-4,Y],-,-
    [4,4]->[32,M],[-6,W],-,-
    [4,5]->[33,B],[34,B],-,-
    [5,1]->[35,M],[36,M],[37,B],[-11,W]
    [5,2]->-,-,-,-
    [5,3]->[38,B],[39,B],[40,B],[-8,W]
    [5,4]->[41,B],-,-,-
    [5,5]->[42,B],[-10,W],-,-
  Descriptions:
    [-11,W]->
    [-10,W]->
    [-9,*]->Luminosity:5
    [-8,W]->
    [-7,*]->Luminosity:5
    [-6,W]->
    [-5,*]->Luminosity:5
    [-4,Y]->Luminosity:2
    [-3,W]->
    [-2,W]->
    [-1,O]->
    [0,E]->fuel:3/3, life:3/3, landed?:F
    [1,B]->fuel:3/3, actions_left_until_reproduction:1/1, turns_left:2
    [2,B]->fuel:3/3, actions_left_until_reproduction:1/1, turns_left:2
    [3,M]->fuel:3/3, actions_left_until_reproduction:1/1, turns_left:2
    [4,B]->fuel:3/3, actions_left_until_reproduction:1/1, turns_left:1
    [5,M]->fuel:3/3, actions_left_until_reproduction:1/1, turns_left:2
    [6,B]->fuel:3/3, actions_left_until_reproduction:1/1, turns_left:1
    [7,B]->fuel:3/3, actions_left_until_reproduction:1/1, turns_left:0
    [8,B]->fuel:3/3, actions_left_until_reproduction:1/1, turns_left:1
    [9,B]->fuel:3/3, actions_left_until_reproduction:1/1, turns_left:1
    [10,B]->fuel:3/3, actions_left_until_reproduction:1/1, turns_left:1
    [11,B]->fuel:3/3, actions_left_until_reproduction:1/1, turns_left:2
    [12,B]->fuel:3/3, actions_left_until_reproduction:1/1, turns_left:0
    [13,B]->fuel:3/3, actions_left_until_reproduction:1/1, turns_left:2
    [14,B]->fuel:3/3, actions_left_until_reproduction:1/1, turns_left:0
    [15,M]->fuel:3/3, actions_left_until_reproduction:1/1, turns_left:1
    [16,B]->fuel:3/3, actions_left_until_reproduction:1/1, turns_left:1
    [17,B]->fuel:3/3, actions_left_until_reproduction:1/1, turns_left:1
    [18,B]->fuel:3/3, actions_left_until_reproduction:1/1, turns_left:1
    [19,B]->fuel:3/3, actions_left_until_reproduction:1/1, turns_left:1
    [20,B]->fuel:3/3, actions_left_until_reproduction:1/1, turns_left:0
    [21,M]->fuel:3/3, actions_left_until_reproduction:1/1, turns_left:2
    [22,B]->fuel:3/3, actions_left_until_reproduction:1/1, turns_left:1
    [23,B]->fuel:3/3, actions_left_until_reproduction:1/1, turns_left:0
    [24,B]->fuel:3/3, actions_left_until_reproduction:1/1, turns_left:0
    [25,B]->fuel:3/3, actions_left_until_reproduction:1/1, turns_left:1
    [26,B]->fuel:3/3, actions_left_until_reproduction:1/1, turns_left:2
    [27,B]->fuel:3/3, actions_left_until_reproduction:1/1, turns_left:0
    [28,B]->fuel:3/3, actions_left_until_reproduction:1/1, turns_left:2
    [29,B]->fuel:3/3, actions_left_until_reproduction:1/1, turns_left:1
    [30,B]->fuel:3/3, actions_left_until_reproduction:1/1, turns_left:1
    [31,M]->fuel:3/3, actions_left_until_reproduction:1/1, turns_left:0
    [32,M]->fuel:3/3, actions_left_until_reproduction:1/1, turns_left:0
    [33,B]->fuel:3/3, actions_left_until_reproduction:1/1, turns_left:2
    [34,B]->fuel:3/3, actions_left_until_reproduction:1/1, turns_left:1
    [35,M]->fuel:3/3, actions_left_until_reproduction:1/1, turns_left:2
    [36,M]->fuel:3/3, actions_left_until_reproduction:1/1, turns_left:1
    [37,B]->fuel:3/3, actions_left_until_reproduction:1/1, turns_left:0
    [38,B]->fuel:3/3, actions_left_until_reproduction:1/1, turns_left:1
    [39,B]->fuel:3/3, actions_left_until_reproduction:1/1, turns_left:2
    [40,B]->fuel:3/3, actions_left_until_reproduction:1/1, turns_left:0
    [41,B]->fuel:3/3, actions_left_until_reproduction:1/1, turns_left:2
    [42,B]->fuel:3/3, actions_left_until_reproduction:1/1, turns_left:2
  Deaths This Turn:none
    (1:1)  (1:2)  (1:3)  (1:4)  (1:5)  
    EBBM   BM--   BBBW   B*--   BB--   
    (2:1)  (2:2)  (2:3)  (2:4)  (2:5)  
    BB--   BW--   M---   B---   BB--   
    (3:1)  (3:2)  (3:3)  (3:4)  (3:5)  
    BB*-   MB--   O---   BB--   BB--   
    (4:1)  (4:2)  (4:3)  (4:4)  (4:5)  
    BBB-   B*--   MY--   MW--   BB--   
    (5:1)  (5:2)  (5:3)  (5:4)  (5:5)  
    MMBW   ----   BBBW   B---   BW--   
->move(NW)
  state:4.0, mode:test, ok
  Movement:
    [0,E]:[1,1,1]->[5,5,3]
    [7,B]:[1,3,2]->[3,4,3]
    [12,B]:[2,1,1]->[3,5,3]
    [14,B]:[2,2,1]->[4,1,4]
    [20,B]:[3,1,2]->[4,5,3]
    [23,B]:[3,4,1]->[4,5,4]
    [24,B]:[3,4,2]->[2,5,3]
    [27,B]:[4,1,1]->[4,2,3]
    [31,M]:[4,3,1]->[5,2,1]
    [32,M]:[4,4,1]->[1,2,3]
    [37,B]:[5,1,3]->[3,5,4]
    [40,B]:[5,3,3]->[1,5,3]
  Sectors:
    [1,1]->-,[1,B],[2,B],[3,M]
    [1,2]->[4,B],[5,M],[32,M],-
    [1,3]->[6,B],-,[8,B],[-3,W]
    [1,4]->[9,B],[-5,*],-,-
    [1,5]->[10,B],[11,B],[40,B],-
    [2,1]->-,[13,B],-,-
    [2,2]->-,[-2,W],-,-
    [2,3]->[15,M],-,-,-
    [2,4]->[16,B],-,-,-
    [2,5]->[17,B],[18,B],[24,B],-
    [3,1]->[19,B],-,[-9,*],-
    [3,2]->[21,M],[22,B],-,-
    [3,3]->[-1,O],-,-,-
    [3,4]->-,-,[7,B],-
    [3,5]->[25,B],[26,B],[12,B],[37,B]
    [4,1]->-,[28,B],[29,B],[14,B]
    [4,2]->[30,B],[-7,*],[27,B],-
    [4,3]->-,[-4,Y],-,-
    [4,4]->-,[-6,W],-,-
    [4,5]->[33,B],[34,B],[20,B],[23,B]
    [5,1]->[35,M],[36,M],-,[-11,W]
    [5,2]->[31,M],-,-,-
    [5,3]->[38,B],[39,B],-,[-8,W]
    [5,4]->[41,B],-,-,-
    [5,5]->[42,B],[-10,W],[0,E],-
  Descriptions:
    [-11,W]->
    [-10,W]->
    [-9,*]->Luminosity:5
    [-8,W]->
    [-7,*]->Luminosity:5
    [-6,W]->
    [-5,*]->Luminosity:5
    [-4,Y]->Luminosity:2
    [-3,W]->
    [-2,W]->
    [-1,O]->
    [0,E]->fuel:2/3, life:3/3, landed?:F
    [1,B]->fuel:3/3, actions_left_until_reproduction:1/1, turns_left:1
    [2,B]->fuel:3/3, actions_left_until_reproduction:1/1, turns_left:1
    [3,M]->fuel:3/3, actions_left_until_reproduction:1/1, turns_left:1
    [4,B]->fuel:3/3, actions_left_until_reproduction:1/1, turns_left:0
    [5,M]->fuel:3/3, actions_left_until_reproduction:1/1, turns_left:1
    [6,B]->fuel:3/3, actions_left_until_reproduction:1/1, turns_left:0
    [7,B]->fuel:3/3, actions_left_until_reproduction:0/1, turns_left:0
    [8,B]->fuel:3/3, actions_left_until_reproduction:1/1, turns_left:0
    [9,B]->fuel:3/3, actions_left_until_reproduction:1/1, turns_left:0
    [10,B]->fuel:3/3, actions_left_until_reproduction:1/1, turns_left:0
    [11,B]->fuel:3/3, actions_left_until_reproduction:1/1, turns_left:1
    [12,B]->fuel:2/3, actions_left_until_reproduction:0/1, turns_left:1
    [13,B]->fuel:3/3, actions_left_until_reproduction:1/1, turns_left:1
    [14,B]->fuel:3/3, actions_left_until_reproduction:0/1, turns_left:0
    [15,M]->fuel:3/3, actions_left_until_reproduction:1/1, turns_left:0
    [16,B]->fuel:3/3, actions_left_until_reproduction:1/1, turns_left:0
    [17,B]->fuel:3/3, actions_left_until_reproduction:1/1, turns_left:0
    [18,B]->fuel:3/3, actions_left_until_reproduction:1/1, turns_left:0
    [19,B]->fuel:3/3, actions_left_until_reproduction:1/1, turns_left:0
    [20,B]->fuel:2/3, actions_left_until_reproduction:0/1, turns_left:2
    [21,M]->fuel:3/3, actions_left_until_reproduction:1/1, turns_left:1
    [22,B]->fuel:3/3, actions_left_until_reproduction:1/1, turns_left:0
    [23,B]->fuel:2/3, actions_left_until_reproduction:0/1, turns_left:2
    [24,B]->fuel:2/3, actions_left_until_reproduction:0/1, turns_left:1
    [25,B]->fuel:3/3, actions_left_until_reproduction:1/1, turns_left:0
    [26,B]->fuel:3/3, actions_left_until_reproduction:1/1, turns_left:1
    [27,B]->fuel:3/3, actions_left_until_reproduction:0/1, turns_left:1
    [28,B]->fuel:3/3, actions_left_until_reproduction:1/1, turns_left:1
    [29,B]->fuel:3/3, actions_left_until_reproduction:1/1, turns_left:0
    [30,B]->fuel:3/3, actions_left_until_reproduction:1/1, turns_left:0
    [31,M]->fuel:2/3, actions_left_until_reproduction:0/1, turns_left:1
    [32,M]->fuel:3/3, actions_left_until_reproduction:0/1, turns_left:0
    [33,B]->fuel:3/3, actions_left_until_reproduction:1/1, turns_left:1
    [34,B]->fuel:3/3, actions_left_until_reproduction:1/1, turns_left:0
    [35,M]->fuel:3/3, actions_left_until_reproduction:1/1, turns_left:1
    [36,M]->fuel:3/3, actions_left_until_reproduction:1/1, turns_left:0
    [37,B]->fuel:3/3, actions_left_until_reproduction:0/1, turns_left:0
    [38,B]->fuel:3/3, actions_left_until_reproduction:1/1, turns_left:0
    [39,B]->fuel:3/3, actions_left_until_reproduction:1/1, turns_left:1
    [40,B]->fuel:3/3, actions_left_until_reproduction:0/1, turns_left:2
    [41,B]->fuel:3/3, actions_left_until_reproduction:1/1, turns_left:1
    [42,B]->fuel:3/3, actions_left_until_reproduction:1/1, turns_left:1
  Deaths This Turn:none
    (1:1)  (1:2)  (1:3)  (1:4)  (1:5)  
    -BBM   BMM-   B-BW   B*--   BBB-   
    (2:1)  (2:2)  (2:3)  (2:4)  (2:5)  
    -B--   -W--   M---   B---   BBB-   
    (3:1)  (3:2)  (3:3)  (3:4)  (3:5)  
    B-*-   MB--   O---   --B-   BBBB   
    (4:1)  (4:2)  (4:3)  (4:4)  (4:5)  
    -BBB   B*B-   -Y--   -W--   BBBB   
    (5:1)  (5:2)  (5:3)  (5:4)  (5:5)  
    MM-W   M---   BB-W   B---   BWE-   
->move(N)
  state:4.1, mode:test, error
  Cannot transfer to new location as it is full.
->land
  state:4.2, mode:test, error
  Negative on that request:no yellow dwarf at Sector:5:5
->move(W)
  state:5.0, mode:test, ok
  Movement:
    [0,E]:[5,5,3]->[5,4,2]
    [4,B]:[1,2,1]->[1,1,1]
      destroyed [3,M] at [1,1,4]
    [6,B]:[1,3,1]->[3,3,2]
    [7,B]:[3,4,3]->[4,3,1]
      reproduced [43,B] at [4,3,3]
    [8,B]:[1,3,3]->[1,2,1]
      destroyed [5,M] at [1,2,2]
      destroyed [32,M] at [1,2,3]
    [9,B]:[1,4,1]->[5,3,3]
    [10,B]:[1,5,1]->[2,1,1]
    [14,B]:[4,1,4]
      reproduced [44,B] at [4,1,1]
    [15,M]:[2,3,1]->[2,2,1]
    [16,B]:[2,4,1]->[2,3,1]
    [17,B]:[2,5,1]->[3,4,1]
    [18,B]:[2,5,2]->[3,1,2]
    [19,B]:[3,1,1]
    [22,B]:[3,2,2]->[2,1,3]
    [25,B]:[3,5,1]->[2,5,1]
    [29,B]:[4,1,3]->[3,1,4]
    [30,B]:[4,2,1]->[5,2,2]
      destroyed [31,M] at [5,2,1]
    [34,B]:[4,5,2]->[4,4,1]
    [36,M]:[5,1,2]->[5,4,3]
    [37,B]:[3,5,4]
      reproduced [45,B] at [3,5,1]
    [38,B]:[5,3,1]->[2,2,3]
      destroyed [15,M] at [2,2,1]
  Sectors:
    [1,1]->[4,B],[1,B],[2,B],-
    [1,2]->[8,B],-,-,-
    [1,3]->-,-,-,[-3,W]
    [1,4]->-,[-5,*],-,-
    [1,5]->-,[11,B],[40,B],-
    [2,1]->[10,B],[13,B],[22,B],-
    [2,2]->-,[-2,W],[38,B],-
    [2,3]->[16,B],-,-,-
    [2,4]->-,-,-,-
    [2,5]->[25,B],-,[24,B],-
    [3,1]->[19,B],[18,B],[-9,*],[29,B]
    [3,2]->[21,M],-,-,-
    [3,3]->[-1,O],-,-,-
    [3,4]->[17,B],-,-,-
    [3,5]->[45,B],[26,B],[12,B],[37,B]
    [4,1]->[44,B],[28,B],-,[14,B]
    [4,2]->-,[-7,*],[27,B],-
    [4,3]->[7,B],[-4,Y],[43,B],-
    [4,4]->[34,B],[-6,W],-,-
    [4,5]->[33,B],-,[20,B],[23,B]
    [5,1]->[35,M],-,-,[-11,W]
    [5,2]->-,[30,B],-,-
    [5,3]->-,[39,B],[9,B],[-8,W]
    [5,4]->[41,B],[0,E],[36,M],-
    [5,5]->[42,B],[-10,W],-,-
  Descriptions:
    [-11,W]->
    [-10,W]->
    [-9,*]->Luminosity:5
    [-8,W]->
    [-7,*]->Luminosity:5
    [-6,W]->
    [-5,*]->Luminosity:5
    [-4,Y]->Luminosity:2
    [-3,W]->
    [-2,W]->
    [-1,O]->
    [0,E]->fuel:1/3, life:3/3, landed?:F
    [1,B]->fuel:3/3, actions_left_until_reproduction:1/1, turns_left:0
    [2,B]->fuel:3/3, actions_left_until_reproduction:1/1, turns_left:0
    [4,B]->fuel:2/3, actions_left_until_reproduction:0/1, turns_left:0
    [7,B]->fuel:3/3, actions_left_until_reproduction:1/1, turns_left:2
    [8,B]->fuel:3/3, actions_left_until_reproduction:0/1, turns_left:0
    [9,B]->fuel:2/3, actions_left_until_reproduction:0/1, turns_left:0
    [10,B]->fuel:2/3, actions_left_until_reproduction:0/1, turns_left:1
    [11,B]->fuel:3/3, actions_left_until_reproduction:1/1, turns_left:0
    [12,B]->fuel:2/3, actions_left_until_reproduction:0/1, turns_left:0
    [13,B]->fuel:3/3, actions_left_until_reproduction:1/1, turns_left:0
    [14,B]->fuel:3/3, actions_left_until_reproduction:1/1, turns_left:0
    [16,B]->fuel:2/3, actions_left_until_reproduction:0/1, turns_left:1
    [17,B]->fuel:2/3, actions_left_until_reproduction:0/1, turns_left:0
    [18,B]->fuel:3/3, actions_left_until_reproduction:0/1, turns_left:0
    [19,B]->fuel:3/3, actions_left_until_reproduction:0/1, turns_left:0
    [20,B]->fuel:2/3, actions_left_until_reproduction:0/1, turns_left:1
    [21,M]->fuel:3/3, actions_left_until_reproduction:1/1, turns_left:0
    [22,B]->fuel:2/3, actions_left_until_reproduction:0/1, turns_left:0
    [23,B]->fuel:2/3, actions_left_until_reproduction:0/1, turns_left:1
    [24,B]->fuel:2/3, actions_left_until_reproduction:0/1, turns_left:0
    [25,B]->fuel:2/3, actions_left_until_reproduction:0/1, turns_left:2
    [26,B]->fuel:3/3, actions_left_until_reproduction:1/1, turns_left:0
    [27,B]->fuel:3/3, actions_left_until_reproduction:0/1, turns_left:0
    [28,B]->fuel:3/3, actions_left_until_reproduction:1/1, turns_left:0
    [29,B]->fuel:3/3, actions_left_until_reproduction:0/1, turns_left:1
    [30,B]->fuel:2/3, actions_left_until_reproduction:0/1, turns_left:2
    [33,B]->fuel:3/3, actions_left_until_reproduction:1/1, turns_left:0
    [34,B]->fuel:2/3, actions_left_until_reproduction:0/1, turns_left:1
    [35,M]->fuel:3/3, actions_left_until_reproduction:1/1, turns_left:0
    [36,M]->fuel:3/3, actions_left_until_reproduction:0/1, turns_left:1
    [37,B]->fuel:3/3, actions_left_until_reproduction:1/1, turns_left:1
    [38,B]->fuel:3/3, actions_left_until_reproduction:0/1, turns_left:1
    [39,B]->fuel:3/3, actions_left_until_reproduction:1/1, turns_left:0
    [40,B]->fuel:3/3, actions_left_until_reproduction:0/1, turns_left:1
    [41,B]->fuel:3/3, actions_left_until_reproduction:1/1, turns_left:0
    [42,B]->fuel:3/3, actions_left_until_reproduction:1/1, turns_left:0
    [43,B]->fuel:3/3, actions_left_until_reproduction:1/1, turns_left:2
    [44,B]->fuel:3/3, actions_left_until_reproduction:1/1, turns_left:2
    [45,B]->fuel:3/3, actions_left_until_reproduction:1/1, turns_left:1
  Deaths This Turn:
    [3,M]->fuel:3/3, actions_left_until_reproduction:1/1, turns_left:N/A,
      Malevolent got destroyed by benign (id: 4) at Sector:1:1
    [6,B]->fuel:3/3, actions_left_until_reproduction:1/1, turns_left:N/A,
      Benign got devoured by blackhole (id: -1) at Sector:3:3
    [5,M]->fuel:3/3, actions_left_until_reproduction:1/1, turns_left:N/A,
      Malevolent got destroyed by benign (id: 8) at Sector:1:2
    [32,M]->fuel:3/3, actions_left_until_reproduction:0/1, turns_left:N/A,
      Malevolent got destroyed by benign (id: 8) at Sector:1:2
    [31,M]->fuel:2/3, actions_left_until_reproduction:0/1, turns_left:N/A,
      Malevolent got destroyed by benign (id: 30) at Sector:5:2
    [15,M]->fuel:2/3, actions_left_until_reproduction:0/1, turns_left:N/A,
      Malevolent got destroyed by benign (id: 38) at Sector:2:2
    (1:1)  (1:2)  (1:3)  (1:4)  (1:5)  
    BBB-   B---   ---W   -*--   -BB-   
    (2:1)  (2:2)  (2:3)  (2:4)  (2:5)  
    BBB-   -WB-   B---   ----   B-B-   
    (3:1)  (3:2)  (3:3)  (3:4)  (3:5)  
    BB*B   M---   O---   B---   BBBB   
    (4:1)  (4:2)  (4:3)  (4:4)  (4:5)  
    BB-B   -*B-   BYB-   BW--   B-BB   
    (5:1)  (5:2)  (5:3)  (5:4)  (5:5)  
    M--W   -B--   -BBW   BEM-   BW--   
->abort
  state:5.1, ok
  Mission aborted. Try test(3,5,7,15,30)
->move(N)
  state:5.2, error
  Negative on that request:no mission in progress.
->pass
  state:5.3, error
  Negative on that request:no mission in progress.
->move(E)
  state:5.4, error
  Negative on that request:no mission in progress.
->move(E)
  state:5.5, error
  Negative on that request:no mission in progress.
->move(NW)
  state:5.6, error
  Negative on that request:no mission in progress.
->move(NE)
  state:5.7, error
  Negative on that request:no mission in progress.
->move(N)
  state:5.8, error
  Negative on that request:no mission in progress.
->move(SE)
  state:5.9, error
  Negative on that request:no mission in progress.
->move(N)
  state:5.10, error
  Negative on that request:no mission in progress.
->move(NE)
  state:5.11, error
  Negative on that request:no mission in progress.
