  state:0.0, ok
  Welcome! Try test(3,5,7,15,30)
->liftoff
  state:0.1, error
  Negative on that request:no mission in progress.
->move(NE)
  state:0.2, error
  Negative on that request:no mission in progress.
->test(19,20,43,41,36)
  state:0.3, error
  Thresholds should be non-decreasing order.
->move(SW)
  state:0.4, error
  Negative on that request:no mission in progress.
->move(W)
  state:0.5, error
  Negative on that request:no mission in progress.
->move(S)
  state:0.6, error
  Negative on that request:no mission in progress.
->move(E)
  state:0.7, error
  Negative on that request:no mission in progress.
->move(NE)
  state:0.8, error
  Negative on that request:no mission in progress.
->move(NW)
  state:0.9, error
  Negative on that request:no mission in progress.
->move(E)
  state:0.10, error
  Negative on that request:no mission in progress.
->move(SW)
  state:0.11, error
  Negative on that request:no mission in progress.
->move(S)
  state:0.12, error
  Negative on that request:no mission in progress.
->move(NE)
  state:0.13, error
  Negative on that request:no mission in progress.
->play
  state:1.0, mode:play, ok
  Movement:none
    (1:1)  (1:2)  (1:3)  (1:4)  (1:5)  
    E---   *---   P---   ----   PP--   
    (2:1)  (2:2)  (2:3)  (2:4)  (2:5)  
    ----   ----   W---   ----   P---   
    (3:1)  (3:2)  (3:3)  (3:4)  (3:5)  
    MY--   ----   O---   PW--   ----   
    (4:1)  (4:2)  (4:3)  (4:4)  (4:5)  
    W---   M*--   P---   P*--   ----   
    (5:1)  (5:2)  (5:3)  (5:4)  (5:5)  
    BW--   ----   *---   ----   PW--   
->move(NE)
  state:2.0, mode:play, ok
  Movement:
    [0,E]:[1,1,1]->[5,2,1]
    [3,P]:[1,5,2]->[5,4,1]
    [8,P]:[4,3,1]->[3,2,1]
    (1:1)  (1:2)  (1:3)  (1:4)  (1:5)  
    ----   *---   P---   ----   P---   
    (2:1)  (2:2)  (2:3)  (2:4)  (2:5)  
    ----   ----   W---   ----   P---   
    (3:1)  (3:2)  (3:3)  (3:4)  (3:5)  
    MY--   P---   O---   PW--   ----   
    (4:1)  (4:2)  (4:3)  (4:4)  (4:5)  
    W---   M*--   ----   P*--   ----   
    (5:1)  (5:2)  (5:3)  (5:4)  (5:5)  
    BW--   E---   *---   P---   PW--   
->move(SE)
  state:3.0, mode:play, ok
  Movement:
    [0,E]:[5,2,1]->[1,3,2]
    [5,M]:[3,1,1]->[3,5,1]
    [8,P]:[3,2,1]->[2,1,1]
    [10,B]:[5,1,1]->[5,2,1]
    (1:1)  (1:2)  (1:3)  (1:4)  (1:5)  
    ----   *---   PE--   ----   P---   
    (2:1)  (2:2)  (2:3)  (2:4)  (2:5)  
    P---   ----   W---   ----   P---   
    (3:1)  (3:2)  (3:3)  (3:4)  (3:5)  
    -Y--   ----   O---   PW--   M---   
    (4:1)  (4:2)  (4:3)  (4:4)  (4:5)  
    W---   M*--   ----   P*--   ----   
    (5:1)  (5:2)  (5:3)  (5:4)  (5:5)  
    -W--   B---   *---   P---   PW--   
->move(SW)
  state:4.0, mode:play, ok
  Explorer got lost in space - out of fuel at Sector:2:2
  The game has ended. You can start a new game.
  Movement:
    [0,E]:[1,3,2]->[2,2,1]
    [1,P]:[1,3,1]->[2,4,1]
    [2,P]:[1,5,1]->[2,5,2]
    [4,P]:[2,5,1]->[2,4,2]
    [6,P]:[3,4,1]->[2,3,2]
    [7,M]:[4,2,1]->[5,1,1]
    [10,B]:[5,2,1]->[5,1,3]
      reproduced [12,B] at [5,1,4]
      destroyed [7,M] at [5,1,1]
    [11,P]:[5,5,1]->[4,4,3]
    (1:1)  (1:2)  (1:3)  (1:4)  (1:5)  
    ----   *---   ----   ----   ----   
    (2:1)  (2:2)  (2:3)  (2:4)  (2:5)  
    P---   ----   WP--   PP--   -P--   
    (3:1)  (3:2)  (3:3)  (3:4)  (3:5)  
    -Y--   ----   O---   -W--   M---   
    (4:1)  (4:2)  (4:3)  (4:4)  (4:5)  
    W---   -*--   ----   P*P-   ----   
    (5:1)  (5:2)  (5:3)  (5:4)  (5:5)  
    -WBB   ----   *---   P---   -W--   
->wormhole
  state:4.1, error
  Negative on that request:no mission in progress.
->move(NW)
  state:4.2, error
  Negative on that request:no mission in progress.
->move(E)
  state:4.3, error
  Negative on that request:no mission in progress.
->move(S)
  state:4.4, error
  Negative on that request:no mission in progress.
->move(W)
  state:4.5, error
  Negative on that request:no mission in progress.
->move(NE)
  state:4.6, error
  Negative on that request:no mission in progress.
->move(SW)
  state:4.7, error
  Negative on that request:no mission in progress.
->move(W)
  state:4.8, error
  Negative on that request:no mission in progress.
->move(NE)
  state:4.9, error
  Negative on that request:no mission in progress.
->move(SW)
  state:4.10, error
  Negative on that request:no mission in progress.
->move(W)
  state:4.11, error
  Negative on that request:no mission in progress.
->abort
  state:4.12, error
  Negative on that request:no mission in progress.
->move(E)
  state:4.13, error
  Negative on that request:no mission in progress.
->move(S)
  state:4.14, error
  Negative on that request:no mission in progress.
->pass
  state:4.15, error
  Negative on that request:no mission in progress.
->move(SE)
  state:4.16, error
  Negative on that request:no mission in progress.
->land
  state:4.17, error
  Negative on that request:no mission in progress.
->test(6,23,43,42,47)
  state:4.18, error
  Thresholds should be non-decreasing order.
->play
  state:5.0, mode:play, ok
  Movement:none
    (1:1)  (1:2)  (1:3)  (1:4)  (1:5)  
    EW--   *---   P---   ----   A*--   
    (2:1)  (2:2)  (2:3)  (2:4)  (2:5)  
    B*--   *---   P---   P---   ----   
    (3:1)  (3:2)  (3:3)  (3:4)  (3:5)  
    Y---   ----   O---   B---   ----   
    (4:1)  (4:2)  (4:3)  (4:4)  (4:5)  
    ----   P---   P*--   ----   P---   
    (5:1)  (5:2)  (5:3)  (5:4)  (5:5)  
    *---   *---   P---   ----   *---   
->move(SW)
  state:6.0, mode:play, ok
  Movement:
    [0,E]:[1,1,1]->[2,5,1]
    [2,A]:[1,5,1]->[5,5,2]
    [7,P]:[4,2,1]->[3,2,1]
    [10,P]:[5,3,1]->[1,2,2]
    (1:1)  (1:2)  (1:3)  (1:4)  (1:5)  
    -W--   *P--   P---   ----   -*--   
    (2:1)  (2:2)  (2:3)  (2:4)  (2:5)  
    B*--   *---   P---   P---   E---   
    (3:1)  (3:2)  (3:3)  (3:4)  (3:5)  
    Y---   P---   O---   B---   ----   
    (4:1)  (4:2)  (4:3)  (4:4)  (4:5)  
    ----   ----   P*--   ----   P---   
    (5:1)  (5:2)  (5:3)  (5:4)  (5:5)  
    *---   *---   ----   ----   *A--   
->liftoff
  state:6.1, mode:play, error
  Negative on that request:you are not on a planet at Sector:2:5
->wormhole
  state:6.2, mode:play, error
  Explorer couldn't find wormhole at Sector:2:5
->pass
  state:7.0, mode:play, ok
  Movement:
    [1,P]:[1,3,1]->[5,4,1]
    [3,B]:[2,1,1]->[3,2,2]
    [4,P]:[2,3,1]->[1,3,1]
    [6,B]:[3,4,1]->[4,4,1]
    [9,P]:[4,5,1]->[5,5,3]
    (1:1)  (1:2)  (1:3)  (1:4)  (1:5)  
    -W--   *P--   P---   ----   -*--   
    (2:1)  (2:2)  (2:3)  (2:4)  (2:5)  
    -*--   *---   ----   P---   E---   
    (3:1)  (3:2)  (3:3)  (3:4)  (3:5)  
    Y---   PB--   O---   ----   ----   
    (4:1)  (4:2)  (4:3)  (4:4)  (4:5)  
    ----   ----   P*--   B---   ----   
    (5:1)  (5:2)  (5:3)  (5:4)  (5:5)  
    *---   *---   ----   P---   *AP-   
->abort
  state:7.1, ok
  Mission aborted. Try test(3,5,7,15,30)
->move(E)
  state:7.2, error
  Negative on that request:no mission in progress.
->move(E)
  state:7.3, error
  Negative on that request:no mission in progress.
->liftoff
  state:7.4, error
  Negative on that request:no mission in progress.
->pass
  state:7.5, error
  Negative on that request:no mission in progress.
->move(W)
  state:7.6, error
  Negative on that request:no mission in progress.
->move(SW)
  state:7.7, error
  Negative on that request:no mission in progress.
->move(S)
  state:7.8, error
  Negative on that request:no mission in progress.
->move(NE)
  state:7.9, error
  Negative on that request:no mission in progress.
->move(NW)
  state:7.10, error
  Negative on that request:no mission in progress.
->liftoff
  state:7.11, error
  Negative on that request:no mission in progress.
->move(SW)
  state:7.12, error
  Negative on that request:no mission in progress.
->move(E)
  state:7.13, error
  Negative on that request:no mission in progress.
->move(W)
  state:7.14, error
  Negative on that request:no mission in progress.
->move(NE)
  state:7.15, error
  Negative on that request:no mission in progress.
->move(NE)
  state:7.16, error
  Negative on that request:no mission in progress.
->liftoff
  state:7.17, error
  Negative on that request:no mission in progress.
->pass
  state:7.18, error
  Negative on that request:no mission in progress.
->wormhole
  state:7.19, error
  Negative on that request:no mission in progress.
->abort
  state:7.20, error
  Negative on that request:no mission in progress.
->move(NE)
  state:7.21, error
  Negative on that request:no mission in progress.
->move(S)
  state:7.22, error
  Negative on that request:no mission in progress.
->move(SE)
  state:7.23, error
  Negative on that request:no mission in progress.
->move(SE)
  state:7.24, error
  Negative on that request:no mission in progress.
->pass
  state:7.25, error
  Negative on that request:no mission in progress.
->abort
  state:7.26, error
  Negative on that request:no mission in progress.
->pass
  state:7.27, error
  Negative on that request:no mission in progress.
->move(SE)
  state:7.28, error
  Negative on that request:no mission in progress.
->move(N)
  state:7.29, error
  Negative on that request:no mission in progress.
->abort
  state:7.30, error
  Negative on that request:no mission in progress.
->move(S)
  state:7.31, error
  Negative on that request:no mission in progress.
->move(S)
  state:7.32, error
  Negative on that request:no mission in progress.
->move(NW)
  state:7.33, error
  Negative on that request:no mission in progress.
->move(S)
  state:7.34, error
  Negative on that request:no mission in progress.
->pass
  state:7.35, error
  Negative on that request:no mission in progress.
->test(7,35,42,48,48)
  state:8.0, mode:test, ok
  Movement:none
  Sectors:
    [1,1]->[0,E],-,-,-
    [1,2]->[1,J],-,-,-
    [1,3]->[2,M],[-11,*],-,-
    [1,4]->[3,J],-,-,-
    [1,5]->[4,J],-,-,-
    [2,1]->[5,J],[-9,W],-,-
    [2,2]->[6,B],[7,J],-,-
    [2,3]->[-8,Y],-,-,-
    [2,4]->[8,J],-,-,-
    [2,5]->[9,J],[10,M],-,-
    [3,1]->[11,M],[-3,Y],-,-
    [3,2]->-,-,-,-
    [3,3]->[-1,O],-,-,-
    [3,4]->[12,J],[13,B],[-5,W],-
    [3,5]->[14,M],[-7,*],-,-
    [4,1]->[-10,Y],-,-,-
    [4,2]->[15,J],[-4,*],-,-
    [4,3]->[16,A],-,-,-
    [4,4]->[17,J],[-6,Y],-,-
    [4,5]->[18,J],-,-,-
    [5,1]->[19,B],[20,J],[21,B],-
    [5,2]->[22,J],[-2,Y],-,-
    [5,3]->[23,J],-,-,-
    [5,4]->[24,M],-,-,-
    [5,5]->-,-,-,-
  Descriptions:
    [-11,*]->Luminosity:5
    [-10,Y]->Luminosity:2
    [-9,W]->
    [-8,Y]->Luminosity:2
    [-7,*]->Luminosity:5
    [-6,Y]->Luminosity:2
    [-5,W]->
    [-4,*]->Luminosity:5
    [-3,Y]->Luminosity:2
    [-2,Y]->Luminosity:2
    [-1,O]->
    [0,E]->fuel:3/3, life:3/3, landed?:F
    [1,J]->fuel:5/5, load:0/2, actions_left_until_reproduction:2/2, turns_left:0
    [2,M]->fuel:3/3, actions_left_until_reproduction:1/1, turns_left:2
    [3,J]->fuel:5/5, load:0/2, actions_left_until_reproduction:2/2, turns_left:2
    [4,J]->fuel:5/5, load:0/2, actions_left_until_reproduction:2/2, turns_left:1
    [5,J]->fuel:5/5, load:0/2, actions_left_until_reproduction:2/2, turns_left:0
    [6,B]->fuel:3/3, actions_left_until_reproduction:1/1, turns_left:0
    [7,J]->fuel:5/5, load:0/2, actions_left_until_reproduction:2/2, turns_left:1
    [8,J]->fuel:5/5, load:0/2, actions_left_until_reproduction:2/2, turns_left:0
    [9,J]->fuel:5/5, load:0/2, actions_left_until_reproduction:2/2, turns_left:2
    [10,M]->fuel:3/3, actions_left_until_reproduction:1/1, turns_left:0
    [11,M]->fuel:3/3, actions_left_until_reproduction:1/1, turns_left:1
    [12,J]->fuel:5/5, load:0/2, actions_left_until_reproduction:2/2, turns_left:1
    [13,B]->fuel:3/3, actions_left_until_reproduction:1/1, turns_left:1
    [14,M]->fuel:3/3, actions_left_until_reproduction:1/1, turns_left:2
    [15,J]->fuel:5/5, load:0/2, actions_left_until_reproduction:2/2, turns_left:0
    [16,A]->turns_left:2
    [17,J]->fuel:5/5, load:0/2, actions_left_until_reproduction:2/2, turns_left:1
    [18,J]->fuel:5/5, load:0/2, actions_left_until_reproduction:2/2, turns_left:0
    [19,B]->fuel:3/3, actions_left_until_reproduction:1/1, turns_left:0
    [20,J]->fuel:5/5, load:0/2, actions_left_until_reproduction:2/2, turns_left:0
    [21,B]->fuel:3/3, actions_left_until_reproduction:1/1, turns_left:2
    [22,J]->fuel:5/5, load:0/2, actions_left_until_reproduction:2/2, turns_left:0
    [23,J]->fuel:5/5, load:0/2, actions_left_until_reproduction:2/2, turns_left:1
    [24,M]->fuel:3/3, actions_left_until_reproduction:1/1, turns_left:1
  Deaths This Turn:none
    (1:1)  (1:2)  (1:3)  (1:4)  (1:5)  
    E---   J---   M*--   J---   J---   
    (2:1)  (2:2)  (2:3)  (2:4)  (2:5)  
    JW--   BJ--   Y---   J---   JM--   
    (3:1)  (3:2)  (3:3)  (3:4)  (3:5)  
    MY--   ----   O---   JBW-   M*--   
    (4:1)  (4:2)  (4:3)  (4:4)  (4:5)  
    Y---   J*--   A---   JY--   J---   
    (5:1)  (5:2)  (5:3)  (5:4)  (5:5)  
    BJB-   JY--   J---   M---   ----   
->move(SE)
  state:9.0, mode:test, ok
  Movement:
    [0,E]:[1,1,1]->[2,2,3]
    [1,J]:[1,2,1]->[2,2,4]
    [5,J]:[2,1,1]
    [6,B]:[2,2,1]->[1,2,1]
    [8,J]:[2,4,1]->[2,3,2]
    [10,M]:[2,5,2]->[3,1,3]
    [15,J]:[4,2,1]->[3,3,2]
    [18,J]:[4,5,1]->[3,5,3]
    [19,B]:[5,1,1]->[5,5,1]
    [20,J]:[5,1,2]->[4,5,1]
    [22,J]:[5,2,1]->[1,3,3]
  Sectors:
    [1,1]->-,-,-,-
    [1,2]->[6,B],-,-,-
    [1,3]->[2,M],[-11,*],[22,J],-
    [1,4]->[3,J],-,-,-
    [1,5]->[4,J],-,-,-
    [2,1]->[5,J],[-9,W],-,-
    [2,2]->-,[7,J],[0,E],[1,J]
    [2,3]->[-8,Y],[8,J],-,-
    [2,4]->-,-,-,-
    [2,5]->[9,J],-,-,-
    [3,1]->[11,M],[-3,Y],[10,M],-
    [3,2]->-,-,-,-
    [3,3]->[-1,O],-,-,-
    [3,4]->[12,J],[13,B],[-5,W],-
    [3,5]->[14,M],[-7,*],[18,J],-
    [4,1]->[-10,Y],-,-,-
    [4,2]->-,[-4,*],-,-
    [4,3]->[16,A],-,-,-
    [4,4]->[17,J],[-6,Y],-,-
    [4,5]->[20,J],-,-,-
    [5,1]->-,-,[21,B],-
    [5,2]->-,[-2,Y],-,-
    [5,3]->[23,J],-,-,-
    [5,4]->[24,M],-,-,-
    [5,5]->[19,B],-,-,-
  Descriptions:
    [-11,*]->Luminosity:5
    [-10,Y]->Luminosity:2
    [-9,W]->
    [-8,Y]->Luminosity:2
    [-7,*]->Luminosity:5
    [-6,Y]->Luminosity:2
    [-5,W]->
    [-4,*]->Luminosity:5
    [-3,Y]->Luminosity:2
    [-2,Y]->Luminosity:2
    [-1,O]->
    [0,E]->fuel:2/3, life:3/3, landed?:F
    [1,J]->fuel:4/5, load:0/2, actions_left_until_reproduction:1/2, turns_left:1
    [2,M]->fuel:3/3, actions_left_until_reproduction:1/1, turns_left:1
    [3,J]->fuel:5/5, load:0/2, actions_left_until_reproduction:2/2, turns_left:1
    [4,J]->fuel:5/5, load:0/2, actions_left_until_reproduction:2/2, turns_left:0
    [5,J]->fuel:5/5, load:0/2, actions_left_until_reproduction:1/2, turns_left:2
    [6,B]->fuel:2/3, actions_left_until_reproduction:0/1, turns_left:1
    [7,J]->fuel:5/5, load:0/2, actions_left_until_reproduction:2/2, turns_left:0
    [8,J]->fuel:5/5, load:0/2, actions_left_until_reproduction:1/2, turns_left:1
    [9,J]->fuel:5/5, load:0/2, actions_left_until_reproduction:2/2, turns_left:1
    [10,M]->fuel:3/3, actions_left_until_reproduction:0/1, turns_left:1
    [11,M]->fuel:3/3, actions_left_until_reproduction:1/1, turns_left:0
    [12,J]->fuel:5/5, load:0/2, actions_left_until_reproduction:2/2, turns_left:0
    [13,B]->fuel:3/3, actions_left_until_reproduction:1/1, turns_left:0
    [14,M]->fuel:3/3, actions_left_until_reproduction:1/1, turns_left:1
    [16,A]->turns_left:1
    [17,J]->fuel:5/5, load:0/2, actions_left_until_reproduction:2/2, turns_left:0
    [18,J]->fuel:5/5, load:0/2, actions_left_until_reproduction:1/2, turns_left:1
    [19,B]->fuel:2/3, actions_left_until_reproduction:0/1, turns_left:2
    [20,J]->fuel:4/5, load:0/2, actions_left_until_reproduction:1/2, turns_left:0
    [21,B]->fuel:3/3, actions_left_until_reproduction:1/1, turns_left:1
    [22,J]->fuel:5/5, load:0/2, actions_left_until_reproduction:1/2, turns_left:0
    [23,J]->fuel:5/5, load:0/2, actions_left_until_reproduction:2/2, turns_left:0
    [24,M]->fuel:3/3, actions_left_until_reproduction:1/1, turns_left:0
  Deaths This Turn:
    [15,J]->fuel:4/5, load:0/2, actions_left_until_reproduction:2/2, turns_left:N/A,
      Janitaur got devoured by blackhole (id: -1) at Sector:3:3
    (1:1)  (1:2)  (1:3)  (1:4)  (1:5)  
    ----   B---   M*J-   J---   J---   
    (2:1)  (2:2)  (2:3)  (2:4)  (2:5)  
    JW--   -JEJ   YJ--   ----   J---   
    (3:1)  (3:2)  (3:3)  (3:4)  (3:5)  
    MYM-   ----   O---   JBW-   M*J-   
    (4:1)  (4:2)  (4:3)  (4:4)  (4:5)  
    Y---   -*--   A---   JY--   J---   
    (5:1)  (5:2)  (5:3)  (5:4)  (5:5)  
    --B-   -Y--   J---   M---   B---   
->move(NE)
  state:10.0, mode:test, ok
  Movement:
    [0,E]:[2,2,3]->[1,3,4]
    [4,J]:[1,5,1]->[2,4,1]
    [7,J]:[2,2,2]->[3,3,2]
    [11,M]:[3,1,1]->[2,5,2]
    [12,J]:[3,4,1]->[2,3,3]
    [13,B]:[3,4,2]->[1,4,2]
    [17,J]:[4,4,1]->[3,5,4]
    [20,J]:[4,5,1]->[3,4,1]
    [22,J]:[1,3,3]->[5,3,2]
    [23,J]:[5,3,1]->[5,2,1]
    [24,M]:[5,4,1]->[1,5,1]
  Sectors:
    [1,1]->-,-,-,-
    [1,2]->[6,B],-,-,-
    [1,3]->[2,M],[-11,*],-,[0,E]
    [1,4]->[3,J],[13,B],-,-
    [1,5]->[24,M],-,-,-
    [2,1]->[5,J],[-9,W],-,-
    [2,2]->-,-,-,[1,J]
    [2,3]->[-8,Y],[8,J],[12,J],-
    [2,4]->[4,J],-,-,-
    [2,5]->[9,J],[11,M],-,-
    [3,1]->-,[-3,Y],[10,M],-
    [3,2]->-,-,-,-
    [3,3]->[-1,O],-,-,-
    [3,4]->[20,J],-,[-5,W],-
    [3,5]->[14,M],[-7,*],[18,J],[17,J]
    [4,1]->[-10,Y],-,-,-
    [4,2]->-,[-4,*],-,-
    [4,3]->[16,A],-,-,-
    [4,4]->-,[-6,Y],-,-
    [4,5]->-,-,-,-
    [5,1]->-,-,[21,B],-
    [5,2]->[23,J],[-2,Y],-,-
    [5,3]->-,[22,J],-,-
    [5,4]->-,-,-,-
    [5,5]->[19,B],-,-,-
  Descriptions:
    [-11,*]->Luminosity:5
    [-10,Y]->Luminosity:2
    [-9,W]->
    [-8,Y]->Luminosity:2
    [-7,*]->Luminosity:5
    [-6,Y]->Luminosity:2
    [-5,W]->
    [-4,*]->Luminosity:5
    [-3,Y]->Luminosity:2
    [-2,Y]->Luminosity:2
    [-1,O]->
    [0,E]->fuel:3/3, life:3/3, landed?:F
    [1,J]->fuel:4/5, load:0/2, actions_left_until_reproduction:1/2, turns_left:0
    [2,M]->fuel:3/3, actions_left_until_reproduction:1/1, turns_left:0
    [3,J]->fuel:5/5, load:0/2, actions_left_until_reproduction:2/2, turns_left:0
    [4,J]->fuel:4/5, load:0/2, actions_left_until_reproduction:1/2, turns_left:2
    [5,J]->fuel:5/5, load:0/2, actions_left_until_reproduction:1/2, turns_left:1
    [6,B]->fuel:2/3, actions_left_until_reproduction:0/1, turns_left:0
    [8,J]->fuel:5/5, load:0/2, actions_left_until_reproduction:1/2, turns_left:0
    [9,J]->fuel:5/5, load:0/2, actions_left_until_reproduction:2/2, turns_left:0
    [10,M]->fuel:3/3, actions_left_until_reproduction:0/1, turns_left:0
    [11,M]->fuel:2/3, actions_left_until_reproduction:0/1, turns_left:1
    [12,J]->fuel:5/5, load:0/2, actions_left_until_reproduction:1/2, turns_left:1
    [13,B]->fuel:3/3, actions_left_until_reproduction:0/1, turns_left:0
    [14,M]->fuel:3/3, actions_left_until_reproduction:1/1, turns_left:0
    [16,A]->turns_left:0
    [17,J]->fuel:5/5, load:0/2, actions_left_until_reproduction:1/2, turns_left:2
    [18,J]->fuel:5/5, load:0/2, actions_left_until_reproduction:1/2, turns_left:0
    [19,B]->fuel:2/3, actions_left_until_reproduction:0/1, turns_left:1
    [20,J]->fuel:3/5, load:0/2, actions_left_until_reproduction:0/2, turns_left:0
    [21,B]->fuel:3/3, actions_left_until_reproduction:1/1, turns_left:0
    [22,J]->fuel:4/5, load:0/2, actions_left_until_reproduction:0/2, turns_left:2
    [23,J]->fuel:5/5, load:0/2, actions_left_until_reproduction:1/2, turns_left:1
    [24,M]->fuel:2/3, actions_left_until_reproduction:0/1, turns_left:1
  Deaths This Turn:
    [7,J]->fuel:4/5, load:0/2, actions_left_until_reproduction:2/2, turns_left:N/A,
      Janitaur got devoured by blackhole (id: -1) at Sector:3:3
    (1:1)  (1:2)  (1:3)  (1:4)  (1:5)  
    ----   B---   M*-E   JB--   M---   
    (2:1)  (2:2)  (2:3)  (2:4)  (2:5)  
    JW--   ---J   YJJ-   J---   JM--   
    (3:1)  (3:2)  (3:3)  (3:4)  (3:5)  
    -YM-   ----   O---   J-W-   M*JJ   
    (4:1)  (4:2)  (4:3)  (4:4)  (4:5)  
    Y---   -*--   A---   -Y--   ----   
    (5:1)  (5:2)  (5:3)  (5:4)  (5:5)  
    --B-   JY--   -J--   ----   B---   
->wormhole
  state:10.1, mode:test, error
  Explorer couldn't find wormhole at Sector:1:3
->move(S)
  state:11.0, mode:test, ok
  Movement:
    [0,E]:[1,3,4]->[2,3,4]
    [1,J]:[2,2,4]->[2,1,3]
    [2,M]:[1,3,1]->[2,4,2]
    [3,J]:[1,4,1]->[5,4,1]
    [6,B]:[1,2,1]->[2,2,1]
      reproduced [25,B] at [2,2,2]
    [8,J]:[2,3,2]->[3,3,2]
    [9,J]:[2,5,1]->[2,1,4]
    [10,M]:[3,1,3]->[2,2,3]
      reproduced [26,M] at [2,2,4]
    [13,B]:[1,4,2]->[1,3,1]
      reproduced [27,B] at [1,3,3]
    [14,M]:[3,5,1]->[3,4,2]
    [16,A]:[4,3,1]->[3,2,1]
    [18,J]:[3,5,3]->[4,5,1]
    [20,J]:[3,4,1]->[4,3,1]
      reproduced [28,J] at [4,3,2]
    [21,B]:[5,1,3]->[5,2,3]
  Sectors:
    [1,1]->-,-,-,-
    [1,2]->-,-,-,-
    [1,3]->[13,B],[-11,*],[27,B],-
    [1,4]->-,-,-,-
    [1,5]->[24,M],-,-,-
    [2,1]->[5,J],[-9,W],[1,J],[9,J]
    [2,2]->[6,B],[25,B],[10,M],[26,M]
    [2,3]->[-8,Y],-,[12,J],[0,E]
    [2,4]->[4,J],[2,M],-,-
    [2,5]->-,[11,M],-,-
    [3,1]->-,[-3,Y],-,-
    [3,2]->[16,A],-,-,-
    [3,3]->[-1,O],-,-,-
    [3,4]->-,[14,M],[-5,W],-
    [3,5]->-,[-7,*],-,[17,J]
    [4,1]->[-10,Y],-,-,-
    [4,2]->-,[-4,*],-,-
    [4,3]->[20,J],[28,J],-,-
    [4,4]->-,[-6,Y],-,-
    [4,5]->[18,J],-,-,-
    [5,1]->-,-,-,-
    [5,2]->[23,J],[-2,Y],[21,B],-
    [5,3]->-,[22,J],-,-
    [5,4]->[3,J],-,-,-
    [5,5]->[19,B],-,-,-
  Descriptions:
    [-11,*]->Luminosity:5
    [-10,Y]->Luminosity:2
    [-9,W]->
    [-8,Y]->Luminosity:2
    [-7,*]->Luminosity:5
    [-6,Y]->Luminosity:2
    [-5,W]->
    [-4,*]->Luminosity:5
    [-3,Y]->Luminosity:2
    [-2,Y]->Luminosity:2
    [-1,O]->
    [0,E]->fuel:3/3, life:3/3, landed?:F
    [1,J]->fuel:3/5, load:0/2, actions_left_until_reproduction:0/2, turns_left:1
    [2,M]->fuel:2/3, actions_left_until_reproduction:0/1, turns_left:1
    [3,J]->fuel:4/5, load:0/2, actions_left_until_reproduction:1/2, turns_left:1
    [4,J]->fuel:4/5, load:0/2, actions_left_until_reproduction:1/2, turns_left:1
    [5,J]->fuel:5/5, load:0/2, actions_left_until_reproduction:1/2, turns_left:0
    [6,B]->fuel:1/3, actions_left_until_reproduction:1/1, turns_left:2
    [9,J]->fuel:4/5, load:0/2, actions_left_until_reproduction:1/2, turns_left:1
    [10,M]->fuel:2/3, actions_left_until_reproduction:1/1, turns_left:0
    [11,M]->fuel:2/3, actions_left_until_reproduction:0/1, turns_left:0
    [12,J]->fuel:5/5, load:0/2, actions_left_until_reproduction:1/2, turns_left:0
    [13,B]->fuel:3/3, actions_left_until_reproduction:1/1, turns_left:1
    [14,M]->fuel:2/3, actions_left_until_reproduction:0/1, turns_left:0
    [16,A]->turns_left:2
    [17,J]->fuel:5/5, load:0/2, actions_left_until_reproduction:1/2, turns_left:1
    [18,J]->fuel:4/5, load:0/2, actions_left_until_reproduction:0/2, turns_left:0
    [19,B]->fuel:2/3, actions_left_until_reproduction:0/1, turns_left:0
    [20,J]->fuel:2/5, load:0/2, actions_left_until_reproduction:2/2, turns_left:0
    [21,B]->fuel:3/3, actions_left_until_reproduction:0/1, turns_left:1
    [22,J]->fuel:4/5, load:0/2, actions_left_until_reproduction:0/2, turns_left:1
    [23,J]->fuel:5/5, load:0/2, actions_left_until_reproduction:1/2, turns_left:0
    [24,M]->fuel:2/3, actions_left_until_reproduction:0/1, turns_left:0
    [25,B]->fuel:3/3, actions_left_until_reproduction:1/1, turns_left:2
    [26,M]->fuel:3/3, actions_left_until_reproduction:1/1, turns_left:0
    [27,B]->fuel:3/3, actions_left_until_reproduction:1/1, turns_left:0
    [28,J]->fuel:5/5, load:0/2, actions_left_until_reproduction:2/2, turns_left:2
  Deaths This Turn:
    [8,J]->fuel:4/5, load:0/2, actions_left_until_reproduction:1/2, turns_left:N/A,
      Janitaur got devoured by blackhole (id: -1) at Sector:3:3
    (1:1)  (1:2)  (1:3)  (1:4)  (1:5)  
    ----   ----   B*B-   ----   M---   
    (2:1)  (2:2)  (2:3)  (2:4)  (2:5)  
    JWJJ   BBMM   Y-JE   JM--   -M--   
    (3:1)  (3:2)  (3:3)  (3:4)  (3:5)  
    -Y--   A---   O---   -MW-   -*-J   
    (4:1)  (4:2)  (4:3)  (4:4)  (4:5)  
    Y---   -*--   JJ--   -Y--   J---   
    (5:1)  (5:2)  (5:3)  (5:4)  (5:5)  
    ----   JYB-   -J--   J---   B---   
->liftoff
  state:11.1, mode:test, error
  Negative on that request:you are not on a planet at Sector:2:3
->move(W)
  state:11.2, mode:test, error
  Cannot transfer to new location as it is full.
->move(E)
  state:12.0, mode:test, ok
  Movement:
    [0,E]:[2,3,4]->[2,4,3]
    [5,J]:[2,1,1]->[1,1,1]
    [10,M]:[2,2,3]->[1,2,1]
    [11,M]:[2,5,2]->[2,4,4]
      attacked [0,E] at [2,4,3]
    [12,J]:[2,3,3]->[3,3,2]
    [14,M]:[3,4,2]->[3,5,1]
      reproduced [29,M] at [3,5,3]
    [18,J]:[4,5,1]->[5,1,1]
      reproduced [30,J] at [5,1,2]
    [19,B]:[5,5,1]->[1,5,2]
      reproduced [31,B] at [1,5,3]
      destroyed [24,M] at [1,5,1]
    [20,J]:[4,3,1]->[3,3,2]
    [23,J]:[5,2,1]->[4,3,1]
    [26,M]:[2,2,4]->[3,2,2]
    [27,B]:[1,3,3]->[1,4,1]
  Sectors:
    [1,1]->[5,J],-,-,-
    [1,2]->[10,M],-,-,-
    [1,3]->[13,B],[-11,*],-,-
    [1,4]->[27,B],-,-,-
    [1,5]->-,[19,B],[31,B],-
    [2,1]->-,[-9,W],[1,J],[9,J]
    [2,2]->[6,B],[25,B],-,-
    [2,3]->[-8,Y],-,-,-
    [2,4]->[4,J],[2,M],[0,E],[11,M]
    [2,5]->-,-,-,-
    [3,1]->-,[-3,Y],-,-
    [3,2]->[16,A],[26,M],-,-
    [3,3]->[-1,O],-,-,-
    [3,4]->-,-,[-5,W],-
    [3,5]->[14,M],[-7,*],[29,M],[17,J]
    [4,1]->[-10,Y],-,-,-
    [4,2]->-,[-4,*],-,-
    [4,3]->[23,J],[28,J],-,-
    [4,4]->-,[-6,Y],-,-
    [4,5]->-,-,-,-
    [5,1]->[18,J],[30,J],-,-
    [5,2]->-,[-2,Y],[21,B],-
    [5,3]->-,[22,J],-,-
    [5,4]->[3,J],-,-,-
    [5,5]->-,-,-,-
  Descriptions:
    [-11,*]->Luminosity:5
    [-10,Y]->Luminosity:2
    [-9,W]->
    [-8,Y]->Luminosity:2
    [-7,*]->Luminosity:5
    [-6,Y]->Luminosity:2
    [-5,W]->
    [-4,*]->Luminosity:5
    [-3,Y]->Luminosity:2
    [-2,Y]->Luminosity:2
    [-1,O]->
    [0,E]->fuel:2/3, life:2/3, landed?:F
    [1,J]->fuel:3/5, load:0/2, actions_left_until_reproduction:0/2, turns_left:0
    [2,M]->fuel:2/3, actions_left_until_reproduction:0/1, turns_left:0
    [3,J]->fuel:4/5, load:0/2, actions_left_until_reproduction:1/2, turns_left:0
    [4,J]->fuel:4/5, load:0/2, actions_left_until_reproduction:1/2, turns_left:0
    [5,J]->fuel:4/5, load:0/2, actions_left_until_reproduction:0/2, turns_left:0
    [6,B]->fuel:1/3, actions_left_until_reproduction:1/1, turns_left:1
    [9,J]->fuel:4/5, load:0/2, actions_left_until_reproduction:1/2, turns_left:0
    [10,M]->fuel:1/3, actions_left_until_reproduction:0/1, turns_left:1
    [11,M]->fuel:1/3, actions_left_until_reproduction:0/1, turns_left:1
    [13,B]->fuel:3/3, actions_left_until_reproduction:1/1, turns_left:0
    [14,M]->fuel:3/3, actions_left_until_reproduction:1/1, turns_left:1
    [16,A]->turns_left:1
    [17,J]->fuel:5/5, load:0/2, actions_left_until_reproduction:1/2, turns_left:0
    [18,J]->fuel:3/5, load:0/2, actions_left_until_reproduction:2/2, turns_left:1
    [19,B]->fuel:1/3, actions_left_until_reproduction:1/1, turns_left:1
    [21,B]->fuel:3/3, actions_left_until_reproduction:0/1, turns_left:0
    [22,J]->fuel:4/5, load:0/2, actions_left_until_reproduction:0/2, turns_left:0
    [23,J]->fuel:4/5, load:0/2, actions_left_until_reproduction:0/2, turns_left:1
    [25,B]->fuel:3/3, actions_left_until_reproduction:1/1, turns_left:1
    [26,M]->fuel:2/3, actions_left_until_reproduction:0/1, turns_left:1
    [27,B]->fuel:2/3, actions_left_until_reproduction:0/1, turns_left:2
    [28,J]->fuel:5/5, load:0/2, actions_left_until_reproduction:2/2, turns_left:1
    [29,M]->fuel:3/3, actions_left_until_reproduction:1/1, turns_left:2
    [30,J]->fuel:5/5, load:0/2, actions_left_until_reproduction:2/2, turns_left:0
    [31,B]->fuel:3/3, actions_left_until_reproduction:1/1, turns_left:0
  Deaths This Turn:
    [12,J]->fuel:4/5, load:0/2, actions_left_until_reproduction:1/2, turns_left:N/A,
      Janitaur got devoured by blackhole (id: -1) at Sector:3:3
    [24,M]->fuel:2/3, actions_left_until_reproduction:0/1, turns_left:N/A,
      Malevolent got destroyed by benign (id: 19) at Sector:1:5
    [20,J]->fuel:1/5, load:0/2, actions_left_until_reproduction:2/2, turns_left:N/A,
      Janitaur got devoured by blackhole (id: -1) at Sector:3:3
    (1:1)  (1:2)  (1:3)  (1:4)  (1:5)  
    J---   M---   B*--   B---   -BB-   
    (2:1)  (2:2)  (2:3)  (2:4)  (2:5)  
    -WJJ   BB--   Y---   JMEM   ----   
    (3:1)  (3:2)  (3:3)  (3:4)  (3:5)  
    -Y--   AM--   O---   --W-   M*MJ   
    (4:1)  (4:2)  (4:3)  (4:4)  (4:5)  
    Y---   -*--   JJ--   -Y--   ----   
    (5:1)  (5:2)  (5:3)  (5:4)  (5:5)  
    JJ--   -YB-   -J--   J---   ----   
->move(W)
  state:13.0, mode:test, ok
  Movement:
    [0,E]:[2,4,3]->[2,3,2]
    [1,J]:[2,1,3]
      reproduced [32,J] at [2,1,1]
    [2,M]:[2,4,2]->[1,3,3]
      reproduced [33,M] at [1,3,4]
    [3,J]:[5,4,1]->[4,3,3]
    [4,J]:[2,4,1]->[2,3,3]
    [5,J]:[1,1,1]->[1,5,1]
      reproduced [34,J] at [1,5,4]
    [9,J]:[2,1,4]->[1,2,2]
    [13,B]:[1,3,1]->[1,4,2]
    [17,J]:[3,5,4]->[2,5,1]
    [21,B]:[5,2,3]->[4,1,2]
      reproduced [35,B] at [4,1,3]
    [22,J]:[5,3,2]->[1,3,1]
    [30,J]:[5,1,2]
    [31,B]:[1,5,3]->[2,5,2]
  Sectors:
    [1,1]->-,-,-,-
    [1,2]->[10,M],[9,J],-,-
    [1,3]->[22,J],[-11,*],[2,M],[33,M]
    [1,4]->[27,B],[13,B],-,-
    [1,5]->[5,J],[19,B],-,[34,J]
    [2,1]->[32,J],[-9,W],[1,J],-
    [2,2]->[6,B],[25,B],-,-
    [2,3]->[-8,Y],[0,E],[4,J],-
    [2,4]->-,-,-,[11,M]
    [2,5]->[17,J],[31,B],-,-
    [3,1]->-,[-3,Y],-,-
    [3,2]->[16,A],[26,M],-,-
    [3,3]->[-1,O],-,-,-
    [3,4]->-,-,[-5,W],-
    [3,5]->[14,M],[-7,*],[29,M],-
    [4,1]->[-10,Y],[21,B],[35,B],-
    [4,2]->-,[-4,*],-,-
    [4,3]->[23,J],[28,J],[3,J],-
    [4,4]->-,[-6,Y],-,-
    [4,5]->-,-,-,-
    [5,1]->[18,J],[30,J],-,-
    [5,2]->-,[-2,Y],-,-
    [5,3]->-,-,-,-
    [5,4]->-,-,-,-
    [5,5]->-,-,-,-
  Descriptions:
    [-11,*]->Luminosity:5
    [-10,Y]->Luminosity:2
    [-9,W]->
    [-8,Y]->Luminosity:2
    [-7,*]->Luminosity:5
    [-6,Y]->Luminosity:2
    [-5,W]->
    [-4,*]->Luminosity:5
    [-3,Y]->Luminosity:2
    [-2,Y]->Luminosity:2
    [-1,O]->
    [0,E]->fuel:3/3, life:2/3, landed?:F
    [1,J]->fuel:3/5, load:0/2, actions_left_until_reproduction:2/2, turns_left:1
    [2,M]->fuel:3/3, actions_left_until_reproduction:1/1, turns_left:1
    [3,J]->fuel:3/5, load:0/2, actions_left_until_reproduction:0/2, turns_left:1
    [4,J]->fuel:5/5, load:0/2, actions_left_until_reproduction:0/2, turns_left:2
    [5,J]->fuel:3/5, load:0/2, actions_left_until_reproduction:2/2, turns_left:1
    [6,B]->fuel:1/3, actions_left_until_reproduction:1/1, turns_left:0
    [9,J]->fuel:3/5, load:0/2, actions_left_until_reproduction:0/2, turns_left:1
    [10,M]->fuel:1/3, actions_left_until_reproduction:0/1, turns_left:0
    [11,M]->fuel:1/3, actions_left_until_reproduction:0/1, turns_left:0
    [13,B]->fuel:2/3, actions_left_until_reproduction:0/1, turns_left:2
    [14,M]->fuel:3/3, actions_left_until_reproduction:1/1, turns_left:0
    [16,A]->turns_left:0
    [17,J]->fuel:4/5, load:0/2, actions_left_until_reproduction:0/2, turns_left:1
    [18,J]->fuel:3/5, load:0/2, actions_left_until_reproduction:2/2, turns_left:0
    [19,B]->fuel:1/3, actions_left_until_reproduction:1/1, turns_left:0
    [21,B]->fuel:3/3, actions_left_until_reproduction:1/1, turns_left:0
    [22,J]->fuel:5/5, load:0/2, actions_left_until_reproduction:0/2, turns_left:0
    [23,J]->fuel:4/5, load:0/2, actions_left_until_reproduction:0/2, turns_left:0
    [25,B]->fuel:3/3, actions_left_until_reproduction:1/1, turns_left:0
    [26,M]->fuel:2/3, actions_left_until_reproduction:0/1, turns_left:0
    [27,B]->fuel:2/3, actions_left_until_reproduction:0/1, turns_left:1
    [28,J]->fuel:5/5, load:0/2, actions_left_until_reproduction:2/2, turns_left:0
    [29,M]->fuel:3/3, actions_left_until_reproduction:1/1, turns_left:1
    [30,J]->fuel:5/5, load:0/2, actions_left_until_reproduction:1/2, turns_left:1
    [31,B]->fuel:2/3, actions_left_until_reproduction:0/1, turns_left:2
    [32,J]->fuel:5/5, load:0/2, actions_left_until_reproduction:2/2, turns_left:0
    [33,M]->fuel:3/3, actions_left_until_reproduction:1/1, turns_left:2
    [34,J]->fuel:5/5, load:0/2, actions_left_until_reproduction:2/2, turns_left:1
    [35,B]->fuel:3/3, actions_left_until_reproduction:1/1, turns_left:0
  Deaths This Turn:none
    (1:1)  (1:2)  (1:3)  (1:4)  (1:5)  
    ----   MJ--   J*MM   BB--   JB-J   
    (2:1)  (2:2)  (2:3)  (2:4)  (2:5)  
    JWJ-   BB--   YEJ-   ---M   JB--   
    (3:1)  (3:2)  (3:3)  (3:4)  (3:5)  
    -Y--   AM--   O---   --W-   M*M-   
    (4:1)  (4:2)  (4:3)  (4:4)  (4:5)  
    YBB-   -*--   JJJ-   -Y--   ----   
    (5:1)  (5:2)  (5:3)  (5:4)  (5:5)  
    JJ--   -Y--   ----   ----   ----   
->pass
  state:14.0, mode:test, ok
  Movement:
    [6,B]:[2,2,1]->[1,1,1]
    [10,M]:[1,2,1]->[1,1,1]
    [11,M]:[2,4,4]->[2,5,3]
    [14,M]:[3,5,1]->[3,4,1]
    [16,A]:[3,2,1]->[4,2,1]
    [18,J]:[5,1,1]->[1,5,3]
    [19,B]:[1,5,2]->[2,5,3]
    [21,B]:[4,1,2]->[4,2,3]
    [22,J]:[1,3,1]->[2,2,1]
      reproduced [36,J] at [2,2,3]
    [23,J]:[4,3,1]->[3,2,1]
      reproduced [37,J] at [3,2,3]
    [25,B]:[2,2,2]->[3,2,4]
      destroyed [26,M] at [3,2,2]
    [28,J]:[4,3,2]->[4,2,4]
      destroyed [16,A] at [4,2,1]
    [32,J]:[2,1,1]->[1,5,2]
    [35,B]:[4,1,3]->[4,2,1]
  Sectors:
    [1,1]->-,-,-,-
    [1,2]->-,[9,J],-,-
    [1,3]->-,[-11,*],[2,M],[33,M]
    [1,4]->[27,B],[13,B],-,-
    [1,5]->[5,J],[32,J],[18,J],[34,J]
    [2,1]->-,[-9,W],[1,J],-
    [2,2]->[22,J],-,[36,J],-
    [2,3]->[-8,Y],[0,E],[4,J],-
    [2,4]->-,-,-,-
    [2,5]->[17,J],[31,B],-,-
    [3,1]->-,[-3,Y],-,-
    [3,2]->[23,J],-,[37,J],[25,B]
    [3,3]->[-1,O],-,-,-
    [3,4]->[14,M],-,[-5,W],-
    [3,5]->-,[-7,*],[29,M],-
    [4,1]->[-10,Y],-,-,-
    [4,2]->[35,B],[-4,*],[21,B],[28,J]
    [4,3]->-,-,[3,J],-
    [4,4]->-,[-6,Y],-,-
    [4,5]->-,-,-,-
    [5,1]->-,[30,J],-,-
    [5,2]->-,[-2,Y],-,-
    [5,3]->-,-,-,-
    [5,4]->-,-,-,-
    [5,5]->-,-,-,-
  Descriptions:
    [-11,*]->Luminosity:5
    [-10,Y]->Luminosity:2
    [-9,W]->
    [-8,Y]->Luminosity:2
    [-7,*]->Luminosity:5
    [-6,Y]->Luminosity:2
    [-5,W]->
    [-4,*]->Luminosity:5
    [-3,Y]->Luminosity:2
    [-2,Y]->Luminosity:2
    [-1,O]->
    [0,E]->fuel:3/3, life:2/3, landed?:F
    [1,J]->fuel:3/5, load:0/2, actions_left_until_reproduction:2/2, turns_left:0
    [2,M]->fuel:3/3, actions_left_until_reproduction:1/1, turns_left:0
    [3,J]->fuel:3/5, load:0/2, actions_left_until_reproduction:0/2, turns_left:0
    [4,J]->fuel:5/5, load:0/2, actions_left_until_reproduction:0/2, turns_left:1
    [5,J]->fuel:3/5, load:0/2, actions_left_until_reproduction:2/2, turns_left:0
    [9,J]->fuel:3/5, load:0/2, actions_left_until_reproduction:0/2, turns_left:0
    [13,B]->fuel:2/3, actions_left_until_reproduction:0/1, turns_left:1
    [14,M]->fuel:2/3, actions_left_until_reproduction:0/1, turns_left:0
    [17,J]->fuel:4/5, load:0/2, actions_left_until_reproduction:0/2, turns_left:0
    [18,J]->fuel:2/5, load:0/2, actions_left_until_reproduction:1/2, turns_left:1
    [21,B]->fuel:3/3, actions_left_until_reproduction:0/1, turns_left:1
    [22,J]->fuel:4/5, load:0/2, actions_left_until_reproduction:2/2, turns_left:2
    [23,J]->fuel:3/5, load:0/2, actions_left_until_reproduction:2/2, turns_left:1
    [25,B]->fuel:2/3, actions_left_until_reproduction:0/1, turns_left:0
    [27,B]->fuel:2/3, actions_left_until_reproduction:0/1, turns_left:0
    [28,J]->fuel:5/5, load:1/2, actions_left_until_reproduction:1/2, turns_left:2
    [29,M]->fuel:3/3, actions_left_until_reproduction:1/1, turns_left:0
    [30,J]->fuel:5/5, load:0/2, actions_left_until_reproduction:1/2, turns_left:0
    [31,B]->fuel:2/3, actions_left_until_reproduction:0/1, turns_left:1
    [32,J]->fuel:4/5, load:0/2, actions_left_until_reproduction:1/2, turns_left:0
    [33,M]->fuel:3/3, actions_left_until_reproduction:1/1, turns_left:1
    [34,J]->fuel:5/5, load:0/2, actions_left_until_reproduction:2/2, turns_left:0
    [35,B]->fuel:3/3, actions_left_until_reproduction:0/1, turns_left:0
    [36,J]->fuel:5/5, load:0/2, actions_left_until_reproduction:2/2, turns_left:2
    [37,J]->fuel:5/5, load:0/2, actions_left_until_reproduction:2/2, turns_left:0
  Deaths This Turn:
    [6,B]->fuel:0/3, actions_left_until_reproduction:1/1, turns_left:N/A,
      Benign got lost in space - out of fuel at Sector:1:1
    [10,M]->fuel:0/3, actions_left_until_reproduction:0/1, turns_left:N/A,
      Malevolent got lost in space - out of fuel at Sector:1:1
    [11,M]->fuel:0/3, actions_left_until_reproduction:0/1, turns_left:N/A,
      Malevolent got lost in space - out of fuel at Sector:2:5
    [19,B]->fuel:0/3, actions_left_until_reproduction:1/1, turns_left:N/A,
      Benign got lost in space - out of fuel at Sector:2:5
    [26,M]->fuel:2/3, actions_left_until_reproduction:0/1, turns_left:N/A,
      Malevolent got destroyed by benign (id: 25) at Sector:3:2
    [16,A]->turns_left:N/A,
      Asteroid got imploded by janitaur (id: 28) at Sector:4:2
    (1:1)  (1:2)  (1:3)  (1:4)  (1:5)  
    ----   -J--   -*MM   BB--   JJJJ   
    (2:1)  (2:2)  (2:3)  (2:4)  (2:5)  
    -WJ-   J-J-   YEJ-   ----   JB--   
    (3:1)  (3:2)  (3:3)  (3:4)  (3:5)  
    -Y--   J-JB   O---   M-W-   -*M-   
    (4:1)  (4:2)  (4:3)  (4:4)  (4:5)  
    Y---   B*BJ   --J-   -Y--   ----   
    (5:1)  (5:2)  (5:3)  (5:4)  (5:5)  
    -J--   -Y--   ----   ----   ----   
->play
  state:14.1, mode:test, error
  To start a new mission, please abort the current one first.
->abort
  state:14.2, ok
  Mission aborted. Try test(3,5,7,15,30)
->move(NE)
  state:14.3, error
  Negative on that request:no mission in progress.
->move(NE)
  state:14.4, error
  Negative on that request:no mission in progress.
->move(N)
  state:14.5, error
  Negative on that request:no mission in progress.
->wormhole
  state:14.6, error
  Negative on that request:no mission in progress.
->move(NE)
  state:14.7, error
  Negative on that request:no mission in progress.
->move(SE)
  state:14.8, error
  Negative on that request:no mission in progress.
->move(NE)
  state:14.9, error
  Negative on that request:no mission in progress.
