  state:0.0, ok
  Welcome! Try test(3,5,7,15,30)
->move(E)
  state:0.1, error
  Negative on that request:no mission in progress.
->move(NE)
  state:0.2, error
  Negative on that request:no mission in progress.
->move(S)
  state:0.3, error
  Negative on that request:no mission in progress.
->move(SW)
  state:0.4, error
  Negative on that request:no mission in progress.
->move(SW)
  state:0.5, error
  Negative on that request:no mission in progress.
->move(W)
  state:0.6, error
  Negative on that request:no mission in progress.
->move(NW)
  state:0.7, error
  Negative on that request:no mission in progress.
->move(E)
  state:0.8, error
  Negative on that request:no mission in progress.
->move(S)
  state:0.9, error
  Negative on that request:no mission in progress.
->move(N)
  state:0.10, error
  Negative on that request:no mission in progress.
->play
  state:1.0, mode:play, ok
  Movement:none
    (1:1)  (1:2)  (1:3)  (1:4)  (1:5)  
    E---   *---   P---   ----   PP--   
    (2:1)  (2:2)  (2:3)  (2:4)  (2:5)  
    ----   ----   W---   ----   P---   
    (3:1)  (3:2)  (3:3)  (3:4)  (3:5)  
    MY--   ----   O---   PW--   ----   
    (4:1)  (4:2)  (4:3)  (4:4)  (4:5)  
    W---   M*--   P---   P*--   ----   
    (5:1)  (5:2)  (5:3)  (5:4)  (5:5)  
    BW--   ----   *---   ----   PW--   
->move(W)
  state:2.0, mode:play, ok
  Movement:
    [0,E]:[1,1,1]->[1,5,3]
    [3,P]:[1,5,2]->[5,4,1]
    [8,P]:[4,3,1]->[3,2,1]
    (1:1)  (1:2)  (1:3)  (1:4)  (1:5)  
    ----   *---   P---   ----   P-E-   
    (2:1)  (2:2)  (2:3)  (2:4)  (2:5)  
    ----   ----   W---   ----   P---   
    (3:1)  (3:2)  (3:3)  (3:4)  (3:5)  
    MY--   P---   O---   PW--   ----   
    (4:1)  (4:2)  (4:3)  (4:4)  (4:5)  
    W---   M*--   ----   P*--   ----   
    (5:1)  (5:2)  (5:3)  (5:4)  (5:5)  
    BW--   ----   *---   P---   PW--   
->abort
  state:2.1, ok
  Mission aborted. Try test(3,5,7,15,30)
->move(W)
  state:2.2, error
  Negative on that request:no mission in progress.
->move(SE)
  state:2.3, error
  Negative on that request:no mission in progress.
->move(E)
  state:2.4, error
  Negative on that request:no mission in progress.
->land
  state:2.5, error
  Negative on that request:no mission in progress.
->test(2,34,40,44,27)
  state:2.6, error
  Thresholds should be non-decreasing order.
->move(SW)
  state:2.7, error
  Negative on that request:no mission in progress.
->move(NW)
  state:2.8, error
  Negative on that request:no mission in progress.
->move(NW)
  state:2.9, error
  Negative on that request:no mission in progress.
->move(E)
  state:2.10, error
  Negative on that request:no mission in progress.
->move(N)
  state:2.11, error
  Negative on that request:no mission in progress.
->pass
  state:2.12, error
  Negative on that request:no mission in progress.
->move(E)
  state:2.13, error
  Negative on that request:no mission in progress.
->move(SE)
  state:2.14, error
  Negative on that request:no mission in progress.
->move(SW)
  state:2.15, error
  Negative on that request:no mission in progress.
->land
  state:2.16, error
  Negative on that request:no mission in progress.
->move(NE)
  state:2.17, error
  Negative on that request:no mission in progress.
->land
  state:2.18, error
  Negative on that request:no mission in progress.
->move(NE)
  state:2.19, error
  Negative on that request:no mission in progress.
->move(S)
  state:2.20, error
  Negative on that request:no mission in progress.
->pass
  state:2.21, error
  Negative on that request:no mission in progress.
->move(S)
  state:2.22, error
  Negative on that request:no mission in progress.
->move(SE)
  state:2.23, error
  Negative on that request:no mission in progress.
->test(2,28,43,34,33)
  state:2.24, error
  Thresholds should be non-decreasing order.
->move(W)
  state:2.25, error
  Negative on that request:no mission in progress.
->pass
  state:2.26, error
  Negative on that request:no mission in progress.
->move(S)
  state:2.27, error
  Negative on that request:no mission in progress.
->move(N)
  state:2.28, error
  Negative on that request:no mission in progress.
->land
  state:2.29, error
  Negative on that request:no mission in progress.
->test(19,24,43,39,29)
  state:2.30, error
  Thresholds should be non-decreasing order.
->move(NW)
  state:2.31, error
  Negative on that request:no mission in progress.
->move(SW)
  state:2.32, error
  Negative on that request:no mission in progress.
->liftoff
  state:2.33, error
  Negative on that request:no mission in progress.
->move(E)
  state:2.34, error
  Negative on that request:no mission in progress.
->land
  state:2.35, error
  Negative on that request:no mission in progress.
->move(W)
  state:2.36, error
  Negative on that request:no mission in progress.
->liftoff
  state:2.37, error
  Negative on that request:no mission in progress.
->land
  state:2.38, error
  Negative on that request:no mission in progress.
->move(SW)
  state:2.39, error
  Negative on that request:no mission in progress.
->move(S)
  state:2.40, error
  Negative on that request:no mission in progress.
->move(W)
  state:2.41, error
  Negative on that request:no mission in progress.
->move(N)
  state:2.42, error
  Negative on that request:no mission in progress.
->move(NW)
  state:2.43, error
  Negative on that request:no mission in progress.
->move(N)
  state:2.44, error
  Negative on that request:no mission in progress.
->move(W)
  state:2.45, error
  Negative on that request:no mission in progress.
->pass
  state:2.46, error
  Negative on that request:no mission in progress.
->land
  state:2.47, error
  Negative on that request:no mission in progress.
->abort
  state:2.48, error
  Negative on that request:no mission in progress.
->move(NE)
  state:2.49, error
  Negative on that request:no mission in progress.
->move(S)
  state:2.50, error
  Negative on that request:no mission in progress.
->move(W)
  state:2.51, error
  Negative on that request:no mission in progress.
->move(SW)
  state:2.52, error
  Negative on that request:no mission in progress.
->test(7,21,45,21,52)
  state:2.53, error
  Thresholds should be non-decreasing order.
->test(26,10,30,49,32)
  state:2.54, error
  Thresholds should be non-decreasing order.
->test(25,29,38,39,31)
  state:2.55, error
  Thresholds should be non-decreasing order.
->move(W)
  state:2.56, error
  Negative on that request:no mission in progress.
->move(SE)
  state:2.57, error
  Negative on that request:no mission in progress.
->move(W)
  state:2.58, error
  Negative on that request:no mission in progress.
->pass
  state:2.59, error
  Negative on that request:no mission in progress.
->move(W)
  state:2.60, error
  Negative on that request:no mission in progress.
->land
  state:2.61, error
  Negative on that request:no mission in progress.
->move(SE)
  state:2.62, error
  Negative on that request:no mission in progress.
->move(NW)
  state:2.63, error
  Negative on that request:no mission in progress.
->move(W)
  state:2.64, error
  Negative on that request:no mission in progress.
->move(W)
  state:2.65, error
  Negative on that request:no mission in progress.
->move(N)
  state:2.66, error
  Negative on that request:no mission in progress.
->move(NW)
  state:2.67, error
  Negative on that request:no mission in progress.
->wormhole
  state:2.68, error
  Negative on that request:no mission in progress.
->move(NW)
  state:2.69, error
  Negative on that request:no mission in progress.
->move(SW)
  state:2.70, error
  Negative on that request:no mission in progress.
->land
  state:2.71, error
  Negative on that request:no mission in progress.
->move(W)
  state:2.72, error
  Negative on that request:no mission in progress.
->move(W)
  state:2.73, error
  Negative on that request:no mission in progress.
->move(W)
  state:2.74, error
  Negative on that request:no mission in progress.
->move(W)
  state:2.75, error
  Negative on that request:no mission in progress.
->move(E)
  state:2.76, error
  Negative on that request:no mission in progress.
->pass
  state:2.77, error
  Negative on that request:no mission in progress.
->move(SE)
  state:2.78, error
  Negative on that request:no mission in progress.
->liftoff
  state:2.79, error
  Negative on that request:no mission in progress.
->move(SE)
  state:2.80, error
  Negative on that request:no mission in progress.
->move(NE)
  state:2.81, error
  Negative on that request:no mission in progress.
->move(NW)
  state:2.82, error
  Negative on that request:no mission in progress.
->move(SE)
  state:2.83, error
  Negative on that request:no mission in progress.
->move(W)
  state:2.84, error
  Negative on that request:no mission in progress.
->move(SE)
  state:2.85, error
  Negative on that request:no mission in progress.
