  state:0.0, ok
  Welcome! Try test(3,5,7,15,30)
->move(E)
  state:0.1, error
  Negative on that request:no mission in progress.
->move(SW)
  state:0.2, error
  Negative on that request:no mission in progress.
->land
  state:0.3, error
  Negative on that request:no mission in progress.
->abort
  state:0.4, error
  Negative on that request:no mission in progress.
->test(27,4,26,38,50)
  state:0.5, error
  Thresholds should be non-decreasing order.
->liftoff
  state:0.6, error
  Negative on that request:no mission in progress.
->abort
  state:0.7, error
  Negative on that request:no mission in progress.
->play
  state:1.0, mode:play, ok
  Movement:none
    (1:1)  (1:2)  (1:3)  (1:4)  (1:5)  
    E---   *---   P---   ----   PP--   
    (2:1)  (2:2)  (2:3)  (2:4)  (2:5)  
    ----   ----   W---   ----   P---   
    (3:1)  (3:2)  (3:3)  (3:4)  (3:5)  
    MY--   ----   O---   PW--   ----   
    (4:1)  (4:2)  (4:3)  (4:4)  (4:5)  
    W---   M*--   P---   P*--   ----   
    (5:1)  (5:2)  (5:3)  (5:4)  (5:5)  
    BW--   ----   *---   ----   PW--   
->move(S)
  state:2.0, mode:play, ok
  Movement:
    [0,E]:[1,1,1]->[2,1,1]
    [3,P]:[1,5,2]->[5,4,1]
    [8,P]:[4,3,1]->[3,2,1]
    (1:1)  (1:2)  (1:3)  (1:4)  (1:5)  
    ----   *---   P---   ----   P---   
    (2:1)  (2:2)  (2:3)  (2:4)  (2:5)  
    E---   ----   W---   ----   P---   
    (3:1)  (3:2)  (3:3)  (3:4)  (3:5)  
    MY--   P---   O---   PW--   ----   
    (4:1)  (4:2)  (4:3)  (4:4)  (4:5)  
    W---   M*--   ----   P*--   ----   
    (5:1)  (5:2)  (5:3)  (5:4)  (5:5)  
    BW--   ----   *---   P---   PW--   
->move(NW)
  state:3.0, mode:play, ok
  Movement:
    [0,E]:[2,1,1]->[1,5,2]
    [5,M]:[3,1,1]->[3,5,1]
    [8,P]:[3,2,1]->[2,1,1]
    [10,B]:[5,1,1]->[5,2,1]
    (1:1)  (1:2)  (1:3)  (1:4)  (1:5)  
    ----   *---   P---   ----   PE--   
    (2:1)  (2:2)  (2:3)  (2:4)  (2:5)  
    P---   ----   W---   ----   P---   
    (3:1)  (3:2)  (3:3)  (3:4)  (3:5)  
    -Y--   ----   O---   PW--   M---   
    (4:1)  (4:2)  (4:3)  (4:4)  (4:5)  
    W---   M*--   ----   P*--   ----   
    (5:1)  (5:2)  (5:3)  (5:4)  (5:5)  
    -W--   B---   *---   P---   PW--   
->move(W)
  state:4.0, mode:play, ok
  Explorer got lost in space - out of fuel at Sector:1:4
  The game has ended. You can start a new game.
  Movement:
    [0,E]:[1,5,2]->[1,4,1]
    [1,P]:[1,3,1]->[2,4,1]
    [2,P]:[1,5,1]->[2,5,2]
    [4,P]:[2,5,1]->[2,4,2]
    [6,P]:[3,4,1]->[2,3,2]
    [7,M]:[4,2,1]->[5,1,1]
    [10,B]:[5,2,1]->[5,1,3]
      reproduced [12,B] at [5,1,4]
      destroyed [7,M] at [5,1,1]
    [11,P]:[5,5,1]->[4,4,3]
    (1:1)  (1:2)  (1:3)  (1:4)  (1:5)  
    ----   *---   ----   ----   ----   
    (2:1)  (2:2)  (2:3)  (2:4)  (2:5)  
    P---   ----   WP--   PP--   -P--   
    (3:1)  (3:2)  (3:3)  (3:4)  (3:5)  
    -Y--   ----   O---   -W--   M---   
    (4:1)  (4:2)  (4:3)  (4:4)  (4:5)  
    W---   -*--   ----   P*P-   ----   
    (5:1)  (5:2)  (5:3)  (5:4)  (5:5)  
    -WBB   ----   *---   P---   -W--   
->move(NW)
  state:4.1, error
  Negative on that request:no mission in progress.
->pass
  state:4.2, error
  Negative on that request:no mission in progress.
->move(SE)
  state:4.3, error
  Negative on that request:no mission in progress.
->move(N)
  state:4.4, error
  Negative on that request:no mission in progress.
->move(SW)
  state:4.5, error
  Negative on that request:no mission in progress.
->move(S)
  state:4.6, error
  Negative on that request:no mission in progress.
->move(N)
  state:4.7, error
  Negative on that request:no mission in progress.
->test(12,28,30,34,28)
  state:4.8, error
  Thresholds should be non-decreasing order.
->play
  state:5.0, mode:play, ok
  Movement:none
    (1:1)  (1:2)  (1:3)  (1:4)  (1:5)  
    EW--   *---   P---   ----   A*--   
    (2:1)  (2:2)  (2:3)  (2:4)  (2:5)  
    B*--   *---   P---   P---   ----   
    (3:1)  (3:2)  (3:3)  (3:4)  (3:5)  
    Y---   ----   O---   B---   ----   
    (4:1)  (4:2)  (4:3)  (4:4)  (4:5)  
    ----   P---   P*--   ----   P---   
    (5:1)  (5:2)  (5:3)  (5:4)  (5:5)  
    *---   *---   P---   ----   *---   
->move(NW)
  state:6.0, mode:play, ok
  Explorer got destroyed by asteroid (id: 2) at Sector:5:5
  The game has ended. You can start a new game.
  Movement:
    [0,E]:[1,1,1]->[5,5,2]
    [2,A]:[1,5,1]->[5,5,3]
      destroyed [0,E] at [5,5,2]
    [7,P]:[4,2,1]->[3,2,1]
    [10,P]:[5,3,1]->[1,2,2]
    (1:1)  (1:2)  (1:3)  (1:4)  (1:5)  
    -W--   *P--   P---   ----   -*--   
    (2:1)  (2:2)  (2:3)  (2:4)  (2:5)  
    B*--   *---   P---   P---   ----   
    (3:1)  (3:2)  (3:3)  (3:4)  (3:5)  
    Y---   P---   O---   B---   ----   
    (4:1)  (4:2)  (4:3)  (4:4)  (4:5)  
    ----   ----   P*--   ----   P---   
    (5:1)  (5:2)  (5:3)  (5:4)  (5:5)  
    *---   *---   ----   ----   *-A-   
->move(NW)
  state:6.1, error
  Negative on that request:no mission in progress.
->wormhole
  state:6.2, error
  Negative on that request:no mission in progress.
->move(W)
  state:6.3, error
  Negative on that request:no mission in progress.
->move(SE)
  state:6.4, error
  Negative on that request:no mission in progress.
->play
  state:7.0, mode:play, ok
  Movement:none
    (1:1)  (1:2)  (1:3)  (1:4)  (1:5)  
    EBW-   P---   P---   ----   ----   
    (2:1)  (2:2)  (2:3)  (2:4)  (2:5)  
    PPB-   P---   PW--   *---   B---   
    (3:1)  (3:2)  (3:3)  (3:4)  (3:5)  
    P---   *---   O---   W---   Y---   
    (4:1)  (4:2)  (4:3)  (4:4)  (4:5)  
    B---   B---   ----   BB*-   JY--   
    (5:1)  (5:2)  (5:3)  (5:4)  (5:5)  
    B---   P---   PY--   W---   B---   
->move(NE)
  state:8.0, mode:play, ok
  Movement:
    [0,E]:[1,1,1]->[5,2,2]
    [7,P]:[2,2,1]->[3,2,2]
    [8,P]:[2,3,1]->[3,3,2]
    [9,B]:[2,5,1]->[1,5,1]
    [10,P]:[3,1,1]->[4,5,3]
    [11,B]:[4,1,1]->[4,2,2]
    [14,B]:[4,4,2]->[5,3,3]
    [17,P]:[5,2,1]->[5,3,4]
    [19,B]:[5,5,1]->[1,4,1]
    (1:1)  (1:2)  (1:3)  (1:4)  (1:5)  
    -BW-   P---   P---   B---   B---   
    (2:1)  (2:2)  (2:3)  (2:4)  (2:5)  
    PPB-   ----   -W--   *---   ----   
    (3:1)  (3:2)  (3:3)  (3:4)  (3:5)  
    ----   *P--   O---   W---   Y---   
    (4:1)  (4:2)  (4:3)  (4:4)  (4:5)  
    ----   BB--   ----   B-*-   JYP-   
    (5:1)  (5:2)  (5:3)  (5:4)  (5:5)  
    B---   -E--   PYBP   W---   ----   
->land
  state:8.1, mode:play, error
  Negative on that request:no yellow dwarf at Sector:5:2
