  state:0.0, ok
  Welcome! Try test(3,5,7,15,30)
->abort
  state:0.1, error
  Negative on that request:no mission in progress.
->move(N)
  state:0.2, error
  Negative on that request:no mission in progress.
->test(49,62,62,69,69)
  state:1.0, mode:test, ok
  Movement:none
  Sectors:
    [1,1]->[0,E],[1,J],-,-
    [1,2]->[2,A],[3,A],[-11,Y],-
    [1,3]->[4,J],[5,A],-,-
    [1,4]->[6,A],-,-,-
    [1,5]->[-3,W],-,-,-
    [2,1]->-,-,-,-
    [2,2]->[7,A],[-9,Y],-,-
    [2,3]->[8,B],[9,A],[10,A],[-4,W]
    [2,4]->-,-,-,-
    [2,5]->[11,J],[12,A],[13,B],[-7,*]
    [3,1]->[14,A],[15,A],-,-
    [3,2]->[16,A],-,-,-
    [3,3]->[-1,O],-,-,-
    [3,4]->[-6,W],-,-,-
    [3,5]->[17,B],[-10,W],-,-
    [4,1]->[18,B],[19,B],-,-
    [4,2]->[20,A],[21,B],-,-
    [4,3]->-,-,-,-
    [4,4]->-,-,-,-
    [4,5]->[22,B],-,-,-
    [5,1]->[23,A],[24,A],-,-
    [5,2]->[25,A],[-8,Y],-,-
    [5,3]->[26,J],[27,A],[-5,W],-
    [5,4]->[28,A],[-2,Y],-,-
    [5,5]->[29,A],[30,A],-,-
  Descriptions:
    [-11,Y]->Luminosity:2
    [-10,W]->
    [-9,Y]->Luminosity:2
    [-8,Y]->Luminosity:2
    [-7,*]->Luminosity:5
    [-6,W]->
    [-5,W]->
    [-4,W]->
    [-3,W]->
    [-2,Y]->Luminosity:2
    [-1,O]->
    [0,E]->fuel:3/3, life:3/3, landed?:F
    [1,J]->fuel:5/5, load:0/2, actions_left_until_reproduction:2/2, turns_left:1
    [2,A]->turns_left:0
    [3,A]->turns_left:1
    [4,J]->fuel:5/5, load:0/2, actions_left_until_reproduction:2/2, turns_left:0
    [5,A]->turns_left:0
    [6,A]->turns_left:0
    [7,A]->turns_left:0
    [8,B]->fuel:3/3, actions_left_until_reproduction:1/1, turns_left:1
    [9,A]->turns_left:0
    [10,A]->turns_left:1
    [11,J]->fuel:5/5, load:0/2, actions_left_until_reproduction:2/2, turns_left:1
    [12,A]->turns_left:2
    [13,B]->fuel:3/3, actions_left_until_reproduction:1/1, turns_left:1
    [14,A]->turns_left:2
    [15,A]->turns_left:2
    [16,A]->turns_left:0
    [17,B]->fuel:3/3, actions_left_until_reproduction:1/1, turns_left:0
    [18,B]->fuel:3/3, actions_left_until_reproduction:1/1, turns_left:2
    [19,B]->fuel:3/3, actions_left_until_reproduction:1/1, turns_left:1
    [20,A]->turns_left:0
    [21,B]->fuel:3/3, actions_left_until_reproduction:1/1, turns_left:0
    [22,B]->fuel:3/3, actions_left_until_reproduction:1/1, turns_left:1
    [23,A]->turns_left:0
    [24,A]->turns_left:0
    [25,A]->turns_left:2
    [26,J]->fuel:5/5, load:0/2, actions_left_until_reproduction:2/2, turns_left:1
    [27,A]->turns_left:1
    [28,A]->turns_left:2
    [29,A]->turns_left:2
    [30,A]->turns_left:2
  Deaths This Turn:none
    (1:1)  (1:2)  (1:3)  (1:4)  (1:5)  
    EJ--   AAY-   JA--   A---   W---   
    (2:1)  (2:2)  (2:3)  (2:4)  (2:5)  
    ----   AY--   BAAW   ----   JAB*   
    (3:1)  (3:2)  (3:3)  (3:4)  (3:5)  
    AA--   A---   O---   W---   BW--   
    (4:1)  (4:2)  (4:3)  (4:4)  (4:5)  
    BB--   AB--   ----   ----   B---   
    (5:1)  (5:2)  (5:3)  (5:4)  (5:5)  
    AA--   AY--   JAW-   AY--   AA--   
->move(SE)
  state:2.0, mode:test, ok
  Movement:
    [0,E]:[1,1,1]->[2,2,3]
    [2,A]:[1,2,1]->[1,1,1]
      destroyed [1,J] at [1,1,2]
    [4,J]:[1,3,1]->[5,2,3]
      destroyed [25,A] at [5,2,1]
    [5,A]:[1,3,2]->[5,2,1]
      destroyed [4,J] at [5,2,3]
    [6,A]:[1,4,1]
    [7,A]:[2,2,1]->[3,2,2]
    [9,A]:[2,3,2]->[3,4,2]
    [16,A]:[3,2,1]->[4,2,3]
      destroyed [21,B] at [4,2,2]
    [17,B]:[3,5,1]->[3,2,1]
    [20,A]:[4,2,1]->[3,2,3]
      destroyed [17,B] at [3,2,1]
    [23,A]:[5,1,1]->[4,5,2]
      destroyed [22,B] at [4,5,1]
    [24,A]:[5,1,2]->[4,1,3]
      destroyed [18,B] at [4,1,1]
      destroyed [19,B] at [4,1,2]
  Sectors:
    [1,1]->[2,A],-,-,-
    [1,2]->-,[3,A],[-11,Y],-
    [1,3]->-,-,-,-
    [1,4]->[6,A],-,-,-
    [1,5]->[-3,W],-,-,-
    [2,1]->-,-,-,-
    [2,2]->-,[-9,Y],[0,E],-
    [2,3]->[8,B],-,[10,A],[-4,W]
    [2,4]->-,-,-,-
    [2,5]->[11,J],[12,A],[13,B],[-7,*]
    [3,1]->[14,A],[15,A],-,-
    [3,2]->-,[7,A],[20,A],-
    [3,3]->[-1,O],-,-,-
    [3,4]->[-6,W],[9,A],-,-
    [3,5]->-,[-10,W],-,-
    [4,1]->-,-,[24,A],-
    [4,2]->-,-,[16,A],-
    [4,3]->-,-,-,-
    [4,4]->-,-,-,-
    [4,5]->-,[23,A],-,-
    [5,1]->-,-,-,-
    [5,2]->[5,A],[-8,Y],-,-
    [5,3]->[26,J],[27,A],[-5,W],-
    [5,4]->[28,A],[-2,Y],-,-
    [5,5]->[29,A],[30,A],-,-
  Descriptions:
    [-11,Y]->Luminosity:2
    [-10,W]->
    [-9,Y]->Luminosity:2
    [-8,Y]->Luminosity:2
    [-7,*]->Luminosity:5
    [-6,W]->
    [-5,W]->
    [-4,W]->
    [-3,W]->
    [-2,Y]->Luminosity:2
    [-1,O]->
    [0,E]->fuel:3/3, life:3/3, landed?:F
    [2,A]->turns_left:2
    [3,A]->turns_left:0
    [5,A]->turns_left:0
    [6,A]->turns_left:0
    [7,A]->turns_left:1
    [8,B]->fuel:3/3, actions_left_until_reproduction:1/1, turns_left:0
    [9,A]->turns_left:2
    [10,A]->turns_left:0
    [11,J]->fuel:5/5, load:0/2, actions_left_until_reproduction:2/2, turns_left:0
    [12,A]->turns_left:1
    [13,B]->fuel:3/3, actions_left_until_reproduction:1/1, turns_left:0
    [14,A]->turns_left:1
    [15,A]->turns_left:1
    [16,A]->turns_left:2
    [20,A]->turns_left:2
    [23,A]->turns_left:0
    [24,A]->turns_left:1
    [26,J]->fuel:5/5, load:0/2, actions_left_until_reproduction:2/2, turns_left:0
    [27,A]->turns_left:0
    [28,A]->turns_left:1
    [29,A]->turns_left:1
    [30,A]->turns_left:1
  Deaths This Turn:
    [1,J]->fuel:5/5, load:0/2, actions_left_until_reproduction:2/2, turns_left:N/A,
      Janitaur got destroyed by asteroid (id: 2) at Sector:1:1
    [25,A]->turns_left:N/A,
      Asteroid got imploded by janitaur (id: 4) at Sector:5:2
    [4,J]->fuel:5/5, load:1/2, actions_left_until_reproduction:1/2, turns_left:N/A,
      Janitaur got destroyed by asteroid (id: 5) at Sector:5:2
    [21,B]->fuel:3/3, actions_left_until_reproduction:1/1, turns_left:N/A,
      Benign got destroyed by asteroid (id: 16) at Sector:4:2
    [17,B]->fuel:3/3, actions_left_until_reproduction:0/1, turns_left:N/A,
      Benign got destroyed by asteroid (id: 20) at Sector:3:2
    [22,B]->fuel:3/3, actions_left_until_reproduction:1/1, turns_left:N/A,
      Benign got destroyed by asteroid (id: 23) at Sector:4:5
    [18,B]->fuel:3/3, actions_left_until_reproduction:1/1, turns_left:N/A,
      Benign got destroyed by asteroid (id: 24) at Sector:4:1
    [19,B]->fuel:3/3, actions_left_until_reproduction:1/1, turns_left:N/A,
      Benign got destroyed by asteroid (id: 24) at Sector:4:1
    (1:1)  (1:2)  (1:3)  (1:4)  (1:5)  
    A---   -AY-   ----   A---   W---   
    (2:1)  (2:2)  (2:3)  (2:4)  (2:5)  
    ----   -YE-   B-AW   ----   JAB*   
    (3:1)  (3:2)  (3:3)  (3:4)  (3:5)  
    AA--   -AA-   O---   WA--   -W--   
    (4:1)  (4:2)  (4:3)  (4:4)  (4:5)  
    --A-   --A-   ----   ----   -A--   
    (5:1)  (5:2)  (5:3)  (5:4)  (5:5)  
    ----   AY--   JAW-   AY--   AA--   
->pass
  state:3.0, mode:test, ok
  Movement:
    [3,A]:[1,2,2]->[5,1,1]
    [5,A]:[5,2,1]->[5,3,4]
      destroyed [26,J] at [5,3,1]
    [6,A]:[1,4,1]->[1,5,2]
    [8,B]:[2,3,1]->[5,1,2]
    [10,A]:[2,3,3]->[1,4,1]
    [11,J]:[2,5,1]->[1,4,2]
      destroyed [10,A] at [1,4,1]
    [13,B]:[2,5,3]->[3,5,1]
    [23,A]:[4,5,2]->[4,4,1]
    [27,A]:[5,3,2]->[5,2,1]
  Sectors:
    [1,1]->[2,A],-,-,-
    [1,2]->-,-,[-11,Y],-
    [1,3]->-,-,-,-
    [1,4]->-,[11,J],-,-
    [1,5]->[-3,W],[6,A],-,-
    [2,1]->-,-,-,-
    [2,2]->-,[-9,Y],[0,E],-
    [2,3]->-,-,-,[-4,W]
    [2,4]->-,-,-,-
    [2,5]->-,[12,A],-,[-7,*]
    [3,1]->[14,A],[15,A],-,-
    [3,2]->-,[7,A],[20,A],-
    [3,3]->[-1,O],-,-,-
    [3,4]->[-6,W],[9,A],-,-
    [3,5]->[13,B],[-10,W],-,-
    [4,1]->-,-,[24,A],-
    [4,2]->-,-,[16,A],-
    [4,3]->-,-,-,-
    [4,4]->[23,A],-,-,-
    [4,5]->-,-,-,-
    [5,1]->[3,A],[8,B],-,-
    [5,2]->[27,A],[-8,Y],-,-
    [5,3]->-,-,[-5,W],[5,A]
    [5,4]->[28,A],[-2,Y],-,-
    [5,5]->[29,A],[30,A],-,-
  Descriptions:
    [-11,Y]->Luminosity:2
    [-10,W]->
    [-9,Y]->Luminosity:2
    [-8,Y]->Luminosity:2
    [-7,*]->Luminosity:5
    [-6,W]->
    [-5,W]->
    [-4,W]->
    [-3,W]->
    [-2,Y]->Luminosity:2
    [-1,O]->
    [0,E]->fuel:3/3, life:3/3, landed?:F
    [2,A]->turns_left:1
    [3,A]->turns_left:1
    [5,A]->turns_left:0
    [6,A]->turns_left:2
    [7,A]->turns_left:0
    [8,B]->fuel:3/3, actions_left_until_reproduction:0/1, turns_left:1
    [9,A]->turns_left:1
    [11,J]->fuel:4/5, load:1/2, actions_left_until_reproduction:1/2, turns_left:2
    [12,A]->turns_left:0
    [13,B]->fuel:2/3, actions_left_until_reproduction:0/1, turns_left:0
    [14,A]->turns_left:0
    [15,A]->turns_left:0
    [16,A]->turns_left:1
    [20,A]->turns_left:1
    [23,A]->turns_left:1
    [24,A]->turns_left:0
    [27,A]->turns_left:2
    [28,A]->turns_left:0
    [29,A]->turns_left:0
    [30,A]->turns_left:0
  Deaths This Turn:
    [26,J]->fuel:5/5, load:0/2, actions_left_until_reproduction:2/2, turns_left:N/A,
      Janitaur got destroyed by asteroid (id: 5) at Sector:5:3
    [10,A]->turns_left:N/A,
      Asteroid got imploded by janitaur (id: 11) at Sector:1:4
    (1:1)  (1:2)  (1:3)  (1:4)  (1:5)  
    A---   --Y-   ----   -J--   WA--   
    (2:1)  (2:2)  (2:3)  (2:4)  (2:5)  
    ----   -YE-   ---W   ----   -A-*   
    (3:1)  (3:2)  (3:3)  (3:4)  (3:5)  
    AA--   -AA-   O---   WA--   BW--   
    (4:1)  (4:2)  (4:3)  (4:4)  (4:5)  
    --A-   --A-   ----   A---   ----   
    (5:1)  (5:2)  (5:3)  (5:4)  (5:5)  
    AB--   AY--   --WA   AY--   AA--   
->move(SW)
  state:4.0, mode:test, ok
  Movement:
    [0,E]:[2,2,3]->[3,1,3]
    [5,A]:[5,3,4]->[4,2,1]
    [7,A]:[3,2,2]->[4,3,1]
    [12,A]:[2,5,2]->[3,5,3]
      destroyed [13,B] at [3,5,1]
    [14,A]:[3,1,1]->[3,5,1]
    [15,A]:[3,1,2]->[2,1,1]
    [24,A]:[4,1,3]->[4,5,1]
    [28,A]:[5,4,1]->[1,5,3]
    [29,A]:[5,5,1]->[1,4,1]
      destroyed [11,J] at [1,4,2]
    [30,A]:[5,5,2]->[4,5,2]
  Sectors:
    [1,1]->[2,A],-,-,-
    [1,2]->-,-,[-11,Y],-
    [1,3]->-,-,-,-
    [1,4]->[29,A],-,-,-
    [1,5]->[-3,W],[6,A],[28,A],-
    [2,1]->[15,A],-,-,-
    [2,2]->-,[-9,Y],-,-
    [2,3]->-,-,-,[-4,W]
    [2,4]->-,-,-,-
    [2,5]->-,-,-,[-7,*]
    [3,1]->-,-,[0,E],-
    [3,2]->-,-,[20,A],-
    [3,3]->[-1,O],-,-,-
    [3,4]->[-6,W],[9,A],-,-
    [3,5]->[14,A],[-10,W],[12,A],-
    [4,1]->-,-,-,-
    [4,2]->[5,A],-,[16,A],-
    [4,3]->[7,A],-,-,-
    [4,4]->[23,A],-,-,-
    [4,5]->[24,A],[30,A],-,-
    [5,1]->[3,A],[8,B],-,-
    [5,2]->[27,A],[-8,Y],-,-
    [5,3]->-,-,[-5,W],-
    [5,4]->-,[-2,Y],-,-
    [5,5]->-,-,-,-
  Descriptions:
    [-11,Y]->Luminosity:2
    [-10,W]->
    [-9,Y]->Luminosity:2
    [-8,Y]->Luminosity:2
    [-7,*]->Luminosity:5
    [-6,W]->
    [-5,W]->
    [-4,W]->
    [-3,W]->
    [-2,Y]->Luminosity:2
    [-1,O]->
    [0,E]->fuel:2/3, life:3/3, landed?:F
    [2,A]->turns_left:0
    [3,A]->turns_left:0
    [5,A]->turns_left:2
    [6,A]->turns_left:1
    [7,A]->turns_left:2
    [8,B]->fuel:3/3, actions_left_until_reproduction:0/1, turns_left:0
    [9,A]->turns_left:0
    [12,A]->turns_left:2
    [14,A]->turns_left:1
    [15,A]->turns_left:2
    [16,A]->turns_left:0
    [20,A]->turns_left:0
    [23,A]->turns_left:0
    [24,A]->turns_left:2
    [27,A]->turns_left:1
    [28,A]->turns_left:1
    [29,A]->turns_left:0
    [30,A]->turns_left:1
  Deaths This Turn:
    [13,B]->fuel:2/3, actions_left_until_reproduction:0/1, turns_left:N/A,
      Benign got destroyed by asteroid (id: 12) at Sector:3:5
    [11,J]->fuel:4/5, load:1/2, actions_left_until_reproduction:1/2, turns_left:N/A,
      Janitaur got destroyed by asteroid (id: 29) at Sector:1:4
    (1:1)  (1:2)  (1:3)  (1:4)  (1:5)  
    A---   --Y-   ----   A---   WAA-   
    (2:1)  (2:2)  (2:3)  (2:4)  (2:5)  
    A---   -Y--   ---W   ----   ---*   
    (3:1)  (3:2)  (3:3)  (3:4)  (3:5)  
    --E-   --A-   O---   WA--   AWA-   
    (4:1)  (4:2)  (4:3)  (4:4)  (4:5)  
    ----   A-A-   A---   A---   AA--   
    (5:1)  (5:2)  (5:3)  (5:4)  (5:5)  
    AB--   AY--   --W-   -Y--   ----   
->move(SE)
  state:5.0, mode:test, ok
  Explorer got destroyed by asteroid (id: 20) at Sector:4:2
  The game has ended. You can start a new game.
  Movement:
    [0,E]:[3,1,3]->[4,2,2]
    [2,A]:[1,1,1]->[5,1,3]
      destroyed [8,B] at [5,1,2]
    [3,A]:[5,1,1]->[1,1,1]
    [9,A]:[3,4,2]->[2,4,1]
    [16,A]:[4,2,3]->[3,1,1]
    [20,A]:[3,2,3]->[4,2,3]
      destroyed [0,E] at [4,2,2]
    [23,A]:[4,4,1]->[3,4,2]
    [29,A]:[1,4,1]->[1,3,1]
  Sectors:
    [1,1]->[3,A],-,-,-
    [1,2]->-,-,[-11,Y],-
    [1,3]->[29,A],-,-,-
    [1,4]->-,-,-,-
    [1,5]->[-3,W],[6,A],[28,A],-
    [2,1]->[15,A],-,-,-
    [2,2]->-,[-9,Y],-,-
    [2,3]->-,-,-,[-4,W]
    [2,4]->[9,A],-,-,-
    [2,5]->-,-,-,[-7,*]
    [3,1]->[16,A],-,-,-
    [3,2]->-,-,-,-
    [3,3]->[-1,O],-,-,-
    [3,4]->[-6,W],[23,A],-,-
    [3,5]->[14,A],[-10,W],[12,A],-
    [4,1]->-,-,-,-
    [4,2]->[5,A],-,[20,A],-
    [4,3]->[7,A],-,-,-
    [4,4]->-,-,-,-
    [4,5]->[24,A],[30,A],-,-
    [5,1]->-,-,[2,A],-
    [5,2]->[27,A],[-8,Y],-,-
    [5,3]->-,-,[-5,W],-
    [5,4]->-,[-2,Y],-,-
    [5,5]->-,-,-,-
  Descriptions:
    [-11,Y]->Luminosity:2
    [-10,W]->
    [-9,Y]->Luminosity:2
    [-8,Y]->Luminosity:2
    [-7,*]->Luminosity:5
    [-6,W]->
    [-5,W]->
    [-4,W]->
    [-3,W]->
    [-2,Y]->Luminosity:2
    [-1,O]->
    [2,A]->turns_left:0
    [3,A]->turns_left:1
    [5,A]->turns_left:1
    [6,A]->turns_left:0
    [7,A]->turns_left:1
    [9,A]->turns_left:1
    [12,A]->turns_left:1
    [14,A]->turns_left:0
    [15,A]->turns_left:1
    [16,A]->turns_left:2
    [20,A]->turns_left:2
    [23,A]->turns_left:0
    [24,A]->turns_left:1
    [27,A]->turns_left:0
    [28,A]->turns_left:0
    [29,A]->turns_left:1
    [30,A]->turns_left:0
  Deaths This Turn:
    [8,B]->fuel:3/3, actions_left_until_reproduction:0/1, turns_left:N/A,
      Benign got destroyed by asteroid (id: 2) at Sector:5:1
    [0,E]->fuel:1/3, life:0/3, landed?:F,
      Explorer got destroyed by asteroid (id: 20) at Sector:4:2
    (1:1)  (1:2)  (1:3)  (1:4)  (1:5)  
    A---   --Y-   A---   ----   WAA-   
    (2:1)  (2:2)  (2:3)  (2:4)  (2:5)  
    A---   -Y--   ---W   A---   ---*   
    (3:1)  (3:2)  (3:3)  (3:4)  (3:5)  
    A---   ----   O---   WA--   AWA-   
    (4:1)  (4:2)  (4:3)  (4:4)  (4:5)  
    ----   A-A-   A---   ----   AA--   
    (5:1)  (5:2)  (5:3)  (5:4)  (5:5)  
    --A-   AY--   --W-   -Y--   ----   
  Explorer got destroyed by asteroid (id: 20) at Sector:4:2
  The game has ended. You can start a new game.
->pass
  state:5.1, error
  Negative on that request:no mission in progress.
->liftoff
  state:5.2, error
  Negative on that request:no mission in progress.
->move(SE)
  state:5.3, error
  Negative on that request:no mission in progress.
->test(69,69,69,69,69)
  state:6.0, mode:test, ok
  Movement:none
  Sectors:
    [1,1]->[0,E],[-4,W],-,-
    [1,2]->[1,A],-,-,-
    [1,3]->-,-,-,-
    [1,4]->[2,A],[3,A],[-6,*],-
    [1,5]->[4,A],[5,A],-,-
    [2,1]->[6,A],-,-,-
    [2,2]->-,-,-,-
    [2,3]->[7,A],-,-,-
    [2,4]->-,-,-,-
    [2,5]->[8,A],[9,A],[10,A],[-8,W]
    [3,1]->-,-,-,-
    [3,2]->[11,A],[12,A],-,-
    [3,3]->[-1,O],-,-,-
    [3,4]->[-5,*],-,-,-
    [3,5]->[13,A],-,-,-
    [4,1]->[14,A],[15,A],[-10,*],-
    [4,2]->[16,A],[17,A],[-3,*],-
    [4,3]->[18,A],[-9,*],-,-
    [4,4]->[19,A],[20,A],[21,A],[-2,W]
    [4,5]->[22,A],-,-,-
    [5,1]->[23,A],-,-,-
    [5,2]->[24,A],[25,A],[-11,*],-
    [5,3]->[26,A],[-7,*],-,-
    [5,4]->[27,A],-,-,-
    [5,5]->[28,A],-,-,-
  Descriptions:
    [-11,*]->Luminosity:5
    [-10,*]->Luminosity:5
    [-9,*]->Luminosity:5
    [-8,W]->
    [-7,*]->Luminosity:5
    [-6,*]->Luminosity:5
    [-5,*]->Luminosity:5
    [-4,W]->
    [-3,*]->Luminosity:5
    [-2,W]->
    [-1,O]->
    [0,E]->fuel:3/3, life:3/3, landed?:F
    [1,A]->turns_left:0
    [2,A]->turns_left:0
    [3,A]->turns_left:2
    [4,A]->turns_left:2
    [5,A]->turns_left:2
    [6,A]->turns_left:0
    [7,A]->turns_left:1
    [8,A]->turns_left:1
    [9,A]->turns_left:2
    [10,A]->turns_left:0
    [11,A]->turns_left:0
    [12,A]->turns_left:0
    [13,A]->turns_left:0
    [14,A]->turns_left:2
    [15,A]->turns_left:1
    [16,A]->turns_left:2
    [17,A]->turns_left:1
    [18,A]->turns_left:2
    [19,A]->turns_left:1
    [20,A]->turns_left:2
    [21,A]->turns_left:0
    [22,A]->turns_left:2
    [23,A]->turns_left:2
    [24,A]->turns_left:1
    [25,A]->turns_left:2
    [26,A]->turns_left:2
    [27,A]->turns_left:0
    [28,A]->turns_left:1
  Deaths This Turn:none
    (1:1)  (1:2)  (1:3)  (1:4)  (1:5)  
    EW--   A---   ----   AA*-   AA--   
    (2:1)  (2:2)  (2:3)  (2:4)  (2:5)  
    A---   ----   A---   ----   AAAW   
    (3:1)  (3:2)  (3:3)  (3:4)  (3:5)  
    ----   AA--   O---   *---   A---   
    (4:1)  (4:2)  (4:3)  (4:4)  (4:5)  
    AA*-   AA*-   A*--   AAAW   A---   
    (5:1)  (5:2)  (5:3)  (5:4)  (5:5)  
    A---   AA*-   A*--   A---   A---   
->liftoff
  state:6.1, mode:test, error
  Negative on that request:you are not on a planet at Sector:1:1
->liftoff
  state:6.2, mode:test, error
  Negative on that request:you are not on a planet at Sector:1:1
->move(SE)
  state:7.0, mode:test, ok
  Movement:
    [0,E]:[1,1,1]->[2,2,1]
    [1,A]:[1,2,1]->[2,1,2]
    [2,A]:[1,4,1]->[1,3,1]
    [6,A]:[2,1,1]->[1,1,1]
    [10,A]:[2,5,3]->[1,5,3]
    [11,A]:[3,2,1]->[2,1,1]
    [12,A]:[3,2,2]->[3,3,2]
    [13,A]:[3,5,1]->[3,4,2]
    [21,A]:[4,4,3]->[5,3,3]
    [27,A]:[5,4,1]->[1,3,2]
  Sectors:
    [1,1]->[6,A],[-4,W],-,-
    [1,2]->-,-,-,-
    [1,3]->[2,A],[27,A],-,-
    [1,4]->-,[3,A],[-6,*],-
    [1,5]->[4,A],[5,A],[10,A],-
    [2,1]->[11,A],[1,A],-,-
    [2,2]->[0,E],-,-,-
    [2,3]->[7,A],-,-,-
    [2,4]->-,-,-,-
    [2,5]->[8,A],[9,A],-,[-8,W]
    [3,1]->-,-,-,-
    [3,2]->-,-,-,-
    [3,3]->[-1,O],-,-,-
    [3,4]->[-5,*],[13,A],-,-
    [3,5]->-,-,-,-
    [4,1]->[14,A],[15,A],[-10,*],-
    [4,2]->[16,A],[17,A],[-3,*],-
    [4,3]->[18,A],[-9,*],-,-
    [4,4]->[19,A],[20,A],-,[-2,W]
    [4,5]->[22,A],-,-,-
    [5,1]->[23,A],-,-,-
    [5,2]->[24,A],[25,A],[-11,*],-
    [5,3]->[26,A],[-7,*],[21,A],-
    [5,4]->-,-,-,-
    [5,5]->[28,A],-,-,-
  Descriptions:
    [-11,*]->Luminosity:5
    [-10,*]->Luminosity:5
    [-9,*]->Luminosity:5
    [-8,W]->
    [-7,*]->Luminosity:5
    [-6,*]->Luminosity:5
    [-5,*]->Luminosity:5
    [-4,W]->
    [-3,*]->Luminosity:5
    [-2,W]->
    [-1,O]->
    [0,E]->fuel:2/3, life:3/3, landed?:F
    [1,A]->turns_left:1
    [2,A]->turns_left:1
    [3,A]->turns_left:1
    [4,A]->turns_left:1
    [5,A]->turns_left:1
    [6,A]->turns_left:2
    [7,A]->turns_left:0
    [8,A]->turns_left:0
    [9,A]->turns_left:1
    [10,A]->turns_left:0
    [11,A]->turns_left:0
    [13,A]->turns_left:0
    [14,A]->turns_left:1
    [15,A]->turns_left:0
    [16,A]->turns_left:1
    [17,A]->turns_left:0
    [18,A]->turns_left:1
    [19,A]->turns_left:0
    [20,A]->turns_left:1
    [21,A]->turns_left:0
    [22,A]->turns_left:1
    [23,A]->turns_left:1
    [24,A]->turns_left:0
    [25,A]->turns_left:1
    [26,A]->turns_left:1
    [27,A]->turns_left:2
    [28,A]->turns_left:0
  Deaths This Turn:
    [12,A]->turns_left:N/A,
      Asteroid got devoured by blackhole (id: -1) at Sector:3:3
    (1:1)  (1:2)  (1:3)  (1:4)  (1:5)  
    AW--   ----   AA--   -A*-   AAA-   
    (2:1)  (2:2)  (2:3)  (2:4)  (2:5)  
    AA--   E---   A---   ----   AA-W   
    (3:1)  (3:2)  (3:3)  (3:4)  (3:5)  
    ----   ----   O---   *A--   ----   
    (4:1)  (4:2)  (4:3)  (4:4)  (4:5)  
    AA*-   AA*-   A*--   AA-W   A---   
    (5:1)  (5:2)  (5:3)  (5:4)  (5:5)  
    A---   AA*-   A*A-   ----   A---   
->move(NW)
  state:8.0, mode:test, ok
  Movement:
    [0,E]:[2,2,1]->[1,1,3]
    [7,A]:[2,3,1]->[3,2,1]
    [8,A]:[2,5,1]->[1,4,1]
    [10,A]:[1,5,3]->[5,4,1]
    [11,A]:[2,1,1]->[3,2,2]
    [13,A]:[3,4,2]->[3,3,2]
    [15,A]:[4,1,2]->[5,5,2]
    [17,A]:[4,2,2]->[4,1,2]
    [19,A]:[4,4,1]->[4,3,3]
    [21,A]:[5,3,3]->[1,2,1]
    [24,A]:[5,2,1]->[1,3,3]
    [28,A]:[5,5,1]->[5,4,2]
  Sectors:
    [1,1]->[6,A],[-4,W],[0,E],-
    [1,2]->[21,A],-,-,-
    [1,3]->[2,A],[27,A],[24,A],-
    [1,4]->[8,A],[3,A],[-6,*],-
    [1,5]->[4,A],[5,A],-,-
    [2,1]->-,[1,A],-,-
    [2,2]->-,-,-,-
    [2,3]->-,-,-,-
    [2,4]->-,-,-,-
    [2,5]->-,[9,A],-,[-8,W]
    [3,1]->-,-,-,-
    [3,2]->[7,A],[11,A],-,-
    [3,3]->[-1,O],-,-,-
    [3,4]->[-5,*],-,-,-
    [3,5]->-,-,-,-
    [4,1]->[14,A],[17,A],[-10,*],-
    [4,2]->[16,A],-,[-3,*],-
    [4,3]->[18,A],[-9,*],[19,A],-
    [4,4]->-,[20,A],-,[-2,W]
    [4,5]->[22,A],-,-,-
    [5,1]->[23,A],-,-,-
    [5,2]->-,[25,A],[-11,*],-
    [5,3]->[26,A],[-7,*],-,-
    [5,4]->[10,A],[28,A],-,-
    [5,5]->-,[15,A],-,-
  Descriptions:
    [-11,*]->Luminosity:5
    [-10,*]->Luminosity:5
    [-9,*]->Luminosity:5
    [-8,W]->
    [-7,*]->Luminosity:5
    [-6,*]->Luminosity:5
    [-5,*]->Luminosity:5
    [-4,W]->
    [-3,*]->Luminosity:5
    [-2,W]->
    [-1,O]->
    [0,E]->fuel:1/3, life:3/3, landed?:F
    [1,A]->turns_left:0
    [2,A]->turns_left:0
    [3,A]->turns_left:0
    [4,A]->turns_left:0
    [5,A]->turns_left:0
    [6,A]->turns_left:1
    [7,A]->turns_left:1
    [8,A]->turns_left:0
    [9,A]->turns_left:0
    [10,A]->turns_left:0
    [11,A]->turns_left:1
    [14,A]->turns_left:0
    [15,A]->turns_left:0
    [16,A]->turns_left:0
    [17,A]->turns_left:1
    [18,A]->turns_left:0
    [19,A]->turns_left:1
    [20,A]->turns_left:0
    [21,A]->turns_left:0
    [22,A]->turns_left:0
    [23,A]->turns_left:0
    [24,A]->turns_left:0
    [25,A]->turns_left:0
    [26,A]->turns_left:0
    [27,A]->turns_left:1
    [28,A]->turns_left:0
  Deaths This Turn:
    [13,A]->turns_left:N/A,
      Asteroid got devoured by blackhole (id: -1) at Sector:3:3
    (1:1)  (1:2)  (1:3)  (1:4)  (1:5)  
    AWE-   A---   AAA-   AA*-   AA--   
    (2:1)  (2:2)  (2:3)  (2:4)  (2:5)  
    -A--   ----   ----   ----   -A-W   
    (3:1)  (3:2)  (3:3)  (3:4)  (3:5)  
    ----   AA--   O---   *---   ----   
    (4:1)  (4:2)  (4:3)  (4:4)  (4:5)  
    AA*-   A-*-   A*A-   -A-W   A---   
    (5:1)  (5:2)  (5:3)  (5:4)  (5:5)  
    A---   -A*-   A*--   AA--   -A--   
->move(S)
  state:9.0, mode:test, ok
  Explorer got lost in space - out of fuel at Sector:2:1
  The game has ended. You can start a new game.
  Movement:
    [0,E]:[1,1,3]->[2,1,1]
    [1,A]:[2,1,2]->[1,5,3]
    [2,A]:[1,3,1]->[5,3,3]
    [3,A]:[1,4,2]->[5,4,3]
    [4,A]:[1,5,1]->[2,5,1]
    [5,A]:[1,5,2]->[1,4,2]
    [8,A]:[1,4,1]->[1,3,1]
    [9,A]:[2,5,2]->[1,4,1]
    [10,A]:[5,4,1]->[1,5,1]
    [14,A]:[4,1,1]->[5,1,2]
    [15,A]:[5,5,2]->[4,5,2]
    [16,A]:[4,2,1]->[5,1,3]
    [18,A]:[4,3,1]->[4,4,1]
    [20,A]:[4,4,2]->[5,3,4]
    [21,A]:[1,2,1]->[1,3,4]
    [22,A]:[4,5,1]->[5,5,1]
    [23,A]:[5,1,1]->[5,2,1]
    [24,A]:[1,3,3]
    [25,A]:[5,2,2]->[5,1,1]
    [26,A]:[5,3,1]->[1,4,4]
    [28,A]:[5,4,2]->[4,5,1]
  Sectors:
    [1,1]->[6,A],[-4,W],-,-
    [1,2]->-,-,-,-
    [1,3]->[8,A],[27,A],[24,A],[21,A]
    [1,4]->[9,A],[5,A],[-6,*],[26,A]
    [1,5]->[10,A],-,[1,A],-
    [2,1]->-,-,-,-
    [2,2]->-,-,-,-
    [2,3]->-,-,-,-
    [2,4]->-,-,-,-
    [2,5]->[4,A],-,-,[-8,W]
    [3,1]->-,-,-,-
    [3,2]->[7,A],[11,A],-,-
    [3,3]->[-1,O],-,-,-
    [3,4]->[-5,*],-,-,-
    [3,5]->-,-,-,-
    [4,1]->-,[17,A],[-10,*],-
    [4,2]->-,-,[-3,*],-
    [4,3]->-,[-9,*],[19,A],-
    [4,4]->[18,A],-,-,[-2,W]
    [4,5]->[28,A],[15,A],-,-
    [5,1]->[25,A],[14,A],[16,A],-
    [5,2]->[23,A],-,[-11,*],-
    [5,3]->-,[-7,*],[2,A],[20,A]
    [5,4]->-,-,[3,A],-
    [5,5]->[22,A],-,-,-
  Descriptions:
    [-11,*]->Luminosity:5
    [-10,*]->Luminosity:5
    [-9,*]->Luminosity:5
    [-8,W]->
    [-7,*]->Luminosity:5
    [-6,*]->Luminosity:5
    [-5,*]->Luminosity:5
    [-4,W]->
    [-3,*]->Luminosity:5
    [-2,W]->
    [-1,O]->
    [1,A]->turns_left:0
    [2,A]->turns_left:2
    [3,A]->turns_left:1
    [4,A]->turns_left:2
    [5,A]->turns_left:1
    [6,A]->turns_left:0
    [7,A]->turns_left:0
    [8,A]->turns_left:2
    [9,A]->turns_left:1
    [10,A]->turns_left:1
    [11,A]->turns_left:0
    [14,A]->turns_left:1
    [15,A]->turns_left:1
    [16,A]->turns_left:2
    [17,A]->turns_left:0
    [18,A]->turns_left:0
    [19,A]->turns_left:0
    [20,A]->turns_left:1
    [21,A]->turns_left:1
    [22,A]->turns_left:1
    [23,A]->turns_left:2
    [24,A]->turns_left:1
    [25,A]->turns_left:1
    [26,A]->turns_left:1
    [27,A]->turns_left:0
    [28,A]->turns_left:0
  Deaths This Turn:
    [0,E]->fuel:0/3, life:0/3, landed?:F,
      Explorer got lost in space - out of fuel at Sector:2:1
    (1:1)  (1:2)  (1:3)  (1:4)  (1:5)  
    AW--   ----   AAAA   AA*A   A-A-   
    (2:1)  (2:2)  (2:3)  (2:4)  (2:5)  
    ----   ----   ----   ----   A--W   
    (3:1)  (3:2)  (3:3)  (3:4)  (3:5)  
    ----   AA--   O---   *---   ----   
    (4:1)  (4:2)  (4:3)  (4:4)  (4:5)  
    -A*-   --*-   -*A-   A--W   AA--   
    (5:1)  (5:2)  (5:3)  (5:4)  (5:5)  
    AAA-   A-*-   -*AA   --A-   A---   
  Explorer got lost in space - out of fuel at Sector:2:1
  The game has ended. You can start a new game.
->move(S)
  state:9.1, error
  Negative on that request:no mission in progress.
->abort
  state:9.2, error
  Negative on that request:no mission in progress.
->move(N)
  state:9.3, error
  Negative on that request:no mission in progress.
->move(SE)
  state:9.4, error
  Negative on that request:no mission in progress.
->move(SE)
  state:9.5, error
  Negative on that request:no mission in progress.
->move(E)
  state:9.6, error
  Negative on that request:no mission in progress.
->move(NE)
  state:9.7, error
  Negative on that request:no mission in progress.
->liftoff
  state:9.8, error
  Negative on that request:no mission in progress.
->test(56,96,96,96,96)
  state:10.0, mode:test, ok
  Movement:none
  Sectors:
    [1,1]->[0,E],[1,J],[2,A],[-4,W]
    [1,2]->[3,A],[-11,*],-,-
    [1,3]->[4,J],[5,A],[6,A],[-6,W]
    [1,4]->[7,A],[8,J],-,-
    [1,5]->[9,J],-,-,-
    [2,1]->[10,J],[11,A],-,-
    [2,2]->[12,J],-,-,-
    [2,3]->[13,A],[14,A],[-8,*],-
    [2,4]->[15,J],-,-,-
    [2,5]->[16,A],-,-,-
    [3,1]->[17,A],-,-,-
    [3,2]->[18,A],[-7,Y],-,-
    [3,3]->[-1,O],-,-,-
    [3,4]->[19,A],[20,A],[21,J],-
    [3,5]->[22,A],[23,J],[-5,Y],-
    [4,1]->[24,J],[25,A],[-9,W],-
    [4,2]->[26,J],[27,J],-,-
    [4,3]->[28,J],[-10,W],-,-
    [4,4]->[29,A],[-3,*],-,-
    [4,5]->[30,A],[31,J],-,-
    [5,1]->[32,J],[33,A],-,-
    [5,2]->[34,A],[35,A],-,-
    [5,3]->[36,J],[37,A],[-2,Y],-
    [5,4]->[38,J],[39,J],[40,A],-
    [5,5]->[41,A],[42,A],[43,J],-
  Descriptions:
    [-11,*]->Luminosity:5
    [-10,W]->
    [-9,W]->
    [-8,*]->Luminosity:5
    [-7,Y]->Luminosity:2
    [-6,W]->
    [-5,Y]->Luminosity:2
    [-4,W]->
    [-3,*]->Luminosity:5
    [-2,Y]->Luminosity:2
    [-1,O]->
    [0,E]->fuel:3/3, life:3/3, landed?:F
    [1,J]->fuel:5/5, load:0/2, actions_left_until_reproduction:2/2, turns_left:2
    [2,A]->turns_left:0
    [3,A]->turns_left:0
    [4,J]->fuel:5/5, load:0/2, actions_left_until_reproduction:2/2, turns_left:1
    [5,A]->turns_left:0
    [6,A]->turns_left:0
    [7,A]->turns_left:2
    [8,J]->fuel:5/5, load:0/2, actions_left_until_reproduction:2/2, turns_left:0
    [9,J]->fuel:5/5, load:0/2, actions_left_until_reproduction:2/2, turns_left:2
    [10,J]->fuel:5/5, load:0/2, actions_left_until_reproduction:2/2, turns_left:0
    [11,A]->turns_left:1
    [12,J]->fuel:5/5, load:0/2, actions_left_until_reproduction:2/2, turns_left:1
    [13,A]->turns_left:2
    [14,A]->turns_left:0
    [15,J]->fuel:5/5, load:0/2, actions_left_until_reproduction:2/2, turns_left:1
    [16,A]->turns_left:2
    [17,A]->turns_left:2
    [18,A]->turns_left:2
    [19,A]->turns_left:2
    [20,A]->turns_left:0
    [21,J]->fuel:5/5, load:0/2, actions_left_until_reproduction:2/2, turns_left:1
    [22,A]->turns_left:0
    [23,J]->fuel:5/5, load:0/2, actions_left_until_reproduction:2/2, turns_left:1
    [24,J]->fuel:5/5, load:0/2, actions_left_until_reproduction:2/2, turns_left:1
    [25,A]->turns_left:2
    [26,J]->fuel:5/5, load:0/2, actions_left_until_reproduction:2/2, turns_left:0
    [27,J]->fuel:5/5, load:0/2, actions_left_until_reproduction:2/2, turns_left:0
    [28,J]->fuel:5/5, load:0/2, actions_left_until_reproduction:2/2, turns_left:0
    [29,A]->turns_left:1
    [30,A]->turns_left:2
    [31,J]->fuel:5/5, load:0/2, actions_left_until_reproduction:2/2, turns_left:0
    [32,J]->fuel:5/5, load:0/2, actions_left_until_reproduction:2/2, turns_left:2
    [33,A]->turns_left:1
    [34,A]->turns_left:2
    [35,A]->turns_left:1
    [36,J]->fuel:5/5, load:0/2, actions_left_until_reproduction:2/2, turns_left:1
    [37,A]->turns_left:2
    [38,J]->fuel:5/5, load:0/2, actions_left_until_reproduction:2/2, turns_left:0
    [39,J]->fuel:5/5, load:0/2, actions_left_until_reproduction:2/2, turns_left:0
    [40,A]->turns_left:0
    [41,A]->turns_left:0
    [42,A]->turns_left:1
    [43,J]->fuel:5/5, load:0/2, actions_left_until_reproduction:2/2, turns_left:2
  Deaths This Turn:none
    (1:1)  (1:2)  (1:3)  (1:4)  (1:5)  
    EJAW   A*--   JAAW   AJ--   J---   
    (2:1)  (2:2)  (2:3)  (2:4)  (2:5)  
    JA--   J---   AA*-   J---   A---   
    (3:1)  (3:2)  (3:3)  (3:4)  (3:5)  
    A---   AY--   O---   AAJ-   AJY-   
    (4:1)  (4:2)  (4:3)  (4:4)  (4:5)  
    JAW-   JJ--   JW--   A*--   AJ--   
    (5:1)  (5:2)  (5:3)  (5:4)  (5:5)  
    JA--   AA--   JAY-   JJA-   AAJ-   
->move(E)
  state:11.0, mode:test, ok
  Movement:
    [0,E]:[1,1,1]->[1,2,3]
    [2,A]:[1,1,3]->[5,1,3]
      destroyed [32,J] at [5,1,1]
    [3,A]:[1,2,1]->[5,3,4]
      destroyed [36,J] at [5,3,1]
    [5,A]:[1,3,2]->[1,4,3]
      destroyed [8,J] at [1,4,2]
    [6,A]:[1,3,3]->[5,2,3]
    [10,J]:[2,1,1]->[2,2,2]
    [14,A]:[2,3,2]->[3,4,4]
      destroyed [21,J] at [3,4,3]
    [20,A]:[3,4,2]->[2,4,2]
      destroyed [15,J] at [2,4,1]
    [22,A]:[3,5,1]->[3,1,2]
    [26,J]:[4,2,1]->[5,1,1]
      destroyed [2,A] at [5,1,3]
      destroyed [33,A] at [5,1,2]
    [27,J]:[4,2,2]->[5,3,1]
      destroyed [3,A] at [5,3,4]
      destroyed [37,A] at [5,3,2]
    [28,J]:[4,3,1]->[5,4,4]
      destroyed [40,A] at [5,4,3]
    [31,J]:[4,5,2]->[5,4,3]
    [38,J]:[5,4,1]->[1,3,2]
    [39,J]:[5,4,2]->[1,4,2]
      destroyed [5,A] at [1,4,3]
      destroyed [7,A] at [1,4,1]
    [41,A]:[5,5,1]->[1,4,1]
      destroyed [39,J] at [1,4,2]
  Sectors:
    [1,1]->-,[1,J],-,[-4,W]
    [1,2]->-,[-11,*],[0,E],-
    [1,3]->[4,J],[38,J],-,[-6,W]
    [1,4]->[41,A],-,-,-
    [1,5]->[9,J],-,-,-
    [2,1]->-,[11,A],-,-
    [2,2]->[12,J],[10,J],-,-
    [2,3]->[13,A],-,[-8,*],-
    [2,4]->-,[20,A],-,-
    [2,5]->[16,A],-,-,-
    [3,1]->[17,A],[22,A],-,-
    [3,2]->[18,A],[-7,Y],-,-
    [3,3]->[-1,O],-,-,-
    [3,4]->[19,A],-,-,[14,A]
    [3,5]->-,[23,J],[-5,Y],-
    [4,1]->[24,J],[25,A],[-9,W],-
    [4,2]->-,-,-,-
    [4,3]->-,[-10,W],-,-
    [4,4]->[29,A],[-3,*],-,-
    [4,5]->[30,A],-,-,-
    [5,1]->[26,J],-,-,-
    [5,2]->[34,A],[35,A],[6,A],-
    [5,3]->[27,J],-,[-2,Y],-
    [5,4]->-,-,[31,J],[28,J]
    [5,5]->-,[42,A],[43,J],-
  Descriptions:
    [-11,*]->Luminosity:5
    [-10,W]->
    [-9,W]->
    [-8,*]->Luminosity:5
    [-7,Y]->Luminosity:2
    [-6,W]->
    [-5,Y]->Luminosity:2
    [-4,W]->
    [-3,*]->Luminosity:5
    [-2,Y]->Luminosity:2
    [-1,O]->
    [0,E]->fuel:3/3, life:3/3, landed?:F
    [1,J]->fuel:5/5, load:0/2, actions_left_until_reproduction:2/2, turns_left:1
    [4,J]->fuel:5/5, load:0/2, actions_left_until_reproduction:2/2, turns_left:0
    [6,A]->turns_left:2
    [9,J]->fuel:5/5, load:0/2, actions_left_until_reproduction:2/2, turns_left:1
    [10,J]->fuel:4/5, load:0/2, actions_left_until_reproduction:1/2, turns_left:0
    [11,A]->turns_left:0
    [12,J]->fuel:5/5, load:0/2, actions_left_until_reproduction:2/2, turns_left:0
    [13,A]->turns_left:1
    [14,A]->turns_left:0
    [16,A]->turns_left:1
    [17,A]->turns_left:1
    [18,A]->turns_left:1
    [19,A]->turns_left:1
    [20,A]->turns_left:1
    [22,A]->turns_left:1
    [23,J]->fuel:5/5, load:0/2, actions_left_until_reproduction:2/2, turns_left:0
    [24,J]->fuel:5/5, load:0/2, actions_left_until_reproduction:2/2, turns_left:0
    [25,A]->turns_left:1
    [26,J]->fuel:4/5, load:2/2, actions_left_until_reproduction:1/2, turns_left:0
    [27,J]->fuel:5/5, load:2/2, actions_left_until_reproduction:1/2, turns_left:1
    [28,J]->fuel:4/5, load:1/2, actions_left_until_reproduction:1/2, turns_left:0
    [29,A]->turns_left:0
    [30,A]->turns_left:1
    [31,J]->fuel:4/5, load:0/2, actions_left_until_reproduction:1/2, turns_left:1
    [34,A]->turns_left:1
    [35,A]->turns_left:0
    [38,J]->fuel:4/5, load:0/2, actions_left_until_reproduction:1/2, turns_left:2
    [41,A]->turns_left:0
    [42,A]->turns_left:0
    [43,J]->fuel:5/5, load:0/2, actions_left_until_reproduction:2/2, turns_left:1
  Deaths This Turn:
    [32,J]->fuel:5/5, load:0/2, actions_left_until_reproduction:2/2, turns_left:N/A,
      Janitaur got destroyed by asteroid (id: 2) at Sector:5:1
    [36,J]->fuel:5/5, load:0/2, actions_left_until_reproduction:2/2, turns_left:N/A,
      Janitaur got destroyed by asteroid (id: 3) at Sector:5:3
    [8,J]->fuel:5/5, load:0/2, actions_left_until_reproduction:2/2, turns_left:N/A,
      Janitaur got destroyed by asteroid (id: 5) at Sector:1:4
    [21,J]->fuel:5/5, load:0/2, actions_left_until_reproduction:2/2, turns_left:N/A,
      Janitaur got destroyed by asteroid (id: 14) at Sector:3:4
    [15,J]->fuel:5/5, load:0/2, actions_left_until_reproduction:2/2, turns_left:N/A,
      Janitaur got destroyed by asteroid (id: 20) at Sector:2:4
    [2,A]->turns_left:N/A,
      Asteroid got imploded by janitaur (id: 26) at Sector:5:1
    [33,A]->turns_left:N/A,
      Asteroid got imploded by janitaur (id: 26) at Sector:5:1
    [3,A]->turns_left:N/A,
      Asteroid got imploded by janitaur (id: 27) at Sector:5:3
    [37,A]->turns_left:N/A,
      Asteroid got imploded by janitaur (id: 27) at Sector:5:3
    [40,A]->turns_left:N/A,
      Asteroid got imploded by janitaur (id: 28) at Sector:5:4
    [5,A]->turns_left:N/A,
      Asteroid got imploded by janitaur (id: 39) at Sector:1:4
    [7,A]->turns_left:N/A,
      Asteroid got imploded by janitaur (id: 39) at Sector:1:4
    [39,J]->fuel:4/5, load:2/2, actions_left_until_reproduction:1/2, turns_left:N/A,
      Janitaur got destroyed by asteroid (id: 41) at Sector:1:4
    (1:1)  (1:2)  (1:3)  (1:4)  (1:5)  
    -J-W   -*E-   JJ-W   A---   J---   
    (2:1)  (2:2)  (2:3)  (2:4)  (2:5)  
    -A--   JJ--   A-*-   -A--   A---   
    (3:1)  (3:2)  (3:3)  (3:4)  (3:5)  
    AA--   AY--   O---   A--A   -JY-   
    (4:1)  (4:2)  (4:3)  (4:4)  (4:5)  
    JAW-   ----   -W--   A*--   A---   
    (5:1)  (5:2)  (5:3)  (5:4)  (5:5)  
    J---   AAA-   J-Y-   --JJ   -AJ-   
->liftoff
  state:11.1, mode:test, error
  Negative on that request:you are not on a planet at Sector:1:2
->test(53,59,59,59,59)
  state:11.2, mode:test, error
  To start a new mission, please abort the current one first.
->abort
  state:11.3, ok
  Mission aborted. Try test(3,5,7,15,30)
->move(NW)
  state:11.4, error
  Negative on that request:no mission in progress.
->move(SW)
  state:11.5, error
  Negative on that request:no mission in progress.
->move(S)
  state:11.6, error
  Negative on that request:no mission in progress.
->wormhole
  state:11.7, error
  Negative on that request:no mission in progress.
->move(E)
  state:11.8, error
  Negative on that request:no mission in progress.
->move(NW)
  state:11.9, error
  Negative on that request:no mission in progress.
->abort
  state:11.10, error
  Negative on that request:no mission in progress.
->move(E)
  state:11.11, error
  Negative on that request:no mission in progress.
->move(E)
  state:11.12, error
  Negative on that request:no mission in progress.
->move(N)
  state:11.13, error
  Negative on that request:no mission in progress.
->move(SE)
  state:11.14, error
  Negative on that request:no mission in progress.
->move(S)
  state:11.15, error
  Negative on that request:no mission in progress.
->move(N)
  state:11.16, error
  Negative on that request:no mission in progress.
->move(W)
  state:11.17, error
  Negative on that request:no mission in progress.
