  state:0.0, ok
  Welcome! Try test(3,5,7,15,30)
->move(NE)
  state:0.1, error
  Negative on that request:no mission in progress.
->abort
  state:0.2, error
  Negative on that request:no mission in progress.
->move(NE)
  state:0.3, error
  Negative on that request:no mission in progress.
->move(SE)
  state:0.4, error
  Negative on that request:no mission in progress.
->move(S)
  state:0.5, error
  Negative on that request:no mission in progress.
->move(E)
  state:0.6, error
  Negative on that request:no mission in progress.
->land
  state:0.7, error
  Negative on that request:no mission in progress.
->move(S)
  state:0.8, error
  Negative on that request:no mission in progress.
->move(S)
  state:0.9, error
  Negative on that request:no mission in progress.
->abort
  state:0.10, error
  Negative on that request:no mission in progress.
->move(NE)
  state:0.11, error
  Negative on that request:no mission in progress.
->move(S)
  state:0.12, error
  Negative on that request:no mission in progress.
->move(NW)
  state:0.13, error
  Negative on that request:no mission in progress.
->land
  state:0.14, error
  Negative on that request:no mission in progress.
->move(N)
  state:0.15, error
  Negative on that request:no mission in progress.
->move(S)
  state:0.16, error
  Negative on that request:no mission in progress.
->abort
  state:0.17, error
  Negative on that request:no mission in progress.
->move(NE)
  state:0.18, error
  Negative on that request:no mission in progress.
->pass
  state:0.19, error
  Negative on that request:no mission in progress.
->move(SW)
  state:0.20, error
  Negative on that request:no mission in progress.
->land
  state:0.21, error
  Negative on that request:no mission in progress.
->move(E)
  state:0.22, error
  Negative on that request:no mission in progress.
->pass
  state:0.23, error
  Negative on that request:no mission in progress.
->move(N)
  state:0.24, error
  Negative on that request:no mission in progress.
->liftoff
  state:0.25, error
  Negative on that request:no mission in progress.
->move(NW)
  state:0.26, error
  Negative on that request:no mission in progress.
->move(N)
  state:0.27, error
  Negative on that request:no mission in progress.
->move(NW)
  state:0.28, error
  Negative on that request:no mission in progress.
->land
  state:0.29, error
  Negative on that request:no mission in progress.
->move(W)
  state:0.30, error
  Negative on that request:no mission in progress.
->move(NW)
  state:0.31, error
  Negative on that request:no mission in progress.
->move(SE)
  state:0.32, error
  Negative on that request:no mission in progress.
->move(S)
  state:0.33, error
  Negative on that request:no mission in progress.
->liftoff
  state:0.34, error
  Negative on that request:no mission in progress.
->move(S)
  state:0.35, error
  Negative on that request:no mission in progress.
->move(E)
  state:0.36, error
  Negative on that request:no mission in progress.
->move(SW)
  state:0.37, error
  Negative on that request:no mission in progress.
->move(S)
  state:0.38, error
  Negative on that request:no mission in progress.
->move(NW)
  state:0.39, error
  Negative on that request:no mission in progress.
->move(NE)
  state:0.40, error
  Negative on that request:no mission in progress.
->move(SE)
  state:0.41, error
  Negative on that request:no mission in progress.
->move(SW)
  state:0.42, error
  Negative on that request:no mission in progress.
->move(E)
  state:0.43, error
  Negative on that request:no mission in progress.
->test(86,86,86,94,94)
  state:1.0, mode:test, ok
  Movement:none
  Sectors:
    [1,1]->[0,E],[1,A],-,-
    [1,2]->[2,B],[3,A],[4,A],[-8,Y]
    [1,3]->[5,A],-,-,-
    [1,4]->[6,A],[7,A],[8,B],-
    [1,5]->[9,A],[-11,*],-,-
    [2,1]->[10,A],-,-,-
    [2,2]->[11,A],[12,A],[13,A],[-6,Y]
    [2,3]->[14,B],-,-,-
    [2,4]->[15,A],[16,A],-,-
    [2,5]->[17,A],[18,A],[-4,*],-
    [3,1]->[19,B],[20,A],[21,A],-
    [3,2]->[22,A],[23,A],[24,A],-
    [3,3]->[-1,O],-,-,-
    [3,4]->[25,A],[26,A],[27,A],[-3,W]
    [3,5]->[28,A],[-7,W],-,-
    [4,1]->[29,B],-,-,-
    [4,2]->[30,A],-,-,-
    [4,3]->[31,B],-,-,-
    [4,4]->[32,B],[-10,W],-,-
    [4,5]->[33,A],-,-,-
    [5,1]->[34,A],[35,A],-,-
    [5,2]->[36,A],[-5,Y],-,-
    [5,3]->[37,A],[38,A],[-2,W],-
    [5,4]->[39,A],[-9,Y],-,-
    [5,5]->[40,A],[41,A],-,-
  Descriptions:
    [-11,*]->Luminosity:5
    [-10,W]->
    [-9,Y]->Luminosity:2
    [-8,Y]->Luminosity:2
    [-7,W]->
    [-6,Y]->Luminosity:2
    [-5,Y]->Luminosity:2
    [-4,*]->Luminosity:5
    [-3,W]->
    [-2,W]->
    [-1,O]->
    [0,E]->fuel:3/3, life:3/3, landed?:F
    [1,A]->turns_left:1
    [2,B]->fuel:3/3, actions_left_until_reproduction:1/1, turns_left:1
    [3,A]->turns_left:2
    [4,A]->turns_left:2
    [5,A]->turns_left:0
    [6,A]->turns_left:1
    [7,A]->turns_left:0
    [8,B]->fuel:3/3, actions_left_until_reproduction:1/1, turns_left:0
    [9,A]->turns_left:1
    [10,A]->turns_left:0
    [11,A]->turns_left:1
    [12,A]->turns_left:0
    [13,A]->turns_left:1
    [14,B]->fuel:3/3, actions_left_until_reproduction:1/1, turns_left:2
    [15,A]->turns_left:0
    [16,A]->turns_left:0
    [17,A]->turns_left:0
    [18,A]->turns_left:1
    [19,B]->fuel:3/3, actions_left_until_reproduction:1/1, turns_left:1
    [20,A]->turns_left:1
    [21,A]->turns_left:0
    [22,A]->turns_left:1
    [23,A]->turns_left:0
    [24,A]->turns_left:0
    [25,A]->turns_left:1
    [26,A]->turns_left:1
    [27,A]->turns_left:1
    [28,A]->turns_left:0
    [29,B]->fuel:3/3, actions_left_until_reproduction:1/1, turns_left:0
    [30,A]->turns_left:2
    [31,B]->fuel:3/3, actions_left_until_reproduction:1/1, turns_left:2
    [32,B]->fuel:3/3, actions_left_until_reproduction:1/1, turns_left:2
    [33,A]->turns_left:2
    [34,A]->turns_left:1
    [35,A]->turns_left:1
    [36,A]->turns_left:2
    [37,A]->turns_left:2
    [38,A]->turns_left:2
    [39,A]->turns_left:0
    [40,A]->turns_left:2
    [41,A]->turns_left:1
  Deaths This Turn:none
    (1:1)  (1:2)  (1:3)  (1:4)  (1:5)  
    EA--   BAAY   A---   AAB-   A*--   
    (2:1)  (2:2)  (2:3)  (2:4)  (2:5)  
    A---   AAAY   B---   AA--   AA*-   
    (3:1)  (3:2)  (3:3)  (3:4)  (3:5)  
    BAA-   AAA-   O---   AAAW   AW--   
    (4:1)  (4:2)  (4:3)  (4:4)  (4:5)  
    B---   A---   B---   BW--   A---   
    (5:1)  (5:2)  (5:3)  (5:4)  (5:5)  
    AA--   AY--   AAW-   AY--   AA--   
->move(NE)
  state:2.0, mode:test, ok
  Explorer got destroyed by asteroid (id: 5) at Sector:5:2
  The game has ended. You can start a new game.
  Movement:
    [0,E]:[1,1,1]->[5,2,3]
    [5,A]:[1,3,1]->[5,2,4]
      destroyed [0,E] at [5,2,3]
    [7,A]:[1,4,2]->[5,4,3]
    [8,B]:[1,4,3]->[5,3,4]
    [10,A]:[2,1,1]->[1,1,1]
    [12,A]:[2,2,2]->[1,1,3]
    [15,A]:[2,4,1]->[2,5,4]
    [16,A]:[2,4,2]
    [17,A]:[2,5,1]->[2,1,1]
    [21,A]:[3,1,3]->[4,1,2]
      destroyed [29,B] at [4,1,1]
    [23,A]:[3,2,2]->[3,1,3]
      destroyed [19,B] at [3,1,1]
    [24,A]:[3,2,3]->[4,3,2]
      destroyed [31,B] at [4,3,1]
    [28,A]:[3,5,1]->[2,4,1]
    [39,A]:[5,4,1]->[4,5,2]
  Sectors:
    [1,1]->[10,A],[1,A],[12,A],-
    [1,2]->[2,B],[3,A],[4,A],[-8,Y]
    [1,3]->-,-,-,-
    [1,4]->[6,A],-,-,-
    [1,5]->[9,A],[-11,*],-,-
    [2,1]->[17,A],-,-,-
    [2,2]->[11,A],-,[13,A],[-6,Y]
    [2,3]->[14,B],-,-,-
    [2,4]->[28,A],[16,A],-,-
    [2,5]->-,[18,A],[-4,*],[15,A]
    [3,1]->-,[20,A],[23,A],-
    [3,2]->[22,A],-,-,-
    [3,3]->[-1,O],-,-,-
    [3,4]->[25,A],[26,A],[27,A],[-3,W]
    [3,5]->-,[-7,W],-,-
    [4,1]->-,[21,A],-,-
    [4,2]->[30,A],-,-,-
    [4,3]->-,[24,A],-,-
    [4,4]->[32,B],[-10,W],-,-
    [4,5]->[33,A],[39,A],-,-
    [5,1]->[34,A],[35,A],-,-
    [5,2]->[36,A],[-5,Y],-,[5,A]
    [5,3]->[37,A],[38,A],[-2,W],[8,B]
    [5,4]->-,[-9,Y],[7,A],-
    [5,5]->[40,A],[41,A],-,-
  Descriptions:
    [-11,*]->Luminosity:5
    [-10,W]->
    [-9,Y]->Luminosity:2
    [-8,Y]->Luminosity:2
    [-7,W]->
    [-6,Y]->Luminosity:2
    [-5,Y]->Luminosity:2
    [-4,*]->Luminosity:5
    [-3,W]->
    [-2,W]->
    [-1,O]->
    [1,A]->turns_left:0
    [2,B]->fuel:3/3, actions_left_until_reproduction:1/1, turns_left:0
    [3,A]->turns_left:1
    [4,A]->turns_left:1
    [5,A]->turns_left:2
    [6,A]->turns_left:0
    [7,A]->turns_left:2
    [8,B]->fuel:2/3, actions_left_until_reproduction:0/1, turns_left:0
    [9,A]->turns_left:0
    [10,A]->turns_left:1
    [11,A]->turns_left:0
    [12,A]->turns_left:1
    [13,A]->turns_left:0
    [14,B]->fuel:3/3, actions_left_until_reproduction:1/1, turns_left:1
    [15,A]->turns_left:0
    [16,A]->turns_left:2
    [17,A]->turns_left:2
    [18,A]->turns_left:0
    [20,A]->turns_left:0
    [21,A]->turns_left:1
    [22,A]->turns_left:0
    [23,A]->turns_left:2
    [24,A]->turns_left:1
    [25,A]->turns_left:0
    [26,A]->turns_left:0
    [27,A]->turns_left:0
    [28,A]->turns_left:0
    [30,A]->turns_left:1
    [32,B]->fuel:3/3, actions_left_until_reproduction:1/1, turns_left:1
    [33,A]->turns_left:1
    [34,A]->turns_left:0
    [35,A]->turns_left:0
    [36,A]->turns_left:1
    [37,A]->turns_left:1
    [38,A]->turns_left:1
    [39,A]->turns_left:2
    [40,A]->turns_left:1
    [41,A]->turns_left:0
  Deaths This Turn:
    [0,E]->fuel:3/3, life:0/3, landed?:F,
      Explorer got destroyed by asteroid (id: 5) at Sector:5:2
    [29,B]->fuel:3/3, actions_left_until_reproduction:1/1, turns_left:N/A,
      Benign got destroyed by asteroid (id: 21) at Sector:4:1
    [19,B]->fuel:3/3, actions_left_until_reproduction:1/1, turns_left:N/A,
      Benign got destroyed by asteroid (id: 23) at Sector:3:1
    [31,B]->fuel:3/3, actions_left_until_reproduction:1/1, turns_left:N/A,
      Benign got destroyed by asteroid (id: 24) at Sector:4:3
    (1:1)  (1:2)  (1:3)  (1:4)  (1:5)  
    AAA-   BAAY   ----   A---   A*--   
    (2:1)  (2:2)  (2:3)  (2:4)  (2:5)  
    A---   A-AY   B---   AA--   -A*A   
    (3:1)  (3:2)  (3:3)  (3:4)  (3:5)  
    -AA-   A---   O---   AAAW   -W--   
    (4:1)  (4:2)  (4:3)  (4:4)  (4:5)  
    -A--   A---   -A--   BW--   AA--   
    (5:1)  (5:2)  (5:3)  (5:4)  (5:5)  
    AA--   AY-A   AAWB   -YA-   AA--   
  Explorer got destroyed by asteroid (id: 5) at Sector:5:2
  The game has ended. You can start a new game.
->move(E)
  state:2.1, error
  Negative on that request:no mission in progress.
->move(N)
  state:2.2, error
  Negative on that request:no mission in progress.
->move(NE)
  state:2.3, error
  Negative on that request:no mission in progress.
->move(NW)
  state:2.4, error
  Negative on that request:no mission in progress.
->move(NE)
  state:2.5, error
  Negative on that request:no mission in progress.
->move(SW)
  state:2.6, error
  Negative on that request:no mission in progress.
->move(NW)
  state:2.7, error
  Negative on that request:no mission in progress.
->move(SE)
  state:2.8, error
  Negative on that request:no mission in progress.
->abort
  state:2.9, error
  Negative on that request:no mission in progress.
->move(NW)
  state:2.10, error
  Negative on that request:no mission in progress.
->liftoff
  state:2.11, error
  Negative on that request:no mission in progress.
->move(SW)
  state:2.12, error
  Negative on that request:no mission in progress.
->land
  state:2.13, error
  Negative on that request:no mission in progress.
->move(SW)
  state:2.14, error
  Negative on that request:no mission in progress.
->move(W)
  state:2.15, error
  Negative on that request:no mission in progress.
->move(NE)
  state:2.16, error
  Negative on that request:no mission in progress.
->move(S)
  state:2.17, error
  Negative on that request:no mission in progress.
->move(W)
  state:2.18, error
  Negative on that request:no mission in progress.
->test(51,78,78,78,78)
  state:3.0, mode:test, ok
  Movement:none
  Sectors:
    [1,1]->[0,E],[1,A],[2,A],[-2,W]
    [1,2]->[3,A],-,-,-
    [1,3]->[4,J],[5,A],[-5,W],-
    [1,4]->[6,J],[7,A],[-7,*],-
    [1,5]->[8,A],[9,A],-,-
    [2,1]->[10,J],[11,A],[12,A],-
    [2,2]->[-4,W],-,-,-
    [2,3]->-,-,-,-
    [2,4]->[13,A],-,-,-
    [2,5]->[14,J],-,-,-
    [3,1]->[15,J],[16,J],[-3,W],-
    [3,2]->[17,A],[18,J],-,-
    [3,3]->[-1,O],-,-,-
    [3,4]->[19,A],-,-,-
    [3,5]->[20,J],-,-,-
    [4,1]->[21,J],[22,A],-,-
    [4,2]->[23,A],[24,A],[-9,*],-
    [4,3]->[25,J],[-6,Y],-,-
    [4,4]->[26,J],[-8,W],-,-
    [4,5]->[27,A],[-11,Y],-,-
    [5,1]->[28,A],-,-,-
    [5,2]->[29,A],[30,J],-,-
    [5,3]->[31,A],[32,A],[33,J],[-10,W]
    [5,4]->-,-,-,-
    [5,5]->[34,J],[35,A],[36,A],-
  Descriptions:
    [-11,Y]->Luminosity:2
    [-10,W]->
    [-9,*]->Luminosity:5
    [-8,W]->
    [-7,*]->Luminosity:5
    [-6,Y]->Luminosity:2
    [-5,W]->
    [-4,W]->
    [-3,W]->
    [-2,W]->
    [-1,O]->
    [0,E]->fuel:3/3, life:3/3, landed?:F
    [1,A]->turns_left:2
    [2,A]->turns_left:2
    [3,A]->turns_left:1
    [4,J]->fuel:5/5, load:0/2, actions_left_until_reproduction:2/2, turns_left:1
    [5,A]->turns_left:2
    [6,J]->fuel:5/5, load:0/2, actions_left_until_reproduction:2/2, turns_left:0
    [7,A]->turns_left:2
    [8,A]->turns_left:0
    [9,A]->turns_left:1
    [10,J]->fuel:5/5, load:0/2, actions_left_until_reproduction:2/2, turns_left:1
    [11,A]->turns_left:1
    [12,A]->turns_left:0
    [13,A]->turns_left:0
    [14,J]->fuel:5/5, load:0/2, actions_left_until_reproduction:2/2, turns_left:1
    [15,J]->fuel:5/5, load:0/2, actions_left_until_reproduction:2/2, turns_left:1
    [16,J]->fuel:5/5, load:0/2, actions_left_until_reproduction:2/2, turns_left:1
    [17,A]->turns_left:1
    [18,J]->fuel:5/5, load:0/2, actions_left_until_reproduction:2/2, turns_left:0
    [19,A]->turns_left:2
    [20,J]->fuel:5/5, load:0/2, actions_left_until_reproduction:2/2, turns_left:0
    [21,J]->fuel:5/5, load:0/2, actions_left_until_reproduction:2/2, turns_left:1
    [22,A]->turns_left:1
    [23,A]->turns_left:2
    [24,A]->turns_left:0
    [25,J]->fuel:5/5, load:0/2, actions_left_until_reproduction:2/2, turns_left:1
    [26,J]->fuel:5/5, load:0/2, actions_left_until_reproduction:2/2, turns_left:1
    [27,A]->turns_left:0
    [28,A]->turns_left:0
    [29,A]->turns_left:2
    [30,J]->fuel:5/5, load:0/2, actions_left_until_reproduction:2/2, turns_left:1
    [31,A]->turns_left:2
    [32,A]->turns_left:1
    [33,J]->fuel:5/5, load:0/2, actions_left_until_reproduction:2/2, turns_left:0
    [34,J]->fuel:5/5, load:0/2, actions_left_until_reproduction:2/2, turns_left:1
    [35,A]->turns_left:2
    [36,A]->turns_left:0
  Deaths This Turn:none
    (1:1)  (1:2)  (1:3)  (1:4)  (1:5)  
    EAAW   A---   JAW-   JA*-   AA--   
    (2:1)  (2:2)  (2:3)  (2:4)  (2:5)  
    JAA-   W---   ----   A---   J---   
    (3:1)  (3:2)  (3:3)  (3:4)  (3:5)  
    JJW-   AJ--   O---   A---   J---   
    (4:1)  (4:2)  (4:3)  (4:4)  (4:5)  
    JA--   AA*-   JY--   JW--   AY--   
    (5:1)  (5:2)  (5:3)  (5:4)  (5:5)  
    A---   AJ--   AAJW   ----   JAA-   
->move(NE)
  state:4.0, mode:test, ok
  Movement:
    [0,E]:[1,1,1]->[5,2,3]
    [6,J]:[1,4,1]->[5,5,4]
      destroyed [35,A] at [5,5,2]
      destroyed [36,A] at [5,5,3]
    [8,A]:[1,5,1]->[5,5,2]
      destroyed [6,J] at [5,5,4]
      destroyed [34,J] at [5,5,1]
    [12,A]:[2,1,3]->[3,5,2]
      destroyed [20,J] at [3,5,1]
    [13,A]:[2,4,1]->[2,3,1]
    [18,J]:[3,2,2]->[2,3,2]
      destroyed [13,A] at [2,3,1]
    [24,A]:[4,2,2]->[3,2,2]
    [27,A]:[4,5,1]->[5,1,2]
    [28,A]:[5,1,1]->[1,5,1]
    [33,J]:[5,3,3]->[1,4,1]
      destroyed [7,A] at [1,4,2]
  Sectors:
    [1,1]->-,[1,A],[2,A],[-2,W]
    [1,2]->[3,A],-,-,-
    [1,3]->[4,J],[5,A],[-5,W],-
    [1,4]->[33,J],-,[-7,*],-
    [1,5]->[28,A],[9,A],-,-
    [2,1]->[10,J],[11,A],-,-
    [2,2]->[-4,W],-,-,-
    [2,3]->-,[18,J],-,-
    [2,4]->-,-,-,-
    [2,5]->[14,J],-,-,-
    [3,1]->[15,J],[16,J],[-3,W],-
    [3,2]->[17,A],[24,A],-,-
    [3,3]->[-1,O],-,-,-
    [3,4]->[19,A],-,-,-
    [3,5]->-,[12,A],-,-
    [4,1]->[21,J],[22,A],-,-
    [4,2]->[23,A],-,[-9,*],-
    [4,3]->[25,J],[-6,Y],-,-
    [4,4]->[26,J],[-8,W],-,-
    [4,5]->-,[-11,Y],-,-
    [5,1]->-,[27,A],-,-
    [5,2]->[29,A],[30,J],[0,E],-
    [5,3]->[31,A],[32,A],-,[-10,W]
    [5,4]->-,-,-,-
    [5,5]->-,[8,A],-,-
  Descriptions:
    [-11,Y]->Luminosity:2
    [-10,W]->
    [-9,*]->Luminosity:5
    [-8,W]->
    [-7,*]->Luminosity:5
    [-6,Y]->Luminosity:2
    [-5,W]->
    [-4,W]->
    [-3,W]->
    [-2,W]->
    [-1,O]->
    [0,E]->fuel:2/3, life:3/3, landed?:F
    [1,A]->turns_left:1
    [2,A]->turns_left:1
    [3,A]->turns_left:0
    [4,J]->fuel:5/5, load:0/2, actions_left_until_reproduction:2/2, turns_left:0
    [5,A]->turns_left:1
    [8,A]->turns_left:1
    [9,A]->turns_left:0
    [10,J]->fuel:5/5, load:0/2, actions_left_until_reproduction:2/2, turns_left:0
    [11,A]->turns_left:0
    [12,A]->turns_left:2
    [14,J]->fuel:5/5, load:0/2, actions_left_until_reproduction:2/2, turns_left:0
    [15,J]->fuel:5/5, load:0/2, actions_left_until_reproduction:2/2, turns_left:0
    [16,J]->fuel:5/5, load:0/2, actions_left_until_reproduction:2/2, turns_left:0
    [17,A]->turns_left:0
    [18,J]->fuel:4/5, load:1/2, actions_left_until_reproduction:1/2, turns_left:1
    [19,A]->turns_left:1
    [21,J]->fuel:5/5, load:0/2, actions_left_until_reproduction:2/2, turns_left:0
    [22,A]->turns_left:0
    [23,A]->turns_left:1
    [24,A]->turns_left:2
    [25,J]->fuel:5/5, load:0/2, actions_left_until_reproduction:2/2, turns_left:0
    [26,J]->fuel:5/5, load:0/2, actions_left_until_reproduction:2/2, turns_left:0
    [27,A]->turns_left:0
    [28,A]->turns_left:2
    [29,A]->turns_left:1
    [30,J]->fuel:5/5, load:0/2, actions_left_until_reproduction:2/2, turns_left:0
    [31,A]->turns_left:1
    [32,A]->turns_left:0
    [33,J]->fuel:5/5, load:1/2, actions_left_until_reproduction:1/2, turns_left:2
  Deaths This Turn:
    [35,A]->turns_left:N/A,
      Asteroid got imploded by janitaur (id: 6) at Sector:5:5
    [36,A]->turns_left:N/A,
      Asteroid got imploded by janitaur (id: 6) at Sector:5:5
    [6,J]->fuel:4/5, load:2/2, actions_left_until_reproduction:1/2, turns_left:N/A,
      Janitaur got destroyed by asteroid (id: 8) at Sector:5:5
    [34,J]->fuel:5/5, load:0/2, actions_left_until_reproduction:2/2, turns_left:N/A,
      Janitaur got destroyed by asteroid (id: 8) at Sector:5:5
    [20,J]->fuel:5/5, load:0/2, actions_left_until_reproduction:2/2, turns_left:N/A,
      Janitaur got destroyed by asteroid (id: 12) at Sector:3:5
    [13,A]->turns_left:N/A,
      Asteroid got imploded by janitaur (id: 18) at Sector:2:3
    [7,A]->turns_left:N/A,
      Asteroid got imploded by janitaur (id: 33) at Sector:1:4
    (1:1)  (1:2)  (1:3)  (1:4)  (1:5)  
    -AAW   A---   JAW-   J-*-   AA--   
    (2:1)  (2:2)  (2:3)  (2:4)  (2:5)  
    JA--   W---   -J--   ----   J---   
    (3:1)  (3:2)  (3:3)  (3:4)  (3:5)  
    JJW-   AA--   O---   A---   -A--   
    (4:1)  (4:2)  (4:3)  (4:4)  (4:5)  
    JA--   A-*-   JY--   JW--   -Y--   
    (5:1)  (5:2)  (5:3)  (5:4)  (5:5)  
    -A--   AJE-   AA-W   ----   -A--   
->test(8,71,71,71,71)
  state:4.1, mode:test, error
  To start a new mission, please abort the current one first.
->test(96,96,96,96,96)
  state:4.2, mode:test, error
  To start a new mission, please abort the current one first.
->move(W)
  state:5.0, mode:test, ok
  Movement:
    [0,E]:[5,2,3]->[5,1,1]
    [3,A]:[1,2,1]->[5,3,3]
    [4,J]:[1,3,1]->[1,4,2]
    [9,A]:[1,5,2]->[2,4,1]
    [10,J]:[2,1,1]->[2,5,2]
    [11,A]:[2,1,2]->[1,1,1]
    [14,J]:[2,5,1]->[1,5,2]
      destroyed [28,A] at [1,5,1]
    [15,J]:[3,1,1]->[2,5,1]
    [16,J]:[3,1,2]->[3,2,3]
      destroyed [17,A] at [3,2,1]
      destroyed [24,A] at [3,2,2]
    [21,J]:[4,1,1]->[4,5,1]
    [22,A]:[4,1,2]->[4,2,2]
    [25,J]:[4,3,1]->[5,4,1]
    [26,J]:[4,4,1]->[3,5,1]
      destroyed [12,A] at [3,5,2]
    [27,A]:[5,1,2]->[4,5,3]
      destroyed [21,J] at [4,5,1]
    [30,J]:[5,2,2]->[4,3,1]
    [32,A]:[5,3,2]->[5,4,2]
      destroyed [25,J] at [5,4,1]
  Sectors:
    [1,1]->[11,A],[1,A],[2,A],[-2,W]
    [1,2]->-,-,-,-
    [1,3]->-,[5,A],[-5,W],-
    [1,4]->[33,J],[4,J],[-7,*],-
    [1,5]->-,[14,J],-,-
    [2,1]->-,-,-,-
    [2,2]->[-4,W],-,-,-
    [2,3]->-,[18,J],-,-
    [2,4]->[9,A],-,-,-
    [2,5]->[15,J],[10,J],-,-
    [3,1]->-,-,[-3,W],-
    [3,2]->-,-,[16,J],-
    [3,3]->[-1,O],-,-,-
    [3,4]->[19,A],-,-,-
    [3,5]->[26,J],-,-,-
    [4,1]->-,-,-,-
    [4,2]->[23,A],[22,A],[-9,*],-
    [4,3]->[30,J],[-6,Y],-,-
    [4,4]->-,[-8,W],-,-
    [4,5]->-,[-11,Y],[27,A],-
    [5,1]->[0,E],-,-,-
    [5,2]->[29,A],-,-,-
    [5,3]->[31,A],-,[3,A],[-10,W]
    [5,4]->-,[32,A],-,-
    [5,5]->-,[8,A],-,-
  Descriptions:
    [-11,Y]->Luminosity:2
    [-10,W]->
    [-9,*]->Luminosity:5
    [-8,W]->
    [-7,*]->Luminosity:5
    [-6,Y]->Luminosity:2
    [-5,W]->
    [-4,W]->
    [-3,W]->
    [-2,W]->
    [-1,O]->
    [0,E]->fuel:1/3, life:3/3, landed?:F
    [1,A]->turns_left:0
    [2,A]->turns_left:0
    [3,A]->turns_left:1
    [4,J]->fuel:5/5, load:0/2, actions_left_until_reproduction:1/2, turns_left:1
    [5,A]->turns_left:0
    [8,A]->turns_left:0
    [9,A]->turns_left:1
    [10,J]->fuel:4/5, load:0/2, actions_left_until_reproduction:1/2, turns_left:1
    [11,A]->turns_left:2
    [14,J]->fuel:4/5, load:1/2, actions_left_until_reproduction:1/2, turns_left:0
    [15,J]->fuel:4/5, load:0/2, actions_left_until_reproduction:1/2, turns_left:0
    [16,J]->fuel:4/5, load:2/2, actions_left_until_reproduction:1/2, turns_left:0
    [18,J]->fuel:4/5, load:1/2, actions_left_until_reproduction:1/2, turns_left:0
    [19,A]->turns_left:0
    [22,A]->turns_left:0
    [23,A]->turns_left:0
    [26,J]->fuel:4/5, load:1/2, actions_left_until_reproduction:1/2, turns_left:1
    [27,A]->turns_left:0
    [29,A]->turns_left:0
    [30,J]->fuel:5/5, load:0/2, actions_left_until_reproduction:1/2, turns_left:2
    [31,A]->turns_left:0
    [32,A]->turns_left:1
    [33,J]->fuel:5/5, load:1/2, actions_left_until_reproduction:1/2, turns_left:1
  Deaths This Turn:
    [28,A]->turns_left:N/A,
      Asteroid got imploded by janitaur (id: 14) at Sector:1:5
    [17,A]->turns_left:N/A,
      Asteroid got imploded by janitaur (id: 16) at Sector:3:2
    [24,A]->turns_left:N/A,
      Asteroid got imploded by janitaur (id: 16) at Sector:3:2
    [12,A]->turns_left:N/A,
      Asteroid got imploded by janitaur (id: 26) at Sector:3:5
    [21,J]->fuel:5/5, load:0/2, actions_left_until_reproduction:1/2, turns_left:N/A,
      Janitaur got destroyed by asteroid (id: 27) at Sector:4:5
    [25,J]->fuel:4/5, load:0/2, actions_left_until_reproduction:1/2, turns_left:N/A,
      Janitaur got destroyed by asteroid (id: 32) at Sector:5:4
    (1:1)  (1:2)  (1:3)  (1:4)  (1:5)  
    AAAW   ----   -AW-   JJ*-   -J--   
    (2:1)  (2:2)  (2:3)  (2:4)  (2:5)  
    ----   W---   -J--   A---   JJ--   
    (3:1)  (3:2)  (3:3)  (3:4)  (3:5)  
    --W-   --J-   O---   A---   J---   
    (4:1)  (4:2)  (4:3)  (4:4)  (4:5)  
    ----   AA*-   JY--   -W--   -YA-   
    (5:1)  (5:2)  (5:3)  (5:4)  (5:5)  
    E---   A---   A-AW   -A--   -A--   
->land
  state:5.1, mode:test, error
  Negative on that request:no yellow dwarf at Sector:5:1
->move(E)
  state:6.0, mode:test, ok
  Explorer got lost in space - out of fuel at Sector:5:2
  The game has ended. You can start a new game.
  Movement:
    [0,E]:[5,1,1]->[5,2,2]
    [1,A]:[1,1,2]->[2,5,3]
      destroyed [10,J] at [2,5,2]
      destroyed [15,J] at [2,5,1]
    [2,A]:[1,1,3]->[1,5,1]
      destroyed [14,J] at [1,5,2]
    [5,A]:[1,3,2]->[1,2,1]
    [8,A]:[5,5,2]->[1,4,4]
      destroyed [4,J] at [1,4,2]
      destroyed [33,J] at [1,4,1]
    [16,J]:[3,2,3]->[4,3,3]
    [18,J]:[2,3,2]->[2,2,2]
    [19,A]:[3,4,1]->[2,3,1]
    [22,A]:[4,2,2]->[3,2,1]
    [23,A]:[4,2,1]->[3,2,2]
    [27,A]:[4,5,3]->[5,5,1]
    [29,A]:[5,2,1]->[5,1,1]
    [31,A]:[5,3,1]->[5,2,1]
  Sectors:
    [1,1]->[11,A],-,-,[-2,W]
    [1,2]->[5,A],-,-,-
    [1,3]->-,-,[-5,W],-
    [1,4]->-,-,[-7,*],[8,A]
    [1,5]->[2,A],-,-,-
    [2,1]->-,-,-,-
    [2,2]->[-4,W],[18,J],-,-
    [2,3]->[19,A],-,-,-
    [2,4]->[9,A],-,-,-
    [2,5]->-,-,[1,A],-
    [3,1]->-,-,[-3,W],-
    [3,2]->[22,A],[23,A],-,-
    [3,3]->[-1,O],-,-,-
    [3,4]->-,-,-,-
    [3,5]->[26,J],-,-,-
    [4,1]->-,-,-,-
    [4,2]->-,-,[-9,*],-
    [4,3]->[30,J],[-6,Y],[16,J],-
    [4,4]->-,[-8,W],-,-
    [4,5]->-,[-11,Y],-,-
    [5,1]->[29,A],-,-,-
    [5,2]->[31,A],-,-,-
    [5,3]->-,-,[3,A],[-10,W]
    [5,4]->-,[32,A],-,-
    [5,5]->[27,A],-,-,-
  Descriptions:
    [-11,Y]->Luminosity:2
    [-10,W]->
    [-9,*]->Luminosity:5
    [-8,W]->
    [-7,*]->Luminosity:5
    [-6,Y]->Luminosity:2
    [-5,W]->
    [-4,W]->
    [-3,W]->
    [-2,W]->
    [-1,O]->
    [1,A]->turns_left:0
    [2,A]->turns_left:1
    [3,A]->turns_left:0
    [5,A]->turns_left:1
    [8,A]->turns_left:0
    [9,A]->turns_left:0
    [11,A]->turns_left:1
    [16,J]->fuel:5/5, load:2/2, actions_left_until_reproduction:0/2, turns_left:0
    [18,J]->fuel:3/5, load:0/2, actions_left_until_reproduction:0/2, turns_left:0
    [19,A]->turns_left:0
    [22,A]->turns_left:2
    [23,A]->turns_left:1
    [26,J]->fuel:4/5, load:1/2, actions_left_until_reproduction:1/2, turns_left:0
    [27,A]->turns_left:2
    [29,A]->turns_left:1
    [30,J]->fuel:5/5, load:0/2, actions_left_until_reproduction:1/2, turns_left:1
    [31,A]->turns_left:2
    [32,A]->turns_left:0
  Deaths This Turn:
    [0,E]->fuel:0/3, life:0/3, landed?:F,
      Explorer got lost in space - out of fuel at Sector:5:2
    [10,J]->fuel:4/5, load:0/2, actions_left_until_reproduction:1/2, turns_left:N/A,
      Janitaur got destroyed by asteroid (id: 1) at Sector:2:5
    [15,J]->fuel:4/5, load:0/2, actions_left_until_reproduction:1/2, turns_left:N/A,
      Janitaur got destroyed by asteroid (id: 1) at Sector:2:5
    [14,J]->fuel:4/5, load:1/2, actions_left_until_reproduction:1/2, turns_left:N/A,
      Janitaur got destroyed by asteroid (id: 2) at Sector:1:5
    [4,J]->fuel:5/5, load:0/2, actions_left_until_reproduction:1/2, turns_left:N/A,
      Janitaur got destroyed by asteroid (id: 8) at Sector:1:4
    [33,J]->fuel:5/5, load:1/2, actions_left_until_reproduction:1/2, turns_left:N/A,
      Janitaur got destroyed by asteroid (id: 8) at Sector:1:4
    (1:1)  (1:2)  (1:3)  (1:4)  (1:5)  
    A--W   A---   --W-   --*A   A---   
    (2:1)  (2:2)  (2:3)  (2:4)  (2:5)  
    ----   WJ--   A---   A---   --A-   
    (3:1)  (3:2)  (3:3)  (3:4)  (3:5)  
    --W-   AA--   O---   ----   J---   
    (4:1)  (4:2)  (4:3)  (4:4)  (4:5)  
    ----   --*-   JYJ-   -W--   -Y--   
    (5:1)  (5:2)  (5:3)  (5:4)  (5:5)  
    A---   A---   --AW   -A--   A---   
  Explorer got lost in space - out of fuel at Sector:5:2
  The game has ended. You can start a new game.
->liftoff
  state:6.1, error
  Negative on that request:no mission in progress.
->liftoff
  state:6.2, error
  Negative on that request:no mission in progress.
->move(NW)
  state:6.3, error
  Negative on that request:no mission in progress.
->wormhole
  state:6.4, error
  Negative on that request:no mission in progress.
->move(E)
  state:6.5, error
  Negative on that request:no mission in progress.
->move(SW)
  state:6.6, error
  Negative on that request:no mission in progress.
->move(SE)
  state:6.7, error
  Negative on that request:no mission in progress.
->move(W)
  state:6.8, error
  Negative on that request:no mission in progress.
->move(S)
  state:6.9, error
  Negative on that request:no mission in progress.
->move(N)
  state:6.10, error
  Negative on that request:no mission in progress.
->liftoff
  state:6.11, error
  Negative on that request:no mission in progress.
->move(SW)
  state:6.12, error
  Negative on that request:no mission in progress.
->pass
  state:6.13, error
  Negative on that request:no mission in progress.
->move(W)
  state:6.14, error
  Negative on that request:no mission in progress.
->abort
  state:6.15, error
  Negative on that request:no mission in progress.
->test(79,79,79,79,79)
  state:7.0, mode:test, ok
  Movement:none
  Sectors:
    [1,1]->[0,E],[1,A],[-4,*],-
    [1,2]->[2,A],[3,A],[-9,*],-
    [1,3]->-,-,-,-
    [1,4]->[4,A],-,-,-
    [1,5]->[-10,Y],-,-,-
    [2,1]->[5,A],[6,A],-,-
    [2,2]->[7,A],[8,A],[9,A],-
    [2,3]->[-3,*],-,-,-
    [2,4]->[10,A],-,-,-
    [2,5]->-,-,-,-
    [3,1]->[11,A],[12,A],-,-
    [3,2]->[-7,Y],-,-,-
    [3,3]->[-1,O],-,-,-
    [3,4]->-,-,-,-
    [3,5]->[13,A],[14,A],[15,A],[-8,Y]
    [4,1]->[16,A],-,-,-
    [4,2]->[17,A],[-6,*],-,-
    [4,3]->[18,A],[19,A],[-11,W],-
    [4,4]->[-2,*],-,-,-
    [4,5]->[20,A],[21,A],-,-
    [5,1]->-,-,-,-
    [5,2]->[22,A],[23,A],-,-
    [5,3]->[24,A],[25,A],[26,A],-
    [5,4]->[27,A],[28,A],[-5,*],-
    [5,5]->[29,A],-,-,-
  Descriptions:
    [-11,W]->
    [-10,Y]->Luminosity:2
    [-9,*]->Luminosity:5
    [-8,Y]->Luminosity:2
    [-7,Y]->Luminosity:2
    [-6,*]->Luminosity:5
    [-5,*]->Luminosity:5
    [-4,*]->Luminosity:5
    [-3,*]->Luminosity:5
    [-2,*]->Luminosity:5
    [-1,O]->
    [0,E]->fuel:3/3, life:3/3, landed?:F
    [1,A]->turns_left:1
    [2,A]->turns_left:1
    [3,A]->turns_left:1
    [4,A]->turns_left:1
    [5,A]->turns_left:2
    [6,A]->turns_left:1
    [7,A]->turns_left:0
    [8,A]->turns_left:0
    [9,A]->turns_left:1
    [10,A]->turns_left:0
    [11,A]->turns_left:1
    [12,A]->turns_left:1
    [13,A]->turns_left:0
    [14,A]->turns_left:2
    [15,A]->turns_left:1
    [16,A]->turns_left:1
    [17,A]->turns_left:1
    [18,A]->turns_left:2
    [19,A]->turns_left:0
    [20,A]->turns_left:0
    [21,A]->turns_left:0
    [22,A]->turns_left:2
    [23,A]->turns_left:2
    [24,A]->turns_left:2
    [25,A]->turns_left:1
    [26,A]->turns_left:0
    [27,A]->turns_left:1
    [28,A]->turns_left:1
    [29,A]->turns_left:1
  Deaths This Turn:none
    (1:1)  (1:2)  (1:3)  (1:4)  (1:5)  
    EA*-   AA*-   ----   A---   Y---   
    (2:1)  (2:2)  (2:3)  (2:4)  (2:5)  
    AA--   AAA-   *---   A---   ----   
    (3:1)  (3:2)  (3:3)  (3:4)  (3:5)  
    AA--   Y---   O---   ----   AAAY   
    (4:1)  (4:2)  (4:3)  (4:4)  (4:5)  
    A---   A*--   AAW-   *---   AA--   
    (5:1)  (5:2)  (5:3)  (5:4)  (5:5)  
    ----   AA--   AAA-   AA*-   A---   
->move(NE)
  state:8.0, mode:test, ok
  Movement:
    [0,E]:[1,1,1]->[5,2,3]
    [7,A]:[2,2,1]->[2,3,2]
    [8,A]:[2,2,2]->[1,3,1]
    [10,A]:[2,4,1]->[2,3,3]
    [13,A]:[3,5,1]->[3,4,1]
    [19,A]:[4,3,2]->[5,3,4]
    [20,A]:[4,5,1]->[5,4,4]
    [21,A]:[4,5,2]->[5,5,2]
    [26,A]:[5,3,3]->[4,2,3]
  Sectors:
    [1,1]->-,[1,A],[-4,*],-
    [1,2]->[2,A],[3,A],[-9,*],-
    [1,3]->[8,A],-,-,-
    [1,4]->[4,A],-,-,-
    [1,5]->[-10,Y],-,-,-
    [2,1]->[5,A],[6,A],-,-
    [2,2]->-,-,[9,A],-
    [2,3]->[-3,*],[7,A],[10,A],-
    [2,4]->-,-,-,-
    [2,5]->-,-,-,-
    [3,1]->[11,A],[12,A],-,-
    [3,2]->[-7,Y],-,-,-
    [3,3]->[-1,O],-,-,-
    [3,4]->[13,A],-,-,-
    [3,5]->-,[14,A],[15,A],[-8,Y]
    [4,1]->[16,A],-,-,-
    [4,2]->[17,A],[-6,*],[26,A],-
    [4,3]->[18,A],-,[-11,W],-
    [4,4]->[-2,*],-,-,-
    [4,5]->-,-,-,-
    [5,1]->-,-,-,-
    [5,2]->[22,A],[23,A],[0,E],-
    [5,3]->[24,A],[25,A],-,[19,A]
    [5,4]->[27,A],[28,A],[-5,*],[20,A]
    [5,5]->[29,A],[21,A],-,-
  Descriptions:
    [-11,W]->
    [-10,Y]->Luminosity:2
    [-9,*]->Luminosity:5
    [-8,Y]->Luminosity:2
    [-7,Y]->Luminosity:2
    [-6,*]->Luminosity:5
    [-5,*]->Luminosity:5
    [-4,*]->Luminosity:5
    [-3,*]->Luminosity:5
    [-2,*]->Luminosity:5
    [-1,O]->
    [0,E]->fuel:2/3, life:3/3, landed?:F
    [1,A]->turns_left:0
    [2,A]->turns_left:0
    [3,A]->turns_left:0
    [4,A]->turns_left:0
    [5,A]->turns_left:1
    [6,A]->turns_left:0
    [7,A]->turns_left:0
    [8,A]->turns_left:1
    [9,A]->turns_left:0
    [10,A]->turns_left:2
    [11,A]->turns_left:0
    [12,A]->turns_left:0
    [13,A]->turns_left:0
    [14,A]->turns_left:1
    [15,A]->turns_left:0
    [16,A]->turns_left:0
    [17,A]->turns_left:0
    [18,A]->turns_left:1
    [19,A]->turns_left:1
    [20,A]->turns_left:1
    [21,A]->turns_left:2
    [22,A]->turns_left:1
    [23,A]->turns_left:1
    [24,A]->turns_left:1
    [25,A]->turns_left:0
    [26,A]->turns_left:1
    [27,A]->turns_left:0
    [28,A]->turns_left:0
    [29,A]->turns_left:0
  Deaths This Turn:none
    (1:1)  (1:2)  (1:3)  (1:4)  (1:5)  
    -A*-   AA*-   A---   A---   Y---   
    (2:1)  (2:2)  (2:3)  (2:4)  (2:5)  
    AA--   --A-   *AA-   ----   ----   
    (3:1)  (3:2)  (3:3)  (3:4)  (3:5)  
    AA--   Y---   O---   A---   -AAY   
    (4:1)  (4:2)  (4:3)  (4:4)  (4:5)  
    A---   A*A-   A-W-   *---   ----   
    (5:1)  (5:2)  (5:3)  (5:4)  (5:5)  
    ----   AAE-   AA-A   AA*A   AA--   
