  state:0.0, ok
  Welcome! Try test(3,5,7,15,30)
->land
  state:0.1, error
  Negative on that request:no mission in progress.
->wormhole
  state:0.2, error
  Negative on that request:no mission in progress.
->move(N)
  state:0.3, error
  Negative on that request:no mission in progress.
->move(NW)
  state:0.4, error
  Negative on that request:no mission in progress.
->move(W)
  state:0.5, error
  Negative on that request:no mission in progress.
->move(S)
  state:0.6, error
  Negative on that request:no mission in progress.
->move(NE)
  state:0.7, error
  Negative on that request:no mission in progress.
->move(SE)
  state:0.8, error
  Negative on that request:no mission in progress.
->liftoff
  state:0.9, error
  Negative on that request:no mission in progress.
->move(SW)
  state:0.10, error
  Negative on that request:no mission in progress.
->move(N)
  state:0.11, error
  Negative on that request:no mission in progress.
->move(N)
  state:0.12, error
  Negative on that request:no mission in progress.
->move(NE)
  state:0.13, error
  Negative on that request:no mission in progress.
->move(S)
  state:0.14, error
  Negative on that request:no mission in progress.
->move(NE)
  state:0.15, error
  Negative on that request:no mission in progress.
->move(E)
  state:0.16, error
  Negative on that request:no mission in progress.
->test(53,61,61,88,88)
  state:1.0, mode:test, ok
  Movement:none
  Sectors:
    [1,1]->[0,E],[1,J],-,-
    [1,2]->[2,A],[3,A],[-11,Y],-
    [1,3]->[4,B],[5,A],-,-
    [1,4]->[6,A],[7,B],-,-
    [1,5]->[8,J],[-3,W],-,-
    [2,1]->[9,A],-,-,-
    [2,2]->[10,B],[11,A],[12,A],[-9,Y]
    [2,3]->[13,B],[-4,W],-,-
    [2,4]->[14,A],[15,B],-,-
    [2,5]->[16,A],[17,J],[-7,*],-
    [3,1]->[18,B],[19,A],-,-
    [3,2]->-,-,-,-
    [3,3]->[-1,O],-,-,-
    [3,4]->[20,B],[-6,W],-,-
    [3,5]->[21,B],[22,B],[-10,W],-
    [4,1]->[23,A],[24,B],-,-
    [4,2]->-,-,-,-
    [4,3]->[25,B],-,-,-
    [4,4]->[26,A],-,-,-
    [4,5]->[27,B],-,-,-
    [5,1]->[28,B],-,-,-
    [5,2]->[29,A],[-8,Y],-,-
    [5,3]->[30,J],[31,A],[-5,W],-
    [5,4]->[32,A],[-2,Y],-,-
    [5,5]->[33,A],[34,A],-,-
  Descriptions:
    [-11,Y]->Luminosity:2
    [-10,W]->
    [-9,Y]->Luminosity:2
    [-8,Y]->Luminosity:2
    [-7,*]->Luminosity:5
    [-6,W]->
    [-5,W]->
    [-4,W]->
    [-3,W]->
    [-2,Y]->Luminosity:2
    [-1,O]->
    [0,E]->fuel:3/3, life:3/3, landed?:F
    [1,J]->fuel:5/5, load:0/2, actions_left_until_reproduction:2/2, turns_left:1
    [2,A]->turns_left:0
    [3,A]->turns_left:1
    [4,B]->fuel:3/3, actions_left_until_reproduction:1/1, turns_left:1
    [5,A]->turns_left:0
    [6,A]->turns_left:0
    [7,B]->fuel:3/3, actions_left_until_reproduction:1/1, turns_left:0
    [8,J]->fuel:5/5, load:0/2, actions_left_until_reproduction:2/2, turns_left:1
    [9,A]->turns_left:0
    [10,B]->fuel:3/3, actions_left_until_reproduction:1/1, turns_left:1
    [11,A]->turns_left:0
    [12,A]->turns_left:1
    [13,B]->fuel:3/3, actions_left_until_reproduction:1/1, turns_left:2
    [14,A]->turns_left:0
    [15,B]->fuel:3/3, actions_left_until_reproduction:1/1, turns_left:0
    [16,A]->turns_left:0
    [17,J]->fuel:5/5, load:0/2, actions_left_until_reproduction:2/2, turns_left:1
    [18,B]->fuel:3/3, actions_left_until_reproduction:1/1, turns_left:1
    [19,A]->turns_left:0
    [20,B]->fuel:3/3, actions_left_until_reproduction:1/1, turns_left:0
    [21,B]->fuel:3/3, actions_left_until_reproduction:1/1, turns_left:2
    [22,B]->fuel:3/3, actions_left_until_reproduction:1/1, turns_left:1
    [23,A]->turns_left:0
    [24,B]->fuel:3/3, actions_left_until_reproduction:1/1, turns_left:0
    [25,B]->fuel:3/3, actions_left_until_reproduction:1/1, turns_left:0
    [26,A]->turns_left:2
    [27,B]->fuel:3/3, actions_left_until_reproduction:1/1, turns_left:2
    [28,B]->fuel:3/3, actions_left_until_reproduction:1/1, turns_left:2
    [29,A]->turns_left:2
    [30,J]->fuel:5/5, load:0/2, actions_left_until_reproduction:2/2, turns_left:1
    [31,A]->turns_left:1
    [32,A]->turns_left:2
    [33,A]->turns_left:2
    [34,A]->turns_left:2
  Deaths This Turn:none
    (1:1)  (1:2)  (1:3)  (1:4)  (1:5)  
    EJ--   AAY-   BA--   AB--   JW--   
    (2:1)  (2:2)  (2:3)  (2:4)  (2:5)  
    A---   BAAY   BW--   AB--   AJ*-   
    (3:1)  (3:2)  (3:3)  (3:4)  (3:5)  
    BA--   ----   O---   BW--   BBW-   
    (4:1)  (4:2)  (4:3)  (4:4)  (4:5)  
    AB--   ----   B---   A---   B---   
    (5:1)  (5:2)  (5:3)  (5:4)  (5:5)  
    B---   AY--   JAW-   AY--   AA--   
->land
  state:1.1, mode:test, error
  Negative on that request:no yellow dwarf at Sector:1:1
->pass
  state:2.0, mode:test, ok
  Explorer got destroyed by asteroid (id: 2) at Sector:1:1
  The game has ended. You can start a new game.
  Movement:
    [2,A]:[1,2,1]->[1,1,3]
      destroyed [0,E] at [1,1,1]
      destroyed [1,J] at [1,1,2]
    [5,A]:[1,3,2]->[5,2,3]
    [6,A]:[1,4,1]->[5,3,4]
      destroyed [30,J] at [5,3,1]
    [7,B]:[1,4,2]->[2,3,3]
    [9,A]:[2,1,1]->[3,1,3]
      destroyed [18,B] at [3,1,1]
    [11,A]:[2,2,2]->[3,3,2]
    [14,A]:[2,4,1]->[1,3,2]
      destroyed [4,B] at [1,3,1]
    [15,B]:[2,4,2]->[1,5,3]
    [16,A]:[2,5,1]->[1,4,1]
    [19,A]:[3,1,2]->[2,1,1]
    [20,B]:[3,4,1]->[3,2,1]
    [23,A]:[4,1,1]->[5,5,3]
    [24,B]:[4,1,2]->[3,5,4]
    [25,B]:[4,3,1]->[4,2,1]
  Sectors:
    [1,1]->-,-,[2,A],-
    [1,2]->-,[3,A],[-11,Y],-
    [1,3]->-,[14,A],-,-
    [1,4]->[16,A],-,-,-
    [1,5]->[8,J],[-3,W],[15,B],-
    [2,1]->[19,A],-,-,-
    [2,2]->[10,B],-,[12,A],[-9,Y]
    [2,3]->[13,B],[-4,W],[7,B],-
    [2,4]->-,-,-,-
    [2,5]->-,[17,J],[-7,*],-
    [3,1]->-,-,[9,A],-
    [3,2]->[20,B],-,-,-
    [3,3]->[-1,O],-,-,-
    [3,4]->-,[-6,W],-,-
    [3,5]->[21,B],[22,B],[-10,W],[24,B]
    [4,1]->-,-,-,-
    [4,2]->[25,B],-,-,-
    [4,3]->-,-,-,-
    [4,4]->[26,A],-,-,-
    [4,5]->[27,B],-,-,-
    [5,1]->[28,B],-,-,-
    [5,2]->[29,A],[-8,Y],[5,A],-
    [5,3]->-,[31,A],[-5,W],[6,A]
    [5,4]->[32,A],[-2,Y],-,-
    [5,5]->[33,A],[34,A],[23,A],-
  Descriptions:
    [-11,Y]->Luminosity:2
    [-10,W]->
    [-9,Y]->Luminosity:2
    [-8,Y]->Luminosity:2
    [-7,*]->Luminosity:5
    [-6,W]->
    [-5,W]->
    [-4,W]->
    [-3,W]->
    [-2,Y]->Luminosity:2
    [-1,O]->
    [2,A]->turns_left:2
    [3,A]->turns_left:0
    [5,A]->turns_left:2
    [6,A]->turns_left:0
    [7,B]->fuel:2/3, actions_left_until_reproduction:0/1, turns_left:0
    [8,J]->fuel:5/5, load:0/2, actions_left_until_reproduction:2/2, turns_left:0
    [9,A]->turns_left:1
    [10,B]->fuel:3/3, actions_left_until_reproduction:1/1, turns_left:0
    [12,A]->turns_left:0
    [13,B]->fuel:3/3, actions_left_until_reproduction:1/1, turns_left:1
    [14,A]->turns_left:1
    [15,B]->fuel:2/3, actions_left_until_reproduction:0/1, turns_left:1
    [16,A]->turns_left:2
    [17,J]->fuel:5/5, load:0/2, actions_left_until_reproduction:2/2, turns_left:0
    [19,A]->turns_left:2
    [20,B]->fuel:3/3, actions_left_until_reproduction:0/1, turns_left:0
    [21,B]->fuel:3/3, actions_left_until_reproduction:1/1, turns_left:1
    [22,B]->fuel:3/3, actions_left_until_reproduction:1/1, turns_left:0
    [23,A]->turns_left:1
    [24,B]->fuel:2/3, actions_left_until_reproduction:0/1, turns_left:1
    [25,B]->fuel:2/3, actions_left_until_reproduction:0/1, turns_left:2
    [26,A]->turns_left:1
    [27,B]->fuel:3/3, actions_left_until_reproduction:1/1, turns_left:1
    [28,B]->fuel:3/3, actions_left_until_reproduction:1/1, turns_left:1
    [29,A]->turns_left:1
    [31,A]->turns_left:0
    [32,A]->turns_left:1
    [33,A]->turns_left:1
    [34,A]->turns_left:1
  Deaths This Turn:
    [0,E]->fuel:3/3, life:0/3, landed?:F,
      Explorer got destroyed by asteroid (id: 2) at Sector:1:1
    [1,J]->fuel:5/5, load:0/2, actions_left_until_reproduction:2/2, turns_left:N/A,
      Janitaur got destroyed by asteroid (id: 2) at Sector:1:1
    [30,J]->fuel:5/5, load:0/2, actions_left_until_reproduction:2/2, turns_left:N/A,
      Janitaur got destroyed by asteroid (id: 6) at Sector:5:3
    [18,B]->fuel:3/3, actions_left_until_reproduction:1/1, turns_left:N/A,
      Benign got destroyed by asteroid (id: 9) at Sector:3:1
    [11,A]->turns_left:N/A,
      Asteroid got devoured by blackhole (id: -1) at Sector:3:3
    [4,B]->fuel:3/3, actions_left_until_reproduction:1/1, turns_left:N/A,
      Benign got destroyed by asteroid (id: 14) at Sector:1:3
    (1:1)  (1:2)  (1:3)  (1:4)  (1:5)  
    --A-   -AY-   -A--   A---   JWB-   
    (2:1)  (2:2)  (2:3)  (2:4)  (2:5)  
    A---   B-AY   BWB-   ----   -J*-   
    (3:1)  (3:2)  (3:3)  (3:4)  (3:5)  
    --A-   B---   O---   -W--   BBWB   
    (4:1)  (4:2)  (4:3)  (4:4)  (4:5)  
    ----   B---   ----   A---   B---   
    (5:1)  (5:2)  (5:3)  (5:4)  (5:5)  
    B---   AYA-   -AWA   AY--   AAA-   
  Explorer got destroyed by asteroid (id: 2) at Sector:1:1
  The game has ended. You can start a new game.
->test(46,88,96,96,96)
  state:3.0, mode:test, ok
  Movement:none
  Sectors:
    [1,1]->[0,E],[1,J],[2,J],[3,J]
    [1,2]->[4,A],[5,J],-,-
    [1,3]->[6,J],[7,A],-,-
    [1,4]->[8,A],[9,J],[-8,W],-
    [1,5]->[10,J],[11,J],-,-
    [2,1]->[12,J],[13,A],-,-
    [2,2]->[14,A],[15,A],[-3,Y],-
    [2,3]->[16,J],[17,A],[18,A],[-6,Y]
    [2,4]->[-10,*],-,-,-
    [2,5]->[19,J],-,-,-
    [3,1]->[20,A],[-4,*],-,-
    [3,2]->[21,J],-,-,-
    [3,3]->[-1,O],-,-,-
    [3,4]->[22,J],[23,J],-,-
    [3,5]->[24,A],[25,J],-,-
    [4,1]->[26,A],[27,M],[-9,W],-
    [4,2]->[28,J],[29,A],[-2,*],-
    [4,3]->[30,A],[31,J],[-11,Y],-
    [4,4]->[32,A],[33,A],[34,J],-
    [4,5]->[35,J],-,-,-
    [5,1]->[36,A],[-7,Y],-,-
    [5,2]->[37,A],-,-,-
    [5,3]->[38,A],[39,J],[-5,W],-
    [5,4]->[40,A],[41,A],[42,J],-
    [5,5]->-,-,-,-
  Descriptions:
    [-11,Y]->Luminosity:2
    [-10,*]->Luminosity:5
    [-9,W]->
    [-8,W]->
    [-7,Y]->Luminosity:2
    [-6,Y]->Luminosity:2
    [-5,W]->
    [-4,*]->Luminosity:5
    [-3,Y]->Luminosity:2
    [-2,*]->Luminosity:5
    [-1,O]->
    [0,E]->fuel:3/3, life:3/3, landed?:F
    [1,J]->fuel:5/5, load:0/2, actions_left_until_reproduction:2/2, turns_left:2
    [2,J]->fuel:5/5, load:0/2, actions_left_until_reproduction:2/2, turns_left:1
    [3,J]->fuel:5/5, load:0/2, actions_left_until_reproduction:2/2, turns_left:2
    [4,A]->turns_left:0
    [5,J]->fuel:5/5, load:0/2, actions_left_until_reproduction:2/2, turns_left:2
    [6,J]->fuel:5/5, load:0/2, actions_left_until_reproduction:2/2, turns_left:2
    [7,A]->turns_left:2
    [8,A]->turns_left:1
    [9,J]->fuel:5/5, load:0/2, actions_left_until_reproduction:2/2, turns_left:1
    [10,J]->fuel:5/5, load:0/2, actions_left_until_reproduction:2/2, turns_left:2
    [11,J]->fuel:5/5, load:0/2, actions_left_until_reproduction:2/2, turns_left:2
    [12,J]->fuel:5/5, load:0/2, actions_left_until_reproduction:2/2, turns_left:0
    [13,A]->turns_left:2
    [14,A]->turns_left:0
    [15,A]->turns_left:1
    [16,J]->fuel:5/5, load:0/2, actions_left_until_reproduction:2/2, turns_left:1
    [17,A]->turns_left:1
    [18,A]->turns_left:0
    [19,J]->fuel:5/5, load:0/2, actions_left_until_reproduction:2/2, turns_left:0
    [20,A]->turns_left:1
    [21,J]->fuel:5/5, load:0/2, actions_left_until_reproduction:2/2, turns_left:1
    [22,J]->fuel:5/5, load:0/2, actions_left_until_reproduction:2/2, turns_left:1
    [23,J]->fuel:5/5, load:0/2, actions_left_until_reproduction:2/2, turns_left:1
    [24,A]->turns_left:1
    [25,J]->fuel:5/5, load:0/2, actions_left_until_reproduction:2/2, turns_left:0
    [26,A]->turns_left:2
    [27,M]->fuel:3/3, actions_left_until_reproduction:1/1, turns_left:1
    [28,J]->fuel:5/5, load:0/2, actions_left_until_reproduction:2/2, turns_left:0
    [29,A]->turns_left:0
    [30,A]->turns_left:1
    [31,J]->fuel:5/5, load:0/2, actions_left_until_reproduction:2/2, turns_left:2
    [32,A]->turns_left:0
    [33,A]->turns_left:2
    [34,J]->fuel:5/5, load:0/2, actions_left_until_reproduction:2/2, turns_left:1
    [35,J]->fuel:5/5, load:0/2, actions_left_until_reproduction:2/2, turns_left:1
    [36,A]->turns_left:0
    [37,A]->turns_left:0
    [38,A]->turns_left:2
    [39,J]->fuel:5/5, load:0/2, actions_left_until_reproduction:2/2, turns_left:1
    [40,A]->turns_left:2
    [41,A]->turns_left:1
    [42,J]->fuel:5/5, load:0/2, actions_left_until_reproduction:2/2, turns_left:0
  Deaths This Turn:none
    (1:1)  (1:2)  (1:3)  (1:4)  (1:5)  
    EJJJ   AJ--   JA--   AJW-   JJ--   
    (2:1)  (2:2)  (2:3)  (2:4)  (2:5)  
    JA--   AAY-   JAAY   *---   J---   
    (3:1)  (3:2)  (3:3)  (3:4)  (3:5)  
    A*--   J---   O---   JJ--   AJ--   
    (4:1)  (4:2)  (4:3)  (4:4)  (4:5)  
    AMW-   JA*-   AJY-   AAJ-   J---   
    (5:1)  (5:2)  (5:3)  (5:4)  (5:5)  
    AY--   A---   AJW-   AAJ-   ----   
->liftoff
  state:3.1, mode:test, error
  Negative on that request:you are not on a planet at Sector:1:1
->move(E)
  state:4.0, mode:test, ok
  Explorer got destroyed by asteroid (id: 14) at Sector:1:2
  The game has ended. You can start a new game.
  Movement:
    [0,E]:[1,1,1]->[1,2,3]
    [4,A]:[1,2,1]->[1,3,3]
      destroyed [6,J] at [1,3,1]
    [12,J]:[2,1,1]->[2,5,2]
    [14,A]:[2,2,1]->[1,2,1]
      destroyed [0,E] at [1,2,3]
      destroyed [5,J] at [1,2,2]
    [18,A]:[2,3,3]->[3,3,2]
    [19,J]:[2,5,1]->[3,4,3]
    [25,J]:[3,5,2]->[3,4,4]
    [28,J]:[4,2,1]->[3,3,2]
    [29,A]:[4,2,2]->[5,1,3]
    [32,A]:[4,4,1]->[3,5,2]
    [36,A]:[5,1,1]->[1,2,2]
    [37,A]:[5,2,1]->[5,1,1]
    [42,J]:[5,4,3]->[1,4,4]
      destroyed [8,A] at [1,4,1]
  Sectors:
    [1,1]->-,[1,J],[2,J],[3,J]
    [1,2]->[14,A],[36,A],-,-
    [1,3]->-,[7,A],[4,A],-
    [1,4]->-,[9,J],[-8,W],[42,J]
    [1,5]->[10,J],[11,J],-,-
    [2,1]->-,[13,A],-,-
    [2,2]->-,[15,A],[-3,Y],-
    [2,3]->[16,J],[17,A],-,[-6,Y]
    [2,4]->[-10,*],-,-,-
    [2,5]->-,[12,J],-,-
    [3,1]->[20,A],[-4,*],-,-
    [3,2]->[21,J],-,-,-
    [3,3]->[-1,O],-,-,-
    [3,4]->[22,J],[23,J],[19,J],[25,J]
    [3,5]->[24,A],[32,A],-,-
    [4,1]->[26,A],[27,M],[-9,W],-
    [4,2]->-,-,[-2,*],-
    [4,3]->[30,A],[31,J],[-11,Y],-
    [4,4]->-,[33,A],[34,J],-
    [4,5]->[35,J],-,-,-
    [5,1]->[37,A],[-7,Y],[29,A],-
    [5,2]->-,-,-,-
    [5,3]->[38,A],[39,J],[-5,W],-
    [5,4]->[40,A],[41,A],-,-
    [5,5]->-,-,-,-
  Descriptions:
    [-11,Y]->Luminosity:2
    [-10,*]->Luminosity:5
    [-9,W]->
    [-8,W]->
    [-7,Y]->Luminosity:2
    [-6,Y]->Luminosity:2
    [-5,W]->
    [-4,*]->Luminosity:5
    [-3,Y]->Luminosity:2
    [-2,*]->Luminosity:5
    [-1,O]->
    [1,J]->fuel:5/5, load:0/2, actions_left_until_reproduction:2/2, turns_left:1
    [2,J]->fuel:5/5, load:0/2, actions_left_until_reproduction:2/2, turns_left:0
    [3,J]->fuel:5/5, load:0/2, actions_left_until_reproduction:2/2, turns_left:1
    [4,A]->turns_left:1
    [7,A]->turns_left:1
    [9,J]->fuel:5/5, load:0/2, actions_left_until_reproduction:2/2, turns_left:0
    [10,J]->fuel:5/5, load:0/2, actions_left_until_reproduction:2/2, turns_left:1
    [11,J]->fuel:5/5, load:0/2, actions_left_until_reproduction:2/2, turns_left:1
    [12,J]->fuel:4/5, load:0/2, actions_left_until_reproduction:1/2, turns_left:2
    [13,A]->turns_left:1
    [14,A]->turns_left:1
    [15,A]->turns_left:0
    [16,J]->fuel:5/5, load:0/2, actions_left_until_reproduction:2/2, turns_left:0
    [17,A]->turns_left:0
    [19,J]->fuel:4/5, load:0/2, actions_left_until_reproduction:1/2, turns_left:2
    [20,A]->turns_left:0
    [21,J]->fuel:5/5, load:0/2, actions_left_until_reproduction:2/2, turns_left:0
    [22,J]->fuel:5/5, load:0/2, actions_left_until_reproduction:2/2, turns_left:0
    [23,J]->fuel:5/5, load:0/2, actions_left_until_reproduction:2/2, turns_left:0
    [24,A]->turns_left:0
    [25,J]->fuel:4/5, load:0/2, actions_left_until_reproduction:1/2, turns_left:1
    [26,A]->turns_left:1
    [27,M]->fuel:3/3, actions_left_until_reproduction:1/1, turns_left:0
    [29,A]->turns_left:1
    [30,A]->turns_left:0
    [31,J]->fuel:5/5, load:0/2, actions_left_until_reproduction:2/2, turns_left:1
    [32,A]->turns_left:2
    [33,A]->turns_left:1
    [34,J]->fuel:5/5, load:0/2, actions_left_until_reproduction:2/2, turns_left:0
    [35,J]->fuel:5/5, load:0/2, actions_left_until_reproduction:2/2, turns_left:0
    [36,A]->turns_left:2
    [37,A]->turns_left:0
    [38,A]->turns_left:1
    [39,J]->fuel:5/5, load:0/2, actions_left_until_reproduction:2/2, turns_left:0
    [40,A]->turns_left:1
    [41,A]->turns_left:0
    [42,J]->fuel:4/5, load:0/2, actions_left_until_reproduction:1/2, turns_left:0
  Deaths This Turn:
    [6,J]->fuel:5/5, load:0/2, actions_left_until_reproduction:2/2, turns_left:N/A,
      Janitaur got destroyed by asteroid (id: 4) at Sector:1:3
    [0,E]->fuel:2/3, life:0/3, landed?:F,
      Explorer got destroyed by asteroid (id: 14) at Sector:1:2
    [5,J]->fuel:5/5, load:0/2, actions_left_until_reproduction:2/2, turns_left:N/A,
      Janitaur got destroyed by asteroid (id: 14) at Sector:1:2
    [18,A]->turns_left:N/A,
      Asteroid got devoured by blackhole (id: -1) at Sector:3:3
    [28,J]->fuel:4/5, load:0/2, actions_left_until_reproduction:2/2, turns_left:N/A,
      Janitaur got devoured by blackhole (id: -1) at Sector:3:3
    [8,A]->turns_left:N/A,
      Asteroid got imploded by janitaur (id: 42) at Sector:1:4
    (1:1)  (1:2)  (1:3)  (1:4)  (1:5)  
    -JJJ   AA--   -AA-   -JWJ   JJ--   
    (2:1)  (2:2)  (2:3)  (2:4)  (2:5)  
    -A--   -AY-   JA-Y   *---   -J--   
    (3:1)  (3:2)  (3:3)  (3:4)  (3:5)  
    A*--   J---   O---   JJJJ   AA--   
    (4:1)  (4:2)  (4:3)  (4:4)  (4:5)  
    AMW-   --*-   AJY-   -AJ-   J---   
    (5:1)  (5:2)  (5:3)  (5:4)  (5:5)  
    AYA-   ----   AJW-   AA--   ----   
  Explorer got destroyed by asteroid (id: 14) at Sector:1:2
  The game has ended. You can start a new game.
->move(E)
  state:4.1, error
  Negative on that request:no mission in progress.
->test(89,89,89,89,89)
  state:5.0, mode:test, ok
  Movement:none
  Sectors:
    [1,1]->[0,E],[1,A],-,-
    [1,2]->[2,A],[3,A],-,-
    [1,3]->[4,A],[5,A],[-10,W],-
    [1,4]->[6,A],[-4,Y],-,-
    [1,5]->[7,A],[-5,*],-,-
    [2,1]->[8,A],[9,A],[10,A],-
    [2,2]->[11,A],[12,A],-,-
    [2,3]->[13,A],[14,A],-,-
    [2,4]->[15,A],-,-,-
    [2,5]->[16,A],-,-,-
    [3,1]->[17,A],-,-,-
    [3,2]->[18,A],[19,A],-,-
    [3,3]->[-1,O],-,-,-
    [3,4]->[20,A],[-7,Y],-,-
    [3,5]->[21,A],[22,A],-,-
    [4,1]->[23,A],-,-,-
    [4,2]->[24,A],[25,A],[-6,*],-
    [4,3]->[26,A],[-2,W],-,-
    [4,4]->[27,A],[28,A],[29,A],[-9,W]
    [4,5]->[30,A],[-8,*],-,-
    [5,1]->-,-,-,-
    [5,2]->[31,A],-,-,-
    [5,3]->[32,A],[-11,*],-,-
    [5,4]->[33,A],[-3,Y],-,-
    [5,5]->[34,A],-,-,-
  Descriptions:
    [-11,*]->Luminosity:5
    [-10,W]->
    [-9,W]->
    [-8,*]->Luminosity:5
    [-7,Y]->Luminosity:2
    [-6,*]->Luminosity:5
    [-5,*]->Luminosity:5
    [-4,Y]->Luminosity:2
    [-3,Y]->Luminosity:2
    [-2,W]->
    [-1,O]->
    [0,E]->fuel:3/3, life:3/3, landed?:F
    [1,A]->turns_left:1
    [2,A]->turns_left:1
    [3,A]->turns_left:2
    [4,A]->turns_left:2
    [5,A]->turns_left:2
    [6,A]->turns_left:2
    [7,A]->turns_left:2
    [8,A]->turns_left:1
    [9,A]->turns_left:0
    [10,A]->turns_left:2
    [11,A]->turns_left:2
    [12,A]->turns_left:1
    [13,A]->turns_left:1
    [14,A]->turns_left:0
    [15,A]->turns_left:1
    [16,A]->turns_left:0
    [17,A]->turns_left:1
    [18,A]->turns_left:2
    [19,A]->turns_left:1
    [20,A]->turns_left:0
    [21,A]->turns_left:1
    [22,A]->turns_left:1
    [23,A]->turns_left:1
    [24,A]->turns_left:0
    [25,A]->turns_left:1
    [26,A]->turns_left:1
    [27,A]->turns_left:1
    [28,A]->turns_left:1
    [29,A]->turns_left:1
    [30,A]->turns_left:1
    [31,A]->turns_left:0
    [32,A]->turns_left:2
    [33,A]->turns_left:1
    [34,A]->turns_left:0
  Deaths This Turn:none
    (1:1)  (1:2)  (1:3)  (1:4)  (1:5)  
    EA--   AA--   AAW-   AY--   A*--   
    (2:1)  (2:2)  (2:3)  (2:4)  (2:5)  
    AAA-   AA--   AA--   A---   A---   
    (3:1)  (3:2)  (3:3)  (3:4)  (3:5)  
    A---   AA--   O---   AY--   AA--   
    (4:1)  (4:2)  (4:3)  (4:4)  (4:5)  
    A---   AA*-   AW--   AAAW   A*--   
    (5:1)  (5:2)  (5:3)  (5:4)  (5:5)  
    ----   A---   A*--   AY--   A---   
->move(SE)
  state:6.0, mode:test, ok
  Explorer got destroyed by asteroid (id: 9) at Sector:2:2
  The game has ended. You can start a new game.
  Movement:
    [0,E]:[1,1,1]->[2,2,3]
    [9,A]:[2,1,2]->[2,2,4]
      destroyed [0,E] at [2,2,3]
    [14,A]:[2,3,2]->[3,2,3]
    [16,A]:[2,5,1]->[1,4,3]
    [20,A]:[3,4,1]->[3,3,2]
    [24,A]:[4,2,1]->[4,1,2]
    [31,A]:[5,2,1]->[1,2,3]
    [34,A]:[5,5,1]->[1,5,3]
  Sectors:
    [1,1]->-,[1,A],-,-
    [1,2]->[2,A],[3,A],[31,A],-
    [1,3]->[4,A],[5,A],[-10,W],-
    [1,4]->[6,A],[-4,Y],[16,A],-
    [1,5]->[7,A],[-5,*],[34,A],-
    [2,1]->[8,A],-,[10,A],-
    [2,2]->[11,A],[12,A],-,[9,A]
    [2,3]->[13,A],-,-,-
    [2,4]->[15,A],-,-,-
    [2,5]->-,-,-,-
    [3,1]->[17,A],-,-,-
    [3,2]->[18,A],[19,A],[14,A],-
    [3,3]->[-1,O],-,-,-
    [3,4]->-,[-7,Y],-,-
    [3,5]->[21,A],[22,A],-,-
    [4,1]->[23,A],[24,A],-,-
    [4,2]->-,[25,A],[-6,*],-
    [4,3]->[26,A],[-2,W],-,-
    [4,4]->[27,A],[28,A],[29,A],[-9,W]
    [4,5]->[30,A],[-8,*],-,-
    [5,1]->-,-,-,-
    [5,2]->-,-,-,-
    [5,3]->[32,A],[-11,*],-,-
    [5,4]->[33,A],[-3,Y],-,-
    [5,5]->-,-,-,-
  Descriptions:
    [-11,*]->Luminosity:5
    [-10,W]->
    [-9,W]->
    [-8,*]->Luminosity:5
    [-7,Y]->Luminosity:2
    [-6,*]->Luminosity:5
    [-5,*]->Luminosity:5
    [-4,Y]->Luminosity:2
    [-3,Y]->Luminosity:2
    [-2,W]->
    [-1,O]->
    [1,A]->turns_left:0
    [2,A]->turns_left:0
    [3,A]->turns_left:1
    [4,A]->turns_left:1
    [5,A]->turns_left:1
    [6,A]->turns_left:1
    [7,A]->turns_left:1
    [8,A]->turns_left:0
    [9,A]->turns_left:0
    [10,A]->turns_left:1
    [11,A]->turns_left:1
    [12,A]->turns_left:0
    [13,A]->turns_left:0
    [14,A]->turns_left:1
    [15,A]->turns_left:0
    [16,A]->turns_left:2
    [17,A]->turns_left:0
    [18,A]->turns_left:1
    [19,A]->turns_left:0
    [21,A]->turns_left:0
    [22,A]->turns_left:0
    [23,A]->turns_left:0
    [24,A]->turns_left:2
    [25,A]->turns_left:0
    [26,A]->turns_left:0
    [27,A]->turns_left:0
    [28,A]->turns_left:0
    [29,A]->turns_left:0
    [30,A]->turns_left:0
    [31,A]->turns_left:0
    [32,A]->turns_left:1
    [33,A]->turns_left:0
    [34,A]->turns_left:1
  Deaths This Turn:
    [0,E]->fuel:2/3, life:0/3, landed?:F,
      Explorer got destroyed by asteroid (id: 9) at Sector:2:2
    [20,A]->turns_left:N/A,
      Asteroid got devoured by blackhole (id: -1) at Sector:3:3
    (1:1)  (1:2)  (1:3)  (1:4)  (1:5)  
    -A--   AAA-   AAW-   AYA-   A*A-   
    (2:1)  (2:2)  (2:3)  (2:4)  (2:5)  
    A-A-   AA-A   A---   A---   ----   
    (3:1)  (3:2)  (3:3)  (3:4)  (3:5)  
    A---   AAA-   O---   -Y--   AA--   
    (4:1)  (4:2)  (4:3)  (4:4)  (4:5)  
    AA--   -A*-   AW--   AAAW   A*--   
    (5:1)  (5:2)  (5:3)  (5:4)  (5:5)  
    ----   ----   A*--   AY--   ----   
  Explorer got destroyed by asteroid (id: 9) at Sector:2:2
  The game has ended. You can start a new game.
->move(SW)
  state:6.1, error
  Negative on that request:no mission in progress.
->move(SE)
  state:6.2, error
  Negative on that request:no mission in progress.
->move(S)
  state:6.3, error
  Negative on that request:no mission in progress.
->move(N)
  state:6.4, error
  Negative on that request:no mission in progress.
->move(S)
  state:6.5, error
  Negative on that request:no mission in progress.
->move(N)
  state:6.6, error
  Negative on that request:no mission in progress.
->move(NE)
  state:6.7, error
  Negative on that request:no mission in progress.
->move(NW)
  state:6.8, error
  Negative on that request:no mission in progress.
->move(NE)
  state:6.9, error
  Negative on that request:no mission in progress.
->move(E)
  state:6.10, error
  Negative on that request:no mission in progress.
->move(SW)
  state:6.11, error
  Negative on that request:no mission in progress.
->liftoff
  state:6.12, error
  Negative on that request:no mission in progress.
->test(53,53,58,58,58)
  state:7.0, mode:test, ok
  Movement:none
  Sectors:
    [1,1]->[0,E],[1,A],[-10,W],-
    [1,2]->[2,A],-,-,-
    [1,3]->[3,A],-,-,-
    [1,4]->[-3,*],-,-,-
    [1,5]->[4,A],[5,A],-,-
    [2,1]->[6,A],[-8,W],-,-
    [2,2]->-,-,-,-
    [2,3]->[7,A],-,-,-
    [2,4]->[8,M],[-9,Y],-,-
    [2,5]->[9,A],[10,A],[11,A],[-2,Y]
    [3,1]->[-4,Y],-,-,-
    [3,2]->[-11,*],-,-,-
    [3,3]->[-1,O],-,-,-
    [3,4]->[12,A],-,-,-
    [3,5]->[13,A],-,-,-
    [4,1]->-,-,-,-
    [4,2]->[14,A],-,-,-
    [4,3]->[15,A],[16,A],-,-
    [4,4]->[17,A],[18,A],-,-
    [4,5]->[19,A],-,-,-
    [5,1]->[20,A],[21,A],[-7,W],-
    [5,2]->[22,A],[23,M],-,-
    [5,3]->[24,A],-,-,-
    [5,4]->[25,A],[-6,W],-,-
    [5,5]->[26,A],[-5,Y],-,-
  Descriptions:
    [-11,*]->Luminosity:5
    [-10,W]->
    [-9,Y]->Luminosity:2
    [-8,W]->
    [-7,W]->
    [-6,W]->
    [-5,Y]->Luminosity:2
    [-4,Y]->Luminosity:2
    [-3,*]->Luminosity:5
    [-2,Y]->Luminosity:2
    [-1,O]->
    [0,E]->fuel:3/3, life:3/3, landed?:F
    [1,A]->turns_left:1
    [2,A]->turns_left:1
    [3,A]->turns_left:2
    [4,A]->turns_left:1
    [5,A]->turns_left:2
    [6,A]->turns_left:1
    [7,A]->turns_left:2
    [8,M]->fuel:3/3, actions_left_until_reproduction:1/1, turns_left:0
    [9,A]->turns_left:2
    [10,A]->turns_left:0
    [11,A]->turns_left:1
    [12,A]->turns_left:2
    [13,A]->turns_left:2
    [14,A]->turns_left:0
    [15,A]->turns_left:0
    [16,A]->turns_left:0
    [17,A]->turns_left:1
    [18,A]->turns_left:1
    [19,A]->turns_left:1
    [20,A]->turns_left:1
    [21,A]->turns_left:1
    [22,A]->turns_left:0
    [23,M]->fuel:3/3, actions_left_until_reproduction:1/1, turns_left:0
    [24,A]->turns_left:0
    [25,A]->turns_left:1
    [26,A]->turns_left:1
  Deaths This Turn:none
    (1:1)  (1:2)  (1:3)  (1:4)  (1:5)  
    EAW-   A---   A---   *---   AA--   
    (2:1)  (2:2)  (2:3)  (2:4)  (2:5)  
    AW--   ----   A---   MY--   AAAY   
    (3:1)  (3:2)  (3:3)  (3:4)  (3:5)  
    Y---   *---   O---   A---   A---   
    (4:1)  (4:2)  (4:3)  (4:4)  (4:5)  
    ----   A---   AA--   AA--   A---   
    (5:1)  (5:2)  (5:3)  (5:4)  (5:5)  
    AAW-   AM--   A---   AW--   AY--   
->move(SW)
  state:7.1, mode:test, error
  Cannot transfer to new location as it is full.
->move(N)
  state:8.0, mode:test, ok
  Movement:
    [0,E]:[1,1,1]->[5,1,4]
    [8,M]:[2,4,1]->[1,3,2]
    [10,A]:[2,5,2]->[3,5,2]
    [14,A]:[4,2,1]->[5,3,2]
    [15,A]:[4,3,1]->[3,4,2]
    [16,A]:[4,3,2]->[3,3,2]
    [22,A]:[5,2,1]->[1,2,2]
    [23,M]:[5,2,2]->[5,3,3]
    [24,A]:[5,3,1]->[1,4,2]
  Sectors:
    [1,1]->-,[1,A],[-10,W],-
    [1,2]->[2,A],[22,A],-,-
    [1,3]->[3,A],[8,M],-,-
    [1,4]->[-3,*],[24,A],-,-
    [1,5]->[4,A],[5,A],-,-
    [2,1]->[6,A],[-8,W],-,-
    [2,2]->-,-,-,-
    [2,3]->[7,A],-,-,-
    [2,4]->-,[-9,Y],-,-
    [2,5]->[9,A],-,[11,A],[-2,Y]
    [3,1]->[-4,Y],-,-,-
    [3,2]->[-11,*],-,-,-
    [3,3]->[-1,O],-,-,-
    [3,4]->[12,A],[15,A],-,-
    [3,5]->[13,A],[10,A],-,-
    [4,1]->-,-,-,-
    [4,2]->-,-,-,-
    [4,3]->-,-,-,-
    [4,4]->[17,A],[18,A],-,-
    [4,5]->[19,A],-,-,-
    [5,1]->[20,A],[21,A],[-7,W],[0,E]
    [5,2]->-,-,-,-
    [5,3]->-,[14,A],[23,M],-
    [5,4]->[25,A],[-6,W],-,-
    [5,5]->[26,A],[-5,Y],-,-
  Descriptions:
    [-11,*]->Luminosity:5
    [-10,W]->
    [-9,Y]->Luminosity:2
    [-8,W]->
    [-7,W]->
    [-6,W]->
    [-5,Y]->Luminosity:2
    [-4,Y]->Luminosity:2
    [-3,*]->Luminosity:5
    [-2,Y]->Luminosity:2
    [-1,O]->
    [0,E]->fuel:2/3, life:3/3, landed?:F
    [1,A]->turns_left:0
    [2,A]->turns_left:0
    [3,A]->turns_left:1
    [4,A]->turns_left:0
    [5,A]->turns_left:1
    [6,A]->turns_left:0
    [7,A]->turns_left:1
    [8,M]->fuel:2/3, actions_left_until_reproduction:0/1, turns_left:0
    [9,A]->turns_left:1
    [10,A]->turns_left:0
    [11,A]->turns_left:0
    [12,A]->turns_left:1
    [13,A]->turns_left:1
    [14,A]->turns_left:2
    [15,A]->turns_left:2
    [17,A]->turns_left:0
    [18,A]->turns_left:0
    [19,A]->turns_left:0
    [20,A]->turns_left:0
    [21,A]->turns_left:0
    [22,A]->turns_left:2
    [23,M]->fuel:2/3, actions_left_until_reproduction:0/1, turns_left:0
    [24,A]->turns_left:0
    [25,A]->turns_left:0
    [26,A]->turns_left:0
  Deaths This Turn:
    [16,A]->turns_left:N/A,
      Asteroid got devoured by blackhole (id: -1) at Sector:3:3
    (1:1)  (1:2)  (1:3)  (1:4)  (1:5)  
    -AW-   AA--   AM--   *A--   AA--   
    (2:1)  (2:2)  (2:3)  (2:4)  (2:5)  
    AW--   ----   A---   -Y--   A-AY   
    (3:1)  (3:2)  (3:3)  (3:4)  (3:5)  
    Y---   *---   O---   AA--   AA--   
    (4:1)  (4:2)  (4:3)  (4:4)  (4:5)  
    ----   ----   ----   AA--   A---   
    (5:1)  (5:2)  (5:3)  (5:4)  (5:5)  
    AAWE   ----   -AM-   AW--   AY--   
->move(S)
  state:9.0, mode:test, ok
  Movement:
    [0,E]:[5,1,4]->[1,1,1]
    [1,A]:[1,1,2]->[1,2,3]
    [2,A]:[1,2,1]->[5,2,1]
    [4,A]:[1,5,1]->[2,4,1]
    [6,A]:[2,1,1]->[3,2,2]
    [8,M]:[1,3,2]->[1,4,3]
      reproduced [27,M] at [1,4,4]
    [10,A]:[3,5,2]->[2,4,3]
    [11,A]:[2,5,3]
    [17,A]:[4,4,1]->[3,3,2]
    [18,A]:[4,4,2]->[3,3,2]
    [19,A]:[4,5,1]->[3,5,2]
    [20,A]:[5,1,1]->[1,2,1]
    [21,A]:[5,1,2]->[5,5,3]
    [23,M]:[5,3,3]->[4,4,1]
      reproduced [28,M] at [4,4,2]
    [24,A]:[1,4,2]->[5,3,1]
    [25,A]:[5,4,1]->[4,4,3]
      destroyed [23,M] at [4,4,1]
      destroyed [28,M] at [4,4,2]
    [26,A]:[5,5,1]->[4,5,1]
  Sectors:
    [1,1]->[0,E],-,[-10,W],-
    [1,2]->[20,A],[22,A],[1,A],-
    [1,3]->[3,A],-,-,-
    [1,4]->[-3,*],-,[8,M],[27,M]
    [1,5]->-,[5,A],-,-
    [2,1]->-,[-8,W],-,-
    [2,2]->-,-,-,-
    [2,3]->[7,A],-,-,-
    [2,4]->[4,A],[-9,Y],[10,A],-
    [2,5]->[9,A],-,[11,A],[-2,Y]
    [3,1]->[-4,Y],-,-,-
    [3,2]->[-11,*],[6,A],-,-
    [3,3]->[-1,O],-,-,-
    [3,4]->[12,A],[15,A],-,-
    [3,5]->[13,A],[19,A],-,-
    [4,1]->-,-,-,-
    [4,2]->-,-,-,-
    [4,3]->-,-,-,-
    [4,4]->-,-,[25,A],-
    [4,5]->[26,A],-,-,-
    [5,1]->-,-,[-7,W],-
    [5,2]->[2,A],-,-,-
    [5,3]->[24,A],[14,A],-,-
    [5,4]->-,[-6,W],-,-
    [5,5]->-,[-5,Y],[21,A],-
  Descriptions:
    [-11,*]->Luminosity:5
    [-10,W]->
    [-9,Y]->Luminosity:2
    [-8,W]->
    [-7,W]->
    [-6,W]->
    [-5,Y]->Luminosity:2
    [-4,Y]->Luminosity:2
    [-3,*]->Luminosity:5
    [-2,Y]->Luminosity:2
    [-1,O]->
    [0,E]->fuel:1/3, life:3/3, landed?:F
    [1,A]->turns_left:0
    [2,A]->turns_left:2
    [3,A]->turns_left:0
    [4,A]->turns_left:0
    [5,A]->turns_left:0
    [6,A]->turns_left:2
    [7,A]->turns_left:0
    [8,M]->fuel:3/3, actions_left_until_reproduction:1/1, turns_left:2
    [9,A]->turns_left:0
    [10,A]->turns_left:1
    [11,A]->turns_left:2
    [12,A]->turns_left:0
    [13,A]->turns_left:0
    [14,A]->turns_left:1
    [15,A]->turns_left:1
    [19,A]->turns_left:0
    [20,A]->turns_left:1
    [21,A]->turns_left:1
    [22,A]->turns_left:1
    [24,A]->turns_left:0
    [25,A]->turns_left:1
    [26,A]->turns_left:0
    [27,M]->fuel:3/3, actions_left_until_reproduction:1/1, turns_left:0
  Deaths This Turn:
    [17,A]->turns_left:N/A,
      Asteroid got devoured by blackhole (id: -1) at Sector:3:3
    [18,A]->turns_left:N/A,
      Asteroid got devoured by blackhole (id: -1) at Sector:3:3
    [23,M]->fuel:1/3, actions_left_until_reproduction:1/1, turns_left:N/A,
      Malevolent got destroyed by asteroid (id: 25) at Sector:4:4
    [28,M]->fuel:3/3, actions_left_until_reproduction:1/1, turns_left:N/A,
      Malevolent got destroyed by asteroid (id: 25) at Sector:4:4
    (1:1)  (1:2)  (1:3)  (1:4)  (1:5)  
    E-W-   AAA-   A---   *-MM   -A--   
    (2:1)  (2:2)  (2:3)  (2:4)  (2:5)  
    -W--   ----   A---   AYA-   A-AY   
    (3:1)  (3:2)  (3:3)  (3:4)  (3:5)  
    Y---   *A--   O---   AA--   AA--   
    (4:1)  (4:2)  (4:3)  (4:4)  (4:5)  
    ----   ----   ----   --A-   A---   
    (5:1)  (5:2)  (5:3)  (5:4)  (5:5)  
    --W-   A---   AA--   -W--   -YA-   
->move(N)
  state:10.0, mode:test, ok
  Explorer got lost in space - out of fuel at Sector:5:1
  The game has ended. You can start a new game.
  Movement:
    [0,E]:[1,1,1]->[5,1,1]
    [1,A]:[1,2,3]->[5,1,1]
    [3,A]:[1,3,1]->[1,4,2]
      destroyed [8,M] at [1,4,3]
      destroyed [27,M] at [1,4,4]
    [4,A]:[2,4,1]->[1,3,1]
    [5,A]:[1,5,2]->[2,1,1]
    [7,A]:[2,3,1]->[1,2,3]
    [9,A]:[2,5,1]->[2,1,3]
    [12,A]:[3,4,1]->[4,3,1]
    [13,A]:[3,5,1]->[4,5,2]
    [19,A]:[3,5,2]->[4,1,1]
    [24,A]:[5,3,1]->[4,3,2]
    [26,A]:[4,5,1]->[5,4,1]
  Sectors:
    [1,1]->-,-,[-10,W],-
    [1,2]->[20,A],[22,A],[7,A],-
    [1,3]->[4,A],-,-,-
    [1,4]->[-3,*],[3,A],-,-
    [1,5]->-,-,-,-
    [2,1]->[5,A],[-8,W],[9,A],-
    [2,2]->-,-,-,-
    [2,3]->-,-,-,-
    [2,4]->-,[-9,Y],[10,A],-
    [2,5]->-,-,[11,A],[-2,Y]
    [3,1]->[-4,Y],-,-,-
    [3,2]->[-11,*],[6,A],-,-
    [3,3]->[-1,O],-,-,-
    [3,4]->-,[15,A],-,-
    [3,5]->-,-,-,-
    [4,1]->[19,A],-,-,-
    [4,2]->-,-,-,-
    [4,3]->[12,A],[24,A],-,-
    [4,4]->-,-,[25,A],-
    [4,5]->-,[13,A],-,-
    [5,1]->[1,A],-,[-7,W],-
    [5,2]->[2,A],-,-,-
    [5,3]->-,[14,A],-,-
    [5,4]->[26,A],[-6,W],-,-
    [5,5]->-,[-5,Y],[21,A],-
  Descriptions:
    [-11,*]->Luminosity:5
    [-10,W]->
    [-9,Y]->Luminosity:2
    [-8,W]->
    [-7,W]->
    [-6,W]->
    [-5,Y]->Luminosity:2
    [-4,Y]->Luminosity:2
    [-3,*]->Luminosity:5
    [-2,Y]->Luminosity:2
    [-1,O]->
    [1,A]->turns_left:1
    [2,A]->turns_left:1
    [3,A]->turns_left:2
    [4,A]->turns_left:0
    [5,A]->turns_left:0
    [6,A]->turns_left:1
    [7,A]->turns_left:2
    [9,A]->turns_left:0
    [10,A]->turns_left:0
    [11,A]->turns_left:1
    [12,A]->turns_left:1
    [13,A]->turns_left:1
    [14,A]->turns_left:0
    [15,A]->turns_left:0
    [19,A]->turns_left:1
    [20,A]->turns_left:0
    [21,A]->turns_left:0
    [22,A]->turns_left:0
    [24,A]->turns_left:1
    [25,A]->turns_left:0
    [26,A]->turns_left:0
  Deaths This Turn:
    [0,E]->fuel:0/3, life:0/3, landed?:F,
      Explorer got lost in space - out of fuel at Sector:5:1
    [8,M]->fuel:3/3, actions_left_until_reproduction:1/1, turns_left:N/A,
      Malevolent got destroyed by asteroid (id: 3) at Sector:1:4
    [27,M]->fuel:3/3, actions_left_until_reproduction:1/1, turns_left:N/A,
      Malevolent got destroyed by asteroid (id: 3) at Sector:1:4
    (1:1)  (1:2)  (1:3)  (1:4)  (1:5)  
    --W-   AAA-   A---   *A--   ----   
    (2:1)  (2:2)  (2:3)  (2:4)  (2:5)  
    AWA-   ----   ----   -YA-   --AY   
    (3:1)  (3:2)  (3:3)  (3:4)  (3:5)  
    Y---   *A--   O---   -A--   ----   
    (4:1)  (4:2)  (4:3)  (4:4)  (4:5)  
    A---   ----   AA--   --A-   -A--   
    (5:1)  (5:2)  (5:3)  (5:4)  (5:5)  
    A-W-   A---   -A--   AW--   -YA-   
  Explorer got lost in space - out of fuel at Sector:5:1
  The game has ended. You can start a new game.
->land
  state:10.1, error
  Negative on that request:no mission in progress.
->liftoff
  state:10.2, error
  Negative on that request:no mission in progress.
->move(NW)
  state:10.3, error
  Negative on that request:no mission in progress.
->move(E)
  state:10.4, error
  Negative on that request:no mission in progress.
->move(S)
  state:10.5, error
  Negative on that request:no mission in progress.
->move(NW)
  state:10.6, error
  Negative on that request:no mission in progress.
->move(NW)
  state:10.7, error
  Negative on that request:no mission in progress.
->move(SW)
  state:10.8, error
  Negative on that request:no mission in progress.
->move(E)
  state:10.9, error
  Negative on that request:no mission in progress.
->move(E)
  state:10.10, error
  Negative on that request:no mission in progress.
->liftoff
  state:10.11, error
  Negative on that request:no mission in progress.
->move(SE)
  state:10.12, error
  Negative on that request:no mission in progress.
->move(NE)
  state:10.13, error
  Negative on that request:no mission in progress.
->liftoff
  state:10.14, error
  Negative on that request:no mission in progress.
->move(W)
  state:10.15, error
  Negative on that request:no mission in progress.
->move(SE)
  state:10.16, error
  Negative on that request:no mission in progress.
->move(W)
  state:10.17, error
  Negative on that request:no mission in progress.
->move(W)
  state:10.18, error
  Negative on that request:no mission in progress.
->move(W)
  state:10.19, error
  Negative on that request:no mission in progress.
->move(N)
  state:10.20, error
  Negative on that request:no mission in progress.
->move(SE)
  state:10.21, error
  Negative on that request:no mission in progress.
->move(N)
  state:10.22, error
  Negative on that request:no mission in progress.
->move(NE)
  state:10.23, error
  Negative on that request:no mission in progress.
->liftoff
  state:10.24, error
  Negative on that request:no mission in progress.
->move(E)
  state:10.25, error
  Negative on that request:no mission in progress.
->move(NE)
  state:10.26, error
  Negative on that request:no mission in progress.
->move(SE)
  state:10.27, error
  Negative on that request:no mission in progress.
->move(E)
  state:10.28, error
  Negative on that request:no mission in progress.
->pass
  state:10.29, error
  Negative on that request:no mission in progress.
->move(N)
  state:10.30, error
  Negative on that request:no mission in progress.
