  state:0.0, ok
  Welcome! Try test(3,5,7,15,30)
->wormhole
  state:0.1, error
  Negative on that request:no mission in progress.
->liftoff
  state:0.2, error
  Negative on that request:no mission in progress.
->move(E)
  state:0.3, error
  Negative on that request:no mission in progress.
->move(NW)
  state:0.4, error
  Negative on that request:no mission in progress.
->move(S)
  state:0.5, error
  Negative on that request:no mission in progress.
->wormhole
  state:0.6, error
  Negative on that request:no mission in progress.
->move(SW)
  state:0.7, error
  Negative on that request:no mission in progress.
->move(S)
  state:0.8, error
  Negative on that request:no mission in progress.
->move(N)
  state:0.9, error
  Negative on that request:no mission in progress.
->move(SE)
  state:0.10, error
  Negative on that request:no mission in progress.
->move(NE)
  state:0.11, error
  Negative on that request:no mission in progress.
->move(SE)
  state:0.12, error
  Negative on that request:no mission in progress.
->move(NE)
  state:0.13, error
  Negative on that request:no mission in progress.
->move(N)
  state:0.14, error
  Negative on that request:no mission in progress.
->move(NE)
  state:0.15, error
  Negative on that request:no mission in progress.
->land
  state:0.16, error
  Negative on that request:no mission in progress.
->move(E)
  state:0.17, error
  Negative on that request:no mission in progress.
->move(W)
  state:0.18, error
  Negative on that request:no mission in progress.
->move(SE)
  state:0.19, error
  Negative on that request:no mission in progress.
->test(19,2,35,27,29)
  state:0.20, error
  Thresholds should be non-decreasing order.
->move(NW)
  state:0.21, error
  Negative on that request:no mission in progress.
->move(S)
  state:0.22, error
  Negative on that request:no mission in progress.
->pass
  state:0.23, error
  Negative on that request:no mission in progress.
->move(W)
  state:0.24, error
  Negative on that request:no mission in progress.
->wormhole
  state:0.25, error
  Negative on that request:no mission in progress.
->test(5,28,24,42,31)
  state:0.26, error
  Thresholds should be non-decreasing order.
->pass
  state:0.27, error
  Negative on that request:no mission in progress.
->move(W)
  state:0.28, error
  Negative on that request:no mission in progress.
->move(SE)
  state:0.29, error
  Negative on that request:no mission in progress.
->move(S)
  state:0.30, error
  Negative on that request:no mission in progress.
->test(21,30,31,20,54)
  state:0.31, error
  Thresholds should be non-decreasing order.
->wormhole
  state:0.32, error
  Negative on that request:no mission in progress.
->play
  state:1.0, mode:play, ok
  Movement:none
    (1:1)  (1:2)  (1:3)  (1:4)  (1:5)  
    E---   *---   P---   ----   PP--   
    (2:1)  (2:2)  (2:3)  (2:4)  (2:5)  
    ----   ----   W---   ----   P---   
    (3:1)  (3:2)  (3:3)  (3:4)  (3:5)  
    MY--   ----   O---   PW--   ----   
    (4:1)  (4:2)  (4:3)  (4:4)  (4:5)  
    W---   M*--   P---   P*--   ----   
    (5:1)  (5:2)  (5:3)  (5:4)  (5:5)  
    BW--   ----   *---   ----   PW--   
->move(SW)
  state:2.0, mode:play, ok
  Movement:
    [0,E]:[1,1,1]->[2,5,2]
    [3,P]:[1,5,2]->[5,4,1]
    [8,P]:[4,3,1]->[3,2,1]
    (1:1)  (1:2)  (1:3)  (1:4)  (1:5)  
    ----   *---   P---   ----   P---   
    (2:1)  (2:2)  (2:3)  (2:4)  (2:5)  
    ----   ----   W---   ----   PE--   
    (3:1)  (3:2)  (3:3)  (3:4)  (3:5)  
    MY--   P---   O---   PW--   ----   
    (4:1)  (4:2)  (4:3)  (4:4)  (4:5)  
    W---   M*--   ----   P*--   ----   
    (5:1)  (5:2)  (5:3)  (5:4)  (5:5)  
    BW--   ----   *---   P---   PW--   
->move(S)
  state:3.0, mode:play, ok
  Movement:
    [0,E]:[2,5,2]->[3,5,1]
    [5,M]:[3,1,1]->[3,5,2]
      attacked [0,E] at [3,5,1]
    [8,P]:[3,2,1]->[2,1,1]
    [10,B]:[5,1,1]->[5,2,1]
    (1:1)  (1:2)  (1:3)  (1:4)  (1:5)  
    ----   *---   P---   ----   P---   
    (2:1)  (2:2)  (2:3)  (2:4)  (2:5)  
    P---   ----   W---   ----   P---   
    (3:1)  (3:2)  (3:3)  (3:4)  (3:5)  
    -Y--   ----   O---   PW--   EM--   
    (4:1)  (4:2)  (4:3)  (4:4)  (4:5)  
    W---   M*--   ----   P*--   ----   
    (5:1)  (5:2)  (5:3)  (5:4)  (5:5)  
    -W--   B---   *---   P---   PW--   
->move(S)
  state:4.0, mode:play, ok
  Explorer got lost in space - out of fuel at Sector:4:5
  The game has ended. You can start a new game.
  Movement:
    [0,E]:[3,5,1]->[4,5,1]
    [1,P]:[1,3,1]->[2,4,1]
    [2,P]:[1,5,1]->[2,5,2]
    [4,P]:[2,5,1]->[2,4,2]
    [6,P]:[3,4,1]->[2,3,2]
    [7,M]:[4,2,1]->[5,1,1]
    [10,B]:[5,2,1]->[5,1,3]
      reproduced [12,B] at [5,1,4]
      destroyed [7,M] at [5,1,1]
    [11,P]:[5,5,1]->[4,4,3]
    (1:1)  (1:2)  (1:3)  (1:4)  (1:5)  
    ----   *---   ----   ----   ----   
    (2:1)  (2:2)  (2:3)  (2:4)  (2:5)  
    P---   ----   WP--   PP--   -P--   
    (3:1)  (3:2)  (3:3)  (3:4)  (3:5)  
    -Y--   ----   O---   -W--   -M--   
    (4:1)  (4:2)  (4:3)  (4:4)  (4:5)  
    W---   -*--   ----   P*P-   ----   
    (5:1)  (5:2)  (5:3)  (5:4)  (5:5)  
    -WBB   ----   *---   P---   -W--   
->move(SE)
  state:4.1, error
  Negative on that request:no mission in progress.
->move(N)
  state:4.2, error
  Negative on that request:no mission in progress.
->move(S)
  state:4.3, error
  Negative on that request:no mission in progress.
->move(SE)
  state:4.4, error
  Negative on that request:no mission in progress.
->move(NW)
  state:4.5, error
  Negative on that request:no mission in progress.
->move(NE)
  state:4.6, error
  Negative on that request:no mission in progress.
->move(E)
  state:4.7, error
  Negative on that request:no mission in progress.
->move(NE)
  state:4.8, error
  Negative on that request:no mission in progress.
->move(SE)
  state:4.9, error
  Negative on that request:no mission in progress.
->move(E)
  state:4.10, error
  Negative on that request:no mission in progress.
->move(N)
  state:4.11, error
  Negative on that request:no mission in progress.
->move(S)
  state:4.12, error
  Negative on that request:no mission in progress.
->abort
  state:4.13, error
  Negative on that request:no mission in progress.
->liftoff
  state:4.14, error
  Negative on that request:no mission in progress.
->move(NW)
  state:4.15, error
  Negative on that request:no mission in progress.
->move(NW)
  state:4.16, error
  Negative on that request:no mission in progress.
->move(SE)
  state:4.17, error
  Negative on that request:no mission in progress.
->move(SW)
  state:4.18, error
  Negative on that request:no mission in progress.
->move(N)
  state:4.19, error
  Negative on that request:no mission in progress.
->move(N)
  state:4.20, error
  Negative on that request:no mission in progress.
->pass
  state:4.21, error
  Negative on that request:no mission in progress.
->move(E)
  state:4.22, error
  Negative on that request:no mission in progress.
->move(NE)
  state:4.23, error
  Negative on that request:no mission in progress.
->move(E)
  state:4.24, error
  Negative on that request:no mission in progress.
->move(NE)
  state:4.25, error
  Negative on that request:no mission in progress.
->test(22,25,21,29,30)
  state:4.26, error
  Thresholds should be non-decreasing order.
->move(SW)
  state:4.27, error
  Negative on that request:no mission in progress.
->land
  state:4.28, error
  Negative on that request:no mission in progress.
->move(S)
  state:4.29, error
  Negative on that request:no mission in progress.
->move(NW)
  state:4.30, error
  Negative on that request:no mission in progress.
->play
  state:5.0, mode:play, ok
  Movement:none
    (1:1)  (1:2)  (1:3)  (1:4)  (1:5)  
    EW--   *---   P---   ----   A*--   
    (2:1)  (2:2)  (2:3)  (2:4)  (2:5)  
    B*--   *---   P---   P---   ----   
    (3:1)  (3:2)  (3:3)  (3:4)  (3:5)  
    Y---   ----   O---   B---   ----   
    (4:1)  (4:2)  (4:3)  (4:4)  (4:5)  
    ----   P---   P*--   ----   P---   
    (5:1)  (5:2)  (5:3)  (5:4)  (5:5)  
    *---   *---   P---   ----   *---   
->move(S)
  state:6.0, mode:play, ok
  Movement:
    [0,E]:[1,1,1]->[2,1,3]
    [2,A]:[1,5,1]->[5,5,2]
    [7,P]:[4,2,1]->[3,2,1]
    [10,P]:[5,3,1]->[1,2,2]
    (1:1)  (1:2)  (1:3)  (1:4)  (1:5)  
    -W--   *P--   P---   ----   -*--   
    (2:1)  (2:2)  (2:3)  (2:4)  (2:5)  
    B*E-   *---   P---   P---   ----   
    (3:1)  (3:2)  (3:3)  (3:4)  (3:5)  
    Y---   P---   O---   B---   ----   
    (4:1)  (4:2)  (4:3)  (4:4)  (4:5)  
    ----   ----   P*--   ----   P---   
    (5:1)  (5:2)  (5:3)  (5:4)  (5:5)  
    *---   *---   ----   ----   *A--   
->wormhole
  state:6.1, mode:play, error
  Explorer couldn't find wormhole at Sector:2:1
->move(S)
  state:7.0, mode:play, ok
  Movement:
    [0,E]:[2,1,3]->[3,1,2]
    [1,P]:[1,3,1]->[5,4,1]
    [3,B]:[2,1,1]->[3,2,2]
    [4,P]:[2,3,1]->[1,3,1]
    [6,B]:[3,4,1]->[4,4,1]
    [9,P]:[4,5,1]->[5,5,3]
    (1:1)  (1:2)  (1:3)  (1:4)  (1:5)  
    -W--   *P--   P---   ----   -*--   
    (2:1)  (2:2)  (2:3)  (2:4)  (2:5)  
    -*--   *---   ----   P---   ----   
    (3:1)  (3:2)  (3:3)  (3:4)  (3:5)  
    YE--   PB--   O---   ----   ----   
    (4:1)  (4:2)  (4:3)  (4:4)  (4:5)  
    ----   ----   P*--   B---   ----   
    (5:1)  (5:2)  (5:3)  (5:4)  (5:5)  
    *---   *---   ----   P---   *AP-   
->move(NE)
  state:8.0, mode:play, ok
  Movement:
    [0,E]:[3,1,2]->[2,2,2]
    [4,P]:[1,3,1]->[5,3,1]
    [5,P]:[2,4,1]->[2,5,1]
    [7,P]:[3,2,1]->[4,3,3]
    (1:1)  (1:2)  (1:3)  (1:4)  (1:5)  
    -W--   *P--   ----   ----   -*--   
    (2:1)  (2:2)  (2:3)  (2:4)  (2:5)  
    -*--   *E--   ----   ----   P---   
    (3:1)  (3:2)  (3:3)  (3:4)  (3:5)  
    Y---   -B--   O---   ----   ----   
    (4:1)  (4:2)  (4:3)  (4:4)  (4:5)  
    ----   ----   P*P-   B---   ----   
    (5:1)  (5:2)  (5:3)  (5:4)  (5:5)  
    *---   *---   P---   P---   *AP-   
->move(SE)
  state:9.0, mode:play, ok
  Explorer got devoured by blackhole (id: -1) at Sector:3:3
  The game has ended. You can start a new game.
  Movement:
    [0,E]:[2,2,2]->[3,3,2]
    [2,A]:[5,5,2]->[1,1,1]
    [3,B]:[3,2,2]->[4,2,1]
      reproduced [11,B] at [4,2,2]
    (1:1)  (1:2)  (1:3)  (1:4)  (1:5)  
    AW--   *P--   ----   ----   -*--   
    (2:1)  (2:2)  (2:3)  (2:4)  (2:5)  
    -*--   *---   ----   ----   P---   
    (3:1)  (3:2)  (3:3)  (3:4)  (3:5)  
    Y---   ----   O---   ----   ----   
    (4:1)  (4:2)  (4:3)  (4:4)  (4:5)  
    ----   BB--   P*P-   B---   ----   
    (5:1)  (5:2)  (5:3)  (5:4)  (5:5)  
    *---   *---   P---   P---   *-P-   
->move(E)
  state:9.1, error
  Negative on that request:no mission in progress.
->move(NW)
  state:9.2, error
  Negative on that request:no mission in progress.
