  state:0.0, ok
  Welcome! Try test(3,5,7,15,30)
->abort
  state:0.1, error
  Negative on that request:no mission in progress.
->play
  state:1.0, mode:play, ok
  Movement:none
    (1:1)  (1:2)  (1:3)  (1:4)  (1:5)  
    E---   *---   P---   ----   PP--   
    (2:1)  (2:2)  (2:3)  (2:4)  (2:5)  
    ----   ----   W---   ----   P---   
    (3:1)  (3:2)  (3:3)  (3:4)  (3:5)  
    MY--   ----   O---   PW--   ----   
    (4:1)  (4:2)  (4:3)  (4:4)  (4:5)  
    W---   M*--   P---   P*--   ----   
    (5:1)  (5:2)  (5:3)  (5:4)  (5:5)  
    BW--   ----   *---   ----   PW--   
->abort
  state:1.1, ok
  Mission aborted. Try test(3,5,7,15,30)
->abort
  state:1.2, error
  Negative on that request:no mission in progress.
->play
  state:2.0, mode:play, ok
  Movement:none
    (1:1)  (1:2)  (1:3)  (1:4)  (1:5)  
    EW--   PPA*   BP--   M---   Y---   
    (2:1)  (2:2)  (2:3)  (2:4)  (2:5)  
    ----   *---   PY--   ----   A---   
    (3:1)  (3:2)  (3:3)  (3:4)  (3:5)  
    B---   ----   O---   PY--   P---   
    (4:1)  (4:2)  (4:3)  (4:4)  (4:5)  
    ----   ----   W---   B---   ----   
    (5:1)  (5:2)  (5:3)  (5:4)  (5:5)  
    ----   PY--   P---   *---   PW--   
->move(N)
  state:3.0, mode:play, ok
  Movement:
    [0,E]:[1,1,1]->[5,1,1]
    [3,A]:[1,2,3]->[5,3,2]
    [4,B]:[1,3,1]->[5,3,3]
    [6,M]:[1,4,1]->[2,4,1]
    [8,A]:[2,5,1]->[3,1,2]
      destroyed [9,B] at [3,1,1]
    [14,P]:[5,3,1]->[5,2,3]
    (1:1)  (1:2)  (1:3)  (1:4)  (1:5)  
    -W--   PP-*   -P--   ----   Y---   
    (2:1)  (2:2)  (2:3)  (2:4)  (2:5)  
    ----   *---   PY--   M---   ----   
    (3:1)  (3:2)  (3:3)  (3:4)  (3:5)  
    -A--   ----   O---   PY--   P---   
    (4:1)  (4:2)  (4:3)  (4:4)  (4:5)  
    ----   ----   W---   B---   ----   
    (5:1)  (5:2)  (5:3)  (5:4)  (5:5)  
    E---   PYP-   -AB-   *---   PW--   
->move(NE)
  state:4.0, mode:play, ok
  Movement:
    [0,E]:[5,1,1]->[4,2,1]
    [8,A]:[3,1,2]->[2,1,1]
    [12,B]:[4,4,1]->[5,5,3]
    [15,P]:[5,5,1]->[4,5,1]
    (1:1)  (1:2)  (1:3)  (1:4)  (1:5)  
    -W--   PP-*   -P--   ----   Y---   
    (2:1)  (2:2)  (2:3)  (2:4)  (2:5)  
    A---   *---   PY--   M---   ----   
    (3:1)  (3:2)  (3:3)  (3:4)  (3:5)  
    ----   ----   O---   PY--   P---   
    (4:1)  (4:2)  (4:3)  (4:4)  (4:5)  
    ----   E---   W---   ----   P---   
    (5:1)  (5:2)  (5:3)  (5:4)  (5:5)  
    ----   PYP-   -AB-   *---   -WB-   
->move(E)
  state:5.0, mode:play, ok
  Explorer got lost in space - out of fuel at Sector:4:3
  The game has ended. You can start a new game.
  Movement:
    [0,E]:[4,2,1]->[4,3,2]
    [3,A]:[5,3,2]->[4,3,2]
    [4,B]:[5,3,3]->[1,2,3]
    [5,P]:[1,3,2]->[5,4,2]
    [8,A]:[2,1,1]->[3,2,1]
    [11,P]:[3,5,1]->[2,5,1]
    (1:1)  (1:2)  (1:3)  (1:4)  (1:5)  
    -W--   PPB*   ----   ----   Y---   
    (2:1)  (2:2)  (2:3)  (2:4)  (2:5)  
    ----   *---   PY--   M---   P---   
    (3:1)  (3:2)  (3:3)  (3:4)  (3:5)  
    ----   A---   O---   PY--   ----   
    (4:1)  (4:2)  (4:3)  (4:4)  (4:5)  
    ----   ----   WA--   ----   P---   
    (5:1)  (5:2)  (5:3)  (5:4)  (5:5)  
    ----   PYP-   ----   *P--   -WB-   
