  state:0.0, ok
  Welcome! Try test(3,5,7,15,30)
->test(1,1,1,80,80)
  state:1.0, mode:test, ok
  Movement:none
  Sectors:
    [1,1]->[0,E],[1,B],-,-
    [1,2]->[2,B],[3,B],[-8,Y],-
    [1,3]->[4,B],[5,B],-,-
    [1,4]->[6,B],-,-,-
    [1,5]->[7,B],[-11,*],-,-
    [2,1]->[8,B],[9,B],-,-
    [2,2]->[10,B],[-6,Y],-,-
    [2,3]->[11,B],-,-,-
    [2,4]->-,-,-,-
    [2,5]->[12,B],[13,B],[14,B],[-4,*]
    [3,1]->[15,B],[16,B],-,-
    [3,2]->[17,B],[18,B],-,-
    [3,3]->[-1,O],-,-,-
    [3,4]->[19,B],[20,B],[21,B],[-3,W]
    [3,5]->[22,B],[23,B],[24,B],[-7,W]
    [4,1]->[25,B],-,-,-
    [4,2]->-,-,-,-
    [4,3]->[26,B],-,-,-
    [4,4]->[27,B],[28,B],[-10,W],-
    [4,5]->[29,B],-,-,-
    [5,1]->[30,B],[31,B],-,-
    [5,2]->[32,B],[-5,Y],-,-
    [5,3]->[33,B],[34,B],[-2,W],-
    [5,4]->[35,B],[-9,Y],-,-
    [5,5]->[36,B],[37,B],-,-
  Descriptions:
    [-11,*]->Luminosity:5
    [-10,W]->
    [-9,Y]->Luminosity:2
    [-8,Y]->Luminosity:2
    [-7,W]->
    [-6,Y]->Luminosity:2
    [-5,Y]->Luminosity:2
    [-4,*]->Luminosity:5
    [-3,W]->
    [-2,W]->
    [-1,O]->
    [0,E]->fuel:3/3, life:3/3, landed?:F
    [1,B]->fuel:3/3, actions_left_until_reproduction:1/1, turns_left:1
    [2,B]->fuel:3/3, actions_left_until_reproduction:1/1, turns_left:0
    [3,B]->fuel:3/3, actions_left_until_reproduction:1/1, turns_left:1
    [4,B]->fuel:3/3, actions_left_until_reproduction:1/1, turns_left:0
    [5,B]->fuel:3/3, actions_left_until_reproduction:1/1, turns_left:0
    [6,B]->fuel:3/3, actions_left_until_reproduction:1/1, turns_left:0
    [7,B]->fuel:3/3, actions_left_until_reproduction:1/1, turns_left:0
    [8,B]->fuel:3/3, actions_left_until_reproduction:1/1, turns_left:1
    [9,B]->fuel:3/3, actions_left_until_reproduction:1/1, turns_left:2
    [10,B]->fuel:3/3, actions_left_until_reproduction:1/1, turns_left:2
    [11,B]->fuel:3/3, actions_left_until_reproduction:1/1, turns_left:1
    [12,B]->fuel:3/3, actions_left_until_reproduction:1/1, turns_left:1
    [13,B]->fuel:3/3, actions_left_until_reproduction:1/1, turns_left:2
    [14,B]->fuel:3/3, actions_left_until_reproduction:1/1, turns_left:1
    [15,B]->fuel:3/3, actions_left_until_reproduction:1/1, turns_left:2
    [16,B]->fuel:3/3, actions_left_until_reproduction:1/1, turns_left:2
    [17,B]->fuel:3/3, actions_left_until_reproduction:1/1, turns_left:1
    [18,B]->fuel:3/3, actions_left_until_reproduction:1/1, turns_left:0
    [19,B]->fuel:3/3, actions_left_until_reproduction:1/1, turns_left:1
    [20,B]->fuel:3/3, actions_left_until_reproduction:1/1, turns_left:0
    [21,B]->fuel:3/3, actions_left_until_reproduction:1/1, turns_left:0
    [22,B]->fuel:3/3, actions_left_until_reproduction:1/1, turns_left:1
    [23,B]->fuel:3/3, actions_left_until_reproduction:1/1, turns_left:1
    [24,B]->fuel:3/3, actions_left_until_reproduction:1/1, turns_left:1
    [25,B]->fuel:3/3, actions_left_until_reproduction:1/1, turns_left:0
    [26,B]->fuel:3/3, actions_left_until_reproduction:1/1, turns_left:1
    [27,B]->fuel:3/3, actions_left_until_reproduction:1/1, turns_left:0
    [28,B]->fuel:3/3, actions_left_until_reproduction:1/1, turns_left:0
    [29,B]->fuel:3/3, actions_left_until_reproduction:1/1, turns_left:2
    [30,B]->fuel:3/3, actions_left_until_reproduction:1/1, turns_left:1
    [31,B]->fuel:3/3, actions_left_until_reproduction:1/1, turns_left:1
    [32,B]->fuel:3/3, actions_left_until_reproduction:1/1, turns_left:2
    [33,B]->fuel:3/3, actions_left_until_reproduction:1/1, turns_left:2
    [34,B]->fuel:3/3, actions_left_until_reproduction:1/1, turns_left:2
    [35,B]->fuel:3/3, actions_left_until_reproduction:1/1, turns_left:0
    [36,B]->fuel:3/3, actions_left_until_reproduction:1/1, turns_left:2
    [37,B]->fuel:3/3, actions_left_until_reproduction:1/1, turns_left:1
  Deaths This Turn:none
    (1:1)  (1:2)  (1:3)  (1:4)  (1:5)  
    EB--   BBY-   BB--   B---   B*--   
    (2:1)  (2:2)  (2:3)  (2:4)  (2:5)  
    BB--   BY--   B---   ----   BBB*   
    (3:1)  (3:2)  (3:3)  (3:4)  (3:5)  
    BB--   BB--   O---   BBBW   BBBW   
    (4:1)  (4:2)  (4:3)  (4:4)  (4:5)  
    B---   ----   B---   BBW-   B---   
    (5:1)  (5:2)  (5:3)  (5:4)  (5:5)  
    BB--   BY--   BBW-   BY--   BB--   
->status
  state:1.1, mode:test, ok
  Explorer status report:Travelling at cruise speed at [1,1,1]
  Life units left:3, Fuel units left:3
->pass
  state:2.0, mode:test, ok
  Movement:
    [2,B]:[1,2,1]->[5,1,3]
    [4,B]:[1,3,1]->[5,3,4]
    [5,B]:[1,3,2]->[5,2,3]
    [6,B]:[1,4,1]->[5,4,3]
    [7,B]:[1,5,1]->[5,4,4]
    [18,B]:[3,2,2]->[3,3,2]
    [20,B]:[3,4,2]->[3,2,2]
    [21,B]:[3,4,3]->[5,1,4]
    [25,B]:[4,1,1]->[3,2,3]
    [27,B]:[4,4,1]->[5,2,4]
    [28,B]:[4,4,2]->[2,2,3]
    [35,B]:[5,4,1]->[4,3,2]
  Sectors:
    [1,1]->[0,E],[1,B],-,-
    [1,2]->-,[3,B],[-8,Y],-
    [1,3]->-,-,-,-
    [1,4]->-,-,-,-
    [1,5]->-,[-11,*],-,-
    [2,1]->[8,B],[9,B],-,-
    [2,2]->[10,B],[-6,Y],[28,B],-
    [2,3]->[11,B],-,-,-
    [2,4]->-,-,-,-
    [2,5]->[12,B],[13,B],[14,B],[-4,*]
    [3,1]->[15,B],[16,B],-,-
    [3,2]->[17,B],[20,B],[25,B],-
    [3,3]->[-1,O],-,-,-
    [3,4]->[19,B],-,-,[-3,W]
    [3,5]->[22,B],[23,B],[24,B],[-7,W]
    [4,1]->-,-,-,-
    [4,2]->-,-,-,-
    [4,3]->[26,B],[35,B],-,-
    [4,4]->-,-,[-10,W],-
    [4,5]->[29,B],-,-,-
    [5,1]->[30,B],[31,B],[2,B],[21,B]
    [5,2]->[32,B],[-5,Y],[5,B],[27,B]
    [5,3]->[33,B],[34,B],[-2,W],[4,B]
    [5,4]->-,[-9,Y],[6,B],[7,B]
    [5,5]->[36,B],[37,B],-,-
  Descriptions:
    [-11,*]->Luminosity:5
    [-10,W]->
    [-9,Y]->Luminosity:2
    [-8,Y]->Luminosity:2
    [-7,W]->
    [-6,Y]->Luminosity:2
    [-5,Y]->Luminosity:2
    [-4,*]->Luminosity:5
    [-3,W]->
    [-2,W]->
    [-1,O]->
    [0,E]->fuel:3/3, life:3/3, landed?:F
    [1,B]->fuel:3/3, actions_left_until_reproduction:1/1, turns_left:0
    [2,B]->fuel:2/3, actions_left_until_reproduction:0/1, turns_left:2
    [3,B]->fuel:3/3, actions_left_until_reproduction:1/1, turns_left:0
    [4,B]->fuel:2/3, actions_left_until_reproduction:0/1, turns_left:2
    [5,B]->fuel:3/3, actions_left_until_reproduction:0/1, turns_left:0
    [6,B]->fuel:3/3, actions_left_until_reproduction:0/1, turns_left:1
    [7,B]->fuel:3/3, actions_left_until_reproduction:0/1, turns_left:1
    [8,B]->fuel:3/3, actions_left_until_reproduction:1/1, turns_left:0
    [9,B]->fuel:3/3, actions_left_until_reproduction:1/1, turns_left:1
    [10,B]->fuel:3/3, actions_left_until_reproduction:1/1, turns_left:1
    [11,B]->fuel:3/3, actions_left_until_reproduction:1/1, turns_left:0
    [12,B]->fuel:3/3, actions_left_until_reproduction:1/1, turns_left:0
    [13,B]->fuel:3/3, actions_left_until_reproduction:1/1, turns_left:1
    [14,B]->fuel:3/3, actions_left_until_reproduction:1/1, turns_left:0
    [15,B]->fuel:3/3, actions_left_until_reproduction:1/1, turns_left:1
    [16,B]->fuel:3/3, actions_left_until_reproduction:1/1, turns_left:1
    [17,B]->fuel:3/3, actions_left_until_reproduction:1/1, turns_left:0
    [19,B]->fuel:3/3, actions_left_until_reproduction:1/1, turns_left:0
    [20,B]->fuel:3/3, actions_left_until_reproduction:0/1, turns_left:2
    [21,B]->fuel:3/3, actions_left_until_reproduction:0/1, turns_left:1
    [22,B]->fuel:3/3, actions_left_until_reproduction:1/1, turns_left:0
    [23,B]->fuel:3/3, actions_left_until_reproduction:1/1, turns_left:0
    [24,B]->fuel:3/3, actions_left_until_reproduction:1/1, turns_left:0
    [25,B]->fuel:2/3, actions_left_until_reproduction:0/1, turns_left:2
    [26,B]->fuel:3/3, actions_left_until_reproduction:1/1, turns_left:0
    [27,B]->fuel:3/3, actions_left_until_reproduction:0/1, turns_left:0
    [28,B]->fuel:3/3, actions_left_until_reproduction:0/1, turns_left:2
    [29,B]->fuel:3/3, actions_left_until_reproduction:1/1, turns_left:1
    [30,B]->fuel:3/3, actions_left_until_reproduction:1/1, turns_left:0
    [31,B]->fuel:3/3, actions_left_until_reproduction:1/1, turns_left:0
    [32,B]->fuel:3/3, actions_left_until_reproduction:1/1, turns_left:1
    [33,B]->fuel:3/3, actions_left_until_reproduction:1/1, turns_left:1
    [34,B]->fuel:3/3, actions_left_until_reproduction:1/1, turns_left:1
    [35,B]->fuel:2/3, actions_left_until_reproduction:0/1, turns_left:2
    [36,B]->fuel:3/3, actions_left_until_reproduction:1/1, turns_left:1
    [37,B]->fuel:3/3, actions_left_until_reproduction:1/1, turns_left:0
  Deaths This Turn:
    [18,B]->fuel:2/3, actions_left_until_reproduction:1/1, turns_left:N/A,
      Benign got devoured by blackhole (id: -1) at Sector:3:3
    (1:1)  (1:2)  (1:3)  (1:4)  (1:5)  
    EB--   -BY-   ----   ----   -*--   
    (2:1)  (2:2)  (2:3)  (2:4)  (2:5)  
    BB--   BYB-   B---   ----   BBB*   
    (3:1)  (3:2)  (3:3)  (3:4)  (3:5)  
    BB--   BBB-   O---   B--W   BBBW   
    (4:1)  (4:2)  (4:3)  (4:4)  (4:5)  
    ----   ----   BB--   --W-   B---   
    (5:1)  (5:2)  (5:3)  (5:4)  (5:5)  
    BBBB   BYBB   BBWB   -YBB   BB--   
->status
  state:2.1, mode:test, ok
  Explorer status report:Travelling at cruise speed at [1,1,1]
  Life units left:3, Fuel units left:3
->pass
  state:3.0, mode:test, ok
  Movement:
    [1,B]:[1,1,2]->[2,2,4]
    [3,B]:[1,2,2]
    [5,B]:[5,2,3]
    [8,B]:[2,1,1]->[1,1,2]
    [11,B]:[2,3,1]
    [12,B]:[2,5,1]->[3,1,3]
    [14,B]:[2,5,3]->[3,4,2]
    [17,B]:[3,2,1]
    [19,B]:[3,4,1]->[1,1,3]
    [22,B]:[3,5,1]->[4,4,1]
    [23,B]:[3,5,2]->[1,2,1]
    [24,B]:[3,5,3]->[4,5,2]
    [26,B]:[4,3,1]->[4,2,1]
    [27,B]:[5,2,4]->[4,1,1]
      reproduced [38,B] at [4,1,2]
    [30,B]:[5,1,1]->[4,1,3]
    [31,B]:[5,1,2]->[4,1,4]
    [37,B]:[5,5,2]->[4,5,3]
  Sectors:
    [1,1]->[0,E],[8,B],[19,B],-
    [1,2]->[23,B],[3,B],[-8,Y],-
    [1,3]->-,-,-,-
    [1,4]->-,-,-,-
    [1,5]->-,[-11,*],-,-
    [2,1]->-,[9,B],-,-
    [2,2]->[10,B],[-6,Y],[28,B],[1,B]
    [2,3]->[11,B],-,-,-
    [2,4]->-,-,-,-
    [2,5]->-,[13,B],-,[-4,*]
    [3,1]->[15,B],[16,B],[12,B],-
    [3,2]->[17,B],[20,B],[25,B],-
    [3,3]->[-1,O],-,-,-
    [3,4]->-,[14,B],-,[-3,W]
    [3,5]->-,-,-,[-7,W]
    [4,1]->[27,B],[38,B],[30,B],[31,B]
    [4,2]->[26,B],-,-,-
    [4,3]->-,[35,B],-,-
    [4,4]->[22,B],-,[-10,W],-
    [4,5]->[29,B],[24,B],[37,B],-
    [5,1]->-,-,[2,B],[21,B]
    [5,2]->[32,B],[-5,Y],[5,B],-
    [5,3]->[33,B],[34,B],[-2,W],[4,B]
    [5,4]->-,[-9,Y],[6,B],[7,B]
    [5,5]->[36,B],-,-,-
  Descriptions:
    [-11,*]->Luminosity:5
    [-10,W]->
    [-9,Y]->Luminosity:2
    [-8,Y]->Luminosity:2
    [-7,W]->
    [-6,Y]->Luminosity:2
    [-5,Y]->Luminosity:2
    [-4,*]->Luminosity:5
    [-3,W]->
    [-2,W]->
    [-1,O]->
    [0,E]->fuel:3/3, life:3/3, landed?:F
    [1,B]->fuel:3/3, actions_left_until_reproduction:0/1, turns_left:2
    [2,B]->fuel:2/3, actions_left_until_reproduction:0/1, turns_left:1
    [3,B]->fuel:3/3, actions_left_until_reproduction:0/1, turns_left:2
    [4,B]->fuel:2/3, actions_left_until_reproduction:0/1, turns_left:1
    [5,B]->fuel:3/3, actions_left_until_reproduction:0/1, turns_left:1
    [6,B]->fuel:3/3, actions_left_until_reproduction:0/1, turns_left:0
    [7,B]->fuel:3/3, actions_left_until_reproduction:0/1, turns_left:0
    [8,B]->fuel:2/3, actions_left_until_reproduction:0/1, turns_left:2
    [9,B]->fuel:3/3, actions_left_until_reproduction:1/1, turns_left:0
    [10,B]->fuel:3/3, actions_left_until_reproduction:1/1, turns_left:0
    [11,B]->fuel:3/3, actions_left_until_reproduction:0/1, turns_left:2
    [12,B]->fuel:2/3, actions_left_until_reproduction:0/1, turns_left:1
    [13,B]->fuel:3/3, actions_left_until_reproduction:1/1, turns_left:0
    [14,B]->fuel:2/3, actions_left_until_reproduction:0/1, turns_left:0
    [15,B]->fuel:3/3, actions_left_until_reproduction:1/1, turns_left:0
    [16,B]->fuel:3/3, actions_left_until_reproduction:1/1, turns_left:0
    [17,B]->fuel:3/3, actions_left_until_reproduction:0/1, turns_left:1
    [19,B]->fuel:3/3, actions_left_until_reproduction:0/1, turns_left:1
    [20,B]->fuel:3/3, actions_left_until_reproduction:0/1, turns_left:1
    [21,B]->fuel:3/3, actions_left_until_reproduction:0/1, turns_left:0
    [22,B]->fuel:3/3, actions_left_until_reproduction:0/1, turns_left:1
    [23,B]->fuel:3/3, actions_left_until_reproduction:0/1, turns_left:1
    [24,B]->fuel:3/3, actions_left_until_reproduction:0/1, turns_left:0
    [25,B]->fuel:2/3, actions_left_until_reproduction:0/1, turns_left:1
    [26,B]->fuel:2/3, actions_left_until_reproduction:0/1, turns_left:1
    [27,B]->fuel:2/3, actions_left_until_reproduction:1/1, turns_left:0
    [28,B]->fuel:3/3, actions_left_until_reproduction:0/1, turns_left:1
    [29,B]->fuel:3/3, actions_left_until_reproduction:1/1, turns_left:0
    [30,B]->fuel:2/3, actions_left_until_reproduction:0/1, turns_left:0
    [31,B]->fuel:2/3, actions_left_until_reproduction:0/1, turns_left:0
    [32,B]->fuel:3/3, actions_left_until_reproduction:1/1, turns_left:0
    [33,B]->fuel:3/3, actions_left_until_reproduction:1/1, turns_left:0
    [34,B]->fuel:3/3, actions_left_until_reproduction:1/1, turns_left:0
    [35,B]->fuel:2/3, actions_left_until_reproduction:0/1, turns_left:1
    [36,B]->fuel:3/3, actions_left_until_reproduction:1/1, turns_left:0
    [37,B]->fuel:2/3, actions_left_until_reproduction:0/1, turns_left:1
    [38,B]->fuel:3/3, actions_left_until_reproduction:1/1, turns_left:0
  Deaths This Turn:none
    (1:1)  (1:2)  (1:3)  (1:4)  (1:5)  
    EBB-   BBY-   ----   ----   -*--   
    (2:1)  (2:2)  (2:3)  (2:4)  (2:5)  
    -B--   BYBB   B---   ----   -B-*   
    (3:1)  (3:2)  (3:3)  (3:4)  (3:5)  
    BBB-   BBB-   O---   -B-W   ---W   
    (4:1)  (4:2)  (4:3)  (4:4)  (4:5)  
    BBBB   B---   -B--   B-W-   BBB-   
    (5:1)  (5:2)  (5:3)  (5:4)  (5:5)  
    --BB   BYB-   BBWB   -YBB   B---   
->status
  state:3.1, mode:test, ok
  Explorer status report:Travelling at cruise speed at [1,1,1]
  Life units left:3, Fuel units left:3
->pass
  state:4.0, mode:test, ok
  Movement:
    [6,B]:[5,4,3]->[4,4,2]
      reproduced [39,B] at [4,4,4]
    [7,B]:[5,4,4]->[4,3,1]
      reproduced [40,B] at [4,3,3]
    [9,B]:[2,1,2]->[1,1,4]
    [10,B]:[2,2,1]->[2,3,2]
    [13,B]:[2,5,2]->[3,5,1]
    [14,B]:[3,4,2]->[3,3,2]
    [15,B]:[3,1,1]->[2,2,1]
    [16,B]:[3,1,2]->[4,5,4]
    [21,B]:[5,1,4]->[5,5,2]
      reproduced [41,B] at [5,5,3]
    [24,B]:[4,5,2]->[3,5,2]
      reproduced [42,B] at [3,5,3]
    [27,B]:[4,1,1]
    [29,B]:[4,5,1]->[5,4,1]
    [30,B]:[4,1,3]->[4,5,1]
      reproduced [43,B] at [4,5,2]
    [31,B]:[4,1,4]->[5,2,4]
    [32,B]:[5,2,1]->[4,2,2]
    [33,B]:[5,3,1]->[4,3,4]
    [34,B]:[5,3,2]->[1,3,1]
    [36,B]:[5,5,1]->[1,5,1]
    [38,B]:[4,1,2]->[4,2,3]
  Sectors:
    [1,1]->[0,E],[8,B],[19,B],[9,B]
    [1,2]->[23,B],[3,B],[-8,Y],-
    [1,3]->[34,B],-,-,-
    [1,4]->-,-,-,-
    [1,5]->[36,B],[-11,*],-,-
    [2,1]->-,-,-,-
    [2,2]->[15,B],[-6,Y],[28,B],[1,B]
    [2,3]->[11,B],[10,B],-,-
    [2,4]->-,-,-,-
    [2,5]->-,-,-,[-4,*]
    [3,1]->-,-,[12,B],-
    [3,2]->[17,B],[20,B],[25,B],-
    [3,3]->[-1,O],-,-,-
    [3,4]->-,-,-,[-3,W]
    [3,5]->[13,B],[24,B],[42,B],[-7,W]
    [4,1]->[27,B],-,-,-
    [4,2]->[26,B],[32,B],[38,B],-
    [4,3]->[7,B],[35,B],[40,B],[33,B]
    [4,4]->[22,B],[6,B],[-10,W],[39,B]
    [4,5]->[30,B],[43,B],[37,B],[16,B]
    [5,1]->-,-,[2,B],-
    [5,2]->-,[-5,Y],[5,B],[31,B]
    [5,3]->-,-,[-2,W],[4,B]
    [5,4]->[29,B],[-9,Y],-,-
    [5,5]->-,[21,B],[41,B],-
  Descriptions:
    [-11,*]->Luminosity:5
    [-10,W]->
    [-9,Y]->Luminosity:2
    [-8,Y]->Luminosity:2
    [-7,W]->
    [-6,Y]->Luminosity:2
    [-5,Y]->Luminosity:2
    [-4,*]->Luminosity:5
    [-3,W]->
    [-2,W]->
    [-1,O]->
    [0,E]->fuel:3/3, life:3/3, landed?:F
    [1,B]->fuel:3/3, actions_left_until_reproduction:0/1, turns_left:1
    [2,B]->fuel:2/3, actions_left_until_reproduction:0/1, turns_left:0
    [3,B]->fuel:3/3, actions_left_until_reproduction:0/1, turns_left:1
    [4,B]->fuel:2/3, actions_left_until_reproduction:0/1, turns_left:0
    [5,B]->fuel:3/3, actions_left_until_reproduction:0/1, turns_left:0
    [6,B]->fuel:2/3, actions_left_until_reproduction:1/1, turns_left:1
    [7,B]->fuel:2/3, actions_left_until_reproduction:1/1, turns_left:1
    [8,B]->fuel:2/3, actions_left_until_reproduction:0/1, turns_left:1
    [9,B]->fuel:2/3, actions_left_until_reproduction:0/1, turns_left:1
    [10,B]->fuel:2/3, actions_left_until_reproduction:0/1, turns_left:0
    [11,B]->fuel:3/3, actions_left_until_reproduction:0/1, turns_left:1
    [12,B]->fuel:2/3, actions_left_until_reproduction:0/1, turns_left:0
    [13,B]->fuel:2/3, actions_left_until_reproduction:0/1, turns_left:0
    [15,B]->fuel:3/3, actions_left_until_reproduction:0/1, turns_left:0
    [16,B]->fuel:2/3, actions_left_until_reproduction:0/1, turns_left:0
    [17,B]->fuel:3/3, actions_left_until_reproduction:0/1, turns_left:0
    [19,B]->fuel:3/3, actions_left_until_reproduction:0/1, turns_left:0
    [20,B]->fuel:3/3, actions_left_until_reproduction:0/1, turns_left:0
    [21,B]->fuel:2/3, actions_left_until_reproduction:1/1, turns_left:1
    [22,B]->fuel:3/3, actions_left_until_reproduction:0/1, turns_left:0
    [23,B]->fuel:3/3, actions_left_until_reproduction:0/1, turns_left:0
    [24,B]->fuel:2/3, actions_left_until_reproduction:1/1, turns_left:2
    [25,B]->fuel:2/3, actions_left_until_reproduction:0/1, turns_left:0
    [26,B]->fuel:2/3, actions_left_until_reproduction:0/1, turns_left:0
    [27,B]->fuel:2/3, actions_left_until_reproduction:0/1, turns_left:0
    [28,B]->fuel:3/3, actions_left_until_reproduction:0/1, turns_left:0
    [29,B]->fuel:3/3, actions_left_until_reproduction:0/1, turns_left:2
    [30,B]->fuel:1/3, actions_left_until_reproduction:1/1, turns_left:0
    [31,B]->fuel:3/3, actions_left_until_reproduction:0/1, turns_left:1
    [32,B]->fuel:2/3, actions_left_until_reproduction:0/1, turns_left:0
    [33,B]->fuel:3/3, actions_left_until_reproduction:0/1, turns_left:1
    [34,B]->fuel:3/3, actions_left_until_reproduction:0/1, turns_left:0
    [35,B]->fuel:2/3, actions_left_until_reproduction:0/1, turns_left:0
    [36,B]->fuel:3/3, actions_left_until_reproduction:0/1, turns_left:1
    [37,B]->fuel:2/3, actions_left_until_reproduction:0/1, turns_left:0
    [38,B]->fuel:2/3, actions_left_until_reproduction:0/1, turns_left:2
    [39,B]->fuel:3/3, actions_left_until_reproduction:1/1, turns_left:0
    [40,B]->fuel:3/3, actions_left_until_reproduction:1/1, turns_left:1
    [41,B]->fuel:3/3, actions_left_until_reproduction:1/1, turns_left:2
    [42,B]->fuel:3/3, actions_left_until_reproduction:1/1, turns_left:2
    [43,B]->fuel:3/3, actions_left_until_reproduction:1/1, turns_left:1
  Deaths This Turn:
    [14,B]->fuel:2/3, actions_left_until_reproduction:0/1, turns_left:N/A,
      Benign got devoured by blackhole (id: -1) at Sector:3:3
    (1:1)  (1:2)  (1:3)  (1:4)  (1:5)  
    EBBB   BBY-   B---   ----   B*--   
    (2:1)  (2:2)  (2:3)  (2:4)  (2:5)  
    ----   BYBB   BB--   ----   ---*   
    (3:1)  (3:2)  (3:3)  (3:4)  (3:5)  
    --B-   BBB-   O---   ---W   BBBW   
    (4:1)  (4:2)  (4:3)  (4:4)  (4:5)  
    B---   BBB-   BBBB   BBWB   BBBB   
    (5:1)  (5:2)  (5:3)  (5:4)  (5:5)  
    --B-   -YBB   --WB   BY--   -BB-   
->status
  state:4.1, mode:test, ok
  Explorer status report:Travelling at cruise speed at [1,1,1]
  Life units left:3, Fuel units left:3
->pass
  state:5.0, mode:test, ok
  Movement:
    [2,B]:[5,1,3]->[4,2,4]
    [4,B]:[5,3,4]->[2,4,1]
      reproduced [44,B] at [2,4,2]
    [5,B]:[5,2,3]->[1,2,4]
    [10,B]:[2,3,2]->[3,3,2]
    [12,B]:[3,1,3]->[2,1,1]
      reproduced [45,B] at [2,1,2]
    [13,B]:[3,5,1]->[2,1,3]
      reproduced [46,B] at [2,1,4]
    [15,B]:[2,2,1]->[3,2,4]
    [16,B]:[4,5,4]
    [17,B]:[3,2,1]
    [19,B]:[1,1,3]->[2,2,1]
    [20,B]:[3,2,2]->[3,3,2]
    [22,B]:[4,4,1]->[5,1,1]
      reproduced [47,B] at [5,1,2]
    [23,B]:[1,2,1]->[5,3,1]
      reproduced [48,B] at [5,3,2]
    [25,B]:[3,2,3]->[3,1,1]
      reproduced [49,B] at [3,1,2]
    [26,B]:[4,2,1]->[5,3,4]
    [27,B]:[4,1,1]->[5,2,1]
      reproduced [50,B] at [5,2,3]
    [28,B]:[2,2,3]->[2,3,2]
      reproduced [51,B] at [2,3,3]
    [30,B]:[4,5,1]->[4,1,1]
    [32,B]:[4,2,2]
      reproduced [52,B] at [4,2,1]
    [34,B]:[1,3,1]->[5,4,3]
      reproduced [53,B] at [5,4,4]
    [35,B]:[4,3,2]
    [37,B]:[4,5,3]->[3,5,1]
    [39,B]:[4,4,4]->[5,1,3]
  Sectors:
    [1,1]->[0,E],[8,B],-,[9,B]
    [1,2]->-,[3,B],[-8,Y],[5,B]
    [1,3]->-,-,-,-
    [1,4]->-,-,-,-
    [1,5]->[36,B],[-11,*],-,-
    [2,1]->[12,B],[45,B],[13,B],[46,B]
    [2,2]->[19,B],[-6,Y],-,[1,B]
    [2,3]->[11,B],[28,B],[51,B],-
    [2,4]->[4,B],[44,B],-,-
    [2,5]->-,-,-,[-4,*]
    [3,1]->[25,B],[49,B],-,-
    [3,2]->[17,B],-,-,[15,B]
    [3,3]->[-1,O],-,-,-
    [3,4]->-,-,-,[-3,W]
    [3,5]->[37,B],[24,B],[42,B],[-7,W]
    [4,1]->-,-,-,-
    [4,2]->[52,B],[32,B],[38,B],[2,B]
    [4,3]->[7,B],[35,B],[40,B],[33,B]
    [4,4]->-,[6,B],[-10,W],-
    [4,5]->-,[43,B],-,[16,B]
    [5,1]->[22,B],[47,B],[39,B],-
    [5,2]->[27,B],[-5,Y],[50,B],[31,B]
    [5,3]->[23,B],[48,B],[-2,W],[26,B]
    [5,4]->[29,B],[-9,Y],[34,B],[53,B]
    [5,5]->-,[21,B],[41,B],-
  Descriptions:
    [-11,*]->Luminosity:5
    [-10,W]->
    [-9,Y]->Luminosity:2
    [-8,Y]->Luminosity:2
    [-7,W]->
    [-6,Y]->Luminosity:2
    [-5,Y]->Luminosity:2
    [-4,*]->Luminosity:5
    [-3,W]->
    [-2,W]->
    [-1,O]->
    [0,E]->fuel:3/3, life:3/3, landed?:F
    [1,B]->fuel:3/3, actions_left_until_reproduction:0/1, turns_left:0
    [2,B]->fuel:1/3, actions_left_until_reproduction:0/1, turns_left:2
    [3,B]->fuel:3/3, actions_left_until_reproduction:0/1, turns_left:0
    [4,B]->fuel:2/3, actions_left_until_reproduction:1/1, turns_left:0
    [5,B]->fuel:3/3, actions_left_until_reproduction:0/1, turns_left:2
    [6,B]->fuel:2/3, actions_left_until_reproduction:1/1, turns_left:0
    [7,B]->fuel:2/3, actions_left_until_reproduction:1/1, turns_left:0
    [8,B]->fuel:2/3, actions_left_until_reproduction:0/1, turns_left:0
    [9,B]->fuel:2/3, actions_left_until_reproduction:0/1, turns_left:0
    [11,B]->fuel:3/3, actions_left_until_reproduction:0/1, turns_left:0
    [12,B]->fuel:1/3, actions_left_until_reproduction:1/1, turns_left:1
    [13,B]->fuel:2/3, actions_left_until_reproduction:1/1, turns_left:0
    [15,B]->fuel:2/3, actions_left_until_reproduction:0/1, turns_left:2
    [16,B]->fuel:2/3, actions_left_until_reproduction:0/1, turns_left:2
    [17,B]->fuel:3/3, actions_left_until_reproduction:0/1, turns_left:1
    [19,B]->fuel:3/3, actions_left_until_reproduction:0/1, turns_left:1
    [21,B]->fuel:2/3, actions_left_until_reproduction:1/1, turns_left:0
    [22,B]->fuel:3/3, actions_left_until_reproduction:1/1, turns_left:2
    [23,B]->fuel:2/3, actions_left_until_reproduction:1/1, turns_left:0
    [24,B]->fuel:2/3, actions_left_until_reproduction:1/1, turns_left:1
    [25,B]->fuel:1/3, actions_left_until_reproduction:1/1, turns_left:1
    [26,B]->fuel:1/3, actions_left_until_reproduction:0/1, turns_left:1
    [27,B]->fuel:3/3, actions_left_until_reproduction:1/1, turns_left:1
    [28,B]->fuel:2/3, actions_left_until_reproduction:1/1, turns_left:1
    [29,B]->fuel:3/3, actions_left_until_reproduction:0/1, turns_left:1
    [31,B]->fuel:3/3, actions_left_until_reproduction:0/1, turns_left:0
    [32,B]->fuel:2/3, actions_left_until_reproduction:1/1, turns_left:1
    [33,B]->fuel:3/3, actions_left_until_reproduction:0/1, turns_left:0
    [34,B]->fuel:3/3, actions_left_until_reproduction:1/1, turns_left:1
    [35,B]->fuel:2/3, actions_left_until_reproduction:0/1, turns_left:2
    [36,B]->fuel:3/3, actions_left_until_reproduction:0/1, turns_left:0
    [37,B]->fuel:1/3, actions_left_until_reproduction:0/1, turns_left:1
    [38,B]->fuel:2/3, actions_left_until_reproduction:0/1, turns_left:1
    [39,B]->fuel:3/3, actions_left_until_reproduction:0/1, turns_left:2
    [40,B]->fuel:3/3, actions_left_until_reproduction:1/1, turns_left:0
    [41,B]->fuel:3/3, actions_left_until_reproduction:1/1, turns_left:1
    [42,B]->fuel:3/3, actions_left_until_reproduction:1/1, turns_left:1
    [43,B]->fuel:3/3, actions_left_until_reproduction:1/1, turns_left:0
    [44,B]->fuel:3/3, actions_left_until_reproduction:1/1, turns_left:0
    [45,B]->fuel:3/3, actions_left_until_reproduction:1/1, turns_left:1
    [46,B]->fuel:3/3, actions_left_until_reproduction:1/1, turns_left:0
    [47,B]->fuel:3/3, actions_left_until_reproduction:1/1, turns_left:0
    [48,B]->fuel:3/3, actions_left_until_reproduction:1/1, turns_left:2
    [49,B]->fuel:3/3, actions_left_until_reproduction:1/1, turns_left:2
    [50,B]->fuel:3/3, actions_left_until_reproduction:1/1, turns_left:1
    [51,B]->fuel:3/3, actions_left_until_reproduction:1/1, turns_left:0
    [52,B]->fuel:3/3, actions_left_until_reproduction:1/1, turns_left:2
    [53,B]->fuel:3/3, actions_left_until_reproduction:1/1, turns_left:1
  Deaths This Turn:
    [10,B]->fuel:1/3, actions_left_until_reproduction:0/1, turns_left:N/A,
      Benign got devoured by blackhole (id: -1) at Sector:3:3
    [20,B]->fuel:2/3, actions_left_until_reproduction:0/1, turns_left:N/A,
      Benign got devoured by blackhole (id: -1) at Sector:3:3
    [30,B]->fuel:0/3, actions_left_until_reproduction:1/1, turns_left:N/A,
      Benign got lost in space - out of fuel at Sector:4:1
    (1:1)  (1:2)  (1:3)  (1:4)  (1:5)  
    EB-B   -BYB   ----   ----   B*--   
    (2:1)  (2:2)  (2:3)  (2:4)  (2:5)  
    BBBB   BY-B   BBB-   BB--   ---*   
    (3:1)  (3:2)  (3:3)  (3:4)  (3:5)  
    BB--   B--B   O---   ---W   BBBW   
    (4:1)  (4:2)  (4:3)  (4:4)  (4:5)  
    ----   BBBB   BBBB   -BW-   -B-B   
    (5:1)  (5:2)  (5:3)  (5:4)  (5:5)  
    BBB-   BYBB   BBWB   BYBB   -BB-   
->status
  state:5.1, mode:test, ok
  Explorer status report:Travelling at cruise speed at [1,1,1]
  Life units left:3, Fuel units left:3
