  state:0.0, ok
  Welcome! Try test(3,5,7,15,30)
->liftoff
  state:0.1, error
  Negative on that request:no mission in progress.
->pass
  state:0.2, error
  Negative on that request:no mission in progress.
->move(SE)
  state:0.3, error
  Negative on that request:no mission in progress.
->move(S)
  state:0.4, error
  Negative on that request:no mission in progress.
->move(W)
  state:0.5, error
  Negative on that request:no mission in progress.
->move(NW)
  state:0.6, error
  Negative on that request:no mission in progress.
->wormhole
  state:0.7, error
  Negative on that request:no mission in progress.
->move(SE)
  state:0.8, error
  Negative on that request:no mission in progress.
->abort
  state:0.9, error
  Negative on that request:no mission in progress.
->move(W)
  state:0.10, error
  Negative on that request:no mission in progress.
->move(SE)
  state:0.11, error
  Negative on that request:no mission in progress.
->move(S)
  state:0.12, error
  Negative on that request:no mission in progress.
->move(E)
  state:0.13, error
  Negative on that request:no mission in progress.
->wormhole
  state:0.14, error
  Negative on that request:no mission in progress.
->pass
  state:0.15, error
  Negative on that request:no mission in progress.
->move(W)
  state:0.16, error
  Negative on that request:no mission in progress.
->move(N)
  state:0.17, error
  Negative on that request:no mission in progress.
->move(NE)
  state:0.18, error
  Negative on that request:no mission in progress.
->move(NW)
  state:0.19, error
  Negative on that request:no mission in progress.
->move(NE)
  state:0.20, error
  Negative on that request:no mission in progress.
->abort
  state:0.21, error
  Negative on that request:no mission in progress.
->test(31,31,86,86,86)
  state:1.0, mode:test, ok
  Movement:none
  Sectors:
    [1,1]->[0,E],[1,M],-,-
    [1,2]->[2,M],[3,M],[-8,Y],-
    [1,3]->[4,M],[5,M],-,-
    [1,4]->[6,A],-,-,-
    [1,5]->[7,M],[-11,*],-,-
    [2,1]->[8,M],[9,A],-,-
    [2,2]->[10,A],[-6,Y],-,-
    [2,3]->[11,A],-,-,-
    [2,4]->-,-,-,-
    [2,5]->[12,M],[13,A],[14,M],[-4,*]
    [3,1]->[15,M],[16,M],-,-
    [3,2]->[17,M],[18,M],-,-
    [3,3]->[-1,O],-,-,-
    [3,4]->[19,A],[20,M],[21,M],[-3,W]
    [3,5]->[22,M],[23,A],[24,M],[-7,W]
    [4,1]->[25,M],-,-,-
    [4,2]->-,-,-,-
    [4,3]->[26,M],-,-,-
    [4,4]->[27,M],[28,A],[-10,W],-
    [4,5]->[29,M],-,-,-
    [5,1]->[30,M],[31,M],-,-
    [5,2]->[32,M],[-5,Y],-,-
    [5,3]->[33,A],[34,A],[-2,W],-
    [5,4]->[35,A],[-9,Y],-,-
    [5,5]->[36,A],[37,M],-,-
  Descriptions:
    [-11,*]->Luminosity:5
    [-10,W]->
    [-9,Y]->Luminosity:2
    [-8,Y]->Luminosity:2
    [-7,W]->
    [-6,Y]->Luminosity:2
    [-5,Y]->Luminosity:2
    [-4,*]->Luminosity:5
    [-3,W]->
    [-2,W]->
    [-1,O]->
    [0,E]->fuel:3/3, life:3/3, landed?:F
    [1,M]->fuel:3/3, actions_left_until_reproduction:1/1, turns_left:1
    [2,M]->fuel:3/3, actions_left_until_reproduction:1/1, turns_left:0
    [3,M]->fuel:3/3, actions_left_until_reproduction:1/1, turns_left:1
    [4,M]->fuel:3/3, actions_left_until_reproduction:1/1, turns_left:0
    [5,M]->fuel:3/3, actions_left_until_reproduction:1/1, turns_left:0
    [6,A]->turns_left:0
    [7,M]->fuel:3/3, actions_left_until_reproduction:1/1, turns_left:0
    [8,M]->fuel:3/3, actions_left_until_reproduction:1/1, turns_left:1
    [9,A]->turns_left:2
    [10,A]->turns_left:2
    [11,A]->turns_left:1
    [12,M]->fuel:3/3, actions_left_until_reproduction:1/1, turns_left:1
    [13,A]->turns_left:2
    [14,M]->fuel:3/3, actions_left_until_reproduction:1/1, turns_left:1
    [15,M]->fuel:3/3, actions_left_until_reproduction:1/1, turns_left:2
    [16,M]->fuel:3/3, actions_left_until_reproduction:1/1, turns_left:2
    [17,M]->fuel:3/3, actions_left_until_reproduction:1/1, turns_left:1
    [18,M]->fuel:3/3, actions_left_until_reproduction:1/1, turns_left:0
    [19,A]->turns_left:1
    [20,M]->fuel:3/3, actions_left_until_reproduction:1/1, turns_left:0
    [21,M]->fuel:3/3, actions_left_until_reproduction:1/1, turns_left:0
    [22,M]->fuel:3/3, actions_left_until_reproduction:1/1, turns_left:1
    [23,A]->turns_left:1
    [24,M]->fuel:3/3, actions_left_until_reproduction:1/1, turns_left:1
    [25,M]->fuel:3/3, actions_left_until_reproduction:1/1, turns_left:0
    [26,M]->fuel:3/3, actions_left_until_reproduction:1/1, turns_left:1
    [27,M]->fuel:3/3, actions_left_until_reproduction:1/1, turns_left:0
    [28,A]->turns_left:0
    [29,M]->fuel:3/3, actions_left_until_reproduction:1/1, turns_left:2
    [30,M]->fuel:3/3, actions_left_until_reproduction:1/1, turns_left:1
    [31,M]->fuel:3/3, actions_left_until_reproduction:1/1, turns_left:1
    [32,M]->fuel:3/3, actions_left_until_reproduction:1/1, turns_left:2
    [33,A]->turns_left:2
    [34,A]->turns_left:2
    [35,A]->turns_left:0
    [36,A]->turns_left:2
    [37,M]->fuel:3/3, actions_left_until_reproduction:1/1, turns_left:1
  Deaths This Turn:none
    (1:1)  (1:2)  (1:3)  (1:4)  (1:5)  
    EM--   MMY-   MM--   A---   M*--   
    (2:1)  (2:2)  (2:3)  (2:4)  (2:5)  
    MA--   AY--   A---   ----   MAM*   
    (3:1)  (3:2)  (3:3)  (3:4)  (3:5)  
    MM--   MM--   O---   AMMW   MAMW   
    (4:1)  (4:2)  (4:3)  (4:4)  (4:5)  
    M---   ----   M---   MAW-   M---   
    (5:1)  (5:2)  (5:3)  (5:4)  (5:5)  
    MM--   MY--   AAW-   AY--   AM--   
->wormhole
  state:1.1, mode:test, error
  Explorer couldn't find wormhole at Sector:1:1
->move(N)
  state:2.0, mode:test, ok
  Movement:
    [0,E]:[1,1,1]->[5,1,3]
    [2,M]:[1,2,1]->[5,1,4]
      attacked [0,E] at [5,1,3]
    [4,M]:[1,3,1]->[5,3,4]
    [5,M]:[1,3,2]->[5,2,3]
    [6,A]:[1,4,1]->[5,4,3]
    [7,M]:[1,5,1]->[5,4,4]
    [18,M]:[3,2,2]->[3,3,2]
    [20,M]:[3,4,2]->[3,2,2]
    [21,M]:[3,4,3]->[2,1,3]
    [25,M]:[4,1,1]
    [27,M]:[4,4,1]->[2,3,2]
    [28,A]:[4,4,2]
    [35,A]:[5,4,1]->[4,5,2]
      destroyed [29,M] at [4,5,1]
  Sectors:
    [1,1]->-,[1,M],-,-
    [1,2]->-,[3,M],[-8,Y],-
    [1,3]->-,-,-,-
    [1,4]->-,-,-,-
    [1,5]->-,[-11,*],-,-
    [2,1]->[8,M],[9,A],[21,M],-
    [2,2]->[10,A],[-6,Y],-,-
    [2,3]->[11,A],[27,M],-,-
    [2,4]->-,-,-,-
    [2,5]->[12,M],[13,A],[14,M],[-4,*]
    [3,1]->[15,M],[16,M],-,-
    [3,2]->[17,M],[20,M],-,-
    [3,3]->[-1,O],-,-,-
    [3,4]->[19,A],-,-,[-3,W]
    [3,5]->[22,M],[23,A],[24,M],[-7,W]
    [4,1]->[25,M],-,-,-
    [4,2]->-,-,-,-
    [4,3]->[26,M],-,-,-
    [4,4]->-,[28,A],[-10,W],-
    [4,5]->-,[35,A],-,-
    [5,1]->[30,M],[31,M],[0,E],[2,M]
    [5,2]->[32,M],[-5,Y],[5,M],-
    [5,3]->[33,A],[34,A],[-2,W],[4,M]
    [5,4]->-,[-9,Y],[6,A],[7,M]
    [5,5]->[36,A],[37,M],-,-
  Descriptions:
    [-11,*]->Luminosity:5
    [-10,W]->
    [-9,Y]->Luminosity:2
    [-8,Y]->Luminosity:2
    [-7,W]->
    [-6,Y]->Luminosity:2
    [-5,Y]->Luminosity:2
    [-4,*]->Luminosity:5
    [-3,W]->
    [-2,W]->
    [-1,O]->
    [0,E]->fuel:2/3, life:2/3, landed?:F
    [1,M]->fuel:3/3, actions_left_until_reproduction:1/1, turns_left:0
    [2,M]->fuel:2/3, actions_left_until_reproduction:0/1, turns_left:2
    [3,M]->fuel:3/3, actions_left_until_reproduction:1/1, turns_left:0
    [4,M]->fuel:2/3, actions_left_until_reproduction:0/1, turns_left:2
    [5,M]->fuel:3/3, actions_left_until_reproduction:0/1, turns_left:0
    [6,A]->turns_left:1
    [7,M]->fuel:3/3, actions_left_until_reproduction:0/1, turns_left:1
    [8,M]->fuel:3/3, actions_left_until_reproduction:1/1, turns_left:0
    [9,A]->turns_left:1
    [10,A]->turns_left:1
    [11,A]->turns_left:0
    [12,M]->fuel:3/3, actions_left_until_reproduction:1/1, turns_left:0
    [13,A]->turns_left:1
    [14,M]->fuel:3/3, actions_left_until_reproduction:1/1, turns_left:0
    [15,M]->fuel:3/3, actions_left_until_reproduction:1/1, turns_left:1
    [16,M]->fuel:3/3, actions_left_until_reproduction:1/1, turns_left:1
    [17,M]->fuel:3/3, actions_left_until_reproduction:1/1, turns_left:0
    [19,A]->turns_left:0
    [20,M]->fuel:3/3, actions_left_until_reproduction:0/1, turns_left:2
    [21,M]->fuel:3/3, actions_left_until_reproduction:0/1, turns_left:2
    [22,M]->fuel:3/3, actions_left_until_reproduction:1/1, turns_left:0
    [23,A]->turns_left:0
    [24,M]->fuel:3/3, actions_left_until_reproduction:1/1, turns_left:0
    [25,M]->fuel:3/3, actions_left_until_reproduction:0/1, turns_left:2
    [26,M]->fuel:3/3, actions_left_until_reproduction:1/1, turns_left:0
    [27,M]->fuel:3/3, actions_left_until_reproduction:0/1, turns_left:2
    [28,A]->turns_left:2
    [30,M]->fuel:3/3, actions_left_until_reproduction:1/1, turns_left:0
    [31,M]->fuel:3/3, actions_left_until_reproduction:1/1, turns_left:0
    [32,M]->fuel:3/3, actions_left_until_reproduction:1/1, turns_left:1
    [33,A]->turns_left:1
    [34,A]->turns_left:1
    [35,A]->turns_left:0
    [36,A]->turns_left:1
    [37,M]->fuel:3/3, actions_left_until_reproduction:1/1, turns_left:0
  Deaths This Turn:
    [18,M]->fuel:2/3, actions_left_until_reproduction:1/1, turns_left:N/A,
      Malevolent got devoured by blackhole (id: -1) at Sector:3:3
    [29,M]->fuel:3/3, actions_left_until_reproduction:1/1, turns_left:N/A,
      Malevolent got destroyed by asteroid (id: 35) at Sector:4:5
    (1:1)  (1:2)  (1:3)  (1:4)  (1:5)  
    -M--   -MY-   ----   ----   -*--   
    (2:1)  (2:2)  (2:3)  (2:4)  (2:5)  
    MAM-   AY--   AM--   ----   MAM*   
    (3:1)  (3:2)  (3:3)  (3:4)  (3:5)  
    MM--   MM--   O---   A--W   MAMW   
    (4:1)  (4:2)  (4:3)  (4:4)  (4:5)  
    M---   ----   M---   -AW-   -A--   
    (5:1)  (5:2)  (5:3)  (5:4)  (5:5)  
    MMEM   MYM-   AAWM   -YAM   AM--   
->land
  state:2.1, mode:test, error
  Negative on that request:no yellow dwarf at Sector:5:1
->land
  state:2.2, mode:test, error
  Negative on that request:no yellow dwarf at Sector:5:1
->pass
  state:3.0, mode:test, ok
  Movement:
    [1,M]:[1,1,2]
    [3,M]:[1,2,2]->[2,1,4]
    [5,M]:[5,2,3]->[1,1,1]
      reproduced [38,M] at [1,1,3]
    [8,M]:[2,1,1]->[1,1,4]
    [11,A]:[2,3,1]->[2,2,3]
    [12,M]:[2,5,1]->[3,1,3]
    [14,M]:[2,5,3]->[3,4,2]
    [17,M]:[3,2,1]->[2,2,4]
    [19,A]:[3,4,1]->[2,4,1]
    [22,M]:[3,5,1]->[1,4,1]
    [23,A]:[3,5,2]->[4,4,1]
    [24,M]:[3,5,3]->[2,1,1]
    [26,M]:[4,3,1]->[3,3,2]
    [30,M]:[5,1,1]->[5,2,3]
    [31,M]:[5,1,2]->[4,1,2]
    [35,A]:[4,5,2]->[4,1,3]
      destroyed [25,M] at [4,1,1]
      destroyed [31,M] at [4,1,2]
    [37,M]:[5,5,2]->[4,5,1]
  Sectors:
    [1,1]->[5,M],[1,M],[38,M],[8,M]
    [1,2]->-,-,[-8,Y],-
    [1,3]->-,-,-,-
    [1,4]->[22,M],-,-,-
    [1,5]->-,[-11,*],-,-
    [2,1]->[24,M],[9,A],[21,M],[3,M]
    [2,2]->[10,A],[-6,Y],[11,A],[17,M]
    [2,3]->-,[27,M],-,-
    [2,4]->[19,A],-,-,-
    [2,5]->-,[13,A],-,[-4,*]
    [3,1]->[15,M],[16,M],[12,M],-
    [3,2]->-,[20,M],-,-
    [3,3]->[-1,O],-,-,-
    [3,4]->-,[14,M],-,[-3,W]
    [3,5]->-,-,-,[-7,W]
    [4,1]->-,-,[35,A],-
    [4,2]->-,-,-,-
    [4,3]->-,-,-,-
    [4,4]->[23,A],[28,A],[-10,W],-
    [4,5]->[37,M],-,-,-
    [5,1]->-,-,[0,E],[2,M]
    [5,2]->[32,M],[-5,Y],[30,M],-
    [5,3]->[33,A],[34,A],[-2,W],[4,M]
    [5,4]->-,[-9,Y],[6,A],[7,M]
    [5,5]->[36,A],-,-,-
  Descriptions:
    [-11,*]->Luminosity:5
    [-10,W]->
    [-9,Y]->Luminosity:2
    [-8,Y]->Luminosity:2
    [-7,W]->
    [-6,Y]->Luminosity:2
    [-5,Y]->Luminosity:2
    [-4,*]->Luminosity:5
    [-3,W]->
    [-2,W]->
    [-1,O]->
    [0,E]->fuel:2/3, life:2/3, landed?:F
    [1,M]->fuel:3/3, actions_left_until_reproduction:0/1, turns_left:1
    [2,M]->fuel:2/3, actions_left_until_reproduction:0/1, turns_left:1
    [3,M]->fuel:2/3, actions_left_until_reproduction:0/1, turns_left:1
    [4,M]->fuel:2/3, actions_left_until_reproduction:0/1, turns_left:1
    [5,M]->fuel:2/3, actions_left_until_reproduction:1/1, turns_left:1
    [6,A]->turns_left:0
    [7,M]->fuel:3/3, actions_left_until_reproduction:0/1, turns_left:0
    [8,M]->fuel:2/3, actions_left_until_reproduction:0/1, turns_left:2
    [9,A]->turns_left:0
    [10,A]->turns_left:0
    [11,A]->turns_left:2
    [12,M]->fuel:2/3, actions_left_until_reproduction:0/1, turns_left:1
    [13,A]->turns_left:0
    [14,M]->fuel:2/3, actions_left_until_reproduction:0/1, turns_left:0
    [15,M]->fuel:3/3, actions_left_until_reproduction:1/1, turns_left:0
    [16,M]->fuel:3/3, actions_left_until_reproduction:1/1, turns_left:0
    [17,M]->fuel:3/3, actions_left_until_reproduction:0/1, turns_left:1
    [19,A]->turns_left:0
    [20,M]->fuel:3/3, actions_left_until_reproduction:0/1, turns_left:1
    [21,M]->fuel:3/3, actions_left_until_reproduction:0/1, turns_left:1
    [22,M]->fuel:3/3, actions_left_until_reproduction:0/1, turns_left:2
    [23,A]->turns_left:1
    [24,M]->fuel:3/3, actions_left_until_reproduction:0/1, turns_left:2
    [27,M]->fuel:3/3, actions_left_until_reproduction:0/1, turns_left:1
    [28,A]->turns_left:1
    [30,M]->fuel:3/3, actions_left_until_reproduction:0/1, turns_left:2
    [32,M]->fuel:3/3, actions_left_until_reproduction:1/1, turns_left:0
    [33,A]->turns_left:0
    [34,A]->turns_left:0
    [35,A]->turns_left:0
    [36,A]->turns_left:0
    [37,M]->fuel:2/3, actions_left_until_reproduction:0/1, turns_left:0
    [38,M]->fuel:3/3, actions_left_until_reproduction:1/1, turns_left:1
  Deaths This Turn:
    [26,M]->fuel:2/3, actions_left_until_reproduction:1/1, turns_left:N/A,
      Malevolent got devoured by blackhole (id: -1) at Sector:3:3
    [25,M]->fuel:3/3, actions_left_until_reproduction:0/1, turns_left:N/A,
      Malevolent got destroyed by asteroid (id: 35) at Sector:4:1
    [31,M]->fuel:2/3, actions_left_until_reproduction:0/1, turns_left:N/A,
      Malevolent got destroyed by asteroid (id: 35) at Sector:4:1
    (1:1)  (1:2)  (1:3)  (1:4)  (1:5)  
    MMMM   --Y-   ----   M---   -*--   
    (2:1)  (2:2)  (2:3)  (2:4)  (2:5)  
    MAMM   AYAM   -M--   A---   -A-*   
    (3:1)  (3:2)  (3:3)  (3:4)  (3:5)  
    MMM-   -M--   O---   -M-W   ---W   
    (4:1)  (4:2)  (4:3)  (4:4)  (4:5)  
    --A-   ----   ----   AAW-   M---   
    (5:1)  (5:2)  (5:3)  (5:4)  (5:5)  
    --EM   MYM-   AAWM   -YAM   A---   
->move(S)
  state:3.1, mode:test, error
  Cannot transfer to new location as it is full.
->move(SE)
  state:4.0, mode:test, ok
  Explorer got destroyed by asteroid (id: 34) at Sector:1:2
  The game has ended. You can start a new game.
  Movement:
    [0,E]:[5,1,3]->[1,2,1]
    [6,A]:[5,4,3]->[4,4,4]
    [7,M]:[5,4,4]
      reproduced [39,M] at [5,4,1]
    [9,A]:[2,1,2]
      destroyed [3,M] at [2,1,4]
      destroyed [21,M] at [2,1,3]
      destroyed [24,M] at [2,1,1]
    [10,A]:[2,2,1]
      destroyed [17,M] at [2,2,4]
    [13,A]:[2,5,2]
    [14,M]:[3,4,2]->[4,5,2]
      reproduced [40,M] at [4,5,3]
    [15,M]:[3,1,1]->[2,1,1]
    [16,M]:[3,1,2]->[4,2,1]
    [19,A]:[2,4,1]->[3,5,1]
    [32,M]:[5,2,1]->[4,3,1]
    [33,A]:[5,3,1]
      destroyed [4,M] at [5,3,4]
    [34,A]:[5,3,2]->[1,2,2]
      destroyed [0,E] at [1,2,1]
    [35,A]:[4,1,3]->[3,1,1]
      destroyed [12,M] at [3,1,3]
    [36,A]:[5,5,1]->[4,1,1]
    [37,M]:[4,5,1]->[3,5,2]
      reproduced [41,M] at [3,5,3]
  Sectors:
    [1,1]->[5,M],[1,M],[38,M],[8,M]
    [1,2]->-,[34,A],[-8,Y],-
    [1,3]->-,-,-,-
    [1,4]->[22,M],-,-,-
    [1,5]->-,[-11,*],-,-
    [2,1]->[15,M],[9,A],-,-
    [2,2]->[10,A],[-6,Y],[11,A],-
    [2,3]->-,[27,M],-,-
    [2,4]->-,-,-,-
    [2,5]->-,[13,A],-,[-4,*]
    [3,1]->[35,A],-,-,-
    [3,2]->-,[20,M],-,-
    [3,3]->[-1,O],-,-,-
    [3,4]->-,-,-,[-3,W]
    [3,5]->[19,A],[37,M],[41,M],[-7,W]
    [4,1]->[36,A],-,-,-
    [4,2]->[16,M],-,-,-
    [4,3]->[32,M],-,-,-
    [4,4]->[23,A],[28,A],[-10,W],[6,A]
    [4,5]->-,[14,M],[40,M],-
    [5,1]->-,-,-,[2,M]
    [5,2]->-,[-5,Y],[30,M],-
    [5,3]->[33,A],-,[-2,W],-
    [5,4]->[39,M],[-9,Y],-,[7,M]
    [5,5]->-,-,-,-
  Descriptions:
    [-11,*]->Luminosity:5
    [-10,W]->
    [-9,Y]->Luminosity:2
    [-8,Y]->Luminosity:2
    [-7,W]->
    [-6,Y]->Luminosity:2
    [-5,Y]->Luminosity:2
    [-4,*]->Luminosity:5
    [-3,W]->
    [-2,W]->
    [-1,O]->
    [1,M]->fuel:3/3, actions_left_until_reproduction:0/1, turns_left:0
    [2,M]->fuel:2/3, actions_left_until_reproduction:0/1, turns_left:0
    [5,M]->fuel:2/3, actions_left_until_reproduction:1/1, turns_left:0
    [6,A]->turns_left:0
    [7,M]->fuel:3/3, actions_left_until_reproduction:1/1, turns_left:1
    [8,M]->fuel:2/3, actions_left_until_reproduction:0/1, turns_left:1
    [9,A]->turns_left:1
    [10,A]->turns_left:1
    [11,A]->turns_left:1
    [13,A]->turns_left:2
    [14,M]->fuel:2/3, actions_left_until_reproduction:1/1, turns_left:1
    [15,M]->fuel:2/3, actions_left_until_reproduction:0/1, turns_left:2
    [16,M]->fuel:2/3, actions_left_until_reproduction:0/1, turns_left:1
    [19,A]->turns_left:0
    [20,M]->fuel:3/3, actions_left_until_reproduction:0/1, turns_left:0
    [22,M]->fuel:3/3, actions_left_until_reproduction:0/1, turns_left:1
    [23,A]->turns_left:0
    [27,M]->fuel:3/3, actions_left_until_reproduction:0/1, turns_left:0
    [28,A]->turns_left:0
    [30,M]->fuel:3/3, actions_left_until_reproduction:0/1, turns_left:1
    [32,M]->fuel:2/3, actions_left_until_reproduction:0/1, turns_left:1
    [33,A]->turns_left:1
    [34,A]->turns_left:1
    [35,A]->turns_left:2
    [36,A]->turns_left:1
    [37,M]->fuel:1/3, actions_left_until_reproduction:1/1, turns_left:2
    [38,M]->fuel:3/3, actions_left_until_reproduction:1/1, turns_left:0
    [39,M]->fuel:3/3, actions_left_until_reproduction:1/1, turns_left:1
    [40,M]->fuel:3/3, actions_left_until_reproduction:1/1, turns_left:0
    [41,M]->fuel:3/3, actions_left_until_reproduction:1/1, turns_left:1
  Deaths This Turn:
    [3,M]->fuel:2/3, actions_left_until_reproduction:0/1, turns_left:N/A,
      Malevolent got destroyed by asteroid (id: 9) at Sector:2:1
    [21,M]->fuel:3/3, actions_left_until_reproduction:0/1, turns_left:N/A,
      Malevolent got destroyed by asteroid (id: 9) at Sector:2:1
    [24,M]->fuel:3/3, actions_left_until_reproduction:0/1, turns_left:N/A,
      Malevolent got destroyed by asteroid (id: 9) at Sector:2:1
    [17,M]->fuel:3/3, actions_left_until_reproduction:0/1, turns_left:N/A,
      Malevolent got destroyed by asteroid (id: 10) at Sector:2:2
    [4,M]->fuel:2/3, actions_left_until_reproduction:0/1, turns_left:N/A,
      Malevolent got destroyed by asteroid (id: 33) at Sector:5:3
    [0,E]->fuel:3/3, life:0/3, landed?:F,
      Explorer got destroyed by asteroid (id: 34) at Sector:1:2
    [12,M]->fuel:2/3, actions_left_until_reproduction:0/1, turns_left:N/A,
      Malevolent got destroyed by asteroid (id: 35) at Sector:3:1
    (1:1)  (1:2)  (1:3)  (1:4)  (1:5)  
    MMMM   -AY-   ----   M---   -*--   
    (2:1)  (2:2)  (2:3)  (2:4)  (2:5)  
    MA--   AYA-   -M--   ----   -A-*   
    (3:1)  (3:2)  (3:3)  (3:4)  (3:5)  
    A---   -M--   O---   ---W   AMMW   
    (4:1)  (4:2)  (4:3)  (4:4)  (4:5)  
    A---   M---   M---   AAWA   -MM-   
    (5:1)  (5:2)  (5:3)  (5:4)  (5:5)  
    ---M   -YM-   A-W-   MY-M   ----   
  Explorer got destroyed by asteroid (id: 34) at Sector:1:2
  The game has ended. You can start a new game.
->move(SW)
  state:4.1, error
  Negative on that request:no mission in progress.
->move(E)
  state:4.2, error
  Negative on that request:no mission in progress.
->move(W)
  state:4.3, error
  Negative on that request:no mission in progress.
->move(NW)
  state:4.4, error
  Negative on that request:no mission in progress.
->move(S)
  state:4.5, error
  Negative on that request:no mission in progress.
->move(S)
  state:4.6, error
  Negative on that request:no mission in progress.
->wormhole
  state:4.7, error
  Negative on that request:no mission in progress.
->move(W)
  state:4.8, error
  Negative on that request:no mission in progress.
->move(S)
  state:4.9, error
  Negative on that request:no mission in progress.
->move(NE)
  state:4.10, error
  Negative on that request:no mission in progress.
->wormhole
  state:4.11, error
  Negative on that request:no mission in progress.
->move(SW)
  state:4.12, error
  Negative on that request:no mission in progress.
->move(E)
  state:4.13, error
  Negative on that request:no mission in progress.
->move(N)
  state:4.14, error
  Negative on that request:no mission in progress.
->liftoff
  state:4.15, error
  Negative on that request:no mission in progress.
->move(W)
  state:4.16, error
  Negative on that request:no mission in progress.
->move(SW)
  state:4.17, error
  Negative on that request:no mission in progress.
->move(NE)
  state:4.18, error
  Negative on that request:no mission in progress.
->move(S)
  state:4.19, error
  Negative on that request:no mission in progress.
->move(NE)
  state:4.20, error
  Negative on that request:no mission in progress.
