  state:0.0, ok
  Welcome! Try test(3,5,7,15,30)
->play
  state:1.0, mode:play, ok
  Movement:none
    (1:1)  (1:2)  (1:3)  (1:4)  (1:5)  
    E---   *---   P---   ----   PP--   
    (2:1)  (2:2)  (2:3)  (2:4)  (2:5)  
    ----   ----   W---   ----   P---   
    (3:1)  (3:2)  (3:3)  (3:4)  (3:5)  
    MY--   ----   O---   PW--   ----   
    (4:1)  (4:2)  (4:3)  (4:4)  (4:5)  
    W---   M*--   P---   P*--   ----   
    (5:1)  (5:2)  (5:3)  (5:4)  (5:5)  
    BW--   ----   *---   ----   PW--   
->move(S)
  state:2.0, mode:play, ok
  Movement:
    [0,E]:[1,1,1]->[2,1,1]
    [3,P]:[1,5,2]->[5,4,1]
    [8,P]:[4,3,1]->[3,2,1]
    (1:1)  (1:2)  (1:3)  (1:4)  (1:5)  
    ----   *---   P---   ----   P---   
    (2:1)  (2:2)  (2:3)  (2:4)  (2:5)  
    E---   ----   W---   ----   P---   
    (3:1)  (3:2)  (3:3)  (3:4)  (3:5)  
    MY--   P---   O---   PW--   ----   
    (4:1)  (4:2)  (4:3)  (4:4)  (4:5)  
    W---   M*--   ----   P*--   ----   
    (5:1)  (5:2)  (5:3)  (5:4)  (5:5)  
    BW--   ----   *---   P---   PW--   
->move(S)
  state:3.0, mode:play, ok
  Movement:
    [0,E]:[2,1,1]->[3,1,3]
    [5,M]:[3,1,1]->[3,5,1]
    [8,P]:[3,2,1]->[2,1,1]
    [10,B]:[5,1,1]->[5,2,1]
    (1:1)  (1:2)  (1:3)  (1:4)  (1:5)  
    ----   *---   P---   ----   P---   
    (2:1)  (2:2)  (2:3)  (2:4)  (2:5)  
    P---   ----   W---   ----   P---   
    (3:1)  (3:2)  (3:3)  (3:4)  (3:5)  
    -YE-   ----   O---   PW--   M---   
    (4:1)  (4:2)  (4:3)  (4:4)  (4:5)  
    W---   M*--   ----   P*--   ----   
    (5:1)  (5:2)  (5:3)  (5:4)  (5:5)  
    -W--   B---   *---   P---   PW--   
->land
  state:3.1, mode:play, error
  Negative on that request:no planets at Sector:3:1
->liftoff
  state:3.2, mode:play, error
  Negative on that request:you are not on a planet at Sector:3:1
->pass
  state:4.0, mode:play, ok
  Movement:
    [1,P]:[1,3,1]->[2,4,1]
    [2,P]:[1,5,1]->[2,5,2]
    [4,P]:[2,5,1]->[2,4,2]
    [6,P]:[3,4,1]->[2,3,2]
    [7,M]:[4,2,1]->[5,1,1]
    [10,B]:[5,2,1]->[5,1,3]
      reproduced [12,B] at [5,1,4]
      destroyed [7,M] at [5,1,1]
    [11,P]:[5,5,1]->[4,4,3]
    (1:1)  (1:2)  (1:3)  (1:4)  (1:5)  
    ----   *---   ----   ----   ----   
    (2:1)  (2:2)  (2:3)  (2:4)  (2:5)  
    P---   ----   WP--   PP--   -P--   
    (3:1)  (3:2)  (3:3)  (3:4)  (3:5)  
    -YE-   ----   O---   -W--   M---   
    (4:1)  (4:2)  (4:3)  (4:4)  (4:5)  
    W---   -*--   ----   P*P-   ----   
    (5:1)  (5:2)  (5:3)  (5:4)  (5:5)  
    -WBB   ----   *---   P---   -W--   
->pass
  state:5.0, mode:play, ok
  Movement:
    [2,P]:[2,5,2]->[1,5,1]
    [3,P]:[5,4,1]->[1,4,1]
    [6,P]:[2,3,2]->[3,2,1]
    [8,P]:[2,1,1]->[1,5,2]
    [12,B]:[5,1,4]->[5,3,2]
    (1:1)  (1:2)  (1:3)  (1:4)  (1:5)  
    ----   *---   ----   P---   PP--   
    (2:1)  (2:2)  (2:3)  (2:4)  (2:5)  
    ----   ----   W---   PP--   ----   
    (3:1)  (3:2)  (3:3)  (3:4)  (3:5)  
    -YE-   P---   O---   -W--   M---   
    (4:1)  (4:2)  (4:3)  (4:4)  (4:5)  
    W---   -*--   ----   P*P-   ----   
    (5:1)  (5:2)  (5:3)  (5:4)  (5:5)  
    -WB-   ----   *B--   ----   -W--   
->pass
  state:6.0, mode:play, ok
  Movement:
    [1,P]:[2,4,1]->[1,3,1]
    [3,P]:[1,4,1]->[1,3,2]
    [5,M]:[3,5,1]->[2,1,1]
      reproduced [13,M] at [2,1,2]
    [6,P]:[3,2,1]->[2,1,3]
    (1:1)  (1:2)  (1:3)  (1:4)  (1:5)  
    ----   *---   PP--   ----   PP--   
    (2:1)  (2:2)  (2:3)  (2:4)  (2:5)  
    MMP-   ----   W---   -P--   ----   
    (3:1)  (3:2)  (3:3)  (3:4)  (3:5)  
    -YE-   ----   O---   -W--   ----   
    (4:1)  (4:2)  (4:3)  (4:4)  (4:5)  
    W---   -*--   ----   P*P-   ----   
    (5:1)  (5:2)  (5:3)  (5:4)  (5:5)  
    -WB-   ----   *B--   ----   -W--   
->pass
  state:7.0, mode:play, ok
  Movement:
    [2,P]:[1,5,1]->[1,1,1]
    [4,P]:[2,4,2]->[2,5,1]
    [8,P]:[1,5,2]->[1,1,2]
    [10,B]:[5,1,3]->[5,1,1]
    [13,M]:[2,1,2]->[1,2,2]
    (1:1)  (1:2)  (1:3)  (1:4)  (1:5)  
    PP--   *M--   PP--   ----   ----   
    (2:1)  (2:2)  (2:3)  (2:4)  (2:5)  
    M-P-   ----   W---   ----   P---   
    (3:1)  (3:2)  (3:3)  (3:4)  (3:5)  
    -YE-   ----   O---   -W--   ----   
    (4:1)  (4:2)  (4:3)  (4:4)  (4:5)  
    W---   -*--   ----   P*P-   ----   
    (5:1)  (5:2)  (5:3)  (5:4)  (5:5)  
    BW--   ----   *B--   ----   -W--   
->land
  state:7.1, mode:play, error
  Negative on that request:no planets at Sector:3:1
