  state:0.0, ok
  Welcome! Try test(3,5,7,15,30)
->wormhole
  state:0.1, error
  Negative on that request:no mission in progress.
->wormhole
  state:0.2, error
  Negative on that request:no mission in progress.
->move(N)
  state:0.3, error
  Negative on that request:no mission in progress.
->abort
  state:0.4, error
  Negative on that request:no mission in progress.
->move(S)
  state:0.5, error
  Negative on that request:no mission in progress.
->move(NW)
  state:0.6, error
  Negative on that request:no mission in progress.
->pass
  state:0.7, error
  Negative on that request:no mission in progress.
->move(W)
  state:0.8, error
  Negative on that request:no mission in progress.
->land
  state:0.9, error
  Negative on that request:no mission in progress.
->move(SE)
  state:0.10, error
  Negative on that request:no mission in progress.
->move(SW)
  state:0.11, error
  Negative on that request:no mission in progress.
->move(W)
  state:0.12, error
  Negative on that request:no mission in progress.
->move(E)
  state:0.13, error
  Negative on that request:no mission in progress.
->move(NE)
  state:0.14, error
  Negative on that request:no mission in progress.
->move(NW)
  state:0.15, error
  Negative on that request:no mission in progress.
->pass
  state:0.16, error
  Negative on that request:no mission in progress.
->move(SE)
  state:0.17, error
  Negative on that request:no mission in progress.
->move(NE)
  state:0.18, error
  Negative on that request:no mission in progress.
->test(85,88,88,96,96)
  state:1.0, mode:test, ok
  Movement:none
  Sectors:
    [1,1]->[0,E],[1,A],-,-
    [1,2]->[2,B],[3,A],[4,A],-
    [1,3]->[5,A],-,-,-
    [1,4]->[6,A],[7,A],[8,J],-
    [1,5]->[9,A],-,-,-
    [2,1]->[10,A],[-8,Y],-,-
    [2,2]->[11,A],[12,A],[13,A],[-6,Y]
    [2,3]->[14,J],-,-,-
    [2,4]->[15,A],[16,J],[-5,W],-
    [2,5]->[17,A],[18,A],[-10,*],-
    [3,1]->[19,B],[20,A],[21,A],-
    [3,2]->[22,A],[23,A],[24,A],-
    [3,3]->[-1,O],-,-,-
    [3,4]->[25,A],[26,A],[27,A],-
    [3,5]->[28,A],[-2,W],-,-
    [4,1]->[29,J],[-9,W],-,-
    [4,2]->[30,A],[-3,W],-,-
    [4,3]->[31,J],-,-,-
    [4,4]->[32,J],[-11,W],-,-
    [4,5]->[33,A],-,-,-
    [5,1]->[34,A],[35,A],-,-
    [5,2]->[36,A],-,-,-
    [5,3]->[37,A],[38,A],[-7,*],-
    [5,4]->[39,A],[-4,W],-,-
    [5,5]->[40,A],[41,A],[42,B],-
  Descriptions:
    [-11,W]->
    [-10,*]->Luminosity:5
    [-9,W]->
    [-8,Y]->Luminosity:2
    [-7,*]->Luminosity:5
    [-6,Y]->Luminosity:2
    [-5,W]->
    [-4,W]->
    [-3,W]->
    [-2,W]->
    [-1,O]->
    [0,E]->fuel:3/3, life:3/3, landed?:F
    [1,A]->turns_left:1
    [2,B]->fuel:3/3, actions_left_until_reproduction:1/1, turns_left:1
    [3,A]->turns_left:2
    [4,A]->turns_left:2
    [5,A]->turns_left:0
    [6,A]->turns_left:1
    [7,A]->turns_left:0
    [8,J]->fuel:5/5, load:0/2, actions_left_until_reproduction:2/2, turns_left:0
    [9,A]->turns_left:1
    [10,A]->turns_left:0
    [11,A]->turns_left:1
    [12,A]->turns_left:0
    [13,A]->turns_left:1
    [14,J]->fuel:5/5, load:0/2, actions_left_until_reproduction:2/2, turns_left:2
    [15,A]->turns_left:0
    [16,J]->fuel:5/5, load:0/2, actions_left_until_reproduction:2/2, turns_left:0
    [17,A]->turns_left:0
    [18,A]->turns_left:1
    [19,B]->fuel:3/3, actions_left_until_reproduction:1/1, turns_left:1
    [20,A]->turns_left:1
    [21,A]->turns_left:0
    [22,A]->turns_left:1
    [23,A]->turns_left:0
    [24,A]->turns_left:0
    [25,A]->turns_left:1
    [26,A]->turns_left:1
    [27,A]->turns_left:1
    [28,A]->turns_left:0
    [29,J]->fuel:5/5, load:0/2, actions_left_until_reproduction:2/2, turns_left:0
    [30,A]->turns_left:2
    [31,J]->fuel:5/5, load:0/2, actions_left_until_reproduction:2/2, turns_left:2
    [32,J]->fuel:5/5, load:0/2, actions_left_until_reproduction:2/2, turns_left:2
    [33,A]->turns_left:2
    [34,A]->turns_left:1
    [35,A]->turns_left:1
    [36,A]->turns_left:2
    [37,A]->turns_left:2
    [38,A]->turns_left:2
    [39,A]->turns_left:0
    [40,A]->turns_left:2
    [41,A]->turns_left:1
    [42,B]->fuel:3/3, actions_left_until_reproduction:1/1, turns_left:2
  Deaths This Turn:none
    (1:1)  (1:2)  (1:3)  (1:4)  (1:5)  
    EA--   BAA-   A---   AAJ-   A---   
    (2:1)  (2:2)  (2:3)  (2:4)  (2:5)  
    AY--   AAAY   J---   AJW-   AA*-   
    (3:1)  (3:2)  (3:3)  (3:4)  (3:5)  
    BAA-   AAA-   O---   AAA-   AW--   
    (4:1)  (4:2)  (4:3)  (4:4)  (4:5)  
    JW--   AW--   J---   JW--   A---   
    (5:1)  (5:2)  (5:3)  (5:4)  (5:5)  
    AA--   A---   AA*-   AW--   AAB-   
->move(SW)
  state:2.0, mode:test, ok
  Movement:
    [0,E]:[1,1,1]->[2,5,4]
    [5,A]:[1,3,1]->[2,3,2]
      destroyed [14,J] at [2,3,1]
    [7,A]:[1,4,2]->[2,4,4]
      destroyed [16,J] at [2,4,2]
    [8,J]:[1,4,3]->[5,3,4]
      destroyed [37,A] at [5,3,1]
      destroyed [38,A] at [5,3,2]
    [10,A]:[2,1,1]
    [12,A]:[2,2,2]->[1,3,1]
    [15,A]:[2,4,1]->[3,3,2]
    [17,A]:[2,5,1]->[1,4,2]
    [21,A]:[3,1,3]->[3,2,4]
    [23,A]:[3,2,2]->[3,3,2]
    [24,A]:[3,2,3]->[4,3,2]
      destroyed [31,J] at [4,3,1]
    [28,A]:[3,5,1]->[4,1,3]
      destroyed [29,J] at [4,1,1]
    [39,A]:[5,4,1]->[5,5,4]
      destroyed [42,B] at [5,5,3]
  Sectors:
    [1,1]->-,[1,A],-,-
    [1,2]->[2,B],[3,A],[4,A],-
    [1,3]->[12,A],-,-,-
    [1,4]->[6,A],[17,A],-,-
    [1,5]->[9,A],-,-,-
    [2,1]->[10,A],[-8,Y],-,-
    [2,2]->[11,A],-,[13,A],[-6,Y]
    [2,3]->-,[5,A],-,-
    [2,4]->-,-,[-5,W],[7,A]
    [2,5]->-,[18,A],[-10,*],[0,E]
    [3,1]->[19,B],[20,A],-,-
    [3,2]->[22,A],-,-,[21,A]
    [3,3]->[-1,O],-,-,-
    [3,4]->[25,A],[26,A],[27,A],-
    [3,5]->-,[-2,W],-,-
    [4,1]->-,[-9,W],[28,A],-
    [4,2]->[30,A],[-3,W],-,-
    [4,3]->-,[24,A],-,-
    [4,4]->[32,J],[-11,W],-,-
    [4,5]->[33,A],-,-,-
    [5,1]->[34,A],[35,A],-,-
    [5,2]->[36,A],-,-,-
    [5,3]->-,-,[-7,*],[8,J]
    [5,4]->-,[-4,W],-,-
    [5,5]->[40,A],[41,A],-,[39,A]
  Descriptions:
    [-11,W]->
    [-10,*]->Luminosity:5
    [-9,W]->
    [-8,Y]->Luminosity:2
    [-7,*]->Luminosity:5
    [-6,Y]->Luminosity:2
    [-5,W]->
    [-4,W]->
    [-3,W]->
    [-2,W]->
    [-1,O]->
    [0,E]->fuel:3/3, life:3/3, landed?:F
    [1,A]->turns_left:0
    [2,B]->fuel:3/3, actions_left_until_reproduction:1/1, turns_left:0
    [3,A]->turns_left:1
    [4,A]->turns_left:1
    [5,A]->turns_left:2
    [6,A]->turns_left:0
    [7,A]->turns_left:2
    [8,J]->fuel:5/5, load:2/2, actions_left_until_reproduction:1/2, turns_left:2
    [9,A]->turns_left:0
    [10,A]->turns_left:2
    [11,A]->turns_left:0
    [12,A]->turns_left:0
    [13,A]->turns_left:0
    [17,A]->turns_left:1
    [18,A]->turns_left:0
    [19,B]->fuel:3/3, actions_left_until_reproduction:1/1, turns_left:0
    [20,A]->turns_left:0
    [21,A]->turns_left:0
    [22,A]->turns_left:0
    [24,A]->turns_left:1
    [25,A]->turns_left:0
    [26,A]->turns_left:0
    [27,A]->turns_left:0
    [28,A]->turns_left:1
    [30,A]->turns_left:1
    [32,J]->fuel:5/5, load:0/2, actions_left_until_reproduction:2/2, turns_left:1
    [33,A]->turns_left:1
    [34,A]->turns_left:0
    [35,A]->turns_left:0
    [36,A]->turns_left:1
    [39,A]->turns_left:1
    [40,A]->turns_left:1
    [41,A]->turns_left:0
  Deaths This Turn:
    [14,J]->fuel:5/5, load:0/2, actions_left_until_reproduction:2/2, turns_left:N/A,
      Janitaur got destroyed by asteroid (id: 5) at Sector:2:3
    [16,J]->fuel:5/5, load:0/2, actions_left_until_reproduction:2/2, turns_left:N/A,
      Janitaur got destroyed by asteroid (id: 7) at Sector:2:4
    [37,A]->turns_left:N/A,
      Asteroid got imploded by janitaur (id: 8) at Sector:5:3
    [38,A]->turns_left:N/A,
      Asteroid got imploded by janitaur (id: 8) at Sector:5:3
    [15,A]->turns_left:N/A,
      Asteroid got devoured by blackhole (id: -1) at Sector:3:3
    [23,A]->turns_left:N/A,
      Asteroid got devoured by blackhole (id: -1) at Sector:3:3
    [31,J]->fuel:5/5, load:0/2, actions_left_until_reproduction:2/2, turns_left:N/A,
      Janitaur got destroyed by asteroid (id: 24) at Sector:4:3
    [29,J]->fuel:5/5, load:0/2, actions_left_until_reproduction:2/2, turns_left:N/A,
      Janitaur got destroyed by asteroid (id: 28) at Sector:4:1
    [42,B]->fuel:3/3, actions_left_until_reproduction:1/1, turns_left:N/A,
      Benign got destroyed by asteroid (id: 39) at Sector:5:5
    (1:1)  (1:2)  (1:3)  (1:4)  (1:5)  
    -A--   BAA-   A---   AA--   A---   
    (2:1)  (2:2)  (2:3)  (2:4)  (2:5)  
    AY--   A-AY   -A--   --WA   -A*E   
    (3:1)  (3:2)  (3:3)  (3:4)  (3:5)  
    BA--   A--A   O---   AAA-   -W--   
    (4:1)  (4:2)  (4:3)  (4:4)  (4:5)  
    -WA-   AW--   -A--   JW--   A---   
    (5:1)  (5:2)  (5:3)  (5:4)  (5:5)  
    AA--   A---   --*J   -W--   AA-A   
->move(W)
  state:3.0, mode:test, ok
  Explorer got destroyed by asteroid (id: 6) at Sector:2:4
  The game has ended. You can start a new game.
  Movement:
    [0,E]:[2,5,4]->[2,4,1]
    [1,A]:[1,1,2]->[5,2,2]
    [2,B]:[1,2,1]->[5,1,3]
    [6,A]:[1,4,1]->[2,4,2]
      destroyed [0,E] at [2,4,1]
    [9,A]:[1,5,1]->[1,4,1]
    [11,A]:[2,2,1]->[2,1,3]
    [12,A]:[1,3,1]->[5,2,3]
    [13,A]:[2,2,3]->[3,3,2]
    [18,A]:[2,5,2]->[3,4,4]
    [19,B]:[3,1,1]->[4,5,2]
    [20,A]:[3,1,2]->[4,2,3]
    [21,A]:[3,2,4]->[3,3,2]
    [22,A]:[3,2,1]->[3,1,1]
    [25,A]:[3,4,1]->[4,5,3]
      destroyed [19,B] at [4,5,2]
    [26,A]:[3,4,2]->[4,3,1]
    [27,A]:[3,4,3]->[2,4,1]
    [34,A]:[5,1,1]->[4,1,1]
    [35,A]:[5,1,2]->[1,1,1]
    [41,A]:[5,5,2]->[4,5,2]
  Sectors:
    [1,1]->[35,A],-,-,-
    [1,2]->-,[3,A],[4,A],-
    [1,3]->-,-,-,-
    [1,4]->[9,A],[17,A],-,-
    [1,5]->-,-,-,-
    [2,1]->[10,A],[-8,Y],[11,A],-
    [2,2]->-,-,-,[-6,Y]
    [2,3]->-,[5,A],-,-
    [2,4]->[27,A],[6,A],[-5,W],[7,A]
    [2,5]->-,-,[-10,*],-
    [3,1]->[22,A],-,-,-
    [3,2]->-,-,-,-
    [3,3]->[-1,O],-,-,-
    [3,4]->-,-,-,[18,A]
    [3,5]->-,[-2,W],-,-
    [4,1]->[34,A],[-9,W],[28,A],-
    [4,2]->[30,A],[-3,W],[20,A],-
    [4,3]->[26,A],[24,A],-,-
    [4,4]->[32,J],[-11,W],-,-
    [4,5]->[33,A],[41,A],[25,A],-
    [5,1]->-,-,[2,B],-
    [5,2]->[36,A],[1,A],[12,A],-
    [5,3]->-,-,[-7,*],[8,J]
    [5,4]->-,[-4,W],-,-
    [5,5]->[40,A],-,-,[39,A]
  Descriptions:
    [-11,W]->
    [-10,*]->Luminosity:5
    [-9,W]->
    [-8,Y]->Luminosity:2
    [-7,*]->Luminosity:5
    [-6,Y]->Luminosity:2
    [-5,W]->
    [-4,W]->
    [-3,W]->
    [-2,W]->
    [-1,O]->
    [1,A]->turns_left:2
    [2,B]->fuel:2/3, actions_left_until_reproduction:0/1, turns_left:2
    [3,A]->turns_left:0
    [4,A]->turns_left:0
    [5,A]->turns_left:1
    [6,A]->turns_left:0
    [7,A]->turns_left:1
    [8,J]->fuel:5/5, load:2/2, actions_left_until_reproduction:1/2, turns_left:1
    [9,A]->turns_left:1
    [10,A]->turns_left:1
    [11,A]->turns_left:2
    [12,A]->turns_left:2
    [17,A]->turns_left:0
    [18,A]->turns_left:1
    [20,A]->turns_left:1
    [22,A]->turns_left:2
    [24,A]->turns_left:0
    [25,A]->turns_left:1
    [26,A]->turns_left:0
    [27,A]->turns_left:1
    [28,A]->turns_left:0
    [30,A]->turns_left:0
    [32,J]->fuel:5/5, load:0/2, actions_left_until_reproduction:2/2, turns_left:0
    [33,A]->turns_left:0
    [34,A]->turns_left:0
    [35,A]->turns_left:1
    [36,A]->turns_left:0
    [39,A]->turns_left:0
    [40,A]->turns_left:0
    [41,A]->turns_left:1
  Deaths This Turn:
    [0,E]->fuel:2/3, life:0/3, landed?:F,
      Explorer got destroyed by asteroid (id: 6) at Sector:2:4
    [13,A]->turns_left:N/A,
      Asteroid got devoured by blackhole (id: -1) at Sector:3:3
    [21,A]->turns_left:N/A,
      Asteroid got devoured by blackhole (id: -1) at Sector:3:3
    [19,B]->fuel:2/3, actions_left_until_reproduction:0/1, turns_left:N/A,
      Benign got destroyed by asteroid (id: 25) at Sector:4:5
    (1:1)  (1:2)  (1:3)  (1:4)  (1:5)  
    A---   -AA-   ----   AA--   ----   
    (2:1)  (2:2)  (2:3)  (2:4)  (2:5)  
    AYA-   ---Y   -A--   AAWA   --*-   
    (3:1)  (3:2)  (3:3)  (3:4)  (3:5)  
    A---   ----   O---   ---A   -W--   
    (4:1)  (4:2)  (4:3)  (4:4)  (4:5)  
    AWA-   AWA-   AA--   JW--   AAA-   
    (5:1)  (5:2)  (5:3)  (5:4)  (5:5)  
    --B-   AAA-   --*J   -W--   A--A   
  Explorer got destroyed by asteroid (id: 6) at Sector:2:4
  The game has ended. You can start a new game.
->move(N)
  state:3.1, error
  Negative on that request:no mission in progress.
->move(SE)
  state:3.2, error
  Negative on that request:no mission in progress.
->move(W)
  state:3.3, error
  Negative on that request:no mission in progress.
->move(NW)
  state:3.4, error
  Negative on that request:no mission in progress.
->liftoff
  state:3.5, error
  Negative on that request:no mission in progress.
->move(S)
  state:3.6, error
  Negative on that request:no mission in progress.
->move(E)
  state:3.7, error
  Negative on that request:no mission in progress.
->liftoff
  state:3.8, error
  Negative on that request:no mission in progress.
->move(SE)
  state:3.9, error
  Negative on that request:no mission in progress.
->abort
  state:3.10, error
  Negative on that request:no mission in progress.
->move(N)
  state:3.11, error
  Negative on that request:no mission in progress.
->move(N)
  state:3.12, error
  Negative on that request:no mission in progress.
->move(N)
  state:3.13, error
  Negative on that request:no mission in progress.
->wormhole
  state:3.14, error
  Negative on that request:no mission in progress.
->move(N)
  state:3.15, error
  Negative on that request:no mission in progress.
->move(E)
  state:3.16, error
  Negative on that request:no mission in progress.
->move(W)
  state:3.17, error
  Negative on that request:no mission in progress.
->move(SE)
  state:3.18, error
  Negative on that request:no mission in progress.
->move(W)
  state:3.19, error
  Negative on that request:no mission in progress.
->move(E)
  state:3.20, error
  Negative on that request:no mission in progress.
->move(S)
  state:3.21, error
  Negative on that request:no mission in progress.
->move(S)
  state:3.22, error
  Negative on that request:no mission in progress.
->land
  state:3.23, error
  Negative on that request:no mission in progress.
->move(NW)
  state:3.24, error
  Negative on that request:no mission in progress.
->move(W)
  state:3.25, error
  Negative on that request:no mission in progress.
->liftoff
  state:3.26, error
  Negative on that request:no mission in progress.
->test(98,98,98,98,98)
  state:4.0, mode:test, ok
  Movement:none
  Sectors:
    [1,1]->[0,E],[1,A],[2,A],[-4,W]
    [1,2]->-,-,-,-
    [1,3]->[3,A],-,-,-
    [1,4]->[4,A],[-6,*],-,-
    [1,5]->[5,A],-,-,-
    [2,1]->[6,A],[7,A],-,-
    [2,2]->[8,A],[9,A],-,-
    [2,3]->[10,A],[11,A],-,-
    [2,4]->[12,A],[13,A],-,-
    [2,5]->[14,A],[15,A],[-8,W],-
    [3,1]->[16,A],[17,A],[18,A],-
    [3,2]->[19,A],-,-,-
    [3,3]->[-1,O],-,-,-
    [3,4]->[20,A],[-5,*],-,-
    [3,5]->[21,A],-,-,-
    [4,1]->[22,A],[23,A],[-10,*],-
    [4,2]->[24,A],[25,A],[26,A],[-3,*]
    [4,3]->[-9,*],-,-,-
    [4,4]->[27,A],[28,A],[29,A],[-2,W]
    [4,5]->[30,A],-,-,-
    [5,1]->[31,A],-,-,-
    [5,2]->[32,A],[33,A],[-11,*],-
    [5,3]->[34,A],[-7,*],-,-
    [5,4]->[35,A],-,-,-
    [5,5]->[36,A],-,-,-
  Descriptions:
    [-11,*]->Luminosity:5
    [-10,*]->Luminosity:5
    [-9,*]->Luminosity:5
    [-8,W]->
    [-7,*]->Luminosity:5
    [-6,*]->Luminosity:5
    [-5,*]->Luminosity:5
    [-4,W]->
    [-3,*]->Luminosity:5
    [-2,W]->
    [-1,O]->
    [0,E]->fuel:3/3, life:3/3, landed?:F
    [1,A]->turns_left:1
    [2,A]->turns_left:0
    [3,A]->turns_left:0
    [4,A]->turns_left:1
    [5,A]->turns_left:1
    [6,A]->turns_left:1
    [7,A]->turns_left:1
    [8,A]->turns_left:1
    [9,A]->turns_left:0
    [10,A]->turns_left:2
    [11,A]->turns_left:1
    [12,A]->turns_left:0
    [13,A]->turns_left:0
    [14,A]->turns_left:1
    [15,A]->turns_left:2
    [16,A]->turns_left:0
    [17,A]->turns_left:2
    [18,A]->turns_left:1
    [19,A]->turns_left:1
    [20,A]->turns_left:0
    [21,A]->turns_left:0
    [22,A]->turns_left:2
    [23,A]->turns_left:1
    [24,A]->turns_left:2
    [25,A]->turns_left:1
    [26,A]->turns_left:0
    [27,A]->turns_left:1
    [28,A]->turns_left:2
    [29,A]->turns_left:0
    [30,A]->turns_left:2
    [31,A]->turns_left:2
    [32,A]->turns_left:1
    [33,A]->turns_left:2
    [34,A]->turns_left:2
    [35,A]->turns_left:0
    [36,A]->turns_left:1
  Deaths This Turn:none
    (1:1)  (1:2)  (1:3)  (1:4)  (1:5)  
    EAAW   ----   A---   A*--   A---   
    (2:1)  (2:2)  (2:3)  (2:4)  (2:5)  
    AA--   AA--   AA--   AA--   AAW-   
    (3:1)  (3:2)  (3:3)  (3:4)  (3:5)  
    AAA-   A---   O---   A*--   A---   
    (4:1)  (4:2)  (4:3)  (4:4)  (4:5)  
    AA*-   AAA*   *---   AAAW   A---   
    (5:1)  (5:2)  (5:3)  (5:4)  (5:5)  
    A---   AA*-   A*--   A---   A---   
->move(S)
  state:5.0, mode:test, ok
  Movement:
    [0,E]:[1,1,1]->[2,1,3]
    [2,A]:[1,1,3]->[2,5,4]
    [3,A]:[1,3,1]->[1,2,1]
    [9,A]:[2,2,2]->[1,2,2]
    [12,A]:[2,4,1]->[1,4,3]
    [13,A]:[2,4,2]->[1,3,1]
    [16,A]:[3,1,1]->[3,2,2]
    [20,A]:[3,4,1]->[3,3,2]
    [21,A]:[3,5,1]
    [26,A]:[4,2,3]->[5,1,2]
    [29,A]:[4,4,3]->[5,3,3]
    [35,A]:[5,4,1]->[4,3,2]
  Sectors:
    [1,1]->-,[1,A],-,[-4,W]
    [1,2]->[3,A],[9,A],-,-
    [1,3]->[13,A],-,-,-
    [1,4]->[4,A],[-6,*],[12,A],-
    [1,5]->[5,A],-,-,-
    [2,1]->[6,A],[7,A],[0,E],-
    [2,2]->[8,A],-,-,-
    [2,3]->[10,A],[11,A],-,-
    [2,4]->-,-,-,-
    [2,5]->[14,A],[15,A],[-8,W],[2,A]
    [3,1]->-,[17,A],[18,A],-
    [3,2]->[19,A],[16,A],-,-
    [3,3]->[-1,O],-,-,-
    [3,4]->-,[-5,*],-,-
    [3,5]->[21,A],-,-,-
    [4,1]->[22,A],[23,A],[-10,*],-
    [4,2]->[24,A],[25,A],-,[-3,*]
    [4,3]->[-9,*],[35,A],-,-
    [4,4]->[27,A],[28,A],-,[-2,W]
    [4,5]->[30,A],-,-,-
    [5,1]->[31,A],[26,A],-,-
    [5,2]->[32,A],[33,A],[-11,*],-
    [5,3]->[34,A],[-7,*],[29,A],-
    [5,4]->-,-,-,-
    [5,5]->[36,A],-,-,-
  Descriptions:
    [-11,*]->Luminosity:5
    [-10,*]->Luminosity:5
    [-9,*]->Luminosity:5
    [-8,W]->
    [-7,*]->Luminosity:5
    [-6,*]->Luminosity:5
    [-5,*]->Luminosity:5
    [-4,W]->
    [-3,*]->Luminosity:5
    [-2,W]->
    [-1,O]->
    [0,E]->fuel:2/3, life:3/3, landed?:F
    [1,A]->turns_left:0
    [2,A]->turns_left:1
    [3,A]->turns_left:1
    [4,A]->turns_left:0
    [5,A]->turns_left:0
    [6,A]->turns_left:0
    [7,A]->turns_left:0
    [8,A]->turns_left:0
    [9,A]->turns_left:2
    [10,A]->turns_left:1
    [11,A]->turns_left:0
    [12,A]->turns_left:0
    [13,A]->turns_left:0
    [14,A]->turns_left:0
    [15,A]->turns_left:1
    [16,A]->turns_left:0
    [17,A]->turns_left:1
    [18,A]->turns_left:0
    [19,A]->turns_left:0
    [21,A]->turns_left:0
    [22,A]->turns_left:1
    [23,A]->turns_left:0
    [24,A]->turns_left:1
    [25,A]->turns_left:0
    [26,A]->turns_left:2
    [27,A]->turns_left:0
    [28,A]->turns_left:1
    [29,A]->turns_left:1
    [30,A]->turns_left:1
    [31,A]->turns_left:1
    [32,A]->turns_left:0
    [33,A]->turns_left:1
    [34,A]->turns_left:1
    [35,A]->turns_left:0
    [36,A]->turns_left:0
  Deaths This Turn:
    [20,A]->turns_left:N/A,
      Asteroid got devoured by blackhole (id: -1) at Sector:3:3
    (1:1)  (1:2)  (1:3)  (1:4)  (1:5)  
    -A-W   AA--   A---   A*A-   A---   
    (2:1)  (2:2)  (2:3)  (2:4)  (2:5)  
    AAE-   A---   AA--   ----   AAWA   
    (3:1)  (3:2)  (3:3)  (3:4)  (3:5)  
    -AA-   AA--   O---   -*--   A---   
    (4:1)  (4:2)  (4:3)  (4:4)  (4:5)  
    AA*-   AA-*   *A--   AA-W   A---   
    (5:1)  (5:2)  (5:3)  (5:4)  (5:5)  
    AA--   AA*-   A*A-   ----   A---   
->wormhole
  state:5.1, mode:test, error
  Explorer couldn't find wormhole at Sector:2:1
->move(SE)
  state:6.0, mode:test, ok
  Explorer got destroyed by asteroid (id: 11) at Sector:3:2
  The game has ended. You can start a new game.
  Movement:
    [0,E]:[2,1,3]->[3,2,3]
    [1,A]:[1,1,2]->[5,5,2]
    [4,A]:[1,4,1]
    [5,A]:[1,5,1]->[1,4,4]
    [6,A]:[2,1,1]->[2,2,2]
    [7,A]:[2,1,2]->[1,5,1]
    [8,A]:[2,2,1]->[3,3,2]
    [11,A]:[2,3,2]->[3,2,4]
      destroyed [0,E] at [3,2,3]
    [12,A]:[1,4,3]
    [13,A]:[1,3,1]->[1,2,3]
    [14,A]:[2,5,1]
    [16,A]:[3,2,2]->[2,2,1]
    [18,A]:[3,1,3]->[2,1,1]
    [19,A]:[3,2,1]->[4,2,3]
    [21,A]:[3,5,1]->[3,4,1]
    [23,A]:[4,1,2]->[4,5,2]
    [25,A]:[4,2,2]->[3,1,1]
    [27,A]:[4,4,1]->[5,5,3]
    [32,A]:[5,2,1]->[1,2,4]
    [35,A]:[4,3,2]->[3,3,2]
    [36,A]:[5,5,1]->[1,5,2]
  Sectors:
    [1,1]->-,-,-,[-4,W]
    [1,2]->[3,A],[9,A],[13,A],[32,A]
    [1,3]->-,-,-,-
    [1,4]->[4,A],[-6,*],[12,A],[5,A]
    [1,5]->[7,A],[36,A],-,-
    [2,1]->[18,A],-,-,-
    [2,2]->[16,A],[6,A],-,-
    [2,3]->[10,A],-,-,-
    [2,4]->-,-,-,-
    [2,5]->[14,A],[15,A],[-8,W],[2,A]
    [3,1]->[25,A],[17,A],-,-
    [3,2]->-,-,-,[11,A]
    [3,3]->[-1,O],-,-,-
    [3,4]->[21,A],[-5,*],-,-
    [3,5]->-,-,-,-
    [4,1]->[22,A],-,[-10,*],-
    [4,2]->[24,A],-,[19,A],[-3,*]
    [4,3]->[-9,*],-,-,-
    [4,4]->-,[28,A],-,[-2,W]
    [4,5]->[30,A],[23,A],-,-
    [5,1]->[31,A],[26,A],-,-
    [5,2]->-,[33,A],[-11,*],-
    [5,3]->[34,A],[-7,*],[29,A],-
    [5,4]->-,-,-,-
    [5,5]->-,[1,A],[27,A],-
  Descriptions:
    [-11,*]->Luminosity:5
    [-10,*]->Luminosity:5
    [-9,*]->Luminosity:5
    [-8,W]->
    [-7,*]->Luminosity:5
    [-6,*]->Luminosity:5
    [-5,*]->Luminosity:5
    [-4,W]->
    [-3,*]->Luminosity:5
    [-2,W]->
    [-1,O]->
    [1,A]->turns_left:0
    [2,A]->turns_left:0
    [3,A]->turns_left:0
    [4,A]->turns_left:1
    [5,A]->turns_left:2
    [6,A]->turns_left:1
    [7,A]->turns_left:2
    [9,A]->turns_left:1
    [10,A]->turns_left:0
    [11,A]->turns_left:0
    [12,A]->turns_left:0
    [13,A]->turns_left:0
    [14,A]->turns_left:0
    [15,A]->turns_left:0
    [16,A]->turns_left:2
    [17,A]->turns_left:0
    [18,A]->turns_left:1
    [19,A]->turns_left:2
    [21,A]->turns_left:1
    [22,A]->turns_left:0
    [23,A]->turns_left:2
    [24,A]->turns_left:0
    [25,A]->turns_left:1
    [26,A]->turns_left:1
    [27,A]->turns_left:1
    [28,A]->turns_left:0
    [29,A]->turns_left:0
    [30,A]->turns_left:0
    [31,A]->turns_left:0
    [32,A]->turns_left:1
    [33,A]->turns_left:0
    [34,A]->turns_left:0
    [36,A]->turns_left:1
  Deaths This Turn:
    [8,A]->turns_left:N/A,
      Asteroid got devoured by blackhole (id: -1) at Sector:3:3
    [0,E]->fuel:1/3, life:0/3, landed?:F,
      Explorer got destroyed by asteroid (id: 11) at Sector:3:2
    [35,A]->turns_left:N/A,
      Asteroid got devoured by blackhole (id: -1) at Sector:3:3
    (1:1)  (1:2)  (1:3)  (1:4)  (1:5)  
    ---W   AAAA   ----   A*AA   AA--   
    (2:1)  (2:2)  (2:3)  (2:4)  (2:5)  
    A---   AA--   A---   ----   AAWA   
    (3:1)  (3:2)  (3:3)  (3:4)  (3:5)  
    AA--   ---A   O---   A*--   ----   
    (4:1)  (4:2)  (4:3)  (4:4)  (4:5)  
    A-*-   A-A*   *---   -A-W   AA--   
    (5:1)  (5:2)  (5:3)  (5:4)  (5:5)  
    AA--   -A*-   A*A-   ----   -AA-   
  Explorer got destroyed by asteroid (id: 11) at Sector:3:2
  The game has ended. You can start a new game.
->liftoff
  state:6.1, error
  Negative on that request:no mission in progress.
->move(SE)
  state:6.2, error
  Negative on that request:no mission in progress.
->move(S)
  state:6.3, error
  Negative on that request:no mission in progress.
->move(S)
  state:6.4, error
  Negative on that request:no mission in progress.
->move(SW)
  state:6.5, error
  Negative on that request:no mission in progress.
