  state:0.0, ok
  Welcome! Try test(3,5,7,15,30)
->test(1,1,1,1,30)
  state:1.0, mode:test, ok
  Movement:none
  Sectors:
    [1,1]->[0,E],-,-,-
    [1,2]->[-8,*],-,-,-
    [1,3]->[1,P],-,-,-
    [1,4]->-,-,-,-
    [1,5]->[2,P],[3,P],-,-
    [2,1]->-,-,-,-
    [2,2]->-,-,-,-
    [2,3]->[-5,W],-,-,-
    [2,4]->-,-,-,-
    [2,5]->[4,P],-,-,-
    [3,1]->[5,P],[-6,Y],-,-
    [3,2]->-,-,-,-
    [3,3]->[-1,O],-,-,-
    [3,4]->[6,P],[-11,W],-,-
    [3,5]->-,-,-,-
    [4,1]->[-2,W],-,-,-
    [4,2]->[7,P],[-7,*],-,-
    [4,3]->[8,P],-,-,-
    [4,4]->[9,P],[-4,*],-,-
    [4,5]->-,-,-,-
    [5,1]->[10,P],[-3,W],-,-
    [5,2]->-,-,-,-
    [5,3]->[-10,*],-,-,-
    [5,4]->-,-,-,-
    [5,5]->[11,P],[-9,W],-,-
  Descriptions:
    [-11,W]->
    [-10,*]->Luminosity:5
    [-9,W]->
    [-8,*]->Luminosity:5
    [-7,*]->Luminosity:5
    [-6,Y]->Luminosity:2
    [-5,W]->
    [-4,*]->Luminosity:5
    [-3,W]->
    [-2,W]->
    [-1,O]->
    [0,E]->fuel:3/3, life:3/3, landed?:F
    [1,P]->attached?:F, support_life?:F, visited?:F, turns_left:2
    [2,P]->attached?:F, support_life?:F, visited?:F, turns_left:2
    [3,P]->attached?:F, support_life?:F, visited?:F, turns_left:0
    [4,P]->attached?:F, support_life?:F, visited?:F, turns_left:2
    [5,P]->attached?:F, support_life?:F, visited?:F, turns_left:1
    [6,P]->attached?:F, support_life?:F, visited?:F, turns_left:2
    [7,P]->attached?:F, support_life?:F, visited?:F, turns_left:2
    [8,P]->attached?:F, support_life?:F, visited?:F, turns_left:0
    [9,P]->attached?:F, support_life?:F, visited?:F, turns_left:1
    [10,P]->attached?:F, support_life?:F, visited?:F, turns_left:1
    [11,P]->attached?:F, support_life?:F, visited?:F, turns_left:2
  Deaths This Turn:none
    (1:1)  (1:2)  (1:3)  (1:4)  (1:5)  
    E---   *---   P---   ----   PP--   
    (2:1)  (2:2)  (2:3)  (2:4)  (2:5)  
    ----   ----   W---   ----   P---   
    (3:1)  (3:2)  (3:3)  (3:4)  (3:5)  
    PY--   ----   O---   PW--   ----   
    (4:1)  (4:2)  (4:3)  (4:4)  (4:5)  
    W---   P*--   P---   P*--   ----   
    (5:1)  (5:2)  (5:3)  (5:4)  (5:5)  
    PW--   ----   *---   ----   PW--   
->liftoff
  state:1.1, mode:test, error
  Negative on that request:you are not on a planet at Sector:1:1
->test(1,1,1,1,30)
  state:1.2, mode:test, error
  To start a new mission, please abort the current one first.
->test(1,80,1,1,50)
  state:1.3, mode:test, error
  To start a new mission, please abort the current one first.
->play
  state:1.4, mode:test, error
  To start a new mission, please abort the current one first.
->pass
  state:2.0, mode:test, ok
  Movement:
    [3,P]:[1,5,2]->[5,4,1]
    [8,P]:[4,3,1]->[3,2,1]
  Sectors:
    [1,1]->[0,E],-,-,-
    [1,2]->[-8,*],-,-,-
    [1,3]->[1,P],-,-,-
    [1,4]->-,-,-,-
    [1,5]->[2,P],-,-,-
    [2,1]->-,-,-,-
    [2,2]->-,-,-,-
    [2,3]->[-5,W],-,-,-
    [2,4]->-,-,-,-
    [2,5]->[4,P],-,-,-
    [3,1]->[5,P],[-6,Y],-,-
    [3,2]->[8,P],-,-,-
    [3,3]->[-1,O],-,-,-
    [3,4]->[6,P],[-11,W],-,-
    [3,5]->-,-,-,-
    [4,1]->[-2,W],-,-,-
    [4,2]->[7,P],[-7,*],-,-
    [4,3]->-,-,-,-
    [4,4]->[9,P],[-4,*],-,-
    [4,5]->-,-,-,-
    [5,1]->[10,P],[-3,W],-,-
    [5,2]->-,-,-,-
    [5,3]->[-10,*],-,-,-
    [5,4]->[3,P],-,-,-
    [5,5]->[11,P],[-9,W],-,-
  Descriptions:
    [-11,W]->
    [-10,*]->Luminosity:5
    [-9,W]->
    [-8,*]->Luminosity:5
    [-7,*]->Luminosity:5
    [-6,Y]->Luminosity:2
    [-5,W]->
    [-4,*]->Luminosity:5
    [-3,W]->
    [-2,W]->
    [-1,O]->
    [0,E]->fuel:3/3, life:3/3, landed?:F
    [1,P]->attached?:F, support_life?:F, visited?:F, turns_left:1
    [2,P]->attached?:F, support_life?:F, visited?:F, turns_left:1
    [3,P]->attached?:F, support_life?:F, visited?:F, turns_left:2
    [4,P]->attached?:F, support_life?:F, visited?:F, turns_left:1
    [5,P]->attached?:F, support_life?:F, visited?:F, turns_left:0
    [6,P]->attached?:F, support_life?:F, visited?:F, turns_left:1
    [7,P]->attached?:F, support_life?:F, visited?:F, turns_left:1
    [8,P]->attached?:F, support_life?:F, visited?:F, turns_left:0
    [9,P]->attached?:F, support_life?:F, visited?:F, turns_left:0
    [10,P]->attached?:F, support_life?:F, visited?:F, turns_left:0
    [11,P]->attached?:F, support_life?:F, visited?:F, turns_left:1
  Deaths This Turn:none
    (1:1)  (1:2)  (1:3)  (1:4)  (1:5)  
    E---   *---   P---   ----   P---   
    (2:1)  (2:2)  (2:3)  (2:4)  (2:5)  
    ----   ----   W---   ----   P---   
    (3:1)  (3:2)  (3:3)  (3:4)  (3:5)  
    PY--   P---   O---   PW--   ----   
    (4:1)  (4:2)  (4:3)  (4:4)  (4:5)  
    W---   P*--   ----   P*--   ----   
    (5:1)  (5:2)  (5:3)  (5:4)  (5:5)  
    PW--   ----   *---   P---   PW--   
->status
  state:2.1, mode:test, ok
  Explorer status report:Travelling at cruise speed at [1,1,1]
  Life units left:3, Fuel units left:3
->abort
  state:2.2, ok
  Mission aborted. Try test(3,5,7,15,30)
->test(1,1,1,1,20)
  state:3.0, mode:test, ok
  Movement:none
  Sectors:
    [1,1]->[0,E],[-8,W],-,-
    [1,2]->[1,P],[2,P],[-2,*],-
    [1,3]->[3,P],-,-,-
    [1,4]->[4,P],-,-,-
    [1,5]->-,-,-,-
    [2,1]->[-10,Y],-,-,-
    [2,2]->[-9,W],-,-,-
    [2,3]->-,-,-,-
    [2,4]->-,-,-,-
    [2,5]->[-5,Y],-,-,-
    [3,1]->[5,P],-,-,-
    [3,2]->-,-,-,-
    [3,3]->[-1,O],-,-,-
    [3,4]->-,-,-,-
    [3,5]->[-6,Y],-,-,-
    [4,1]->[-4,Y],-,-,-
    [4,2]->[-7,*],-,-,-
    [4,3]->-,-,-,-
    [4,4]->-,-,-,-
    [4,5]->[6,P],[-3,Y],-,-
    [5,1]->-,-,-,-
    [5,2]->-,-,-,-
    [5,3]->[-11,*],-,-,-
    [5,4]->[7,P],-,-,-
    [5,5]->-,-,-,-
  Descriptions:
    [-11,*]->Luminosity:5
    [-10,Y]->Luminosity:2
    [-9,W]->
    [-8,W]->
    [-7,*]->Luminosity:5
    [-6,Y]->Luminosity:2
    [-5,Y]->Luminosity:2
    [-4,Y]->Luminosity:2
    [-3,Y]->Luminosity:2
    [-2,*]->Luminosity:5
    [-1,O]->
    [0,E]->fuel:3/3, life:3/3, landed?:F
    [1,P]->attached?:F, support_life?:F, visited?:F, turns_left:0
    [2,P]->attached?:F, support_life?:F, visited?:F, turns_left:0
    [3,P]->attached?:F, support_life?:F, visited?:F, turns_left:2
    [4,P]->attached?:F, support_life?:F, visited?:F, turns_left:0
    [5,P]->attached?:F, support_life?:F, visited?:F, turns_left:0
    [6,P]->attached?:F, support_life?:F, visited?:F, turns_left:1
    [7,P]->attached?:F, support_life?:F, visited?:F, turns_left:0
  Deaths This Turn:none
    (1:1)  (1:2)  (1:3)  (1:4)  (1:5)  
    EW--   PP*-   P---   P---   ----   
    (2:1)  (2:2)  (2:3)  (2:4)  (2:5)  
    Y---   W---   ----   ----   Y---   
    (3:1)  (3:2)  (3:3)  (3:4)  (3:5)  
    P---   ----   O---   ----   Y---   
    (4:1)  (4:2)  (4:3)  (4:4)  (4:5)  
    Y---   *---   ----   ----   PY--   
    (5:1)  (5:2)  (5:3)  (5:4)  (5:5)  
    ----   ----   *---   P---   ----   
->liftoff
  state:3.1, mode:test, error
  Negative on that request:you are not on a planet at Sector:1:1
->test(1,1,1,1,30)
  state:3.2, mode:test, error
  To start a new mission, please abort the current one first.
->test(1,1,1,1,50)
  state:3.3, mode:test, error
  To start a new mission, please abort the current one first.
->play
  state:3.4, mode:test, error
  To start a new mission, please abort the current one first.
->pass
  state:4.0, mode:test, ok
  Movement:
    [4,P]:[1,4,1]->[2,5,2]
    [5,P]:[3,1,1]->[2,2,2]
    [7,P]:[5,4,1]->[4,5,3]
  Sectors:
    [1,1]->[0,E],[-8,W],-,-
    [1,2]->[1,P],[2,P],[-2,*],-
    [1,3]->[3,P],-,-,-
    [1,4]->-,-,-,-
    [1,5]->-,-,-,-
    [2,1]->[-10,Y],-,-,-
    [2,2]->[-9,W],[5,P],-,-
    [2,3]->-,-,-,-
    [2,4]->-,-,-,-
    [2,5]->[-5,Y],[4,P],-,-
    [3,1]->-,-,-,-
    [3,2]->-,-,-,-
    [3,3]->[-1,O],-,-,-
    [3,4]->-,-,-,-
    [3,5]->[-6,Y],-,-,-
    [4,1]->[-4,Y],-,-,-
    [4,2]->[-7,*],-,-,-
    [4,3]->-,-,-,-
    [4,4]->-,-,-,-
    [4,5]->[6,P],[-3,Y],[7,P],-
    [5,1]->-,-,-,-
    [5,2]->-,-,-,-
    [5,3]->[-11,*],-,-,-
    [5,4]->-,-,-,-
    [5,5]->-,-,-,-
  Descriptions:
    [-11,*]->Luminosity:5
    [-10,Y]->Luminosity:2
    [-9,W]->
    [-8,W]->
    [-7,*]->Luminosity:5
    [-6,Y]->Luminosity:2
    [-5,Y]->Luminosity:2
    [-4,Y]->Luminosity:2
    [-3,Y]->Luminosity:2
    [-2,*]->Luminosity:5
    [-1,O]->
    [0,E]->fuel:3/3, life:3/3, landed?:F
    [1,P]->attached?:T, support_life?:F, visited?:F, turns_left:N/A
    [2,P]->attached?:T, support_life?:F, visited?:F, turns_left:N/A
    [3,P]->attached?:F, support_life?:F, visited?:F, turns_left:1
    [4,P]->attached?:T, support_life?:T, visited?:F, turns_left:N/A
    [5,P]->attached?:F, support_life?:F, visited?:F, turns_left:1
    [6,P]->attached?:F, support_life?:F, visited?:F, turns_left:0
    [7,P]->attached?:T, support_life?:F, visited?:F, turns_left:N/A
  Deaths This Turn:none
    (1:1)  (1:2)  (1:3)  (1:4)  (1:5)  
    EW--   PP*-   P---   ----   ----   
    (2:1)  (2:2)  (2:3)  (2:4)  (2:5)  
    Y---   WP--   ----   ----   YP--   
    (3:1)  (3:2)  (3:3)  (3:4)  (3:5)  
    ----   ----   O---   ----   Y---   
    (4:1)  (4:2)  (4:3)  (4:4)  (4:5)  
    Y---   *---   ----   ----   PYP-   
    (5:1)  (5:2)  (5:3)  (5:4)  (5:5)  
    ----   ----   *---   ----   ----   
->status
  state:4.1, mode:test, ok
  Explorer status report:Travelling at cruise speed at [1,1,1]
  Life units left:3, Fuel units left:3
->abort
  state:4.2, ok
  Mission aborted. Try test(3,5,7,15,30)
