  state:0.0, ok
  Welcome! Try test(3,5,7,15,30)
->move(SE)
  state:0.1, error
  Negative on that request:no mission in progress.
->move(W)
  state:0.2, error
  Negative on that request:no mission in progress.
->move(SW)
  state:0.3, error
  Negative on that request:no mission in progress.
->wormhole
  state:0.4, error
  Negative on that request:no mission in progress.
->move(S)
  state:0.5, error
  Negative on that request:no mission in progress.
->move(SW)
  state:0.6, error
  Negative on that request:no mission in progress.
->move(S)
  state:0.7, error
  Negative on that request:no mission in progress.
->move(W)
  state:0.8, error
  Negative on that request:no mission in progress.
->land
  state:0.9, error
  Negative on that request:no mission in progress.
->move(NE)
  state:0.10, error
  Negative on that request:no mission in progress.
->pass
  state:0.11, error
  Negative on that request:no mission in progress.
->move(E)
  state:0.12, error
  Negative on that request:no mission in progress.
->wormhole
  state:0.13, error
  Negative on that request:no mission in progress.
->land
  state:0.14, error
  Negative on that request:no mission in progress.
->move(W)
  state:0.15, error
  Negative on that request:no mission in progress.
->wormhole
  state:0.16, error
  Negative on that request:no mission in progress.
->liftoff
  state:0.17, error
  Negative on that request:no mission in progress.
->move(SE)
  state:0.18, error
  Negative on that request:no mission in progress.
->move(NW)
  state:0.19, error
  Negative on that request:no mission in progress.
->move(E)
  state:0.20, error
  Negative on that request:no mission in progress.
->move(SW)
  state:0.21, error
  Negative on that request:no mission in progress.
->liftoff
  state:0.22, error
  Negative on that request:no mission in progress.
->move(NE)
  state:0.23, error
  Negative on that request:no mission in progress.
->land
  state:0.24, error
  Negative on that request:no mission in progress.
->land
  state:0.25, error
  Negative on that request:no mission in progress.
->land
  state:0.26, error
  Negative on that request:no mission in progress.
->wormhole
  state:0.27, error
  Negative on that request:no mission in progress.
->move(NE)
  state:0.28, error
  Negative on that request:no mission in progress.
->move(NE)
  state:0.29, error
  Negative on that request:no mission in progress.
->move(N)
  state:0.30, error
  Negative on that request:no mission in progress.
->move(SW)
  state:0.31, error
  Negative on that request:no mission in progress.
->move(NW)
  state:0.32, error
  Negative on that request:no mission in progress.
->move(NW)
  state:0.33, error
  Negative on that request:no mission in progress.
->move(SE)
  state:0.34, error
  Negative on that request:no mission in progress.
->move(NW)
  state:0.35, error
  Negative on that request:no mission in progress.
->move(E)
  state:0.36, error
  Negative on that request:no mission in progress.
->test(86,86,86,86,86)
  state:1.0, mode:test, ok
  Movement:none
  Sectors:
    [1,1]->[0,E],[1,A],-,-
    [1,2]->[2,A],[3,A],[-8,Y],-
    [1,3]->[4,A],[5,A],-,-
    [1,4]->[6,A],-,-,-
    [1,5]->[7,A],[-11,*],-,-
    [2,1]->[8,A],[9,A],-,-
    [2,2]->[10,A],[-6,Y],-,-
    [2,3]->[11,A],-,-,-
    [2,4]->-,-,-,-
    [2,5]->[12,A],[13,A],[14,A],[-4,*]
    [3,1]->[15,A],[16,A],-,-
    [3,2]->[17,A],[18,A],-,-
    [3,3]->[-1,O],-,-,-
    [3,4]->[19,A],[20,A],[21,A],[-3,W]
    [3,5]->[22,A],[23,A],[24,A],[-7,W]
    [4,1]->[25,A],-,-,-
    [4,2]->-,-,-,-
    [4,3]->[26,A],-,-,-
    [4,4]->[27,A],[28,A],[-10,W],-
    [4,5]->[29,A],-,-,-
    [5,1]->[30,A],[31,A],-,-
    [5,2]->[32,A],[-5,Y],-,-
    [5,3]->[33,A],[34,A],[-2,W],-
    [5,4]->[35,A],[-9,Y],-,-
    [5,5]->[36,A],[37,A],-,-
  Descriptions:
    [-11,*]->Luminosity:5
    [-10,W]->
    [-9,Y]->Luminosity:2
    [-8,Y]->Luminosity:2
    [-7,W]->
    [-6,Y]->Luminosity:2
    [-5,Y]->Luminosity:2
    [-4,*]->Luminosity:5
    [-3,W]->
    [-2,W]->
    [-1,O]->
    [0,E]->fuel:3/3, life:3/3, landed?:F
    [1,A]->turns_left:1
    [2,A]->turns_left:0
    [3,A]->turns_left:1
    [4,A]->turns_left:0
    [5,A]->turns_left:0
    [6,A]->turns_left:0
    [7,A]->turns_left:0
    [8,A]->turns_left:1
    [9,A]->turns_left:2
    [10,A]->turns_left:2
    [11,A]->turns_left:1
    [12,A]->turns_left:1
    [13,A]->turns_left:2
    [14,A]->turns_left:1
    [15,A]->turns_left:2
    [16,A]->turns_left:2
    [17,A]->turns_left:1
    [18,A]->turns_left:0
    [19,A]->turns_left:1
    [20,A]->turns_left:0
    [21,A]->turns_left:0
    [22,A]->turns_left:1
    [23,A]->turns_left:1
    [24,A]->turns_left:1
    [25,A]->turns_left:0
    [26,A]->turns_left:1
    [27,A]->turns_left:0
    [28,A]->turns_left:0
    [29,A]->turns_left:2
    [30,A]->turns_left:1
    [31,A]->turns_left:1
    [32,A]->turns_left:2
    [33,A]->turns_left:2
    [34,A]->turns_left:2
    [35,A]->turns_left:0
    [36,A]->turns_left:2
    [37,A]->turns_left:1
  Deaths This Turn:none
    (1:1)  (1:2)  (1:3)  (1:4)  (1:5)  
    EA--   AAY-   AA--   A---   A*--   
    (2:1)  (2:2)  (2:3)  (2:4)  (2:5)  
    AA--   AY--   A---   ----   AAA*   
    (3:1)  (3:2)  (3:3)  (3:4)  (3:5)  
    AA--   AA--   O---   AAAW   AAAW   
    (4:1)  (4:2)  (4:3)  (4:4)  (4:5)  
    A---   ----   A---   AAW-   A---   
    (5:1)  (5:2)  (5:3)  (5:4)  (5:5)  
    AA--   AY--   AAW-   AY--   AA--   
->test(73,86,86,86,86)
  state:1.1, mode:test, error
  To start a new mission, please abort the current one first.
