  state:0.0, ok
  Welcome! Try test(3,5,7,15,30)
->play
  state:1.0, mode:play, ok
  Movement:none
    (1:1)  (1:2)  (1:3)  (1:4)  (1:5)  
    E---   *---   P---   ----   PP--   
    (2:1)  (2:2)  (2:3)  (2:4)  (2:5)  
    ----   ----   W---   ----   P---   
    (3:1)  (3:2)  (3:3)  (3:4)  (3:5)  
    MY--   ----   O---   PW--   ----   
    (4:1)  (4:2)  (4:3)  (4:4)  (4:5)  
    W---   M*--   P---   P*--   ----   
    (5:1)  (5:2)  (5:3)  (5:4)  (5:5)  
    BW--   ----   *---   ----   PW--   
->move(E)
  state:2.0, mode:play, ok
  Movement:
    [0,E]:[1,1,1]->[1,2,2]
    [3,P]:[1,5,2]->[5,4,1]
    [8,P]:[4,3,1]->[3,2,1]
    (1:1)  (1:2)  (1:3)  (1:4)  (1:5)  
    ----   *E--   P---   ----   P---   
    (2:1)  (2:2)  (2:3)  (2:4)  (2:5)  
    ----   ----   W---   ----   P---   
    (3:1)  (3:2)  (3:3)  (3:4)  (3:5)  
    MY--   P---   O---   PW--   ----   
    (4:1)  (4:2)  (4:3)  (4:4)  (4:5)  
    W---   M*--   ----   P*--   ----   
    (5:1)  (5:2)  (5:3)  (5:4)  (5:5)  
    BW--   ----   *---   P---   PW--   
->wormhole
  state:2.1, mode:play, error
  Explorer couldn't find wormhole at Sector:1:2
->play
  state:2.2, mode:play, error
  To start a new mission, please abort the current one first.
->move(NW)
  state:3.0, mode:play, ok
  Movement:
    [0,E]:[1,2,2]->[5,1,3]
    [5,M]:[3,1,1]->[3,5,1]
    [8,P]:[3,2,1]->[2,1,1]
    [10,B]:[5,1,1]->[5,2,1]
    (1:1)  (1:2)  (1:3)  (1:4)  (1:5)  
    ----   *---   P---   ----   P---   
    (2:1)  (2:2)  (2:3)  (2:4)  (2:5)  
    P---   ----   W---   ----   P---   
    (3:1)  (3:2)  (3:3)  (3:4)  (3:5)  
    -Y--   ----   O---   PW--   M---   
    (4:1)  (4:2)  (4:3)  (4:4)  (4:5)  
    W---   M*--   ----   P*--   ----   
    (5:1)  (5:2)  (5:3)  (5:4)  (5:5)  
    -WE-   B---   *---   P---   PW--   
->move(N)
  state:4.0, mode:play, ok
  Movement:
    [0,E]:[5,1,3]->[4,1,2]
    [1,P]:[1,3,1]->[2,4,1]
    [2,P]:[1,5,1]->[2,5,2]
    [4,P]:[2,5,1]->[2,4,2]
    [6,P]:[3,4,1]->[2,3,2]
    [7,M]:[4,2,1]->[5,1,1]
    [10,B]:[5,2,1]->[5,1,3]
      reproduced [12,B] at [5,1,4]
      destroyed [7,M] at [5,1,1]
    [11,P]:[5,5,1]->[4,4,3]
    (1:1)  (1:2)  (1:3)  (1:4)  (1:5)  
    ----   *---   ----   ----   ----   
    (2:1)  (2:2)  (2:3)  (2:4)  (2:5)  
    P---   ----   WP--   PP--   -P--   
    (3:1)  (3:2)  (3:3)  (3:4)  (3:5)  
    -Y--   ----   O---   -W--   M---   
    (4:1)  (4:2)  (4:3)  (4:4)  (4:5)  
    WE--   -*--   ----   P*P-   ----   
    (5:1)  (5:2)  (5:3)  (5:4)  (5:5)  
    -WBB   ----   *---   P---   -W--   
->move(NE)
  state:5.0, mode:play, ok
  Explorer got lost in space - out of fuel at Sector:3:2
  The game has ended. You can start a new game.
  Movement:
    [0,E]:[4,1,2]->[3,2,1]
    [2,P]:[2,5,2]->[1,5,1]
    [3,P]:[5,4,1]->[1,4,1]
    [6,P]:[2,3,2]->[3,2,1]
    [8,P]:[2,1,1]->[1,5,2]
    [12,B]:[5,1,4]->[5,3,2]
    (1:1)  (1:2)  (1:3)  (1:4)  (1:5)  
    ----   *---   ----   P---   PP--   
    (2:1)  (2:2)  (2:3)  (2:4)  (2:5)  
    ----   ----   W---   PP--   ----   
    (3:1)  (3:2)  (3:3)  (3:4)  (3:5)  
    -Y--   P---   O---   -W--   M---   
    (4:1)  (4:2)  (4:3)  (4:4)  (4:5)  
    W---   -*--   ----   P*P-   ----   
    (5:1)  (5:2)  (5:3)  (5:4)  (5:5)  
    -WB-   ----   *B--   ----   -W--   
->move(W)
  state:5.1, error
  Negative on that request:no mission in progress.
->play
  state:6.0, mode:play, ok
  Movement:none
    (1:1)  (1:2)  (1:3)  (1:4)  (1:5)  
    EPAW   BW--   ----   P---   PY--   
    (2:1)  (2:2)  (2:3)  (2:4)  (2:5)  
    *---   ----   *---   B---   ----   
    (3:1)  (3:2)  (3:3)  (3:4)  (3:5)  
    ----   P---   O---   P---   ----   
    (4:1)  (4:2)  (4:3)  (4:4)  (4:5)  
    P---   Y---   *---   P---   ----   
    (5:1)  (5:2)  (5:3)  (5:4)  (5:5)  
    *---   A*--   P---   ----   *---   
->play
  state:6.1, mode:play, error
  To start a new mission, please abort the current one first.
->pass
  state:7.0, mode:play, ok
  Movement:
    [2,A]:[1,1,3]->[2,2,1]
    [7,P]:[3,2,1]->[2,3,2]
    [8,P]:[3,4,1]->[4,4,2]
    [10,P]:[4,4,1]->[4,3,2]
    (1:1)  (1:2)  (1:3)  (1:4)  (1:5)  
    EP-W   BW--   ----   P---   PY--   
    (2:1)  (2:2)  (2:3)  (2:4)  (2:5)  
    *---   A---   *P--   B---   ----   
    (3:1)  (3:2)  (3:3)  (3:4)  (3:5)  
    ----   ----   O---   ----   ----   
    (4:1)  (4:2)  (4:3)  (4:4)  (4:5)  
    P---   Y---   *P--   -P--   ----   
    (5:1)  (5:2)  (5:3)  (5:4)  (5:5)  
    *---   A*--   P---   ----   *---   
->liftoff
  state:7.1, mode:play, error
  Negative on that request:you are not on a planet at Sector:1:1
->move(SW)
  state:8.0, mode:play, ok
  Movement:
    [0,E]:[1,1,1]->[2,5,1]
    [2,A]:[2,2,1]->[2,3,3]
    [3,B]:[1,2,1]->[3,3,2]
    [4,P]:[1,4,1]->[2,3,4]
    [6,B]:[2,4,1]->[2,5,2]
    [9,P]:[4,1,1]->[5,1,2]
    [11,A]:[5,2,1]->[1,3,1]
    [12,P]:[5,3,1]->[4,4,1]
    (1:1)  (1:2)  (1:3)  (1:4)  (1:5)  
    -P-W   -W--   A---   ----   PY--   
    (2:1)  (2:2)  (2:3)  (2:4)  (2:5)  
    *---   ----   *PAP   ----   EB--   
    (3:1)  (3:2)  (3:3)  (3:4)  (3:5)  
    ----   ----   O---   ----   ----   
    (4:1)  (4:2)  (4:3)  (4:4)  (4:5)  
    ----   Y---   *P--   PP--   ----   
    (5:1)  (5:2)  (5:3)  (5:4)  (5:5)  
    *P--   -*--   ----   ----   *---   
->move(NW)
  state:9.0, mode:play, ok
  Movement:
    [0,E]:[2,5,1]->[1,4,1]
    [1,P]:[1,1,2]->[2,2,1]
    (1:1)  (1:2)  (1:3)  (1:4)  (1:5)  
    ---W   -W--   A---   E---   PY--   
    (2:1)  (2:2)  (2:3)  (2:4)  (2:5)  
    *---   P---   *PAP   ----   -B--   
    (3:1)  (3:2)  (3:3)  (3:4)  (3:5)  
    ----   ----   O---   ----   ----   
    (4:1)  (4:2)  (4:3)  (4:4)  (4:5)  
    ----   Y---   *P--   PP--   ----   
    (5:1)  (5:2)  (5:3)  (5:4)  (5:5)  
    *P--   -*--   ----   ----   *---   
->abort
  state:9.1, ok
  Mission aborted. Try test(3,5,7,15,30)
->liftoff
  state:9.2, error
  Negative on that request:no mission in progress.
->move(W)
  state:9.3, error
  Negative on that request:no mission in progress.
->wormhole
  state:9.4, error
  Negative on that request:no mission in progress.
->pass
  state:9.5, error
  Negative on that request:no mission in progress.
->move(SE)
  state:9.6, error
  Negative on that request:no mission in progress.
->test(2,3,26,35,33)
  state:9.7, error
  Thresholds should be non-decreasing order.
->pass
  state:9.8, error
  Negative on that request:no mission in progress.
->move(N)
  state:9.9, error
  Negative on that request:no mission in progress.
->move(NE)
  state:9.10, error
  Negative on that request:no mission in progress.
->move(NE)
  state:9.11, error
  Negative on that request:no mission in progress.
->move(E)
  state:9.12, error
  Negative on that request:no mission in progress.
->land
  state:9.13, error
  Negative on that request:no mission in progress.
->move(SW)
  state:9.14, error
  Negative on that request:no mission in progress.
->move(SE)
  state:9.15, error
  Negative on that request:no mission in progress.
->pass
  state:9.16, error
  Negative on that request:no mission in progress.
->move(SW)
  state:9.17, error
  Negative on that request:no mission in progress.
->test(7,14,17,35,44)
  state:10.0, mode:test, ok
  Movement:none
  Sectors:
    [1,1]->[0,E],[-11,Y],-,-
    [1,2]->[1,J],-,-,-
    [1,3]->[2,M],-,-,-
    [1,4]->-,-,-,-
    [1,5]->[3,P],-,-,-
    [2,1]->-,-,-,-
    [2,2]->[4,B],[-4,*],-,-
    [2,3]->[5,M],[-7,*],-,-
    [2,4]->[6,J],-,-,-
    [2,5]->[7,J],-,-,-
    [3,1]->[8,J],[-6,*],-,-
    [3,2]->[9,B],[10,M],-,-
    [3,3]->[-1,O],-,-,-
    [3,4]->[11,P],-,-,-
    [3,5]->[-10,Y],-,-,-
    [4,1]->[12,B],[13,J],-,-
    [4,2]->[14,J],[-3,*],-,-
    [4,3]->[15,P],-,-,-
    [4,4]->[-5,Y],-,-,-
    [4,5]->-,-,-,-
    [5,1]->-,-,-,-
    [5,2]->[16,J],-,-,-
    [5,3]->[-8,Y],-,-,-
    [5,4]->[17,B],[-2,*],-,-
    [5,5]->[18,A],[-9,Y],-,-
  Descriptions:
    [-11,Y]->Luminosity:2
    [-10,Y]->Luminosity:2
    [-9,Y]->Luminosity:2
    [-8,Y]->Luminosity:2
    [-7,*]->Luminosity:5
    [-6,*]->Luminosity:5
    [-5,Y]->Luminosity:2
    [-4,*]->Luminosity:5
    [-3,*]->Luminosity:5
    [-2,*]->Luminosity:5
    [-1,O]->
    [0,E]->fuel:3/3, life:3/3, landed?:F
    [1,J]->fuel:5/5, load:0/2, actions_left_until_reproduction:2/2, turns_left:0
    [2,M]->fuel:3/3, actions_left_until_reproduction:1/1, turns_left:0
    [3,P]->attached?:F, support_life?:F, visited?:F, turns_left:1
    [4,B]->fuel:3/3, actions_left_until_reproduction:1/1, turns_left:1
    [5,M]->fuel:3/3, actions_left_until_reproduction:1/1, turns_left:2
    [6,J]->fuel:5/5, load:0/2, actions_left_until_reproduction:2/2, turns_left:2
    [7,J]->fuel:5/5, load:0/2, actions_left_until_reproduction:2/2, turns_left:1
    [8,J]->fuel:5/5, load:0/2, actions_left_until_reproduction:2/2, turns_left:1
    [9,B]->fuel:3/3, actions_left_until_reproduction:1/1, turns_left:0
    [10,M]->fuel:3/3, actions_left_until_reproduction:1/1, turns_left:0
    [11,P]->attached?:F, support_life?:F, visited?:F, turns_left:2
    [12,B]->fuel:3/3, actions_left_until_reproduction:1/1, turns_left:1
    [13,J]->fuel:5/5, load:0/2, actions_left_until_reproduction:2/2, turns_left:0
    [14,J]->fuel:5/5, load:0/2, actions_left_until_reproduction:2/2, turns_left:1
    [15,P]->attached?:F, support_life?:F, visited?:F, turns_left:1
    [16,J]->fuel:5/5, load:0/2, actions_left_until_reproduction:2/2, turns_left:0
    [17,B]->fuel:3/3, actions_left_until_reproduction:1/1, turns_left:2
    [18,A]->turns_left:0
  Deaths This Turn:none
    (1:1)  (1:2)  (1:3)  (1:4)  (1:5)  
    EY--   J---   M---   ----   P---   
    (2:1)  (2:2)  (2:3)  (2:4)  (2:5)  
    ----   B*--   M*--   J---   J---   
    (3:1)  (3:2)  (3:3)  (3:4)  (3:5)  
    J*--   BM--   O---   P---   Y---   
    (4:1)  (4:2)  (4:3)  (4:4)  (4:5)  
    BJ--   J*--   P---   Y---   ----   
    (5:1)  (5:2)  (5:3)  (5:4)  (5:5)  
    ----   J---   Y---   B*--   AY--   
->land
  state:10.1, mode:test, error
  Negative on that request:no planets at Sector:1:1
->move(SE)
  state:11.0, mode:test, ok
  Movement:
    [0,E]:[1,1,1]->[2,2,3]
    [1,J]:[1,2,1]->[5,1,1]
    [2,M]:[1,3,1]->[5,2,2]
    [9,B]:[3,2,1]->[3,3,2]
    [10,M]:[3,2,2]->[3,3,2]
    [13,J]:[4,1,2]->[5,2,3]
    [16,J]:[5,2,1]->[5,1,2]
    [18,A]:[5,5,1]->[4,5,1]
  Sectors:
    [1,1]->-,[-11,Y],-,-
    [1,2]->-,-,-,-
    [1,3]->-,-,-,-
    [1,4]->-,-,-,-
    [1,5]->[3,P],-,-,-
    [2,1]->-,-,-,-
    [2,2]->[4,B],[-4,*],[0,E],-
    [2,3]->[5,M],[-7,*],-,-
    [2,4]->[6,J],-,-,-
    [2,5]->[7,J],-,-,-
    [3,1]->[8,J],[-6,*],-,-
    [3,2]->-,-,-,-
    [3,3]->[-1,O],-,-,-
    [3,4]->[11,P],-,-,-
    [3,5]->[-10,Y],-,-,-
    [4,1]->[12,B],-,-,-
    [4,2]->[14,J],[-3,*],-,-
    [4,3]->[15,P],-,-,-
    [4,4]->[-5,Y],-,-,-
    [4,5]->[18,A],-,-,-
    [5,1]->[1,J],[16,J],-,-
    [5,2]->-,[2,M],[13,J],-
    [5,3]->[-8,Y],-,-,-
    [5,4]->[17,B],[-2,*],-,-
    [5,5]->-,[-9,Y],-,-
  Descriptions:
    [-11,Y]->Luminosity:2
    [-10,Y]->Luminosity:2
    [-9,Y]->Luminosity:2
    [-8,Y]->Luminosity:2
    [-7,*]->Luminosity:5
    [-6,*]->Luminosity:5
    [-5,Y]->Luminosity:2
    [-4,*]->Luminosity:5
    [-3,*]->Luminosity:5
    [-2,*]->Luminosity:5
    [-1,O]->
    [0,E]->fuel:3/3, life:3/3, landed?:F
    [1,J]->fuel:4/5, load:0/2, actions_left_until_reproduction:1/2, turns_left:1
    [2,M]->fuel:2/3, actions_left_until_reproduction:0/1, turns_left:1
    [3,P]->attached?:F, support_life?:F, visited?:F, turns_left:0
    [4,B]->fuel:3/3, actions_left_until_reproduction:1/1, turns_left:0
    [5,M]->fuel:3/3, actions_left_until_reproduction:1/1, turns_left:1
    [6,J]->fuel:5/5, load:0/2, actions_left_until_reproduction:2/2, turns_left:1
    [7,J]->fuel:5/5, load:0/2, actions_left_until_reproduction:2/2, turns_left:0
    [8,J]->fuel:5/5, load:0/2, actions_left_until_reproduction:2/2, turns_left:0
    [11,P]->attached?:F, support_life?:F, visited?:F, turns_left:1
    [12,B]->fuel:3/3, actions_left_until_reproduction:1/1, turns_left:0
    [13,J]->fuel:4/5, load:0/2, actions_left_until_reproduction:1/2, turns_left:2
    [14,J]->fuel:5/5, load:0/2, actions_left_until_reproduction:2/2, turns_left:0
    [15,P]->attached?:F, support_life?:F, visited?:F, turns_left:0
    [16,J]->fuel:4/5, load:0/2, actions_left_until_reproduction:1/2, turns_left:0
    [17,B]->fuel:3/3, actions_left_until_reproduction:1/1, turns_left:1
    [18,A]->turns_left:1
  Deaths This Turn:
    [9,B]->fuel:2/3, actions_left_until_reproduction:1/1, turns_left:N/A,
      Benign got devoured by blackhole (id: -1) at Sector:3:3
    [10,M]->fuel:2/3, actions_left_until_reproduction:1/1, turns_left:N/A,
      Malevolent got devoured by blackhole (id: -1) at Sector:3:3
    (1:1)  (1:2)  (1:3)  (1:4)  (1:5)  
    -Y--   ----   ----   ----   P---   
    (2:1)  (2:2)  (2:3)  (2:4)  (2:5)  
    ----   B*E-   M*--   J---   J---   
    (3:1)  (3:2)  (3:3)  (3:4)  (3:5)  
    J*--   ----   O---   P---   Y---   
    (4:1)  (4:2)  (4:3)  (4:4)  (4:5)  
    B---   J*--   P---   Y---   A---   
    (5:1)  (5:2)  (5:3)  (5:4)  (5:5)  
    JJ--   -MJ-   Y---   B*--   -Y--   
->move(N)
  state:12.0, mode:test, ok
  Movement:
    [0,E]:[2,2,3]->[1,2,1]
    [3,P]:[1,5,1]->[5,1,3]
    [4,B]:[2,2,1]->[2,1,1]
    [7,J]:[2,5,1]->[3,5,2]
    [8,J]:[3,1,1]->[4,5,2]
      destroyed [18,A] at [4,5,1]
    [12,B]:[4,1,1]->[4,5,1]
    [14,J]:[4,2,1]->[4,1,1]
    [15,P]:[4,3,1]->[5,2,1]
    [16,J]:[5,1,2]->[1,1,1]
  Sectors:
    [1,1]->[16,J],[-11,Y],-,-
    [1,2]->[0,E],-,-,-
    [1,3]->-,-,-,-
    [1,4]->-,-,-,-
    [1,5]->-,-,-,-
    [2,1]->[4,B],-,-,-
    [2,2]->-,[-4,*],-,-
    [2,3]->[5,M],[-7,*],-,-
    [2,4]->[6,J],-,-,-
    [2,5]->-,-,-,-
    [3,1]->-,[-6,*],-,-
    [3,2]->-,-,-,-
    [3,3]->[-1,O],-,-,-
    [3,4]->[11,P],-,-,-
    [3,5]->[-10,Y],[7,J],-,-
    [4,1]->[14,J],-,-,-
    [4,2]->-,[-3,*],-,-
    [4,3]->-,-,-,-
    [4,4]->[-5,Y],-,-,-
    [4,5]->[12,B],[8,J],-,-
    [5,1]->[1,J],-,[3,P],-
    [5,2]->[15,P],[2,M],[13,J],-
    [5,3]->[-8,Y],-,-,-
    [5,4]->[17,B],[-2,*],-,-
    [5,5]->-,[-9,Y],-,-
  Descriptions:
    [-11,Y]->Luminosity:2
    [-10,Y]->Luminosity:2
    [-9,Y]->Luminosity:2
    [-8,Y]->Luminosity:2
    [-7,*]->Luminosity:5
    [-6,*]->Luminosity:5
    [-5,Y]->Luminosity:2
    [-4,*]->Luminosity:5
    [-3,*]->Luminosity:5
    [-2,*]->Luminosity:5
    [-1,O]->
    [0,E]->fuel:2/3, life:3/3, landed?:F
    [1,J]->fuel:4/5, load:0/2, actions_left_until_reproduction:1/2, turns_left:0
    [2,M]->fuel:2/3, actions_left_until_reproduction:0/1, turns_left:0
    [3,P]->attached?:F, support_life?:F, visited?:F, turns_left:1
    [4,B]->fuel:2/3, actions_left_until_reproduction:0/1, turns_left:0
    [5,M]->fuel:3/3, actions_left_until_reproduction:1/1, turns_left:0
    [6,J]->fuel:5/5, load:0/2, actions_left_until_reproduction:2/2, turns_left:0
    [7,J]->fuel:5/5, load:0/2, actions_left_until_reproduction:1/2, turns_left:1
    [8,J]->fuel:4/5, load:1/2, actions_left_until_reproduction:1/2, turns_left:1
    [11,P]->attached?:F, support_life?:F, visited?:F, turns_left:0
    [12,B]->fuel:2/3, actions_left_until_reproduction:0/1, turns_left:1
    [13,J]->fuel:4/5, load:0/2, actions_left_until_reproduction:1/2, turns_left:1
    [14,J]->fuel:4/5, load:0/2, actions_left_until_reproduction:1/2, turns_left:0
    [15,P]->attached?:F, support_life?:F, visited?:F, turns_left:2
    [16,J]->fuel:5/5, load:0/2, actions_left_until_reproduction:0/2, turns_left:0
    [17,B]->fuel:3/3, actions_left_until_reproduction:1/1, turns_left:0
  Deaths This Turn:
    [18,A]->turns_left:N/A,
      Asteroid got imploded by janitaur (id: 8) at Sector:4:5
    (1:1)  (1:2)  (1:3)  (1:4)  (1:5)  
    JY--   E---   ----   ----   ----   
    (2:1)  (2:2)  (2:3)  (2:4)  (2:5)  
    B---   -*--   M*--   J---   ----   
    (3:1)  (3:2)  (3:3)  (3:4)  (3:5)  
    -*--   ----   O---   P---   YJ--   
    (4:1)  (4:2)  (4:3)  (4:4)  (4:5)  
    J---   -*--   ----   Y---   BJ--   
    (5:1)  (5:2)  (5:3)  (5:4)  (5:5)  
    J-P-   PMJ-   Y---   B*--   -Y--   
->move(E)
  state:13.0, mode:test, ok
  Movement:
    [0,E]:[1,2,1]->[1,3,1]
    [1,J]:[5,1,1]->[4,2,1]
    [2,M]:[5,2,2]->[5,1,1]
      reproduced [19,M] at [5,1,2]
    [4,B]:[2,1,1]->[3,1,1]
      reproduced [20,B] at [3,1,3]
    [5,M]:[2,3,1]->[3,2,1]
    [6,J]:[2,4,1]->[3,4,2]
    [11,P]:[3,4,1]->[4,4,2]
    [14,J]:[4,1,1]->[4,2,3]
    [16,J]:[1,1,1]->[1,2,1]
      reproduced [21,J] at [1,2,2]
    [17,B]:[5,4,1]->[5,5,1]
  Sectors:
    [1,1]->-,[-11,Y],-,-
    [1,2]->[16,J],[21,J],-,-
    [1,3]->[0,E],-,-,-
    [1,4]->-,-,-,-
    [1,5]->-,-,-,-
    [2,1]->-,-,-,-
    [2,2]->-,[-4,*],-,-
    [2,3]->-,[-7,*],-,-
    [2,4]->-,-,-,-
    [2,5]->-,-,-,-
    [3,1]->[4,B],[-6,*],[20,B],-
    [3,2]->[5,M],-,-,-
    [3,3]->[-1,O],-,-,-
    [3,4]->-,[6,J],-,-
    [3,5]->[-10,Y],[7,J],-,-
    [4,1]->-,-,-,-
    [4,2]->[1,J],[-3,*],[14,J],-
    [4,3]->-,-,-,-
    [4,4]->[-5,Y],[11,P],-,-
    [4,5]->[12,B],[8,J],-,-
    [5,1]->[2,M],[19,M],[3,P],-
    [5,2]->[15,P],-,[13,J],-
    [5,3]->[-8,Y],-,-,-
    [5,4]->-,[-2,*],-,-
    [5,5]->[17,B],[-9,Y],-,-
  Descriptions:
    [-11,Y]->Luminosity:2
    [-10,Y]->Luminosity:2
    [-9,Y]->Luminosity:2
    [-8,Y]->Luminosity:2
    [-7,*]->Luminosity:5
    [-6,*]->Luminosity:5
    [-5,Y]->Luminosity:2
    [-4,*]->Luminosity:5
    [-3,*]->Luminosity:5
    [-2,*]->Luminosity:5
    [-1,O]->
    [0,E]->fuel:1/3, life:3/3, landed?:F
    [1,J]->fuel:5/5, load:0/2, actions_left_until_reproduction:0/2, turns_left:1
    [2,M]->fuel:1/3, actions_left_until_reproduction:1/1, turns_left:2
    [3,P]->attached?:F, support_life?:F, visited?:F, turns_left:0
    [4,B]->fuel:3/3, actions_left_until_reproduction:1/1, turns_left:2
    [5,M]->fuel:2/3, actions_left_until_reproduction:0/1, turns_left:1
    [6,J]->fuel:4/5, load:0/2, actions_left_until_reproduction:1/2, turns_left:2
    [7,J]->fuel:5/5, load:0/2, actions_left_until_reproduction:1/2, turns_left:0
    [8,J]->fuel:4/5, load:1/2, actions_left_until_reproduction:1/2, turns_left:0
    [11,P]->attached?:T, support_life?:T, visited?:F, turns_left:N/A
    [12,B]->fuel:2/3, actions_left_until_reproduction:0/1, turns_left:0
    [13,J]->fuel:4/5, load:0/2, actions_left_until_reproduction:1/2, turns_left:0
    [14,J]->fuel:5/5, load:0/2, actions_left_until_reproduction:0/2, turns_left:0
    [15,P]->attached?:F, support_life?:F, visited?:F, turns_left:1
    [16,J]->fuel:4/5, load:0/2, actions_left_until_reproduction:2/2, turns_left:1
    [17,B]->fuel:3/3, actions_left_until_reproduction:0/1, turns_left:0
    [19,M]->fuel:3/3, actions_left_until_reproduction:1/1, turns_left:0
    [20,B]->fuel:3/3, actions_left_until_reproduction:1/1, turns_left:1
    [21,J]->fuel:5/5, load:0/2, actions_left_until_reproduction:2/2, turns_left:1
  Deaths This Turn:none
    (1:1)  (1:2)  (1:3)  (1:4)  (1:5)  
    -Y--   JJ--   E---   ----   ----   
    (2:1)  (2:2)  (2:3)  (2:4)  (2:5)  
    ----   -*--   -*--   ----   ----   
    (3:1)  (3:2)  (3:3)  (3:4)  (3:5)  
    B*B-   M---   O---   -J--   YJ--   
    (4:1)  (4:2)  (4:3)  (4:4)  (4:5)  
    ----   J*J-   ----   YP--   BJ--   
    (5:1)  (5:2)  (5:3)  (5:4)  (5:5)  
    MMP-   P-J-   Y---   -*--   BY--   
->abort
  state:13.1, ok
  Mission aborted. Try test(3,5,7,15,30)
->wormhole
  state:13.2, error
  Negative on that request:no mission in progress.
->move(NW)
  state:13.3, error
  Negative on that request:no mission in progress.
->test(25,3,21,37,43)
  state:13.4, error
  Thresholds should be non-decreasing order.
->move(NW)
  state:13.5, error
  Negative on that request:no mission in progress.
->move(E)
  state:13.6, error
  Negative on that request:no mission in progress.
->move(NW)
  state:13.7, error
  Negative on that request:no mission in progress.
->move(SW)
  state:13.8, error
  Negative on that request:no mission in progress.
->play
  state:14.0, mode:play, ok
  Movement:none
    (1:1)  (1:2)  (1:3)  (1:4)  (1:5)  
    EW--   P*--   P---   *---   PP--   
    (2:1)  (2:2)  (2:3)  (2:4)  (2:5)  
    P---   *---   W---   BJ--   B*--   
    (3:1)  (3:2)  (3:3)  (3:4)  (3:5)  
    *---   ----   O---   ----   W---   
    (4:1)  (4:2)  (4:3)  (4:4)  (4:5)  
    ----   ----   W---   *---   M---   
    (5:1)  (5:2)  (5:3)  (5:4)  (5:5)  
    M---   ----   ----   P---   B---   
->move(NE)
  state:15.0, mode:play, ok
  Movement:
    [0,E]:[1,1,1]->[5,2,1]
    [3,P]:[1,5,1]->[2,5,3]
    (1:1)  (1:2)  (1:3)  (1:4)  (1:5)  
    -W--   P*--   P---   *---   -P--   
    (2:1)  (2:2)  (2:3)  (2:4)  (2:5)  
    P---   *---   W---   BJ--   B*P-   
    (3:1)  (3:2)  (3:3)  (3:4)  (3:5)  
    *---   ----   O---   ----   W---   
    (4:1)  (4:2)  (4:3)  (4:4)  (4:5)  
    ----   ----   W---   *---   M---   
    (5:1)  (5:2)  (5:3)  (5:4)  (5:5)  
    M---   E---   ----   P---   B---   
->move(N)
  state:16.0, mode:play, ok
  Movement:
    [0,E]:[5,2,1]->[4,2,1]
    [2,P]:[1,3,1]->[2,4,3]
    [4,P]:[1,5,2]->[5,5,2]
    [6,B]:[2,4,1]->[2,5,4]
    [8,B]:[2,5,1]->[3,4,1]
    (1:1)  (1:2)  (1:3)  (1:4)  (1:5)  
    -W--   P*--   ----   *---   ----   
    (2:1)  (2:2)  (2:3)  (2:4)  (2:5)  
    P---   *---   W---   -JP-   -*PB   
    (3:1)  (3:2)  (3:3)  (3:4)  (3:5)  
    *---   ----   O---   B---   W---   
    (4:1)  (4:2)  (4:3)  (4:4)  (4:5)  
    ----   E---   W---   *---   M---   
    (5:1)  (5:2)  (5:3)  (5:4)  (5:5)  
    M---   ----   ----   P---   BP--   
->move(W)
  state:17.0, mode:play, ok
  Explorer got lost in space - out of fuel at Sector:4:1
  The game has ended. You can start a new game.
  Movement:
    [0,E]:[4,2,1]->[4,1,1]
    [2,P]:[2,4,3]->[3,5,2]
    [5,P]:[2,1,1]->[3,2,1]
    [7,J]:[2,4,2]->[3,3,2]
    [8,B]:[3,4,1]->[4,4,2]
      reproduced [13,B] at [4,4,3]
    [9,M]:[4,5,1]->[5,5,3]
    [10,M]:[5,1,1]->[1,5,1]
    [11,P]:[5,4,1]->[1,5,2]
    [12,B]:[5,5,1]->[4,5,1]
    (1:1)  (1:2)  (1:3)  (1:4)  (1:5)  
    -W--   P*--   ----   *---   MP--   
    (2:1)  (2:2)  (2:3)  (2:4)  (2:5)  
    ----   *---   W---   ----   -*PB   
    (3:1)  (3:2)  (3:3)  (3:4)  (3:5)  
    *---   P---   O---   ----   WP--   
    (4:1)  (4:2)  (4:3)  (4:4)  (4:5)  
    ----   ----   W---   *BB-   B---   
    (5:1)  (5:2)  (5:3)  (5:4)  (5:5)  
    ----   ----   ----   ----   -PM-   
->move(NE)
  state:17.1, error
  Negative on that request:no mission in progress.
->move(W)
  state:17.2, error
  Negative on that request:no mission in progress.
->move(E)
  state:17.3, error
  Negative on that request:no mission in progress.
->move(S)
  state:17.4, error
  Negative on that request:no mission in progress.
->move(E)
  state:17.5, error
  Negative on that request:no mission in progress.
->play
  state:18.0, mode:play, ok
  Movement:none
    (1:1)  (1:2)  (1:3)  (1:4)  (1:5)  
    E---   P---   W---   A*--   P---   
    (2:1)  (2:2)  (2:3)  (2:4)  (2:5)  
    B---   ----   ----   B*--   ----   
    (3:1)  (3:2)  (3:3)  (3:4)  (3:5)  
    *---   B---   O---   ----   W---   
    (4:1)  (4:2)  (4:3)  (4:4)  (4:5)  
    ----   PY--   *---   PP--   P*--   
    (5:1)  (5:2)  (5:3)  (5:4)  (5:5)  
    BPY-   J---   ----   A---   W---   
->pass
  state:19.0, mode:play, ok
  Movement:
    [2,A]:[1,4,1]->[5,4,2]
    [4,B]:[2,1,1]->[1,2,2]
    [6,B]:[3,2,1]->[4,2,3]
    [11,B]:[5,1,1]->[4,2,4]
    [14,A]:[5,4,1]->[1,4,1]
    (1:1)  (1:2)  (1:3)  (1:4)  (1:5)  
    E---   PB--   W---   A*--   P---   
    (2:1)  (2:2)  (2:3)  (2:4)  (2:5)  
    ----   ----   ----   B*--   ----   
    (3:1)  (3:2)  (3:3)  (3:4)  (3:5)  
    *---   ----   O---   ----   W---   
    (4:1)  (4:2)  (4:3)  (4:4)  (4:5)  
    ----   PYBB   *---   PP--   P*--   
    (5:1)  (5:2)  (5:3)  (5:4)  (5:5)  
    -PY-   J---   ----   -A--   W---   
->test(1,25,42,20,43)
  state:19.1, mode:play, error
  To start a new mission, please abort the current one first.
->move(NW)
  state:20.0, mode:play, ok
  Movement:
    [0,E]:[1,1,1]->[5,5,2]
    [2,A]:[5,4,2]->[4,3,2]
    [3,P]:[1,5,1]->[5,4,1]
    [4,B]:[1,2,2]->[5,3,1]
      reproduced [15,B] at [5,3,2]
    [8,P]:[4,4,1]->[3,4,1]
    [13,J]:[5,2,1]->[1,3,2]
    (1:1)  (1:2)  (1:3)  (1:4)  (1:5)  
    ----   P---   WJ--   A*--   ----   
    (2:1)  (2:2)  (2:3)  (2:4)  (2:5)  
    ----   ----   ----   B*--   ----   
    (3:1)  (3:2)  (3:3)  (3:4)  (3:5)  
    *---   ----   O---   P---   W---   
    (4:1)  (4:2)  (4:3)  (4:4)  (4:5)  
    ----   PYBB   *A--   -P--   P*--   
    (5:1)  (5:2)  (5:3)  (5:4)  (5:5)  
    -PY-   ----   BB--   P---   WE--   
->wormhole
  state:21.0, mode:play, ok
  Movement:
    [0,E]:[5,5,2]->[4,1,1]
    [1,P]:[1,2,1]->[1,3,3]
    [2,A]:[4,3,2]->[3,3,2]
    [3,P]:[5,4,1]->[4,4,1]
    [5,B]:[2,4,1]->[3,3,2]
    [9,P]:[4,4,2]->[3,5,2]
    [11,B]:[4,2,4]->[5,3,3]
      reproduced [16,B] at [5,3,4]
    (1:1)  (1:2)  (1:3)  (1:4)  (1:5)  
    ----   ----   WJP-   A*--   ----   
    (2:1)  (2:2)  (2:3)  (2:4)  (2:5)  
    ----   ----   ----   -*--   ----   
    (3:1)  (3:2)  (3:3)  (3:4)  (3:5)  
    *---   ----   O---   P---   WP--   
    (4:1)  (4:2)  (4:3)  (4:4)  (4:5)  
    E---   PYB-   *---   P---   P*--   
    (5:1)  (5:2)  (5:3)  (5:4)  (5:5)  
    -PY-   ----   BBBB   ----   W---   
->move(SW)
  state:22.0, mode:play, ok
  Movement:
    [0,E]:[4,1,1]->[5,5,2]
    [6,B]:[4,2,3]->[4,1,1]
      reproduced [17,B] at [4,1,2]
    [8,P]:[3,4,1]->[3,3,2]
    [14,A]:[1,4,1]->[2,5,1]
    [16,B]:[5,3,4]->[5,2,1]
    (1:1)  (1:2)  (1:3)  (1:4)  (1:5)  
    ----   ----   WJP-   -*--   ----   
    (2:1)  (2:2)  (2:3)  (2:4)  (2:5)  
    ----   ----   ----   -*--   A---   
    (3:1)  (3:2)  (3:3)  (3:4)  (3:5)  
    *---   ----   O---   ----   WP--   
    (4:1)  (4:2)  (4:3)  (4:4)  (4:5)  
    BB--   PY--   *---   P---   P*--   
    (5:1)  (5:2)  (5:3)  (5:4)  (5:5)  
    -PY-   B---   BBB-   ----   WE--   
->land
  state:22.1, mode:play, error
  Negative on that request:no yellow dwarf at Sector:5:5
->move(NW)
  state:23.0, mode:play, ok
  Explorer got lost in space - out of fuel at Sector:4:4
  The game has ended. You can start a new game.
  Movement:
    [0,E]:[5,5,2]->[4,4,2]
    [1,P]:[1,3,3]->[1,4,1]
    [3,P]:[4,4,1]->[5,4,1]
    [4,B]:[5,3,1]->[4,2,3]
    [13,J]:[1,3,2]->[1,2,1]
    [14,A]:[2,5,1]->[2,1,1]
    [15,B]:[5,3,2]->[4,4,1]
    (1:1)  (1:2)  (1:3)  (1:4)  (1:5)  
    ----   J---   W---   P*--   ----   
    (2:1)  (2:2)  (2:3)  (2:4)  (2:5)  
    A---   ----   ----   -*--   ----   
    (3:1)  (3:2)  (3:3)  (3:4)  (3:5)  
    *---   ----   O---   ----   WP--   
    (4:1)  (4:2)  (4:3)  (4:4)  (4:5)  
    BB--   PYB-   *---   B---   P*--   
    (5:1)  (5:2)  (5:3)  (5:4)  (5:5)  
    -PY-   B---   --B-   P---   W---   
->move(SW)
  state:23.1, error
  Negative on that request:no mission in progress.
->move(E)
  state:23.2, error
  Negative on that request:no mission in progress.
