  state:0.0, ok
  Welcome! Try test(3,5,7,15,30)
->move(SW)
  state:0.1, error
  Negative on that request:no mission in progress.
->test(17,35,44,33,38)
  state:0.2, error
  Thresholds should be non-decreasing order.
->abort
  state:0.3, error
  Negative on that request:no mission in progress.
->move(SE)
  state:0.4, error
  Negative on that request:no mission in progress.
->move(N)
  state:0.5, error
  Negative on that request:no mission in progress.
->move(W)
  state:0.6, error
  Negative on that request:no mission in progress.
->move(SW)
  state:0.7, error
  Negative on that request:no mission in progress.
->play
  state:1.0, mode:play, ok
  Movement:none
    (1:1)  (1:2)  (1:3)  (1:4)  (1:5)  
    E---   *---   P---   ----   PP--   
    (2:1)  (2:2)  (2:3)  (2:4)  (2:5)  
    ----   ----   W---   ----   P---   
    (3:1)  (3:2)  (3:3)  (3:4)  (3:5)  
    MY--   ----   O---   PW--   ----   
    (4:1)  (4:2)  (4:3)  (4:4)  (4:5)  
    W---   M*--   P---   P*--   ----   
    (5:1)  (5:2)  (5:3)  (5:4)  (5:5)  
    BW--   ----   *---   ----   PW--   
->test(5,33,29,41,45)
  state:1.1, mode:play, error
  To start a new mission, please abort the current one first.
->move(NW)
  state:2.0, mode:play, ok
  Movement:
    [0,E]:[1,1,1]->[5,5,3]
    [3,P]:[1,5,2]->[5,4,1]
    [8,P]:[4,3,1]->[3,2,1]
    (1:1)  (1:2)  (1:3)  (1:4)  (1:5)  
    ----   *---   P---   ----   P---   
    (2:1)  (2:2)  (2:3)  (2:4)  (2:5)  
    ----   ----   W---   ----   P---   
    (3:1)  (3:2)  (3:3)  (3:4)  (3:5)  
    MY--   P---   O---   PW--   ----   
    (4:1)  (4:2)  (4:3)  (4:4)  (4:5)  
    W---   M*--   ----   P*--   ----   
    (5:1)  (5:2)  (5:3)  (5:4)  (5:5)  
    BW--   ----   *---   P---   PWE-   
->liftoff
  state:2.1, mode:play, error
  Negative on that request:you are not on a planet at Sector:5:5
->move(SW)
  state:3.0, mode:play, ok
  Movement:
    [0,E]:[5,5,3]->[1,4,1]
    [5,M]:[3,1,1]->[3,5,1]
    [8,P]:[3,2,1]->[2,1,1]
    [10,B]:[5,1,1]->[5,2,1]
    (1:1)  (1:2)  (1:3)  (1:4)  (1:5)  
    ----   *---   P---   E---   P---   
    (2:1)  (2:2)  (2:3)  (2:4)  (2:5)  
    P---   ----   W---   ----   P---   
    (3:1)  (3:2)  (3:3)  (3:4)  (3:5)  
    -Y--   ----   O---   PW--   M---   
    (4:1)  (4:2)  (4:3)  (4:4)  (4:5)  
    W---   M*--   ----   P*--   ----   
    (5:1)  (5:2)  (5:3)  (5:4)  (5:5)  
    -W--   B---   *---   P---   PW--   
->land
  state:3.1, mode:play, error
  Negative on that request:no yellow dwarf at Sector:1:4
->move(SW)
  state:4.0, mode:play, ok
  Explorer got lost in space - out of fuel at Sector:2:3
  The game has ended. You can start a new game.
  Movement:
    [0,E]:[1,4,1]->[2,3,2]
    [1,P]:[1,3,1]->[2,4,1]
    [2,P]:[1,5,1]->[2,5,2]
    [4,P]:[2,5,1]->[2,4,2]
    [6,P]:[3,4,1]->[2,3,2]
    [7,M]:[4,2,1]->[5,1,1]
    [10,B]:[5,2,1]->[5,1,3]
      reproduced [12,B] at [5,1,4]
      destroyed [7,M] at [5,1,1]
    [11,P]:[5,5,1]->[4,4,3]
    (1:1)  (1:2)  (1:3)  (1:4)  (1:5)  
    ----   *---   ----   ----   ----   
    (2:1)  (2:2)  (2:3)  (2:4)  (2:5)  
    P---   ----   WP--   PP--   -P--   
    (3:1)  (3:2)  (3:3)  (3:4)  (3:5)  
    -Y--   ----   O---   -W--   M---   
    (4:1)  (4:2)  (4:3)  (4:4)  (4:5)  
    W---   -*--   ----   P*P-   ----   
    (5:1)  (5:2)  (5:3)  (5:4)  (5:5)  
    -WBB   ----   *---   P---   -W--   
->move(W)
  state:4.1, error
  Negative on that request:no mission in progress.
->move(NE)
  state:4.2, error
  Negative on that request:no mission in progress.
->move(S)
  state:4.3, error
  Negative on that request:no mission in progress.
->move(W)
  state:4.4, error
  Negative on that request:no mission in progress.
->abort
  state:4.5, error
  Negative on that request:no mission in progress.
->abort
  state:4.6, error
  Negative on that request:no mission in progress.
->play
  state:5.0, mode:play, ok
  Movement:none
    (1:1)  (1:2)  (1:3)  (1:4)  (1:5)  
    EW--   *---   P---   ----   A*--   
    (2:1)  (2:2)  (2:3)  (2:4)  (2:5)  
    B*--   *---   P---   P---   ----   
    (3:1)  (3:2)  (3:3)  (3:4)  (3:5)  
    Y---   ----   O---   B---   ----   
    (4:1)  (4:2)  (4:3)  (4:4)  (4:5)  
    ----   P---   P*--   ----   P---   
    (5:1)  (5:2)  (5:3)  (5:4)  (5:5)  
    *---   *---   P---   ----   *---   
->move(E)
  state:6.0, mode:play, ok
  Movement:
    [0,E]:[1,1,1]->[1,2,2]
    [2,A]:[1,5,1]->[5,5,2]
    [7,P]:[4,2,1]->[3,2,1]
    [10,P]:[5,3,1]->[1,2,3]
    (1:1)  (1:2)  (1:3)  (1:4)  (1:5)  
    -W--   *EP-   P---   ----   -*--   
    (2:1)  (2:2)  (2:3)  (2:4)  (2:5)  
    B*--   *---   P---   P---   ----   
    (3:1)  (3:2)  (3:3)  (3:4)  (3:5)  
    Y---   P---   O---   B---   ----   
    (4:1)  (4:2)  (4:3)  (4:4)  (4:5)  
    ----   ----   P*--   ----   P---   
    (5:1)  (5:2)  (5:3)  (5:4)  (5:5)  
    *---   *---   ----   ----   *A--   
->move(SW)
  state:7.0, mode:play, ok
  Movement:
    [0,E]:[1,2,2]->[2,1,3]
    [1,P]:[1,3,1]->[5,4,1]
    [3,B]:[2,1,1]->[3,2,2]
    [4,P]:[2,3,1]->[1,3,1]
    [6,B]:[3,4,1]->[4,4,1]
    [9,P]:[4,5,1]->[5,5,3]
    (1:1)  (1:2)  (1:3)  (1:4)  (1:5)  
    -W--   *-P-   P---   ----   -*--   
    (2:1)  (2:2)  (2:3)  (2:4)  (2:5)  
    -*E-   *---   ----   P---   ----   
    (3:1)  (3:2)  (3:3)  (3:4)  (3:5)  
    Y---   PB--   O---   ----   ----   
    (4:1)  (4:2)  (4:3)  (4:4)  (4:5)  
    ----   ----   P*--   B---   ----   
    (5:1)  (5:2)  (5:3)  (5:4)  (5:5)  
    *---   *---   ----   P---   *AP-   
->move(S)
  state:8.0, mode:play, ok
  Movement:
    [0,E]:[2,1,3]->[3,1,2]
    [4,P]:[1,3,1]->[5,3,1]
    [5,P]:[2,4,1]->[2,5,1]
    [7,P]:[3,2,1]->[4,3,3]
    (1:1)  (1:2)  (1:3)  (1:4)  (1:5)  
    -W--   *-P-   ----   ----   -*--   
    (2:1)  (2:2)  (2:3)  (2:4)  (2:5)  
    -*--   *---   ----   ----   P---   
    (3:1)  (3:2)  (3:3)  (3:4)  (3:5)  
    YE--   -B--   O---   ----   ----   
    (4:1)  (4:2)  (4:3)  (4:4)  (4:5)  
    ----   ----   P*P-   B---   ----   
    (5:1)  (5:2)  (5:3)  (5:4)  (5:5)  
    *---   *---   P---   P---   *AP-   
->abort
  state:8.1, ok
  Mission aborted. Try test(3,5,7,15,30)
->move(E)
  state:8.2, error
  Negative on that request:no mission in progress.
->abort
  state:8.3, error
  Negative on that request:no mission in progress.
->move(NW)
  state:8.4, error
  Negative on that request:no mission in progress.
->test(29,24,32,30,34)
  state:8.5, error
  Thresholds should be non-decreasing order.
->move(E)
  state:8.6, error
  Negative on that request:no mission in progress.
->liftoff
  state:8.7, error
  Negative on that request:no mission in progress.
->liftoff
  state:8.8, error
  Negative on that request:no mission in progress.
->move(NW)
  state:8.9, error
  Negative on that request:no mission in progress.
->wormhole
  state:8.10, error
  Negative on that request:no mission in progress.
->move(E)
  state:8.11, error
  Negative on that request:no mission in progress.
->move(SW)
  state:8.12, error
  Negative on that request:no mission in progress.
->move(SE)
  state:8.13, error
  Negative on that request:no mission in progress.
->move(W)
  state:8.14, error
  Negative on that request:no mission in progress.
->move(S)
  state:8.15, error
  Negative on that request:no mission in progress.
->move(N)
  state:8.16, error
  Negative on that request:no mission in progress.
->liftoff
  state:8.17, error
  Negative on that request:no mission in progress.
->move(SW)
  state:8.18, error
  Negative on that request:no mission in progress.
->pass
  state:8.19, error
  Negative on that request:no mission in progress.
->move(W)
  state:8.20, error
  Negative on that request:no mission in progress.
->play
  state:9.0, mode:play, ok
  Movement:none
    (1:1)  (1:2)  (1:3)  (1:4)  (1:5)  
    EW--   B---   B*--   P---   P---   
    (2:1)  (2:2)  (2:3)  (2:4)  (2:5)  
    ----   B*--   BW--   *---   ----   
    (3:1)  (3:2)  (3:3)  (3:4)  (3:5)  
    B---   BY--   O---   W---   BB--   
    (4:1)  (4:2)  (4:3)  (4:4)  (4:5)  
    J---   B---   P---   P*--   ----   
    (5:1)  (5:2)  (5:3)  (5:4)  (5:5)  
    B---   B---   Y---   P---   W---   
->abort
  state:9.1, ok
  Mission aborted. Try test(3,5,7,15,30)
->move(NE)
  state:9.2, error
  Negative on that request:no mission in progress.
->move(E)
  state:9.3, error
  Negative on that request:no mission in progress.
->move(E)
  state:9.4, error
  Negative on that request:no mission in progress.
->move(E)
  state:9.5, error
  Negative on that request:no mission in progress.
->liftoff
  state:9.6, error
  Negative on that request:no mission in progress.
->move(SE)
  state:9.7, error
  Negative on that request:no mission in progress.
->move(N)
  state:9.8, error
  Negative on that request:no mission in progress.
->pass
  state:9.9, error
  Negative on that request:no mission in progress.
->wormhole
  state:9.10, error
  Negative on that request:no mission in progress.
->move(SE)
  state:9.11, error
  Negative on that request:no mission in progress.
->abort
  state:9.12, error
  Negative on that request:no mission in progress.
->move(N)
  state:9.13, error
  Negative on that request:no mission in progress.
->move(E)
  state:9.14, error
  Negative on that request:no mission in progress.
->liftoff
  state:9.15, error
  Negative on that request:no mission in progress.
->move(NW)
  state:9.16, error
  Negative on that request:no mission in progress.
->move(N)
  state:9.17, error
  Negative on that request:no mission in progress.
->move(N)
  state:9.18, error
  Negative on that request:no mission in progress.
->play
  state:10.0, mode:play, ok
  Movement:none
    (1:1)  (1:2)  (1:3)  (1:4)  (1:5)  
    EJ*-   P*--   ----   ----   Y---   
    (2:1)  (2:2)  (2:3)  (2:4)  (2:5)  
    ----   ----   *---   P---   B---   
    (3:1)  (3:2)  (3:3)  (3:4)  (3:5)  
    ----   BY--   O---   P---   Y---   
    (4:1)  (4:2)  (4:3)  (4:4)  (4:5)  
    P---   *---   BW--   *---   P---   
    (5:1)  (5:2)  (5:3)  (5:4)  (5:5)  
    P---   ----   B---   *---   P---   
->pass
  state:11.0, mode:play, ok
  Movement:
    [3,P]:[2,4,1]->[2,5,2]
    [11,B]:[5,3,1]->[4,4,2]
    [12,P]:[5,5,1]->[5,4,2]
    (1:1)  (1:2)  (1:3)  (1:4)  (1:5)  
    EJ*-   P*--   ----   ----   Y---   
    (2:1)  (2:2)  (2:3)  (2:4)  (2:5)  
    ----   ----   *---   ----   BP--   
    (3:1)  (3:2)  (3:3)  (3:4)  (3:5)  
    ----   BY--   O---   P---   Y---   
    (4:1)  (4:2)  (4:3)  (4:4)  (4:5)  
    P---   *---   BW--   *B--   P---   
    (5:1)  (5:2)  (5:3)  (5:4)  (5:5)  
    P---   ----   ----   *P--   ----   
->abort
  state:11.1, ok
  Mission aborted. Try test(3,5,7,15,30)
->abort
  state:11.2, error
  Negative on that request:no mission in progress.
->move(S)
  state:11.3, error
  Negative on that request:no mission in progress.
->move(N)
  state:11.4, error
  Negative on that request:no mission in progress.
->land
  state:11.5, error
  Negative on that request:no mission in progress.
->move(SW)
  state:11.6, error
  Negative on that request:no mission in progress.
->test(21,21,41,34,35)
  state:11.7, error
  Thresholds should be non-decreasing order.
->move(W)
  state:11.8, error
  Negative on that request:no mission in progress.
->move(E)
  state:11.9, error
  Negative on that request:no mission in progress.
->abort
  state:11.10, error
  Negative on that request:no mission in progress.
->move(NE)
  state:11.11, error
  Negative on that request:no mission in progress.
->land
  state:11.12, error
  Negative on that request:no mission in progress.
->move(NW)
  state:11.13, error
  Negative on that request:no mission in progress.
->move(N)
  state:11.14, error
  Negative on that request:no mission in progress.
->play
  state:12.0, mode:play, ok
  Movement:none
    (1:1)  (1:2)  (1:3)  (1:4)  (1:5)  
    EW--   M---   M*--   W---   Y---   
    (2:1)  (2:2)  (2:3)  (2:4)  (2:5)  
    P*--   B*--   ----   P---   PP--   
    (3:1)  (3:2)  (3:3)  (3:4)  (3:5)  
    B---   B*--   O---   Y---   ----   
    (4:1)  (4:2)  (4:3)  (4:4)  (4:5)  
    P---   ----   ----   ----   W---   
    (5:1)  (5:2)  (5:3)  (5:4)  (5:5)  
    ----   ----   B---   M---   PY--   
->land
  state:12.1, mode:play, error
  Negative on that request:no yellow dwarf at Sector:1:1
->pass
  state:13.0, mode:play, ok
  Movement:
    [8,B]:[3,1,1]->[4,2,1]
    (1:1)  (1:2)  (1:3)  (1:4)  (1:5)  
    EW--   M---   M*--   W---   Y---   
    (2:1)  (2:2)  (2:3)  (2:4)  (2:5)  
    P*--   B*--   ----   P---   PP--   
    (3:1)  (3:2)  (3:3)  (3:4)  (3:5)  
    ----   B*--   O---   Y---   ----   
    (4:1)  (4:2)  (4:3)  (4:4)  (4:5)  
    P---   B---   ----   ----   W---   
    (5:1)  (5:2)  (5:3)  (5:4)  (5:5)  
    ----   ----   B---   M---   PY--   
->move(E)
  state:14.0, mode:play, ok
  Movement:
    [0,E]:[1,1,1]->[1,2,2]
    [5,P]:[2,4,1]->[2,3,1]
    [7,P]:[2,5,2]->[1,1,1]
    [10,P]:[4,1,1]->[5,5,3]
    [11,B]:[5,3,1]->[4,2,2]
    (1:1)  (1:2)  (1:3)  (1:4)  (1:5)  
    PW--   ME--   M*--   W---   Y---   
    (2:1)  (2:2)  (2:3)  (2:4)  (2:5)  
    P*--   B*--   P---   ----   P---   
    (3:1)  (3:2)  (3:3)  (3:4)  (3:5)  
    ----   B*--   O---   Y---   ----   
    (4:1)  (4:2)  (4:3)  (4:4)  (4:5)  
    ----   BB--   ----   ----   W---   
    (5:1)  (5:2)  (5:3)  (5:4)  (5:5)  
    ----   ----   ----   M---   PYP-   
->move(SE)
  state:15.0, mode:play, ok
  Movement:
    [0,E]:[1,2,2]->[2,3,2]
    [1,M]:[1,2,1]->[5,2,1]
    [2,M]:[1,3,1]->[5,2,2]
    [4,B]:[2,2,1]->[2,3,3]
    [6,P]:[2,5,1]->[1,4,2]
    [7,P]:[1,1,1]->[2,2,1]
    [8,B]:[4,2,1]->[4,1,1]
      reproduced [14,B] at [4,1,2]
    [9,B]:[3,2,1]->[3,3,2]
    [12,M]:[5,4,1]->[5,3,1]
    (1:1)  (1:2)  (1:3)  (1:4)  (1:5)  
    -W--   ----   -*--   WP--   Y---   
    (2:1)  (2:2)  (2:3)  (2:4)  (2:5)  
    P*--   P*--   PEB-   ----   ----   
    (3:1)  (3:2)  (3:3)  (3:4)  (3:5)  
    ----   -*--   O---   Y---   ----   
    (4:1)  (4:2)  (4:3)  (4:4)  (4:5)  
    BB--   -B--   ----   ----   W---   
    (5:1)  (5:2)  (5:3)  (5:4)  (5:5)  
    ----   MM--   M---   ----   PYP-   
->wormhole
  state:15.1, mode:play, error
  Explorer couldn't find wormhole at Sector:2:3
->move(SW)
  state:16.0, mode:play, ok
  Movement:
    [0,E]:[2,3,2]->[3,2,1]
    [1,M]:[5,2,1]->[5,1,1]
      reproduced [15,M] at [5,1,2]
    [5,P]:[2,3,1]->[3,4,2]
    [6,P]:[1,4,2]->[5,4,1]
    [12,M]:[5,3,1]->[1,2,1]
      reproduced [16,M] at [1,2,2]
    (1:1)  (1:2)  (1:3)  (1:4)  (1:5)  
    -W--   MM--   -*--   W---   Y---   
    (2:1)  (2:2)  (2:3)  (2:4)  (2:5)  
    P*--   P*--   --B-   ----   ----   
    (3:1)  (3:2)  (3:3)  (3:4)  (3:5)  
    ----   E*--   O---   YP--   ----   
    (4:1)  (4:2)  (4:3)  (4:4)  (4:5)  
    BB--   -B--   ----   ----   W---   
    (5:1)  (5:2)  (5:3)  (5:4)  (5:5)  
    MM--   -M--   ----   P---   PYP-   
->move(W)
  state:17.0, mode:play, ok
  Movement:
    [0,E]:[3,2,1]->[3,1,1]
    [2,M]:[5,2,2]->[4,3,1]
      reproduced [17,M] at [4,3,2]
    [11,B]:[4,2,2]->[5,2,1]
      reproduced [18,B] at [5,2,2]
    [14,B]:[4,1,2]->[5,1,3]
      destroyed [1,M] at [5,1,1]
      destroyed [15,M] at [5,1,2]
    [16,M]:[1,2,2]->[2,3,1]
    (1:1)  (1:2)  (1:3)  (1:4)  (1:5)  
    -W--   M---   -*--   W---   Y---   
    (2:1)  (2:2)  (2:3)  (2:4)  (2:5)  
    P*--   P*--   M-B-   ----   ----   
    (3:1)  (3:2)  (3:3)  (3:4)  (3:5)  
    E---   -*--   O---   YP--   ----   
    (4:1)  (4:2)  (4:3)  (4:4)  (4:5)  
    B---   ----   MM--   ----   W---   
    (5:1)  (5:2)  (5:3)  (5:4)  (5:5)  
    --B-   BB--   ----   P---   PYP-   
->move(E)
  state:18.0, mode:play, ok
  Movement:
    [0,E]:[3,1,1]->[3,2,1]
    [4,B]:[2,3,3]->[3,2,3]
      reproduced [19,B] at [3,2,4]
    [6,P]:[5,4,1]->[5,3,1]
    [8,B]:[4,1,1]->[5,5,4]
    [12,M]:[1,2,1]->[2,2,3]
    [14,B]:[5,1,3]->[4,1,1]
      reproduced [20,B] at [4,1,2]
    (1:1)  (1:2)  (1:3)  (1:4)  (1:5)  
    -W--   ----   -*--   W---   Y---   
    (2:1)  (2:2)  (2:3)  (2:4)  (2:5)  
    P*--   P*M-   M---   ----   ----   
    (3:1)  (3:2)  (3:3)  (3:4)  (3:5)  
    ----   E*BB   O---   YP--   ----   
    (4:1)  (4:2)  (4:3)  (4:4)  (4:5)  
    BB--   ----   MM--   ----   W---   
    (5:1)  (5:2)  (5:3)  (5:4)  (5:5)  
    ----   BB--   P---   ----   PYPB   
->move(E)
  state:19.0, mode:play, ok
  Explorer got devoured by blackhole (id: -1) at Sector:3:3
  The game has ended. You can start a new game.
  Movement:
    [0,E]:[3,2,1]->[3,3,2]
    [2,M]:[4,3,1]->[3,3,2]
    [18,B]:[5,2,2]->[1,3,1]
    (1:1)  (1:2)  (1:3)  (1:4)  (1:5)  
    -W--   ----   B*--   W---   Y---   
    (2:1)  (2:2)  (2:3)  (2:4)  (2:5)  
    P*--   P*M-   M---   ----   ----   
    (3:1)  (3:2)  (3:3)  (3:4)  (3:5)  
    ----   -*BB   O---   YP--   ----   
    (4:1)  (4:2)  (4:3)  (4:4)  (4:5)  
    BB--   ----   -M--   ----   W---   
    (5:1)  (5:2)  (5:3)  (5:4)  (5:5)  
    ----   B---   P---   ----   PYPB   
->land
  state:19.1, error
  Negative on that request:no mission in progress.
->move(SW)
  state:19.2, error
  Negative on that request:no mission in progress.
->abort
  state:19.3, error
  Negative on that request:no mission in progress.
->move(E)
  state:19.4, error
  Negative on that request:no mission in progress.
->move(NE)
  state:19.5, error
  Negative on that request:no mission in progress.
->test(22,27,46,49,52)
  state:20.0, mode:test, ok
  Movement:none
  Sectors:
    [1,1]->[0,E],[1,M],[-2,*],-
    [1,2]->-,-,-,-
    [1,3]->[2,M],[3,A],[-7,Y],-
    [1,4]->[4,A],-,-,-
    [1,5]->[5,M],[-3,*],-,-
    [2,1]->[6,P],[7,M],-,-
    [2,2]->-,-,-,-
    [2,3]->-,-,-,-
    [2,4]->[8,J],[9,M],[-5,*],-
    [2,5]->[10,A],[11,A],-,-
    [3,1]->[12,M],-,-,-
    [3,2]->[-4,W],-,-,-
    [3,3]->[-1,O],-,-,-
    [3,4]->[13,A],[14,M],[-6,*],-
    [3,5]->[15,A],-,-,-
    [4,1]->[16,A],[-9,*],-,-
    [4,2]->[17,M],[18,M],[-8,*],-
    [4,3]->[19,A],[20,A],-,-
    [4,4]->[-10,W],-,-,-
    [4,5]->-,-,-,-
    [5,1]->-,-,-,-
    [5,2]->[21,M],-,-,-
    [5,3]->[22,A],[-11,Y],-,-
    [5,4]->-,-,-,-
    [5,5]->[23,B],-,-,-
  Descriptions:
    [-11,Y]->Luminosity:2
    [-10,W]->
    [-9,*]->Luminosity:5
    [-8,*]->Luminosity:5
    [-7,Y]->Luminosity:2
    [-6,*]->Luminosity:5
    [-5,*]->Luminosity:5
    [-4,W]->
    [-3,*]->Luminosity:5
    [-2,*]->Luminosity:5
    [-1,O]->
    [0,E]->fuel:3/3, life:3/3, landed?:F
    [1,M]->fuel:3/3, actions_left_until_reproduction:1/1, turns_left:2
    [2,M]->fuel:3/3, actions_left_until_reproduction:1/1, turns_left:0
    [3,A]->turns_left:0
    [4,A]->turns_left:1
    [5,M]->fuel:3/3, actions_left_until_reproduction:1/1, turns_left:1
    [6,P]->attached?:F, support_life?:F, visited?:F, turns_left:0
    [7,M]->fuel:3/3, actions_left_until_reproduction:1/1, turns_left:2
    [8,J]->fuel:5/5, load:0/2, actions_left_until_reproduction:2/2, turns_left:0
    [9,M]->fuel:3/3, actions_left_until_reproduction:1/1, turns_left:1
    [10,A]->turns_left:1
    [11,A]->turns_left:1
    [12,M]->fuel:3/3, actions_left_until_reproduction:1/1, turns_left:1
    [13,A]->turns_left:2
    [14,M]->fuel:3/3, actions_left_until_reproduction:1/1, turns_left:0
    [15,A]->turns_left:0
    [16,A]->turns_left:1
    [17,M]->fuel:3/3, actions_left_until_reproduction:1/1, turns_left:2
    [18,M]->fuel:3/3, actions_left_until_reproduction:1/1, turns_left:0
    [19,A]->turns_left:1
    [20,A]->turns_left:0
    [21,M]->fuel:3/3, actions_left_until_reproduction:1/1, turns_left:2
    [22,A]->turns_left:1
    [23,B]->fuel:3/3, actions_left_until_reproduction:1/1, turns_left:0
  Deaths This Turn:none
    (1:1)  (1:2)  (1:3)  (1:4)  (1:5)  
    EM*-   ----   MAY-   A---   M*--   
    (2:1)  (2:2)  (2:3)  (2:4)  (2:5)  
    PM--   ----   ----   JM*-   AA--   
    (3:1)  (3:2)  (3:3)  (3:4)  (3:5)  
    M---   W---   O---   AM*-   A---   
    (4:1)  (4:2)  (4:3)  (4:4)  (4:5)  
    A*--   MM*-   AA--   W---   ----   
    (5:1)  (5:2)  (5:3)  (5:4)  (5:5)  
    ----   M---   AY--   ----   B---   
