  state:0.0, ok
  Welcome! Try test(3,5,7,15,30)
->play
  state:1.0, mode:play, ok
  Movement:none
    (1:1)  (1:2)  (1:3)  (1:4)  (1:5)  
    E---   *---   P---   ----   PP--   
    (2:1)  (2:2)  (2:3)  (2:4)  (2:5)  
    ----   ----   W---   ----   P---   
    (3:1)  (3:2)  (3:3)  (3:4)  (3:5)  
    MY--   ----   O---   PW--   ----   
    (4:1)  (4:2)  (4:3)  (4:4)  (4:5)  
    W---   M*--   P---   P*--   ----   
    (5:1)  (5:2)  (5:3)  (5:4)  (5:5)  
    BW--   ----   *---   ----   PW--   
->move(NE)
  state:2.0, mode:play, ok
  Movement:
    [0,E]:[1,1,1]->[5,2,1]
    [3,P]:[1,5,2]->[5,4,1]
    [8,P]:[4,3,1]->[3,2,1]
    (1:1)  (1:2)  (1:3)  (1:4)  (1:5)  
    ----   *---   P---   ----   P---   
    (2:1)  (2:2)  (2:3)  (2:4)  (2:5)  
    ----   ----   W---   ----   P---   
    (3:1)  (3:2)  (3:3)  (3:4)  (3:5)  
    MY--   P---   O---   PW--   ----   
    (4:1)  (4:2)  (4:3)  (4:4)  (4:5)  
    W---   M*--   ----   P*--   ----   
    (5:1)  (5:2)  (5:3)  (5:4)  (5:5)  
    BW--   E---   *---   P---   PW--   
->move(N)
  state:3.0, mode:play, ok
  Movement:
    [0,E]:[5,2,1]->[4,2,3]
    [5,M]:[3,1,1]->[3,5,1]
    [8,P]:[3,2,1]->[2,1,1]
    [10,B]:[5,1,1]->[5,2,1]
    (1:1)  (1:2)  (1:3)  (1:4)  (1:5)  
    ----   *---   P---   ----   P---   
    (2:1)  (2:2)  (2:3)  (2:4)  (2:5)  
    P---   ----   W---   ----   P---   
    (3:1)  (3:2)  (3:3)  (3:4)  (3:5)  
    -Y--   ----   O---   PW--   M---   
    (4:1)  (4:2)  (4:3)  (4:4)  (4:5)  
    W---   M*E-   ----   P*--   ----   
    (5:1)  (5:2)  (5:3)  (5:4)  (5:5)  
    -W--   B---   *---   P---   PW--   
->move(N)
  state:4.0, mode:play, ok
  Movement:
    [0,E]:[4,2,3]->[3,2,1]
    [1,P]:[1,3,1]->[2,4,1]
    [2,P]:[1,5,1]->[2,5,2]
    [4,P]:[2,5,1]->[2,4,2]
    [6,P]:[3,4,1]->[2,3,2]
    [7,M]:[4,2,1]->[5,1,1]
    [10,B]:[5,2,1]->[5,1,3]
      reproduced [12,B] at [5,1,4]
      destroyed [7,M] at [5,1,1]
    [11,P]:[5,5,1]->[4,4,3]
    (1:1)  (1:2)  (1:3)  (1:4)  (1:5)  
    ----   *---   ----   ----   ----   
    (2:1)  (2:2)  (2:3)  (2:4)  (2:5)  
    P---   ----   WP--   PP--   -P--   
    (3:1)  (3:2)  (3:3)  (3:4)  (3:5)  
    -Y--   E---   O---   -W--   M---   
    (4:1)  (4:2)  (4:3)  (4:4)  (4:5)  
    W---   -*--   ----   P*P-   ----   
    (5:1)  (5:2)  (5:3)  (5:4)  (5:5)  
    -WBB   ----   *---   P---   -W--   
->move(SW)
  state:5.0, mode:play, ok
  Movement:
    [0,E]:[3,2,1]->[4,1,2]
    [2,P]:[2,5,2]->[1,5,1]
    [3,P]:[5,4,1]->[1,4,1]
    [6,P]:[2,3,2]->[3,2,1]
    [8,P]:[2,1,1]->[1,5,2]
    [12,B]:[5,1,4]->[5,3,2]
    (1:1)  (1:2)  (1:3)  (1:4)  (1:5)  
    ----   *---   ----   P---   PP--   
    (2:1)  (2:2)  (2:3)  (2:4)  (2:5)  
    ----   ----   W---   PP--   ----   
    (3:1)  (3:2)  (3:3)  (3:4)  (3:5)  
    -Y--   P---   O---   -W--   M---   
    (4:1)  (4:2)  (4:3)  (4:4)  (4:5)  
    WE--   -*--   ----   P*P-   ----   
    (5:1)  (5:2)  (5:3)  (5:4)  (5:5)  
    -WB-   ----   *B--   ----   -W--   
->move(N)
  state:6.0, mode:play, ok
  Movement:
    [0,E]:[4,1,2]->[3,1,1]
    [1,P]:[2,4,1]->[1,3,1]
    [3,P]:[1,4,1]->[1,3,2]
    [5,M]:[3,5,1]->[2,1,1]
      reproduced [13,M] at [2,1,2]
    [6,P]:[3,2,1]->[2,1,3]
    (1:1)  (1:2)  (1:3)  (1:4)  (1:5)  
    ----   *---   PP--   ----   PP--   
    (2:1)  (2:2)  (2:3)  (2:4)  (2:5)  
    MMP-   ----   W---   -P--   ----   
    (3:1)  (3:2)  (3:3)  (3:4)  (3:5)  
    EY--   ----   O---   -W--   ----   
    (4:1)  (4:2)  (4:3)  (4:4)  (4:5)  
    W---   -*--   ----   P*P-   ----   
    (5:1)  (5:2)  (5:3)  (5:4)  (5:5)  
    -WB-   ----   *B--   ----   -W--   
->move(NW)
  state:7.0, mode:play, ok
  Movement:
    [0,E]:[3,1,1]->[2,5,1]
    [2,P]:[1,5,1]->[1,1,1]
    [4,P]:[2,4,2]->[2,5,2]
    [8,P]:[1,5,2]->[1,1,2]
    [10,B]:[5,1,3]->[5,1,1]
    [13,M]:[2,1,2]->[1,2,2]
    (1:1)  (1:2)  (1:3)  (1:4)  (1:5)  
    PP--   *M--   PP--   ----   ----   
    (2:1)  (2:2)  (2:3)  (2:4)  (2:5)  
    M-P-   ----   W---   ----   EP--   
    (3:1)  (3:2)  (3:3)  (3:4)  (3:5)  
    -Y--   ----   O---   -W--   ----   
    (4:1)  (4:2)  (4:3)  (4:4)  (4:5)  
    W---   -*--   ----   P*P-   ----   
    (5:1)  (5:2)  (5:3)  (5:4)  (5:5)  
    BW--   ----   *B--   ----   -W--   
->move(NW)
  state:8.0, mode:play, ok
  Explorer got lost in space - out of fuel at Sector:1:4
  The game has ended. You can start a new game.
  Movement:
    [0,E]:[2,5,1]->[1,4,1]
    [2,P]:[1,1,1]->[5,5,1]
    [5,M]:[2,1,1]->[3,1,1]
    [6,P]:[2,1,3]->[2,5,1]
    [12,B]:[5,3,2]->[5,2,1]
      reproduced [14,B] at [5,2,2]
    (1:1)  (1:2)  (1:3)  (1:4)  (1:5)  
    -P--   *M--   PP--   ----   ----   
    (2:1)  (2:2)  (2:3)  (2:4)  (2:5)  
    ----   ----   W---   ----   PP--   
    (3:1)  (3:2)  (3:3)  (3:4)  (3:5)  
    MY--   ----   O---   -W--   ----   
    (4:1)  (4:2)  (4:3)  (4:4)  (4:5)  
    W---   -*--   ----   P*P-   ----   
    (5:1)  (5:2)  (5:3)  (5:4)  (5:5)  
    BW--   BB--   *---   ----   PW--   
->move(E)
  state:8.1, error
  Negative on that request:no mission in progress.
->test(24,35,28,47,49)
  state:8.2, error
  Thresholds should be non-decreasing order.
->move(SE)
  state:8.3, error
  Negative on that request:no mission in progress.
->move(N)
  state:8.4, error
  Negative on that request:no mission in progress.
->wormhole
  state:8.5, error
  Negative on that request:no mission in progress.
->move(NW)
  state:8.6, error
  Negative on that request:no mission in progress.
->wormhole
  state:8.7, error
  Negative on that request:no mission in progress.
->move(N)
  state:8.8, error
  Negative on that request:no mission in progress.
->move(S)
  state:8.9, error
  Negative on that request:no mission in progress.
->move(E)
  state:8.10, error
  Negative on that request:no mission in progress.
->test(15,25,35,25,53)
  state:8.11, error
  Thresholds should be non-decreasing order.
->move(W)
  state:8.12, error
  Negative on that request:no mission in progress.
->move(N)
  state:8.13, error
  Negative on that request:no mission in progress.
->move(NW)
  state:8.14, error
  Negative on that request:no mission in progress.
->move(NE)
  state:8.15, error
  Negative on that request:no mission in progress.
->move(SW)
  state:8.16, error
  Negative on that request:no mission in progress.
->move(NW)
  state:8.17, error
  Negative on that request:no mission in progress.
->move(N)
  state:8.18, error
  Negative on that request:no mission in progress.
->move(N)
  state:8.19, error
  Negative on that request:no mission in progress.
->move(NE)
  state:8.20, error
  Negative on that request:no mission in progress.
->pass
  state:8.21, error
  Negative on that request:no mission in progress.
->move(E)
  state:8.22, error
  Negative on that request:no mission in progress.
->move(SE)
  state:8.23, error
  Negative on that request:no mission in progress.
->move(SW)
  state:8.24, error
  Negative on that request:no mission in progress.
->land
  state:8.25, error
  Negative on that request:no mission in progress.
->move(NW)
  state:8.26, error
  Negative on that request:no mission in progress.
->move(NW)
  state:8.27, error
  Negative on that request:no mission in progress.
