  state:0.0, ok
  Welcome! Try test(3,5,7,15,30)
->move(SE)
  state:0.1, error
  Negative on that request:no mission in progress.
->move(S)
  state:0.2, error
  Negative on that request:no mission in progress.
->move(NW)
  state:0.3, error
  Negative on that request:no mission in progress.
->move(W)
  state:0.4, error
  Negative on that request:no mission in progress.
->play
  state:1.0, mode:play, ok
  Movement:none
    (1:1)  (1:2)  (1:3)  (1:4)  (1:5)  
    E---   *---   P---   ----   PP--   
    (2:1)  (2:2)  (2:3)  (2:4)  (2:5)  
    ----   ----   W---   ----   P---   
    (3:1)  (3:2)  (3:3)  (3:4)  (3:5)  
    MY--   ----   O---   PW--   ----   
    (4:1)  (4:2)  (4:3)  (4:4)  (4:5)  
    W---   M*--   P---   P*--   ----   
    (5:1)  (5:2)  (5:3)  (5:4)  (5:5)  
    BW--   ----   *---   ----   PW--   
->move(NE)
  state:2.0, mode:play, ok
  Movement:
    [0,E]:[1,1,1]->[5,2,1]
    [3,P]:[1,5,2]->[5,4,1]
    [8,P]:[4,3,1]->[3,2,1]
    (1:1)  (1:2)  (1:3)  (1:4)  (1:5)  
    ----   *---   P---   ----   P---   
    (2:1)  (2:2)  (2:3)  (2:4)  (2:5)  
    ----   ----   W---   ----   P---   
    (3:1)  (3:2)  (3:3)  (3:4)  (3:5)  
    MY--   P---   O---   PW--   ----   
    (4:1)  (4:2)  (4:3)  (4:4)  (4:5)  
    W---   M*--   ----   P*--   ----   
    (5:1)  (5:2)  (5:3)  (5:4)  (5:5)  
    BW--   E---   *---   P---   PW--   
->play
  state:2.1, mode:play, error
  To start a new mission, please abort the current one first.
->move(S)
  state:3.0, mode:play, ok
  Movement:
    [0,E]:[5,2,1]->[1,2,2]
    [5,M]:[3,1,1]->[3,5,1]
    [8,P]:[3,2,1]->[2,1,1]
    [10,B]:[5,1,1]->[5,2,1]
    (1:1)  (1:2)  (1:3)  (1:4)  (1:5)  
    ----   *E--   P---   ----   P---   
    (2:1)  (2:2)  (2:3)  (2:4)  (2:5)  
    P---   ----   W---   ----   P---   
    (3:1)  (3:2)  (3:3)  (3:4)  (3:5)  
    -Y--   ----   O---   PW--   M---   
    (4:1)  (4:2)  (4:3)  (4:4)  (4:5)  
    W---   M*--   ----   P*--   ----   
    (5:1)  (5:2)  (5:3)  (5:4)  (5:5)  
    -W--   B---   *---   P---   PW--   
->move(E)
  state:4.0, mode:play, ok
  Movement:
    [0,E]:[1,2,2]->[1,3,2]
    [1,P]:[1,3,1]->[2,4,1]
    [2,P]:[1,5,1]->[2,5,2]
    [4,P]:[2,5,1]->[2,4,2]
    [6,P]:[3,4,1]->[2,3,2]
    [7,M]:[4,2,1]->[5,1,1]
    [10,B]:[5,2,1]->[5,1,3]
      reproduced [12,B] at [5,1,4]
      destroyed [7,M] at [5,1,1]
    [11,P]:[5,5,1]->[4,4,3]
    (1:1)  (1:2)  (1:3)  (1:4)  (1:5)  
    ----   *---   -E--   ----   ----   
    (2:1)  (2:2)  (2:3)  (2:4)  (2:5)  
    P---   ----   WP--   PP--   -P--   
    (3:1)  (3:2)  (3:3)  (3:4)  (3:5)  
    -Y--   ----   O---   -W--   M---   
    (4:1)  (4:2)  (4:3)  (4:4)  (4:5)  
    W---   -*--   ----   P*P-   ----   
    (5:1)  (5:2)  (5:3)  (5:4)  (5:5)  
    -WBB   ----   *---   P---   -W--   
->wormhole
  state:4.1, mode:play, error
  Explorer couldn't find wormhole at Sector:1:3
->liftoff
  state:4.2, mode:play, error
  Negative on that request:you are not on a planet at Sector:1:3
->wormhole
  state:4.3, mode:play, error
  Explorer couldn't find wormhole at Sector:1:3
->move(NW)
  state:5.0, mode:play, ok
  Movement:
    [0,E]:[1,3,2]->[5,2,1]
    [2,P]:[2,5,2]->[1,5,1]
    [3,P]:[5,4,1]->[1,4,1]
    [6,P]:[2,3,2]->[3,2,1]
    [8,P]:[2,1,1]->[1,5,2]
    [12,B]:[5,1,4]->[5,3,2]
    (1:1)  (1:2)  (1:3)  (1:4)  (1:5)  
    ----   *---   ----   P---   PP--   
    (2:1)  (2:2)  (2:3)  (2:4)  (2:5)  
    ----   ----   W---   PP--   ----   
    (3:1)  (3:2)  (3:3)  (3:4)  (3:5)  
    -Y--   P---   O---   -W--   M---   
    (4:1)  (4:2)  (4:3)  (4:4)  (4:5)  
    W---   -*--   ----   P*P-   ----   
    (5:1)  (5:2)  (5:3)  (5:4)  (5:5)  
    -WB-   E---   *B--   ----   -W--   
->move(W)
  state:6.0, mode:play, ok
  Explorer got lost in space - out of fuel at Sector:5:1
  The game has ended. You can start a new game.
  Movement:
    [0,E]:[5,2,1]->[5,1,1]
    [1,P]:[2,4,1]->[1,3,1]
    [3,P]:[1,4,1]->[1,3,2]
    [5,M]:[3,5,1]->[2,1,1]
      reproduced [13,M] at [2,1,2]
    [6,P]:[3,2,1]->[2,1,3]
    (1:1)  (1:2)  (1:3)  (1:4)  (1:5)  
    ----   *---   PP--   ----   PP--   
    (2:1)  (2:2)  (2:3)  (2:4)  (2:5)  
    MMP-   ----   W---   -P--   ----   
    (3:1)  (3:2)  (3:3)  (3:4)  (3:5)  
    -Y--   ----   O---   -W--   ----   
    (4:1)  (4:2)  (4:3)  (4:4)  (4:5)  
    W---   -*--   ----   P*P-   ----   
    (5:1)  (5:2)  (5:3)  (5:4)  (5:5)  
    -WB-   ----   *B--   ----   -W--   
->move(NW)
  state:6.1, error
  Negative on that request:no mission in progress.
->move(W)
  state:6.2, error
  Negative on that request:no mission in progress.
->move(N)
  state:6.3, error
  Negative on that request:no mission in progress.
->land
  state:6.4, error
  Negative on that request:no mission in progress.
->move(NW)
  state:6.5, error
  Negative on that request:no mission in progress.
->move(NW)
  state:6.6, error
  Negative on that request:no mission in progress.
->move(SW)
  state:6.7, error
  Negative on that request:no mission in progress.
->move(SW)
  state:6.8, error
  Negative on that request:no mission in progress.
->move(SE)
  state:6.9, error
  Negative on that request:no mission in progress.
->move(NW)
  state:6.10, error
  Negative on that request:no mission in progress.
->liftoff
  state:6.11, error
  Negative on that request:no mission in progress.
->pass
  state:6.12, error
  Negative on that request:no mission in progress.
->move(NE)
  state:6.13, error
  Negative on that request:no mission in progress.
->move(SE)
  state:6.14, error
  Negative on that request:no mission in progress.
->move(SE)
  state:6.15, error
  Negative on that request:no mission in progress.
->move(SE)
  state:6.16, error
  Negative on that request:no mission in progress.
->move(E)
  state:6.17, error
  Negative on that request:no mission in progress.
->abort
  state:6.18, error
  Negative on that request:no mission in progress.
->play
  state:7.0, mode:play, ok
  Movement:none
    (1:1)  (1:2)  (1:3)  (1:4)  (1:5)  
    EW--   P---   PY--   Y---   Y---   
    (2:1)  (2:2)  (2:3)  (2:4)  (2:5)  
    *---   B---   Y---   ----   PW--   
    (3:1)  (3:2)  (3:3)  (3:4)  (3:5)  
    P---   ----   O---   P---   ----   
    (4:1)  (4:2)  (4:3)  (4:4)  (4:5)  
    ----   PY--   ----   ----   A---   
    (5:1)  (5:2)  (5:3)  (5:4)  (5:5)  
    P---   ----   ----   P*--   *---   
->move(S)
  state:8.0, mode:play, ok
  Movement:
    [0,E]:[1,1,1]->[2,1,2]
    [4,P]:[2,5,1]->[3,5,1]
    [5,P]:[3,1,1]->[4,1,1]
    (1:1)  (1:2)  (1:3)  (1:4)  (1:5)  
    -W--   P---   PY--   Y---   Y---   
    (2:1)  (2:2)  (2:3)  (2:4)  (2:5)  
    *E--   B---   Y---   ----   -W--   
    (3:1)  (3:2)  (3:3)  (3:4)  (3:5)  
    ----   ----   O---   P---   P---   
    (4:1)  (4:2)  (4:3)  (4:4)  (4:5)  
    P---   PY--   ----   ----   A---   
    (5:1)  (5:2)  (5:3)  (5:4)  (5:5)  
    P---   ----   ----   P*--   *---   
->move(NW)
  state:9.0, mode:play, ok
  Movement:
    [0,E]:[2,1,2]->[1,5,2]
    [1,P]:[1,2,1]->[1,3,3]
    [3,B]:[2,2,1]->[3,3,2]
    [5,P]:[4,1,1]->[5,2,1]
    [6,P]:[3,4,1]->[4,4,1]
    [8,A]:[4,5,1]->[4,4,2]
    [9,P]:[5,1,1]->[1,1,1]
    (1:1)  (1:2)  (1:3)  (1:4)  (1:5)  
    PW--   ----   PYP-   Y---   YE--   
    (2:1)  (2:2)  (2:3)  (2:4)  (2:5)  
    *---   ----   Y---   ----   -W--   
    (3:1)  (3:2)  (3:3)  (3:4)  (3:5)  
    ----   ----   O---   ----   P---   
    (4:1)  (4:2)  (4:3)  (4:4)  (4:5)  
    ----   PY--   ----   PA--   ----   
    (5:1)  (5:2)  (5:3)  (5:4)  (5:5)  
    ----   P---   ----   P*--   *---   
->move(SW)
  state:10.0, mode:play, ok
  Movement:
    [0,E]:[1,5,2]->[2,4,1]
    [5,P]:[5,2,1]->[1,1,3]
    (1:1)  (1:2)  (1:3)  (1:4)  (1:5)  
    PWP-   ----   PYP-   Y---   Y---   
    (2:1)  (2:2)  (2:3)  (2:4)  (2:5)  
    *---   ----   Y---   E---   -W--   
    (3:1)  (3:2)  (3:3)  (3:4)  (3:5)  
    ----   ----   O---   ----   P---   
    (4:1)  (4:2)  (4:3)  (4:4)  (4:5)  
    ----   PY--   ----   PA--   ----   
    (5:1)  (5:2)  (5:3)  (5:4)  (5:5)  
    ----   ----   ----   P*--   *---   
->move(N)
  state:11.0, mode:play, ok
  Movement:
    [0,E]:[2,4,1]->[1,4,2]
    [4,P]:[3,5,1]->[3,1,1]
    [9,P]:[1,1,1]->[2,2,1]
    (1:1)  (1:2)  (1:3)  (1:4)  (1:5)  
    -WP-   ----   PYP-   YE--   Y---   
    (2:1)  (2:2)  (2:3)  (2:4)  (2:5)  
    *---   P---   Y---   ----   -W--   
    (3:1)  (3:2)  (3:3)  (3:4)  (3:5)  
    P---   ----   O---   ----   ----   
    (4:1)  (4:2)  (4:3)  (4:4)  (4:5)  
    ----   PY--   ----   PA--   ----   
    (5:1)  (5:2)  (5:3)  (5:4)  (5:5)  
    ----   ----   ----   P*--   *---   
->wormhole
  state:11.1, mode:play, error
  Explorer couldn't find wormhole at Sector:1:4
->move(SE)
  state:12.0, mode:play, ok
  Movement:
    [0,E]:[1,4,2]->[2,5,1]
    [4,P]:[3,1,1]->[2,2,2]
    [5,P]:[1,1,3]->[2,2,3]
    [6,P]:[4,4,1]->[3,3,2]
    [8,A]:[4,4,2]->[3,5,1]
    (1:1)  (1:2)  (1:3)  (1:4)  (1:5)  
    -W--   ----   PYP-   Y---   Y---   
    (2:1)  (2:2)  (2:3)  (2:4)  (2:5)  
    *---   PPP-   Y---   ----   EW--   
    (3:1)  (3:2)  (3:3)  (3:4)  (3:5)  
    ----   ----   O---   ----   A---   
    (4:1)  (4:2)  (4:3)  (4:4)  (4:5)  
    ----   PY--   ----   ----   ----   
    (5:1)  (5:2)  (5:3)  (5:4)  (5:5)  
    ----   ----   ----   P*--   *---   
->test(10,17,21,39,49)
  state:12.1, mode:play, error
  To start a new mission, please abort the current one first.
->move(E)
  state:13.0, mode:play, ok
  Movement:
    [0,E]:[2,5,1]->[2,1,2]
    [5,P]:[2,2,3]->[2,1,3]
    (1:1)  (1:2)  (1:3)  (1:4)  (1:5)  
    -W--   ----   PYP-   Y---   Y---   
    (2:1)  (2:2)  (2:3)  (2:4)  (2:5)  
    *EP-   PP--   Y---   ----   -W--   
    (3:1)  (3:2)  (3:3)  (3:4)  (3:5)  
    ----   ----   O---   ----   A---   
    (4:1)  (4:2)  (4:3)  (4:4)  (4:5)  
    ----   PY--   ----   ----   ----   
    (5:1)  (5:2)  (5:3)  (5:4)  (5:5)  
    ----   ----   ----   P*--   *---   
->move(SW)
  state:14.0, mode:play, ok
  Movement:
    [0,E]:[2,1,2]->[3,5,2]
    [9,P]:[2,2,1]->[3,3,2]
    (1:1)  (1:2)  (1:3)  (1:4)  (1:5)  
    -W--   ----   PYP-   Y---   Y---   
    (2:1)  (2:2)  (2:3)  (2:4)  (2:5)  
    *-P-   -P--   Y---   ----   -W--   
    (3:1)  (3:2)  (3:3)  (3:4)  (3:5)  
    ----   ----   O---   ----   AE--   
    (4:1)  (4:2)  (4:3)  (4:4)  (4:5)  
    ----   PY--   ----   ----   ----   
    (5:1)  (5:2)  (5:3)  (5:4)  (5:5)  
    ----   ----   ----   P*--   *---   
