  state:0.0, ok
  Welcome! Try test(3,5,7,15,30)
->move(N)
  state:0.1, error
  Negative on that request:no mission in progress.
->play
  state:1.0, mode:play, ok
  Movement:none
    (1:1)  (1:2)  (1:3)  (1:4)  (1:5)  
    E---   *---   P---   ----   PP--   
    (2:1)  (2:2)  (2:3)  (2:4)  (2:5)  
    ----   ----   W---   ----   P---   
    (3:1)  (3:2)  (3:3)  (3:4)  (3:5)  
    MY--   ----   O---   PW--   ----   
    (4:1)  (4:2)  (4:3)  (4:4)  (4:5)  
    W---   M*--   P---   P*--   ----   
    (5:1)  (5:2)  (5:3)  (5:4)  (5:5)  
    BW--   ----   *---   ----   PW--   
->land
  state:1.1, mode:play, error
  Negative on that request:no yellow dwarf at Sector:1:1
->move(NE)
  state:2.0, mode:play, ok
  Movement:
    [0,E]:[1,1,1]->[5,2,1]
    [3,P]:[1,5,2]->[5,4,1]
    [8,P]:[4,3,1]->[3,2,1]
    (1:1)  (1:2)  (1:3)  (1:4)  (1:5)  
    ----   *---   P---   ----   P---   
    (2:1)  (2:2)  (2:3)  (2:4)  (2:5)  
    ----   ----   W---   ----   P---   
    (3:1)  (3:2)  (3:3)  (3:4)  (3:5)  
    MY--   P---   O---   PW--   ----   
    (4:1)  (4:2)  (4:3)  (4:4)  (4:5)  
    W---   M*--   ----   P*--   ----   
    (5:1)  (5:2)  (5:3)  (5:4)  (5:5)  
    BW--   E---   *---   P---   PW--   
->play
  state:2.1, mode:play, error
  To start a new mission, please abort the current one first.
->move(N)
  state:3.0, mode:play, ok
  Movement:
    [0,E]:[5,2,1]->[4,2,3]
    [5,M]:[3,1,1]->[3,5,1]
    [8,P]:[3,2,1]->[2,1,1]
    [10,B]:[5,1,1]->[5,2,1]
    (1:1)  (1:2)  (1:3)  (1:4)  (1:5)  
    ----   *---   P---   ----   P---   
    (2:1)  (2:2)  (2:3)  (2:4)  (2:5)  
    P---   ----   W---   ----   P---   
    (3:1)  (3:2)  (3:3)  (3:4)  (3:5)  
    -Y--   ----   O---   PW--   M---   
    (4:1)  (4:2)  (4:3)  (4:4)  (4:5)  
    W---   M*E-   ----   P*--   ----   
    (5:1)  (5:2)  (5:3)  (5:4)  (5:5)  
    -W--   B---   *---   P---   PW--   
->land
  state:3.1, mode:play, error
  Negative on that request:no yellow dwarf at Sector:4:2
->pass
  state:4.0, mode:play, ok
  Movement:
    [1,P]:[1,3,1]->[2,4,1]
    [2,P]:[1,5,1]->[2,5,2]
    [4,P]:[2,5,1]->[2,4,2]
    [6,P]:[3,4,1]->[2,3,2]
    [7,M]:[4,2,1]->[5,1,1]
    [10,B]:[5,2,1]->[5,1,3]
      reproduced [12,B] at [5,1,4]
      destroyed [7,M] at [5,1,1]
    [11,P]:[5,5,1]->[4,4,3]
    (1:1)  (1:2)  (1:3)  (1:4)  (1:5)  
    ----   *---   ----   ----   ----   
    (2:1)  (2:2)  (2:3)  (2:4)  (2:5)  
    P---   ----   WP--   PP--   -P--   
    (3:1)  (3:2)  (3:3)  (3:4)  (3:5)  
    -Y--   ----   O---   -W--   M---   
    (4:1)  (4:2)  (4:3)  (4:4)  (4:5)  
    W---   -*E-   ----   P*P-   ----   
    (5:1)  (5:2)  (5:3)  (5:4)  (5:5)  
    -WBB   ----   *---   P---   -W--   
->test(16,28,26,39,50)
  state:4.1, mode:play, error
  To start a new mission, please abort the current one first.
->liftoff
  state:4.2, mode:play, error
  Negative on that request:you are not on a planet at Sector:4:2
->move(E)
  state:5.0, mode:play, ok
  Movement:
    [0,E]:[4,2,3]->[4,3,1]
    [2,P]:[2,5,2]->[1,5,1]
    [3,P]:[5,4,1]->[1,4,1]
    [6,P]:[2,3,2]->[3,2,1]
    [8,P]:[2,1,1]->[1,5,2]
    [12,B]:[5,1,4]->[5,3,2]
    (1:1)  (1:2)  (1:3)  (1:4)  (1:5)  
    ----   *---   ----   P---   PP--   
    (2:1)  (2:2)  (2:3)  (2:4)  (2:5)  
    ----   ----   W---   PP--   ----   
    (3:1)  (3:2)  (3:3)  (3:4)  (3:5)  
    -Y--   P---   O---   -W--   M---   
    (4:1)  (4:2)  (4:3)  (4:4)  (4:5)  
    W---   -*--   E---   P*P-   ----   
    (5:1)  (5:2)  (5:3)  (5:4)  (5:5)  
    -WB-   ----   *B--   ----   -W--   
->move(E)
  state:6.0, mode:play, ok
  Movement:
    [0,E]:[4,3,1]->[4,4,4]
    [1,P]:[2,4,1]->[1,3,1]
    [3,P]:[1,4,1]->[1,3,2]
    [5,M]:[3,5,1]->[2,1,1]
      reproduced [13,M] at [2,1,2]
    [6,P]:[3,2,1]->[2,1,3]
    (1:1)  (1:2)  (1:3)  (1:4)  (1:5)  
    ----   *---   PP--   ----   PP--   
    (2:1)  (2:2)  (2:3)  (2:4)  (2:5)  
    MMP-   ----   W---   -P--   ----   
    (3:1)  (3:2)  (3:3)  (3:4)  (3:5)  
    -Y--   ----   O---   -W--   ----   
    (4:1)  (4:2)  (4:3)  (4:4)  (4:5)  
    W---   -*--   ----   P*PE   ----   
    (5:1)  (5:2)  (5:3)  (5:4)  (5:5)  
    -WB-   ----   *B--   ----   -W--   
->play
  state:6.1, mode:play, error
  To start a new mission, please abort the current one first.
->move(E)
  state:7.0, mode:play, ok
  Movement:
    [0,E]:[4,4,4]->[4,5,1]
    [2,P]:[1,5,1]->[1,1,1]
    [4,P]:[2,4,2]->[2,5,1]
    [8,P]:[1,5,2]->[1,1,2]
    [10,B]:[5,1,3]->[5,1,1]
    [13,M]:[2,1,2]->[1,2,2]
    (1:1)  (1:2)  (1:3)  (1:4)  (1:5)  
    PP--   *M--   PP--   ----   ----   
    (2:1)  (2:2)  (2:3)  (2:4)  (2:5)  
    M-P-   ----   W---   ----   P---   
    (3:1)  (3:2)  (3:3)  (3:4)  (3:5)  
    -Y--   ----   O---   -W--   ----   
    (4:1)  (4:2)  (4:3)  (4:4)  (4:5)  
    W---   -*--   ----   P*P-   E---   
    (5:1)  (5:2)  (5:3)  (5:4)  (5:5)  
    BW--   ----   *B--   ----   -W--   
->move(SW)
  state:8.0, mode:play, ok
  Movement:
    [0,E]:[4,5,1]->[5,4,1]
    [2,P]:[1,1,1]->[5,5,1]
    [5,M]:[2,1,1]->[3,1,1]
    [6,P]:[2,1,3]->[2,5,2]
    [12,B]:[5,3,2]->[5,2,1]
      reproduced [14,B] at [5,2,2]
    (1:1)  (1:2)  (1:3)  (1:4)  (1:5)  
    -P--   *M--   PP--   ----   ----   
    (2:1)  (2:2)  (2:3)  (2:4)  (2:5)  
    ----   ----   W---   ----   PP--   
    (3:1)  (3:2)  (3:3)  (3:4)  (3:5)  
    MY--   ----   O---   -W--   ----   
    (4:1)  (4:2)  (4:3)  (4:4)  (4:5)  
    W---   -*--   ----   P*P-   ----   
    (5:1)  (5:2)  (5:3)  (5:4)  (5:5)  
    BW--   BB--   *---   E---   PW--   
->move(W)
  state:9.0, mode:play, ok
  Movement:
    [0,E]:[5,4,1]->[5,3,2]
    [1,P]:[1,3,1]->[5,3,3]
    [3,P]:[1,3,2]->[2,4,1]
    [5,M]:[3,1,1]->[4,1,2]
      reproduced [15,M] at [4,1,3]
    [10,B]:[5,1,1]->[2,5,3]
      reproduced [16,B] at [2,5,4]
    [12,B]:[5,2,1]->[1,1,1]
    (1:1)  (1:2)  (1:3)  (1:4)  (1:5)  
    BP--   *M--   ----   ----   ----   
    (2:1)  (2:2)  (2:3)  (2:4)  (2:5)  
    ----   ----   W---   P---   PPBB   
    (3:1)  (3:2)  (3:3)  (3:4)  (3:5)  
    -Y--   ----   O---   -W--   ----   
    (4:1)  (4:2)  (4:3)  (4:4)  (4:5)  
    WMM-   -*--   ----   P*P-   ----   
    (5:1)  (5:2)  (5:3)  (5:4)  (5:5)  
    -W--   -B--   *EP-   ----   PW--   
->move(S)
  state:10.0, mode:play, ok
  Movement:
    [0,E]:[5,3,2]->[1,3,1]
    [4,P]:[2,5,1]->[2,4,2]
    [6,P]:[2,5,2]->[2,4,3]
    [8,P]:[1,1,2]->[5,5,3]
    [13,M]:[1,2,2]->[2,3,2]
      reproduced [17,M] at [2,3,3]
    (1:1)  (1:2)  (1:3)  (1:4)  (1:5)  
    B---   *---   E---   ----   ----   
    (2:1)  (2:2)  (2:3)  (2:4)  (2:5)  
    ----   ----   WMM-   PPP-   --BB   
    (3:1)  (3:2)  (3:3)  (3:4)  (3:5)  
    -Y--   ----   O---   -W--   ----   
    (4:1)  (4:2)  (4:3)  (4:4)  (4:5)  
    WMM-   -*--   ----   P*P-   ----   
    (5:1)  (5:2)  (5:3)  (5:4)  (5:5)  
    -W--   -B--   *-P-   ----   PWP-   
->move(W)
  state:11.0, mode:play, ok
  Movement:
    [0,E]:[1,3,1]->[1,2,2]
    [2,P]:[5,5,1]->[4,5,1]
    [4,P]:[2,4,2]->[1,3,1]
    [5,M]:[4,1,2]->[1,4,1]
    [8,P]:[5,5,3]->[5,1,1]
    [12,B]:[1,1,1]->[5,1,3]
    [14,B]:[5,2,2]->[4,1,2]
      destroyed [15,M] at [4,1,3]
    (1:1)  (1:2)  (1:3)  (1:4)  (1:5)  
    ----   *E--   P---   M---   ----   
    (2:1)  (2:2)  (2:3)  (2:4)  (2:5)  
    ----   ----   WMM-   P-P-   --BB   
    (3:1)  (3:2)  (3:3)  (3:4)  (3:5)  
    -Y--   ----   O---   -W--   ----   
    (4:1)  (4:2)  (4:3)  (4:4)  (4:5)  
    WB--   -*--   ----   P*P-   P---   
    (5:1)  (5:2)  (5:3)  (5:4)  (5:5)  
    PW--   ----   *-P-   ----   -W--   
->play
  state:11.1, mode:play, error
  To start a new mission, please abort the current one first.
->pass
  state:12.0, mode:play, ok
  Movement:
    [3,P]:[2,4,1]->[1,5,1]
    [5,M]:[1,4,1]->[2,5,1]
    [10,B]:[2,5,3]->[1,5,2]
    [13,M]:[2,3,2]->[4,2,1]
    [14,B]:[4,1,2]->[1,1,1]
      reproduced [18,B] at [1,1,2]
    [16,B]:[2,5,4]->[1,1,3]
    [17,M]:[2,3,3]->[4,5,2]
    (1:1)  (1:2)  (1:3)  (1:4)  (1:5)  
    BBB-   *E--   P---   ----   PB--   
    (2:1)  (2:2)  (2:3)  (2:4)  (2:5)  
    ----   ----   W---   --P-   ----   
    (3:1)  (3:2)  (3:3)  (3:4)  (3:5)  
    -Y--   ----   O---   -W--   ----   
    (4:1)  (4:2)  (4:3)  (4:4)  (4:5)  
    W---   M*--   ----   P*P-   PM--   
    (5:1)  (5:2)  (5:3)  (5:4)  (5:5)  
    PW--   ----   *-P-   ----   -W--   
->move(E)
  state:13.0, mode:play, ok
  Movement:
    [0,E]:[1,2,2]->[1,3,2]
    [2,P]:[4,5,1]->[5,5,1]
    [3,P]:[1,5,1]->[5,1,3]
    [6,P]:[2,4,3]->[3,4,1]
    [10,B]:[1,5,2]->[5,1,4]
    [17,M]:[4,5,2]->[3,1,1]
      reproduced [19,M] at [3,1,3]
    (1:1)  (1:2)  (1:3)  (1:4)  (1:5)  
    BBB-   *---   PE--   ----   ----   
    (2:1)  (2:2)  (2:3)  (2:4)  (2:5)  
    ----   ----   W---   ----   ----   
    (3:1)  (3:2)  (3:3)  (3:4)  (3:5)  
    MYM-   ----   O---   PW--   ----   
    (4:1)  (4:2)  (4:3)  (4:4)  (4:5)  
    W---   M*--   ----   P*P-   ----   
    (5:1)  (5:2)  (5:3)  (5:4)  (5:5)  
    PWP-   ----   *-P-   ----   PW--   
->liftoff
  state:13.1, mode:play, error
  Negative on that request:you are not on a planet at Sector:1:3
->wormhole
  state:13.2, mode:play, error
  Explorer couldn't find wormhole at Sector:1:3
->move(N)
  state:14.0, mode:play, ok
  Movement:
    [0,E]:[1,3,2]->[5,3,2]
    [2,P]:[5,5,1]->[5,4,1]
    [4,P]:[1,3,1]->[2,2,1]
    [8,P]:[5,1,1]->[1,2,2]
    [13,M]:[4,2,1]->[3,3,2]
    [14,B]:[1,1,1]->[5,5,1]
    [17,M]:[3,1,1]->[4,5,1]
    (1:1)  (1:2)  (1:3)  (1:4)  (1:5)  
    -BB-   *P--   ----   ----   ----   
    (2:1)  (2:2)  (2:3)  (2:4)  (2:5)  
    ----   P---   W---   ----   ----   
    (3:1)  (3:2)  (3:3)  (3:4)  (3:5)  
    -YM-   ----   O---   PW--   ----   
    (4:1)  (4:2)  (4:3)  (4:4)  (4:5)  
    W---   -*--   ----   P*P-   M---   
    (5:1)  (5:2)  (5:3)  (5:4)  (5:5)  
    -WP-   ----   *EP-   P---   BW--   
->move(S)
  state:15.0, mode:play, ok
  Movement:
    [0,E]:[5,3,2]->[1,3,1]
    [3,P]:[5,1,3]->[5,5,3]
    [6,P]:[3,4,1]->[3,5,1]
    [14,B]:[5,5,1]->[3,1,1]
      reproduced [20,B] at [3,1,4]
      destroyed [19,M] at [3,1,3]
    [16,B]:[1,1,3]->[1,2,3]
      reproduced [21,B] at [1,2,4]
    [18,B]:[1,1,2]
    (1:1)  (1:2)  (1:3)  (1:4)  (1:5)  
    -B--   *PBB   E---   ----   ----   
    (2:1)  (2:2)  (2:3)  (2:4)  (2:5)  
    ----   P---   W---   ----   ----   
    (3:1)  (3:2)  (3:3)  (3:4)  (3:5)  
    BY-B   ----   O---   -W--   P---   
    (4:1)  (4:2)  (4:3)  (4:4)  (4:5)  
    W---   -*--   ----   P*P-   M---   
    (5:1)  (5:2)  (5:3)  (5:4)  (5:5)  
    -W--   ----   *-P-   P---   -WP-   
->move(W)
  state:15.1, mode:play, error
  Cannot transfer to new location as it is full.
->move(NW)
  state:16.0, mode:play, ok
  Movement:
    [0,E]:[1,3,1]->[5,2,1]
    [4,P]:[2,2,1]->[3,2,1]
    [6,P]:[3,5,1]->[3,1,3]
    [14,B]:[3,1,1]->[2,2,1]
    [16,B]:[1,2,3]->[2,3,2]
    [18,B]:[1,1,2]->[5,1,1]
      reproduced [22,B] at [5,1,3]
    [20,B]:[3,1,4]->[2,2,2]
    (1:1)  (1:2)  (1:3)  (1:4)  (1:5)  
    ----   *P-B   ----   ----   ----   
    (2:1)  (2:2)  (2:3)  (2:4)  (2:5)  
    ----   BB--   WB--   ----   ----   
    (3:1)  (3:2)  (3:3)  (3:4)  (3:5)  
    -YP-   P---   O---   -W--   ----   
    (4:1)  (4:2)  (4:3)  (4:4)  (4:5)  
    W---   -*--   ----   P*P-   M---   
    (5:1)  (5:2)  (5:3)  (5:4)  (5:5)  
    BWB-   E---   *-P-   P---   -WP-   
->move(E)
  state:17.0, mode:play, ok
  Movement:
    [0,E]:[5,2,1]->[5,3,2]
    [2,P]:[5,4,1]->[4,4,4]
    [3,P]:[5,5,3]->[5,4,1]
    [17,M]:[4,5,1]
      reproduced [23,M] at [4,5,2]
    [18,B]:[5,1,1]->[1,1,1]
    [21,B]:[1,2,4]->[1,1,2]
    [22,B]:[5,1,3]->[2,3,3]
    (1:1)  (1:2)  (1:3)  (1:4)  (1:5)  
    BB--   *P--   ----   ----   ----   
    (2:1)  (2:2)  (2:3)  (2:4)  (2:5)  
    ----   BB--   WBB-   ----   ----   
    (3:1)  (3:2)  (3:3)  (3:4)  (3:5)  
    -YP-   P---   O---   -W--   ----   
    (4:1)  (4:2)  (4:3)  (4:4)  (4:5)  
    W---   -*--   ----   P*PP   MM--   
    (5:1)  (5:2)  (5:3)  (5:4)  (5:5)  
    -W--   ----   *EP-   P---   -W--   
->move(SW)
  state:18.0, mode:play, ok
  Movement:
    [0,E]:[5,3,2]->[1,2,3]
    [4,P]:[3,2,1]->[4,1,2]
    [16,B]:[2,3,2]->[5,1,1]
      reproduced [24,B] at [5,1,3]
    [17,M]:[4,5,1]->[3,1,1]
    [22,B]:[2,3,3]->[4,1,3]
      reproduced [25,B] at [4,1,4]
    [23,M]:[4,5,2]->[5,1,4]
    (1:1)  (1:2)  (1:3)  (1:4)  (1:5)  
    BB--   *PE-   ----   ----   ----   
    (2:1)  (2:2)  (2:3)  (2:4)  (2:5)  
    ----   BB--   W---   ----   ----   
    (3:1)  (3:2)  (3:3)  (3:4)  (3:5)  
    MYP-   ----   O---   -W--   ----   
    (4:1)  (4:2)  (4:3)  (4:4)  (4:5)  
    WPBB   -*--   ----   P*PP   ----   
    (5:1)  (5:2)  (5:3)  (5:4)  (5:5)  
    BWBM   ----   *-P-   P---   -W--   
->move(NE)
  state:19.0, mode:play, ok
  Movement:
    [0,E]:[1,2,3]->[5,3,2]
    [3,P]:[5,4,1]->[1,5,1]
    [14,B]:[2,2,1]->[3,1,4]
      destroyed [17,M] at [3,1,1]
    [20,B]:[2,2,2]->[2,3,2]
      reproduced [26,B] at [2,3,3]
    [24,B]:[5,1,3]->[3,4,1]
    (1:1)  (1:2)  (1:3)  (1:4)  (1:5)  
    BB--   *P--   ----   ----   P---   
    (2:1)  (2:2)  (2:3)  (2:4)  (2:5)  
    ----   ----   WBB-   ----   ----   
    (3:1)  (3:2)  (3:3)  (3:4)  (3:5)  
    -YPB   ----   O---   BW--   ----   
    (4:1)  (4:2)  (4:3)  (4:4)  (4:5)  
    WPBB   -*--   ----   P*PP   ----   
    (5:1)  (5:2)  (5:3)  (5:4)  (5:5)  
    BW-M   ----   *EP-   ----   -W--   
->liftoff
  state:19.1, mode:play, error
  Negative on that request:you are not on a planet at Sector:5:3
->test(4,13,46,28,51)
  state:19.2, mode:play, error
  To start a new mission, please abort the current one first.
->pass
  state:20.0, mode:play, ok
  Movement:
    [4,P]:[4,1,2]->[3,2,1]
    [18,B]:[1,1,1]->[2,5,1]
      reproduced [27,B] at [2,5,2]
    [21,B]:[1,1,2]->[5,1,3]
      destroyed [23,M] at [5,1,4]
    [22,B]:[4,1,3]->[5,1,4]
    (1:1)  (1:2)  (1:3)  (1:4)  (1:5)  
    ----   *P--   ----   ----   P---   
    (2:1)  (2:2)  (2:3)  (2:4)  (2:5)  
    ----   ----   WBB-   ----   BB--   
    (3:1)  (3:2)  (3:3)  (3:4)  (3:5)  
    -YPB   P---   O---   BW--   ----   
    (4:1)  (4:2)  (4:3)  (4:4)  (4:5)  
    W--B   -*--   ----   P*PP   ----   
    (5:1)  (5:2)  (5:3)  (5:4)  (5:5)  
    BWBB   ----   *EP-   ----   -W--   
->wormhole
  state:20.1, mode:play, error
  Explorer couldn't find wormhole at Sector:5:3
->move(N)
  state:21.0, mode:play, ok
  Movement:
    [0,E]:[5,3,2]->[4,3,1]
    [3,P]:[1,5,1]->[1,4,1]
    [14,B]:[3,1,4]->[2,2,1]
      reproduced [28,B] at [2,2,2]
    [16,B]:[5,1,1]->[4,1,2]
    [24,B]:[3,4,1]
      reproduced [29,B] at [3,4,3]
    [25,B]:[4,1,4]->[5,5,1]
    [26,B]:[2,3,3]->[5,3,2]
    [27,B]:[2,5,2]->[2,4,1]
    (1:1)  (1:2)  (1:3)  (1:4)  (1:5)  
    ----   *P--   ----   P---   ----   
    (2:1)  (2:2)  (2:3)  (2:4)  (2:5)  
    ----   BB--   WB--   B---   B---   
    (3:1)  (3:2)  (3:3)  (3:4)  (3:5)  
    -YP-   P---   O---   BWB-   ----   
    (4:1)  (4:2)  (4:3)  (4:4)  (4:5)  
    WB--   -*--   E---   P*PP   ----   
    (5:1)  (5:2)  (5:3)  (5:4)  (5:5)  
    -WBB   ----   *BP-   ----   BW--   
->move(E)
  state:21.1, mode:play, error
  Cannot transfer to new location as it is full.
->move(S)
  state:22.0, mode:play, ok
  Movement:
    [0,E]:[4,3,1]->[5,3,4]
    [4,P]:[3,2,1]->[2,2,3]
    [16,B]:[4,1,2]->[5,2,1]
      reproduced [30,B] at [5,2,2]
    [20,B]:[2,3,2]->[1,3,1]
    [21,B]:[5,1,3]->[3,3,2]
    [25,B]:[5,5,1]->[1,1,1]
      reproduced [31,B] at [1,1,2]
    [29,B]:[3,4,3]->[2,1,1]
    (1:1)  (1:2)  (1:3)  (1:4)  (1:5)  
    BB--   *P--   B---   P---   ----   
    (2:1)  (2:2)  (2:3)  (2:4)  (2:5)  
    B---   BBP-   W---   B---   B---   
    (3:1)  (3:2)  (3:3)  (3:4)  (3:5)  
    -YP-   ----   O---   BW--   ----   
    (4:1)  (4:2)  (4:3)  (4:4)  (4:5)  
    W---   -*--   ----   P*PP   ----   
    (5:1)  (5:2)  (5:3)  (5:4)  (5:5)  
    -W-B   BB--   *BPE   ----   -W--   
->move(SW)
  state:23.0, mode:play, ok
  Movement:
    [0,E]:[5,3,4]->[1,2,3]
    [3,P]:[1,4,1]->[5,5,1]
    [14,B]:[2,2,1]->[2,3,2]
    [16,B]:[5,2,1]->[1,1,3]
    [18,B]:[2,5,1]->[2,4,2]
    [20,B]:[1,3,1]->[5,2,1]
    [22,B]:[5,1,4]->[4,3,1]
      reproduced [32,B] at [4,3,2]
    [26,B]:[5,3,2]->[1,4,1]
      reproduced [33,B] at [1,4,2]
    [27,B]:[2,4,1]->[1,3,1]
      reproduced [34,B] at [1,3,2]
    [28,B]:[2,2,2]->[1,2,4]
    [29,B]:[2,1,1]->[1,1,4]
    (1:1)  (1:2)  (1:3)  (1:4)  (1:5)  
    BBBB   *PEB   BB--   BB--   ----   
    (2:1)  (2:2)  (2:3)  (2:4)  (2:5)  
    ----   --P-   WB--   ----   ----   
    (3:1)  (3:2)  (3:3)  (3:4)  (3:5)  
    -YP-   ----   O---   BW--   ----   
    (4:1)  (4:2)  (4:3)  (4:4)  (4:5)  
    W---   -*--   BB--   P*PP   ----   
    (5:1)  (5:2)  (5:3)  (5:4)  (5:5)  
    -W--   -B--   *-P-   ----   PW--   
->pass
  state:24.0, mode:play, ok
  Movement:
    [16,B]:[1,1,3]->[2,1,1]
    [22,B]:[4,3,1]->[3,3,2]
    [24,B]:[3,4,1]->[5,3,2]
    [25,B]:[1,1,1]->[1,5,1]
    [27,B]:[1,3,1]->[1,4,3]
    [32,B]:[4,3,2]->[5,3,4]
    [33,B]:[1,4,2]->[5,4,1]
    (1:1)  (1:2)  (1:3)  (1:4)  (1:5)  
    -B-B   *PEB   -B--   B---   B---   
    (2:1)  (2:2)  (2:3)  (2:4)  (2:5)  
    ----   --P-   WB--   ----   ----   
    (3:1)  (3:2)  (3:3)  (3:4)  (3:5)  
    -YP-   ----   O---   -W--   ----   
    (4:1)  (4:2)  (4:3)  (4:4)  (4:5)  
    W---   -*--   ----   P*PP   ----   
    (5:1)  (5:2)  (5:3)  (5:4)  (5:5)  
    -W--   -B--   *BPB   B---   PW--   
->move(SW)
  state:25.0, mode:play, ok
  Movement:
    [0,E]:[1,2,3]->[2,1,1]
    [4,P]:[2,2,3]->[3,1,1]
    [14,B]:[2,3,2]->[4,1,2]
      reproduced [35,B] at [4,1,3]
    [24,B]:[5,3,2]->[5,4,2]
      reproduced [36,B] at [5,4,3]
    [26,B]:[1,4,1]->[2,3,2]
    [29,B]:[1,1,4]->[2,1,2]
      reproduced [37,B] at [2,1,3]
    [30,B]:[5,2,2]->[5,1,1]
    [31,B]:[1,1,2]->[2,2,1]
    (1:1)  (1:2)  (1:3)  (1:4)  (1:5)  
    ----   *P-B   -B--   ----   B---   
    (2:1)  (2:2)  (2:3)  (2:4)  (2:5)  
    EBB-   B---   WB--   ----   ----   
    (3:1)  (3:2)  (3:3)  (3:4)  (3:5)  
    PYP-   ----   O---   -W--   ----   
    (4:1)  (4:2)  (4:3)  (4:4)  (4:5)  
    WBB-   -*--   ----   P*PP   ----   
    (5:1)  (5:2)  (5:3)  (5:4)  (5:5)  
    BW--   ----   *-PB   BBB-   PW--   
->move(NE)
  state:26.0, mode:play, ok
  Movement:
    [0,E]:[2,1,1]->[1,2,3]
    [3,P]:[5,5,1]->[4,1,4]
    [24,B]:[5,4,2]->[5,5,1]
    [25,B]:[1,5,1]->[2,4,1]
      reproduced [38,B] at [2,4,2]
    [28,B]:[1,2,4]->[2,3,3]
      reproduced [39,B] at [2,3,4]
    [32,B]:[5,3,4]->[5,2,1]
      reproduced [40,B] at [5,2,2]
    [33,B]:[5,4,1]->[4,5,1]
      reproduced [41,B] at [4,5,2]
    [34,B]:[1,3,2]->[1,4,1]
    [35,B]:[4,1,3]->[3,5,1]
    [37,B]:[2,1,3]->[1,5,1]
    (1:1)  (1:2)  (1:3)  (1:4)  (1:5)  
    ----   *PE-   ----   B---   B---   
    (2:1)  (2:2)  (2:3)  (2:4)  (2:5)  
    -B--   B---   WBBB   BB--   ----   
    (3:1)  (3:2)  (3:3)  (3:4)  (3:5)  
    PYP-   ----   O---   -W--   B---   
    (4:1)  (4:2)  (4:3)  (4:4)  (4:5)  
    WB-P   -*--   ----   P*PP   BB--   
    (5:1)  (5:2)  (5:3)  (5:4)  (5:5)  
    BW--   BB--   *-P-   --B-   BW--   
->move(SE)
  state:26.1, mode:play, error
  Cannot transfer to new location as it is full.
->move(S)
  state:27.0, mode:play, ok
  Movement:
    [0,E]:[1,2,3]->[2,2,2]
    [3,P]:[4,1,4]->[3,1,4]
    [14,B]:[4,1,2]->[1,4,2]
    [24,B]:[5,5,1]->[1,5,2]
      reproduced [42,B] at [1,5,3]
    [25,B]:[2,4,1]
    [26,B]:[2,3,2]->[1,4,3]
      reproduced [43,B] at [1,4,4]
    [28,B]:[2,3,3]->[2,4,3]
    [29,B]:[2,1,2]->[1,2,3]
    [30,B]:[5,1,1]->[4,3,1]
      reproduced [44,B] at [4,3,2]
    [31,B]:[2,2,1]->[2,1,1]
      reproduced [45,B] at [2,1,2]
    [36,B]:[5,4,3]
    [37,B]:[1,5,1]->[2,5,1]
      reproduced [46,B] at [2,5,2]
    [38,B]:[2,4,2]->[1,5,1]
    [39,B]:[2,3,4]->[3,5,2]
    [40,B]:[5,2,2]->[4,2,1]
    [41,B]:[4,5,2]
    (1:1)  (1:2)  (1:3)  (1:4)  (1:5)  
    ----   *PB-   ----   BBBB   BBB-   
    (2:1)  (2:2)  (2:3)  (2:4)  (2:5)  
    BB--   -E--   W---   B-B-   BB--   
    (3:1)  (3:2)  (3:3)  (3:4)  (3:5)  
    PYPP   ----   O---   -W--   BB--   
    (4:1)  (4:2)  (4:3)  (4:4)  (4:5)  
    W---   B*--   BB--   P*PP   BB--   
    (5:1)  (5:2)  (5:3)  (5:4)  (5:5)  
    -W--   B---   *-P-   --B-   -W--   
->move(E)
  state:28.0, mode:play, ok
  Movement:
    [0,E]:[2,2,2]->[2,3,2]
    [14,B]:[1,4,2]->[2,4,2]
    [29,B]:[1,2,3]->[1,1,1]
      reproduced [47,B] at [1,1,2]
    [32,B]:[5,2,1]->[1,2,3]
    [33,B]:[4,5,1]->[5,5,1]
    [34,B]:[1,4,1]->[1,3,1]
      reproduced [48,B] at [1,3,2]
    [39,B]:[3,5,2]->[2,5,3]
      reproduced [49,B] at [2,5,4]
    [44,B]:[4,3,2]->[5,4,1]
    [45,B]:[2,1,2]->[1,2,4]
    (1:1)  (1:2)  (1:3)  (1:4)  (1:5)  
    BB--   *PBB   BB--   --BB   BBB-   
    (2:1)  (2:2)  (2:3)  (2:4)  (2:5)  
    B---   ----   WE--   B-B-   BBBB   
    (3:1)  (3:2)  (3:3)  (3:4)  (3:5)  
    PYPP   ----   O---   -W--   B---   
    (4:1)  (4:2)  (4:3)  (4:4)  (4:5)  
    W---   B*--   B---   P*PP   -B--   
    (5:1)  (5:2)  (5:3)  (5:4)  (5:5)  
    -W--   ----   *-P-   B-B-   -W--   
->move(E)
  state:29.0, mode:play, ok
  Explorer got lost in space - out of fuel at Sector:2:4
  The game has ended. You can start a new game.
  Movement:
    [0,E]:[2,3,2]->[2,4,2]
    [24,B]:[1,5,2]
    [25,B]:[2,4,1]->[1,5,4]
    [28,B]:[2,4,3]->[3,4,1]
      reproduced [50,B] at [3,4,3]
    [30,B]:[4,3,1]
    [31,B]:[2,1,1]
    [32,B]:[1,2,3]->[1,1,3]
      reproduced [51,B] at [1,1,4]
    [34,B]:[1,3,1]->[5,4,2]
    [35,B]:[3,5,1]->[2,1,2]
      reproduced [52,B] at [2,1,3]
    [39,B]:[2,5,3]
    [40,B]:[4,2,1]->[4,3,2]
      reproduced [53,B] at [4,3,3]
    [41,B]:[4,5,2]->[4,1,2]
      reproduced [54,B] at [4,1,3]
    [42,B]:[1,5,3]->[2,4,1]
    [47,B]:[1,1,2]->[2,1,4]
    [48,B]:[1,3,2]->[5,2,1]
    [49,B]:[2,5,4]
    (1:1)  (1:2)  (1:3)  (1:4)  (1:5)  
    B-BB   *P-B   ----   --BB   BB--   
    (2:1)  (2:2)  (2:3)  (2:4)  (2:5)  
    BBBB   ----   W---   B---   BBBB   
    (3:1)  (3:2)  (3:3)  (3:4)  (3:5)  
    PYPP   ----   O---   BWB-   ----   
    (4:1)  (4:2)  (4:3)  (4:4)  (4:5)  
    WBB-   -*--   BBB-   P*PP   ----   
    (5:1)  (5:2)  (5:3)  (5:4)  (5:5)  
    -W--   B---   *-P-   B-B-   -W--   
->move(W)
  state:29.1, error
  Negative on that request:no mission in progress.
->move(W)
  state:29.2, error
  Negative on that request:no mission in progress.
->move(S)
  state:29.3, error
  Negative on that request:no mission in progress.
->liftoff
  state:29.4, error
  Negative on that request:no mission in progress.
->move(NE)
  state:29.5, error
  Negative on that request:no mission in progress.
->wormhole
  state:29.6, error
  Negative on that request:no mission in progress.
->wormhole
  state:29.7, error
  Negative on that request:no mission in progress.
->move(SW)
  state:29.8, error
  Negative on that request:no mission in progress.
->move(SE)
  state:29.9, error
  Negative on that request:no mission in progress.
->move(N)
  state:29.10, error
  Negative on that request:no mission in progress.
->land
  state:29.11, error
  Negative on that request:no mission in progress.
->test(26,18,12,35,46)
  state:29.12, error
  Thresholds should be non-decreasing order.
->move(SE)
  state:29.13, error
  Negative on that request:no mission in progress.
->move(E)
  state:29.14, error
  Negative on that request:no mission in progress.
->pass
  state:29.15, error
  Negative on that request:no mission in progress.
->move(N)
  state:29.16, error
  Negative on that request:no mission in progress.
->move(S)
  state:29.17, error
  Negative on that request:no mission in progress.
->land
  state:29.18, error
  Negative on that request:no mission in progress.
->land
  state:29.19, error
  Negative on that request:no mission in progress.
->land
  state:29.20, error
  Negative on that request:no mission in progress.
->play
  state:30.0, mode:play, ok
  Movement:none
    (1:1)  (1:2)  (1:3)  (1:4)  (1:5)  
    EW--   M---   M*--   W---   Y---   
    (2:1)  (2:2)  (2:3)  (2:4)  (2:5)  
    P*--   B*--   ----   P---   PP--   
    (3:1)  (3:2)  (3:3)  (3:4)  (3:5)  
    B---   B*--   O---   Y---   ----   
    (4:1)  (4:2)  (4:3)  (4:4)  (4:5)  
    P---   ----   ----   ----   W---   
    (5:1)  (5:2)  (5:3)  (5:4)  (5:5)  
    ----   ----   B---   M---   PY--   
->move(W)
  state:31.0, mode:play, ok
  Movement:
    [0,E]:[1,1,1]->[1,5,2]
    [8,B]:[3,1,1]->[4,2,1]
    (1:1)  (1:2)  (1:3)  (1:4)  (1:5)  
    -W--   M---   M*--   W---   YE--   
    (2:1)  (2:2)  (2:3)  (2:4)  (2:5)  
    P*--   B*--   ----   P---   PP--   
    (3:1)  (3:2)  (3:3)  (3:4)  (3:5)  
    ----   B*--   O---   Y---   ----   
    (4:1)  (4:2)  (4:3)  (4:4)  (4:5)  
    P---   B---   ----   ----   W---   
    (5:1)  (5:2)  (5:3)  (5:4)  (5:5)  
    ----   ----   B---   M---   PY--   
->wormhole
  state:31.1, mode:play, error
  Explorer couldn't find wormhole at Sector:1:5
->move(SE)
  state:32.0, mode:play, ok
  Movement:
    [0,E]:[1,5,2]->[2,1,3]
    [5,P]:[2,4,1]->[2,3,1]
    [7,P]:[2,5,2]->[1,1,1]
    [10,P]:[4,1,1]->[5,5,3]
    [11,B]:[5,3,1]->[4,2,2]
    (1:1)  (1:2)  (1:3)  (1:4)  (1:5)  
    PW--   M---   M*--   W---   Y---   
    (2:1)  (2:2)  (2:3)  (2:4)  (2:5)  
    P*E-   B*--   P---   ----   P---   
    (3:1)  (3:2)  (3:3)  (3:4)  (3:5)  
    ----   B*--   O---   Y---   ----   
    (4:1)  (4:2)  (4:3)  (4:4)  (4:5)  
    ----   BB--   ----   ----   W---   
    (5:1)  (5:2)  (5:3)  (5:4)  (5:5)  
    ----   ----   ----   M---   PYP-   
->abort
  state:32.1, ok
  Mission aborted. Try test(3,5,7,15,30)
->move(NW)
  state:32.2, error
  Negative on that request:no mission in progress.
->move(W)
  state:32.3, error
  Negative on that request:no mission in progress.
->test(10,1,19,27,38)
  state:32.4, error
  Thresholds should be non-decreasing order.
->move(SE)
  state:32.5, error
  Negative on that request:no mission in progress.
->move(W)
  state:32.6, error
  Negative on that request:no mission in progress.
->move(N)
  state:32.7, error
  Negative on that request:no mission in progress.
->move(S)
  state:32.8, error
  Negative on that request:no mission in progress.
->land
  state:32.9, error
  Negative on that request:no mission in progress.
->move(E)
  state:32.10, error
  Negative on that request:no mission in progress.
->wormhole
  state:32.11, error
  Negative on that request:no mission in progress.
->move(SW)
  state:32.12, error
  Negative on that request:no mission in progress.
->move(NE)
  state:32.13, error
  Negative on that request:no mission in progress.
->test(8,24,39,37,29)
  state:32.14, error
  Thresholds should be non-decreasing order.
->move(W)
  state:32.15, error
  Negative on that request:no mission in progress.
