  state:0.0, ok
  Welcome! Try test(3,5,7,15,30)
->move(W)
  state:0.1, error
  Negative on that request:no mission in progress.
->move(SW)
  state:0.2, error
  Negative on that request:no mission in progress.
->wormhole
  state:0.3, error
  Negative on that request:no mission in progress.
->move(E)
  state:0.4, error
  Negative on that request:no mission in progress.
->move(N)
  state:0.5, error
  Negative on that request:no mission in progress.
->move(W)
  state:0.6, error
  Negative on that request:no mission in progress.
->move(SW)
  state:0.7, error
  Negative on that request:no mission in progress.
->move(NW)
  state:0.8, error
  Negative on that request:no mission in progress.
->move(S)
  state:0.9, error
  Negative on that request:no mission in progress.
->pass
  state:0.10, error
  Negative on that request:no mission in progress.
->move(NE)
  state:0.11, error
  Negative on that request:no mission in progress.
->move(S)
  state:0.12, error
  Negative on that request:no mission in progress.
->move(E)
  state:0.13, error
  Negative on that request:no mission in progress.
->move(NE)
  state:0.14, error
  Negative on that request:no mission in progress.
->move(W)
  state:0.15, error
  Negative on that request:no mission in progress.
->liftoff
  state:0.16, error
  Negative on that request:no mission in progress.
->move(NE)
  state:0.17, error
  Negative on that request:no mission in progress.
->move(N)
  state:0.18, error
  Negative on that request:no mission in progress.
->test(15,21,34,34,48)
  state:1.0, mode:test, ok
  Movement:none
  Sectors:
    [1,1]->[0,E],-,-,-
    [1,2]->[1,P],[2,P],[-4,*],-
    [1,3]->-,-,-,-
    [1,4]->[3,P],-,-,-
    [1,5]->[4,A],-,-,-
    [2,1]->-,-,-,-
    [2,2]->[-10,*],-,-,-
    [2,3]->[5,P],-,-,-
    [2,4]->[6,M],[7,A],[-11,W],-
    [2,5]->[8,M],[9,P],-,-
    [3,1]->[10,M],[-2,Y],-,-
    [3,2]->[11,P],[-7,*],-,-
    [3,3]->[-1,O],-,-,-
    [3,4]->[12,A],-,-,-
    [3,5]->[13,J],-,-,-
    [4,1]->[14,J],-,-,-
    [4,2]->[15,P],[-3,*],-,-
    [4,3]->[16,A],[17,M],-,-
    [4,4]->-,-,-,-
    [4,5]->[-8,W],-,-,-
    [5,1]->[-6,Y],-,-,-
    [5,2]->[18,M],-,-,-
    [5,3]->[-9,Y],-,-,-
    [5,4]->[19,M],[20,P],[21,A],-
    [5,5]->[-5,W],-,-,-
  Descriptions:
    [-11,W]->
    [-10,*]->Luminosity:5
    [-9,Y]->Luminosity:2
    [-8,W]->
    [-7,*]->Luminosity:5
    [-6,Y]->Luminosity:2
    [-5,W]->
    [-4,*]->Luminosity:5
    [-3,*]->Luminosity:5
    [-2,Y]->Luminosity:2
    [-1,O]->
    [0,E]->fuel:3/3, life:3/3, landed?:F
    [1,P]->attached?:F, support_life?:F, visited?:F, turns_left:1
    [2,P]->attached?:F, support_life?:F, visited?:F, turns_left:0
    [3,P]->attached?:F, support_life?:F, visited?:F, turns_left:0
    [4,A]->turns_left:0
    [5,P]->attached?:F, support_life?:F, visited?:F, turns_left:0
    [6,M]->fuel:3/3, actions_left_until_reproduction:1/1, turns_left:2
    [7,A]->turns_left:2
    [8,M]->fuel:3/3, actions_left_until_reproduction:1/1, turns_left:1
    [9,P]->attached?:F, support_life?:F, visited?:F, turns_left:1
    [10,M]->fuel:3/3, actions_left_until_reproduction:1/1, turns_left:2
    [11,P]->attached?:F, support_life?:F, visited?:F, turns_left:2
    [12,A]->turns_left:2
    [13,J]->fuel:5/5, load:0/2, actions_left_until_reproduction:2/2, turns_left:0
    [14,J]->fuel:5/5, load:0/2, actions_left_until_reproduction:2/2, turns_left:1
    [15,P]->attached?:F, support_life?:F, visited?:F, turns_left:2
    [16,A]->turns_left:1
    [17,M]->fuel:3/3, actions_left_until_reproduction:1/1, turns_left:1
    [18,M]->fuel:3/3, actions_left_until_reproduction:1/1, turns_left:2
    [19,M]->fuel:3/3, actions_left_until_reproduction:1/1, turns_left:2
    [20,P]->attached?:F, support_life?:F, visited?:F, turns_left:1
    [21,A]->turns_left:2
  Deaths This Turn:none
    (1:1)  (1:2)  (1:3)  (1:4)  (1:5)  
    E---   PP*-   ----   P---   A---   
    (2:1)  (2:2)  (2:3)  (2:4)  (2:5)  
    ----   *---   P---   MAW-   MP--   
    (3:1)  (3:2)  (3:3)  (3:4)  (3:5)  
    MY--   P*--   O---   A---   J---   
    (4:1)  (4:2)  (4:3)  (4:4)  (4:5)  
    J---   P*--   AM--   ----   W---   
    (5:1)  (5:2)  (5:3)  (5:4)  (5:5)  
    Y---   M---   Y---   MPA-   W---   
->pass
  state:2.0, mode:test, ok
  Movement:
    [3,P]:[1,4,1]->[1,5,2]
    [4,A]:[1,5,1]->[2,5,3]
      destroyed [8,M] at [2,5,1]
    [5,P]:[2,3,1]->[1,3,1]
    [13,J]:[3,5,1]->[3,1,3]
  Sectors:
    [1,1]->[0,E],-,-,-
    [1,2]->[1,P],[2,P],[-4,*],-
    [1,3]->[5,P],-,-,-
    [1,4]->-,-,-,-
    [1,5]->-,[3,P],-,-
    [2,1]->-,-,-,-
    [2,2]->[-10,*],-,-,-
    [2,3]->-,-,-,-
    [2,4]->[6,M],[7,A],[-11,W],-
    [2,5]->-,[9,P],[4,A],-
    [3,1]->[10,M],[-2,Y],[13,J],-
    [3,2]->[11,P],[-7,*],-,-
    [3,3]->[-1,O],-,-,-
    [3,4]->[12,A],-,-,-
    [3,5]->-,-,-,-
    [4,1]->[14,J],-,-,-
    [4,2]->[15,P],[-3,*],-,-
    [4,3]->[16,A],[17,M],-,-
    [4,4]->-,-,-,-
    [4,5]->[-8,W],-,-,-
    [5,1]->[-6,Y],-,-,-
    [5,2]->[18,M],-,-,-
    [5,3]->[-9,Y],-,-,-
    [5,4]->[19,M],[20,P],[21,A],-
    [5,5]->[-5,W],-,-,-
  Descriptions:
    [-11,W]->
    [-10,*]->Luminosity:5
    [-9,Y]->Luminosity:2
    [-8,W]->
    [-7,*]->Luminosity:5
    [-6,Y]->Luminosity:2
    [-5,W]->
    [-4,*]->Luminosity:5
    [-3,*]->Luminosity:5
    [-2,Y]->Luminosity:2
    [-1,O]->
    [0,E]->fuel:3/3, life:3/3, landed?:F
    [1,P]->attached?:F, support_life?:F, visited?:F, turns_left:0
    [2,P]->attached?:T, support_life?:F, visited?:F, turns_left:N/A
    [3,P]->attached?:F, support_life?:F, visited?:F, turns_left:0
    [4,A]->turns_left:1
    [5,P]->attached?:F, support_life?:F, visited?:F, turns_left:1
    [6,M]->fuel:3/3, actions_left_until_reproduction:1/1, turns_left:1
    [7,A]->turns_left:1
    [9,P]->attached?:F, support_life?:F, visited?:F, turns_left:0
    [10,M]->fuel:3/3, actions_left_until_reproduction:1/1, turns_left:1
    [11,P]->attached?:F, support_life?:F, visited?:F, turns_left:1
    [12,A]->turns_left:1
    [13,J]->fuel:5/5, load:0/2, actions_left_until_reproduction:1/2, turns_left:0
    [14,J]->fuel:5/5, load:0/2, actions_left_until_reproduction:2/2, turns_left:0
    [15,P]->attached?:F, support_life?:F, visited?:F, turns_left:1
    [16,A]->turns_left:0
    [17,M]->fuel:3/3, actions_left_until_reproduction:1/1, turns_left:0
    [18,M]->fuel:3/3, actions_left_until_reproduction:1/1, turns_left:1
    [19,M]->fuel:3/3, actions_left_until_reproduction:1/1, turns_left:1
    [20,P]->attached?:F, support_life?:F, visited?:F, turns_left:0
    [21,A]->turns_left:1
  Deaths This Turn:
    [8,M]->fuel:3/3, actions_left_until_reproduction:1/1, turns_left:N/A,
      Malevolent got destroyed by asteroid (id: 4) at Sector:2:5
    (1:1)  (1:2)  (1:3)  (1:4)  (1:5)  
    E---   PP*-   P---   ----   -P--   
    (2:1)  (2:2)  (2:3)  (2:4)  (2:5)  
    ----   *---   ----   MAW-   -PA-   
    (3:1)  (3:2)  (3:3)  (3:4)  (3:5)  
    MYJ-   P*--   O---   A---   ----   
    (4:1)  (4:2)  (4:3)  (4:4)  (4:5)  
    J---   P*--   AM--   ----   W---   
    (5:1)  (5:2)  (5:3)  (5:4)  (5:5)  
    Y---   M---   Y---   MPA-   W---   
->move(NW)
  state:3.0, mode:test, ok
  Movement:
    [0,E]:[1,1,1]->[5,5,2]
    [3,P]:[1,5,2]->[1,4,1]
    [9,P]:[2,5,2]->[1,4,2]
    [13,J]:[3,1,3]->[2,5,1]
      destroyed [4,A] at [2,5,3]
    [14,J]:[4,1,1]->[5,5,3]
    [16,A]:[4,3,1]->[5,3,2]
    [17,M]:[4,3,2]->[5,4,4]
    [20,P]:[5,4,2]->[1,4,3]
  Sectors:
    [1,1]->-,-,-,-
    [1,2]->[1,P],[2,P],[-4,*],-
    [1,3]->[5,P],-,-,-
    [1,4]->[3,P],[9,P],[20,P],-
    [1,5]->-,-,-,-
    [2,1]->-,-,-,-
    [2,2]->[-10,*],-,-,-
    [2,3]->-,-,-,-
    [2,4]->[6,M],[7,A],[-11,W],-
    [2,5]->[13,J],-,-,-
    [3,1]->[10,M],[-2,Y],-,-
    [3,2]->[11,P],[-7,*],-,-
    [3,3]->[-1,O],-,-,-
    [3,4]->[12,A],-,-,-
    [3,5]->-,-,-,-
    [4,1]->-,-,-,-
    [4,2]->[15,P],[-3,*],-,-
    [4,3]->-,-,-,-
    [4,4]->-,-,-,-
    [4,5]->[-8,W],-,-,-
    [5,1]->[-6,Y],-,-,-
    [5,2]->[18,M],-,-,-
    [5,3]->[-9,Y],[16,A],-,-
    [5,4]->[19,M],-,[21,A],[17,M]
    [5,5]->[-5,W],[0,E],[14,J],-
  Descriptions:
    [-11,W]->
    [-10,*]->Luminosity:5
    [-9,Y]->Luminosity:2
    [-8,W]->
    [-7,*]->Luminosity:5
    [-6,Y]->Luminosity:2
    [-5,W]->
    [-4,*]->Luminosity:5
    [-3,*]->Luminosity:5
    [-2,Y]->Luminosity:2
    [-1,O]->
    [0,E]->fuel:2/3, life:3/3, landed?:F
    [1,P]->attached?:T, support_life?:F, visited?:F, turns_left:N/A
    [2,P]->attached?:T, support_life?:F, visited?:F, turns_left:N/A
    [3,P]->attached?:F, support_life?:F, visited?:F, turns_left:2
    [5,P]->attached?:F, support_life?:F, visited?:F, turns_left:0
    [6,M]->fuel:3/3, actions_left_until_reproduction:1/1, turns_left:0
    [7,A]->turns_left:0
    [9,P]->attached?:F, support_life?:F, visited?:F, turns_left:2
    [10,M]->fuel:3/3, actions_left_until_reproduction:1/1, turns_left:0
    [11,P]->attached?:F, support_life?:F, visited?:F, turns_left:0
    [12,A]->turns_left:0
    [13,J]->fuel:4/5, load:1/2, actions_left_until_reproduction:0/2, turns_left:0
    [14,J]->fuel:4/5, load:0/2, actions_left_until_reproduction:1/2, turns_left:0
    [15,P]->attached?:F, support_life?:F, visited?:F, turns_left:0
    [16,A]->turns_left:1
    [17,M]->fuel:2/3, actions_left_until_reproduction:0/1, turns_left:2
    [18,M]->fuel:3/3, actions_left_until_reproduction:1/1, turns_left:0
    [19,M]->fuel:3/3, actions_left_until_reproduction:1/1, turns_left:0
    [20,P]->attached?:F, support_life?:F, visited?:F, turns_left:2
    [21,A]->turns_left:0
  Deaths This Turn:
    [4,A]->turns_left:N/A,
      Asteroid got imploded by janitaur (id: 13) at Sector:2:5
    (1:1)  (1:2)  (1:3)  (1:4)  (1:5)  
    ----   PP*-   P---   PPP-   ----   
    (2:1)  (2:2)  (2:3)  (2:4)  (2:5)  
    ----   *---   ----   MAW-   J---   
    (3:1)  (3:2)  (3:3)  (3:4)  (3:5)  
    MY--   P*--   O---   A---   ----   
    (4:1)  (4:2)  (4:3)  (4:4)  (4:5)  
    ----   P*--   ----   ----   W---   
    (5:1)  (5:2)  (5:3)  (5:4)  (5:5)  
    Y---   M---   YA--   M-AM   WEJ-   
->pass
  state:4.0, mode:test, ok
  Movement:
    [5,P]:[1,3,1]->[2,3,1]
    [6,M]:[2,4,1]->[2,5,2]
    [7,A]:[2,4,2]->[1,3,1]
    [10,M]:[3,1,1]->[2,1,1]
    [12,A]:[3,4,1]->[2,3,2]
    [13,J]:[2,5,1]->[2,1,2]
      reproduced [22,J] at [2,1,3]
    [14,J]:[5,5,3]->[1,1,1]
    [18,M]:[5,2,1]->[1,3,2]
    [19,M]:[5,4,1]->[5,5,3]
      attacked [0,E] at [5,5,2]
    [21,A]:[5,4,3]->[4,5,2]
  Sectors:
    [1,1]->[14,J],-,-,-
    [1,2]->[1,P],[2,P],[-4,*],-
    [1,3]->[7,A],[18,M],-,-
    [1,4]->[3,P],[9,P],[20,P],-
    [1,5]->-,-,-,-
    [2,1]->[10,M],[13,J],[22,J],-
    [2,2]->[-10,*],-,-,-
    [2,3]->[5,P],[12,A],-,-
    [2,4]->-,-,[-11,W],-
    [2,5]->-,[6,M],-,-
    [3,1]->-,[-2,Y],-,-
    [3,2]->[11,P],[-7,*],-,-
    [3,3]->[-1,O],-,-,-
    [3,4]->-,-,-,-
    [3,5]->-,-,-,-
    [4,1]->-,-,-,-
    [4,2]->[15,P],[-3,*],-,-
    [4,3]->-,-,-,-
    [4,4]->-,-,-,-
    [4,5]->[-8,W],[21,A],-,-
    [5,1]->[-6,Y],-,-,-
    [5,2]->-,-,-,-
    [5,3]->[-9,Y],[16,A],-,-
    [5,4]->-,-,-,[17,M]
    [5,5]->[-5,W],[0,E],[19,M],-
  Descriptions:
    [-11,W]->
    [-10,*]->Luminosity:5
    [-9,Y]->Luminosity:2
    [-8,W]->
    [-7,*]->Luminosity:5
    [-6,Y]->Luminosity:2
    [-5,W]->
    [-4,*]->Luminosity:5
    [-3,*]->Luminosity:5
    [-2,Y]->Luminosity:2
    [-1,O]->
    [0,E]->fuel:2/3, life:2/3, landed?:F
    [1,P]->attached?:T, support_life?:F, visited?:F, turns_left:N/A
    [2,P]->attached?:T, support_life?:F, visited?:F, turns_left:N/A
    [3,P]->attached?:F, support_life?:F, visited?:F, turns_left:1
    [5,P]->attached?:F, support_life?:F, visited?:F, turns_left:2
    [6,M]->fuel:3/3, actions_left_until_reproduction:0/1, turns_left:2
    [7,A]->turns_left:0
    [9,P]->attached?:F, support_life?:F, visited?:F, turns_left:1
    [10,M]->fuel:2/3, actions_left_until_reproduction:0/1, turns_left:1
    [11,P]->attached?:T, support_life?:F, visited?:F, turns_left:N/A
    [12,A]->turns_left:1
    [13,J]->fuel:3/5, load:1/2, actions_left_until_reproduction:2/2, turns_left:2
    [14,J]->fuel:3/5, load:0/2, actions_left_until_reproduction:0/2, turns_left:1
    [15,P]->attached?:T, support_life?:F, visited?:F, turns_left:N/A
    [16,A]->turns_left:0
    [17,M]->fuel:2/3, actions_left_until_reproduction:0/1, turns_left:1
    [18,M]->fuel:2/3, actions_left_until_reproduction:0/1, turns_left:1
    [19,M]->fuel:2/3, actions_left_until_reproduction:0/1, turns_left:1
    [20,P]->attached?:F, support_life?:F, visited?:F, turns_left:1
    [21,A]->turns_left:2
    [22,J]->fuel:5/5, load:0/2, actions_left_until_reproduction:2/2, turns_left:0
  Deaths This Turn:none
    (1:1)  (1:2)  (1:3)  (1:4)  (1:5)  
    J---   PP*-   AM--   PPP-   ----   
    (2:1)  (2:2)  (2:3)  (2:4)  (2:5)  
    MJJ-   *---   PA--   --W-   -M--   
    (3:1)  (3:2)  (3:3)  (3:4)  (3:5)  
    -Y--   P*--   O---   ----   ----   
    (4:1)  (4:2)  (4:3)  (4:4)  (4:5)  
    ----   P*--   ----   ----   WA--   
    (5:1)  (5:2)  (5:3)  (5:4)  (5:5)  
    Y---   ----   YA--   ---M   WEM-   
->move(N)
  state:5.0, mode:test, ok
  Movement:
    [0,E]:[5,5,2]->[4,5,3]
    [7,A]:[1,3,1]->[5,2,1]
    [16,A]:[5,3,2]->[1,3,1]
      destroyed [18,M] at [1,3,2]
    [22,J]:[2,1,3]->[2,5,1]
  Sectors:
    [1,1]->[14,J],-,-,-
    [1,2]->[1,P],[2,P],[-4,*],-
    [1,3]->[16,A],-,-,-
    [1,4]->[3,P],[9,P],[20,P],-
    [1,5]->-,-,-,-
    [2,1]->[10,M],[13,J],-,-
    [2,2]->[-10,*],-,-,-
    [2,3]->[5,P],[12,A],-,-
    [2,4]->-,-,[-11,W],-
    [2,5]->[22,J],[6,M],-,-
    [3,1]->-,[-2,Y],-,-
    [3,2]->[11,P],[-7,*],-,-
    [3,3]->[-1,O],-,-,-
    [3,4]->-,-,-,-
    [3,5]->-,-,-,-
    [4,1]->-,-,-,-
    [4,2]->[15,P],[-3,*],-,-
    [4,3]->-,-,-,-
    [4,4]->-,-,-,-
    [4,5]->[-8,W],[21,A],[0,E],-
    [5,1]->[-6,Y],-,-,-
    [5,2]->[7,A],-,-,-
    [5,3]->[-9,Y],-,-,-
    [5,4]->-,-,-,[17,M]
    [5,5]->[-5,W],-,[19,M],-
  Descriptions:
    [-11,W]->
    [-10,*]->Luminosity:5
    [-9,Y]->Luminosity:2
    [-8,W]->
    [-7,*]->Luminosity:5
    [-6,Y]->Luminosity:2
    [-5,W]->
    [-4,*]->Luminosity:5
    [-3,*]->Luminosity:5
    [-2,Y]->Luminosity:2
    [-1,O]->
    [0,E]->fuel:1/3, life:2/3, landed?:F
    [1,P]->attached?:T, support_life?:F, visited?:F, turns_left:N/A
    [2,P]->attached?:T, support_life?:F, visited?:F, turns_left:N/A
    [3,P]->attached?:F, support_life?:F, visited?:F, turns_left:0
    [5,P]->attached?:F, support_life?:F, visited?:F, turns_left:1
    [6,M]->fuel:3/3, actions_left_until_reproduction:0/1, turns_left:1
    [7,A]->turns_left:2
    [9,P]->attached?:F, support_life?:F, visited?:F, turns_left:0
    [10,M]->fuel:2/3, actions_left_until_reproduction:0/1, turns_left:0
    [11,P]->attached?:T, support_life?:F, visited?:F, turns_left:N/A
    [12,A]->turns_left:0
    [13,J]->fuel:3/5, load:1/2, actions_left_until_reproduction:2/2, turns_left:1
    [14,J]->fuel:3/5, load:0/2, actions_left_until_reproduction:0/2, turns_left:0
    [15,P]->attached?:T, support_life?:F, visited?:F, turns_left:N/A
    [16,A]->turns_left:0
    [17,M]->fuel:2/3, actions_left_until_reproduction:0/1, turns_left:0
    [19,M]->fuel:2/3, actions_left_until_reproduction:0/1, turns_left:0
    [20,P]->attached?:F, support_life?:F, visited?:F, turns_left:0
    [21,A]->turns_left:1
    [22,J]->fuel:4/5, load:0/2, actions_left_until_reproduction:1/2, turns_left:1
  Deaths This Turn:
    [18,M]->fuel:2/3, actions_left_until_reproduction:0/1, turns_left:N/A,
      Malevolent got destroyed by asteroid (id: 16) at Sector:1:3
    (1:1)  (1:2)  (1:3)  (1:4)  (1:5)  
    J---   PP*-   A---   PPP-   ----   
    (2:1)  (2:2)  (2:3)  (2:4)  (2:5)  
    MJ--   *---   PA--   --W-   JM--   
    (3:1)  (3:2)  (3:3)  (3:4)  (3:5)  
    -Y--   P*--   O---   ----   ----   
    (4:1)  (4:2)  (4:3)  (4:4)  (4:5)  
    ----   P*--   ----   ----   WAE-   
    (5:1)  (5:2)  (5:3)  (5:4)  (5:5)  
    Y---   A---   Y---   ---M   W-M-   
->move(SE)
  state:6.0, mode:test, ok
  Movement:
    [0,E]:[4,5,3]->[5,1,2]
    [3,P]:[1,4,1]->[1,3,2]
    [9,P]:[1,4,2]->[5,3,2]
    [10,M]:[2,1,1]->[3,2,3]
      reproduced [23,M] at [3,2,4]
    [12,A]:[2,3,2]
    [14,J]:[1,1,1]->[2,2,2]
      reproduced [24,J] at [2,2,3]
    [16,A]:[1,3,1]->[1,2,4]
    [17,M]:[5,4,4]->[1,5,1]
      reproduced [25,M] at [1,5,2]
    [19,M]:[5,5,3]->[3,3,2]
    [20,P]:[1,4,3]->[5,3,3]
  Sectors:
    [1,1]->-,-,-,-
    [1,2]->[1,P],[2,P],[-4,*],[16,A]
    [1,3]->-,[3,P],-,-
    [1,4]->-,-,-,-
    [1,5]->[17,M],[25,M],-,-
    [2,1]->-,[13,J],-,-
    [2,2]->[-10,*],[14,J],[24,J],-
    [2,3]->[5,P],[12,A],-,-
    [2,4]->-,-,[-11,W],-
    [2,5]->[22,J],[6,M],-,-
    [3,1]->-,[-2,Y],-,-
    [3,2]->[11,P],[-7,*],[10,M],[23,M]
    [3,3]->[-1,O],-,-,-
    [3,4]->-,-,-,-
    [3,5]->-,-,-,-
    [4,1]->-,-,-,-
    [4,2]->[15,P],[-3,*],-,-
    [4,3]->-,-,-,-
    [4,4]->-,-,-,-
    [4,5]->[-8,W],[21,A],-,-
    [5,1]->[-6,Y],[0,E],-,-
    [5,2]->[7,A],-,-,-
    [5,3]->[-9,Y],[9,P],[20,P],-
    [5,4]->-,-,-,-
    [5,5]->[-5,W],-,-,-
  Descriptions:
    [-11,W]->
    [-10,*]->Luminosity:5
    [-9,Y]->Luminosity:2
    [-8,W]->
    [-7,*]->Luminosity:5
    [-6,Y]->Luminosity:2
    [-5,W]->
    [-4,*]->Luminosity:5
    [-3,*]->Luminosity:5
    [-2,Y]->Luminosity:2
    [-1,O]->
    [0,E]->fuel:2/3, life:2/3, landed?:F
    [1,P]->attached?:T, support_life?:F, visited?:F, turns_left:N/A
    [2,P]->attached?:T, support_life?:F, visited?:F, turns_left:N/A
    [3,P]->attached?:F, support_life?:F, visited?:F, turns_left:2
    [5,P]->attached?:F, support_life?:F, visited?:F, turns_left:0
    [6,M]->fuel:3/3, actions_left_until_reproduction:0/1, turns_left:0
    [7,A]->turns_left:1
    [9,P]->attached?:T, support_life?:F, visited?:F, turns_left:N/A
    [10,M]->fuel:3/3, actions_left_until_reproduction:1/1, turns_left:1
    [11,P]->attached?:T, support_life?:F, visited?:F, turns_left:N/A
    [12,A]->turns_left:1
    [13,J]->fuel:3/5, load:1/2, actions_left_until_reproduction:2/2, turns_left:0
    [14,J]->fuel:5/5, load:0/2, actions_left_until_reproduction:2/2, turns_left:2
    [15,P]->attached?:T, support_life?:F, visited?:F, turns_left:N/A
    [16,A]->turns_left:2
    [17,M]->fuel:1/3, actions_left_until_reproduction:1/1, turns_left:0
    [20,P]->attached?:T, support_life?:F, visited?:F, turns_left:N/A
    [21,A]->turns_left:0
    [22,J]->fuel:4/5, load:0/2, actions_left_until_reproduction:1/2, turns_left:0
    [23,M]->fuel:3/3, actions_left_until_reproduction:1/1, turns_left:2
    [24,J]->fuel:5/5, load:0/2, actions_left_until_reproduction:2/2, turns_left:1
    [25,M]->fuel:3/3, actions_left_until_reproduction:1/1, turns_left:1
  Deaths This Turn:
    [19,M]->fuel:2/3, actions_left_until_reproduction:0/1, turns_left:N/A,
      Malevolent got devoured by blackhole (id: -1) at Sector:3:3
    (1:1)  (1:2)  (1:3)  (1:4)  (1:5)  
    ----   PP*A   -P--   ----   MM--   
    (2:1)  (2:2)  (2:3)  (2:4)  (2:5)  
    -J--   *JJ-   PA--   --W-   JM--   
    (3:1)  (3:2)  (3:3)  (3:4)  (3:5)  
    -Y--   P*MM   O---   ----   ----   
    (4:1)  (4:2)  (4:3)  (4:4)  (4:5)  
    ----   P*--   ----   ----   WA--   
    (5:1)  (5:2)  (5:3)  (5:4)  (5:5)  
    YE--   A---   YPP-   ----   W---   
->move(W)
  state:7.0, mode:test, ok
  Movement:
    [0,E]:[5,1,2]->[5,5,2]
    [5,P]:[2,3,1]->[3,4,1]
    [6,M]:[2,5,2]->[1,5,3]
      reproduced [26,M] at [1,5,4]
    [13,J]:[2,1,2]
    [17,M]:[1,5,1]->[2,5,2]
    [21,A]:[4,5,2]->[5,1,2]
    [22,J]:[2,5,1]->[2,1,1]
  Sectors:
    [1,1]->-,-,-,-
    [1,2]->[1,P],[2,P],[-4,*],[16,A]
    [1,3]->-,[3,P],-,-
    [1,4]->-,-,-,-
    [1,5]->-,[25,M],[6,M],[26,M]
    [2,1]->[22,J],[13,J],-,-
    [2,2]->[-10,*],[14,J],[24,J],-
    [2,3]->-,[12,A],-,-
    [2,4]->-,-,[-11,W],-
    [2,5]->-,-,-,-
    [3,1]->-,[-2,Y],-,-
    [3,2]->[11,P],[-7,*],[10,M],[23,M]
    [3,3]->[-1,O],-,-,-
    [3,4]->[5,P],-,-,-
    [3,5]->-,-,-,-
    [4,1]->-,-,-,-
    [4,2]->[15,P],[-3,*],-,-
    [4,3]->-,-,-,-
    [4,4]->-,-,-,-
    [4,5]->[-8,W],-,-,-
    [5,1]->[-6,Y],[21,A],-,-
    [5,2]->[7,A],-,-,-
    [5,3]->[-9,Y],[9,P],[20,P],-
    [5,4]->-,-,-,-
    [5,5]->[-5,W],[0,E],-,-
  Descriptions:
    [-11,W]->
    [-10,*]->Luminosity:5
    [-9,Y]->Luminosity:2
    [-8,W]->
    [-7,*]->Luminosity:5
    [-6,Y]->Luminosity:2
    [-5,W]->
    [-4,*]->Luminosity:5
    [-3,*]->Luminosity:5
    [-2,Y]->Luminosity:2
    [-1,O]->
    [0,E]->fuel:1/3, life:2/3, landed?:F
    [1,P]->attached?:T, support_life?:F, visited?:F, turns_left:N/A
    [2,P]->attached?:T, support_life?:F, visited?:F, turns_left:N/A
    [3,P]->attached?:F, support_life?:F, visited?:F, turns_left:1
    [5,P]->attached?:F, support_life?:F, visited?:F, turns_left:1
    [6,M]->fuel:2/3, actions_left_until_reproduction:1/1, turns_left:1
    [7,A]->turns_left:0
    [9,P]->attached?:T, support_life?:F, visited?:F, turns_left:N/A
    [10,M]->fuel:3/3, actions_left_until_reproduction:1/1, turns_left:0
    [11,P]->attached?:T, support_life?:F, visited?:F, turns_left:N/A
    [12,A]->turns_left:0
    [13,J]->fuel:3/5, load:1/2, actions_left_until_reproduction:1/2, turns_left:2
    [14,J]->fuel:5/5, load:0/2, actions_left_until_reproduction:2/2, turns_left:1
    [15,P]->attached?:T, support_life?:F, visited?:F, turns_left:N/A
    [16,A]->turns_left:1
    [20,P]->attached?:T, support_life?:F, visited?:F, turns_left:N/A
    [21,A]->turns_left:0
    [22,J]->fuel:3/5, load:0/2, actions_left_until_reproduction:0/2, turns_left:2
    [23,M]->fuel:3/3, actions_left_until_reproduction:1/1, turns_left:1
    [24,J]->fuel:5/5, load:0/2, actions_left_until_reproduction:2/2, turns_left:0
    [25,M]->fuel:3/3, actions_left_until_reproduction:1/1, turns_left:0
    [26,M]->fuel:3/3, actions_left_until_reproduction:1/1, turns_left:2
  Deaths This Turn:
    [17,M]->fuel:0/3, actions_left_until_reproduction:1/1, turns_left:N/A,
      Malevolent got lost in space - out of fuel at Sector:2:5
    (1:1)  (1:2)  (1:3)  (1:4)  (1:5)  
    ----   PP*A   -P--   ----   -MMM   
    (2:1)  (2:2)  (2:3)  (2:4)  (2:5)  
    JJ--   *JJ-   -A--   --W-   ----   
    (3:1)  (3:2)  (3:3)  (3:4)  (3:5)  
    -Y--   P*MM   O---   P---   ----   
    (4:1)  (4:2)  (4:3)  (4:4)  (4:5)  
    ----   P*--   ----   ----   W---   
    (5:1)  (5:2)  (5:3)  (5:4)  (5:5)  
    YA--   A---   YPP-   ----   WE--   
->move(SW)
  state:8.0, mode:test, ok
  Explorer got lost in space - out of fuel at Sector:1:4
  The game has ended. You can start a new game.
  Movement:
    [0,E]:[5,5,2]->[1,4,1]
    [7,A]:[5,2,1]->[4,2,3]
    [10,M]:[3,2,3]->[3,3,2]
    [12,A]:[2,3,2]->[1,4,1]
    [21,A]:[5,1,2]
    [24,J]:[2,2,3]
    [25,M]:[1,5,2]->[1,4,2]
  Sectors:
    [1,1]->-,-,-,-
    [1,2]->[1,P],[2,P],[-4,*],[16,A]
    [1,3]->-,[3,P],-,-
    [1,4]->[12,A],[25,M],-,-
    [1,5]->-,-,[6,M],[26,M]
    [2,1]->[22,J],[13,J],-,-
    [2,2]->[-10,*],[14,J],[24,J],-
    [2,3]->-,-,-,-
    [2,4]->-,-,[-11,W],-
    [2,5]->-,-,-,-
    [3,1]->-,[-2,Y],-,-
    [3,2]->[11,P],[-7,*],-,[23,M]
    [3,3]->[-1,O],-,-,-
    [3,4]->[5,P],-,-,-
    [3,5]->-,-,-,-
    [4,1]->-,-,-,-
    [4,2]->[15,P],[-3,*],[7,A],-
    [4,3]->-,-,-,-
    [4,4]->-,-,-,-
    [4,5]->[-8,W],-,-,-
    [5,1]->[-6,Y],[21,A],-,-
    [5,2]->-,-,-,-
    [5,3]->[-9,Y],[9,P],[20,P],-
    [5,4]->-,-,-,-
    [5,5]->[-5,W],-,-,-
  Descriptions:
    [-11,W]->
    [-10,*]->Luminosity:5
    [-9,Y]->Luminosity:2
    [-8,W]->
    [-7,*]->Luminosity:5
    [-6,Y]->Luminosity:2
    [-5,W]->
    [-4,*]->Luminosity:5
    [-3,*]->Luminosity:5
    [-2,Y]->Luminosity:2
    [-1,O]->
    [1,P]->attached?:T, support_life?:F, visited?:F, turns_left:N/A
    [2,P]->attached?:T, support_life?:F, visited?:F, turns_left:N/A
    [3,P]->attached?:F, support_life?:F, visited?:F, turns_left:0
    [5,P]->attached?:F, support_life?:F, visited?:F, turns_left:0
    [6,M]->fuel:2/3, actions_left_until_reproduction:1/1, turns_left:0
    [7,A]->turns_left:0
    [9,P]->attached?:T, support_life?:F, visited?:F, turns_left:N/A
    [11,P]->attached?:T, support_life?:F, visited?:F, turns_left:N/A
    [12,A]->turns_left:0
    [13,J]->fuel:3/5, load:1/2, actions_left_until_reproduction:1/2, turns_left:1
    [14,J]->fuel:5/5, load:0/2, actions_left_until_reproduction:2/2, turns_left:0
    [15,P]->attached?:T, support_life?:F, visited?:F, turns_left:N/A
    [16,A]->turns_left:0
    [20,P]->attached?:T, support_life?:F, visited?:F, turns_left:N/A
    [21,A]->turns_left:1
    [22,J]->fuel:3/5, load:0/2, actions_left_until_reproduction:0/2, turns_left:1
    [23,M]->fuel:3/3, actions_left_until_reproduction:1/1, turns_left:0
    [24,J]->fuel:5/5, load:0/2, actions_left_until_reproduction:1/2, turns_left:1
    [25,M]->fuel:2/3, actions_left_until_reproduction:0/1, turns_left:1
    [26,M]->fuel:3/3, actions_left_until_reproduction:1/1, turns_left:1
  Deaths This Turn:
    [0,E]->fuel:0/3, life:0/3, landed?:F,
      Explorer got lost in space - out of fuel at Sector:1:4
    [10,M]->fuel:2/3, actions_left_until_reproduction:1/1, turns_left:N/A,
      Malevolent got devoured by blackhole (id: -1) at Sector:3:3
    (1:1)  (1:2)  (1:3)  (1:4)  (1:5)  
    ----   PP*A   -P--   AM--   --MM   
    (2:1)  (2:2)  (2:3)  (2:4)  (2:5)  
    JJ--   *JJ-   ----   --W-   ----   
    (3:1)  (3:2)  (3:3)  (3:4)  (3:5)  
    -Y--   P*-M   O---   P---   ----   
    (4:1)  (4:2)  (4:3)  (4:4)  (4:5)  
    ----   P*A-   ----   ----   W---   
    (5:1)  (5:2)  (5:3)  (5:4)  (5:5)  
    YA--   ----   YPP-   ----   W---   
  Explorer got lost in space - out of fuel at Sector:1:4
  The game has ended. You can start a new game.
->move(NE)
  state:8.1, error
  Negative on that request:no mission in progress.
->move(W)
  state:8.2, error
  Negative on that request:no mission in progress.
->move(SE)
  state:8.3, error
  Negative on that request:no mission in progress.
->abort
  state:8.4, error
  Negative on that request:no mission in progress.
->move(S)
  state:8.5, error
  Negative on that request:no mission in progress.
->land
  state:8.6, error
  Negative on that request:no mission in progress.
->move(SE)
  state:8.7, error
  Negative on that request:no mission in progress.
->pass
  state:8.8, error
  Negative on that request:no mission in progress.
->move(N)
  state:8.9, error
  Negative on that request:no mission in progress.
->move(W)
  state:8.10, error
  Negative on that request:no mission in progress.
->move(NE)
  state:8.11, error
  Negative on that request:no mission in progress.
->move(SE)
  state:8.12, error
  Negative on that request:no mission in progress.
->move(NW)
  state:8.13, error
  Negative on that request:no mission in progress.
->move(S)
  state:8.14, error
  Negative on that request:no mission in progress.
->liftoff
  state:8.15, error
  Negative on that request:no mission in progress.
->move(E)
  state:8.16, error
  Negative on that request:no mission in progress.
->move(NE)
  state:8.17, error
  Negative on that request:no mission in progress.
->move(S)
  state:8.18, error
  Negative on that request:no mission in progress.
->pass
  state:8.19, error
  Negative on that request:no mission in progress.
