  state:0.0, ok
  Welcome! Try test(3,5,7,15,30)
->test(10,10,10,45,54)
  state:1.0, mode:test, ok
  Movement:none
  Sectors:
    [1,1]->[0,E],-,-,-
    [1,2]->[1,B],[2,B],-,-
    [1,3]->-,-,-,-
    [1,4]->[3,B],[-2,W],-,-
    [1,5]->[4,B],-,-,-
    [2,1]->-,-,-,-
    [2,2]->-,-,-,-
    [2,3]->[5,B],-,-,-
    [2,4]->[6,B],[7,A],[-11,W],-
    [2,5]->[8,B],[9,B],[-4,Y],-
    [3,1]->[10,B],-,-,-
    [3,2]->[11,P],-,-,-
    [3,3]->[-1,O],-,-,-
    [3,4]->[12,A],[-7,W],-,-
    [3,5]->[13,B],[-8,W],-,-
    [4,1]->[14,B],[-3,W],-,-
    [4,2]->[15,B],[-9,W],-,-
    [4,3]->[16,B],[17,B],-,-
    [4,4]->-,-,-,-
    [4,5]->[18,P],[-5,W],-,-
    [5,1]->-,-,-,-
    [5,2]->[19,B],-,-,-
    [5,3]->[20,B],[21,B],[22,A],[-6,*]
    [5,4]->[-10,W],-,-,-
    [5,5]->[23,P],-,-,-
  Descriptions:
    [-11,W]->
    [-10,W]->
    [-9,W]->
    [-8,W]->
    [-7,W]->
    [-6,*]->Luminosity:5
    [-5,W]->
    [-4,Y]->Luminosity:2
    [-3,W]->
    [-2,W]->
    [-1,O]->
    [0,E]->fuel:3/3, life:3/3, landed?:F
    [1,B]->fuel:3/3, actions_left_until_reproduction:1/1, turns_left:1
    [2,B]->fuel:3/3, actions_left_until_reproduction:1/1, turns_left:0
    [3,B]->fuel:3/3, actions_left_until_reproduction:1/1, turns_left:0
    [4,B]->fuel:3/3, actions_left_until_reproduction:1/1, turns_left:0
    [5,B]->fuel:3/3, actions_left_until_reproduction:1/1, turns_left:0
    [6,B]->fuel:3/3, actions_left_until_reproduction:1/1, turns_left:2
    [7,A]->turns_left:2
    [8,B]->fuel:3/3, actions_left_until_reproduction:1/1, turns_left:1
    [9,B]->fuel:3/3, actions_left_until_reproduction:1/1, turns_left:1
    [10,B]->fuel:3/3, actions_left_until_reproduction:1/1, turns_left:2
    [11,P]->attached?:F, support_life?:F, visited?:F, turns_left:0
    [12,A]->turns_left:2
    [13,B]->fuel:3/3, actions_left_until_reproduction:1/1, turns_left:0
    [14,B]->fuel:3/3, actions_left_until_reproduction:1/1, turns_left:1
    [15,B]->fuel:3/3, actions_left_until_reproduction:1/1, turns_left:2
    [16,B]->fuel:3/3, actions_left_until_reproduction:1/1, turns_left:1
    [17,B]->fuel:3/3, actions_left_until_reproduction:1/1, turns_left:1
    [18,P]->attached?:F, support_life?:F, visited?:F, turns_left:0
    [19,B]->fuel:3/3, actions_left_until_reproduction:1/1, turns_left:0
    [20,B]->fuel:3/3, actions_left_until_reproduction:1/1, turns_left:2
    [21,B]->fuel:3/3, actions_left_until_reproduction:1/1, turns_left:1
    [22,A]->turns_left:2
    [23,P]->attached?:F, support_life?:F, visited?:F, turns_left:1
  Deaths This Turn:none
    (1:1)  (1:2)  (1:3)  (1:4)  (1:5)  
    E---   BB--   ----   BW--   B---   
    (2:1)  (2:2)  (2:3)  (2:4)  (2:5)  
    ----   ----   B---   BAW-   BBY-   
    (3:1)  (3:2)  (3:3)  (3:4)  (3:5)  
    B---   P---   O---   AW--   BW--   
    (4:1)  (4:2)  (4:3)  (4:4)  (4:5)  
    BW--   BW--   BB--   ----   PW--   
    (5:1)  (5:2)  (5:3)  (5:4)  (5:5)  
    ----   B---   BBA*   W---   P---   
->move(NE)
  state:2.0, mode:test, ok
  Movement:
    [0,E]:[1,1,1]->[5,2,2]
    [2,B]:[1,2,2]->[1,3,1]
    [3,B]:[1,4,1]->[3,5,3]
    [4,B]:[1,5,1]->[5,4,2]
    [5,B]:[2,3,1]->[3,2,2]
    [11,P]:[3,2,1]->[3,1,2]
    [13,B]:[3,5,1]->[5,2,3]
    [18,P]:[4,5,1]->[5,4,3]
    [19,B]:[5,2,1]->[1,2,2]
  Sectors:
    [1,1]->-,-,-,-
    [1,2]->[1,B],[19,B],-,-
    [1,3]->[2,B],-,-,-
    [1,4]->-,[-2,W],-,-
    [1,5]->-,-,-,-
    [2,1]->-,-,-,-
    [2,2]->-,-,-,-
    [2,3]->-,-,-,-
    [2,4]->[6,B],[7,A],[-11,W],-
    [2,5]->[8,B],[9,B],[-4,Y],-
    [3,1]->[10,B],[11,P],-,-
    [3,2]->-,[5,B],-,-
    [3,3]->[-1,O],-,-,-
    [3,4]->[12,A],[-7,W],-,-
    [3,5]->-,[-8,W],[3,B],-
    [4,1]->[14,B],[-3,W],-,-
    [4,2]->[15,B],[-9,W],-,-
    [4,3]->[16,B],[17,B],-,-
    [4,4]->-,-,-,-
    [4,5]->-,[-5,W],-,-
    [5,1]->-,-,-,-
    [5,2]->-,[0,E],[13,B],-
    [5,3]->[20,B],[21,B],[22,A],[-6,*]
    [5,4]->[-10,W],[4,B],[18,P],-
    [5,5]->[23,P],-,-,-
  Descriptions:
    [-11,W]->
    [-10,W]->
    [-9,W]->
    [-8,W]->
    [-7,W]->
    [-6,*]->Luminosity:5
    [-5,W]->
    [-4,Y]->Luminosity:2
    [-3,W]->
    [-2,W]->
    [-1,O]->
    [0,E]->fuel:2/3, life:3/3, landed?:F
    [1,B]->fuel:3/3, actions_left_until_reproduction:1/1, turns_left:0
    [2,B]->fuel:2/3, actions_left_until_reproduction:0/1, turns_left:0
    [3,B]->fuel:3/3, actions_left_until_reproduction:0/1, turns_left:2
    [4,B]->fuel:2/3, actions_left_until_reproduction:0/1, turns_left:0
    [5,B]->fuel:2/3, actions_left_until_reproduction:0/1, turns_left:0
    [6,B]->fuel:3/3, actions_left_until_reproduction:1/1, turns_left:1
    [7,A]->turns_left:1
    [8,B]->fuel:3/3, actions_left_until_reproduction:1/1, turns_left:0
    [9,B]->fuel:3/3, actions_left_until_reproduction:1/1, turns_left:0
    [10,B]->fuel:3/3, actions_left_until_reproduction:1/1, turns_left:1
    [11,P]->attached?:F, support_life?:F, visited?:F, turns_left:0
    [12,A]->turns_left:1
    [13,B]->fuel:3/3, actions_left_until_reproduction:0/1, turns_left:0
    [14,B]->fuel:3/3, actions_left_until_reproduction:1/1, turns_left:0
    [15,B]->fuel:3/3, actions_left_until_reproduction:1/1, turns_left:1
    [16,B]->fuel:3/3, actions_left_until_reproduction:1/1, turns_left:0
    [17,B]->fuel:3/3, actions_left_until_reproduction:1/1, turns_left:0
    [18,P]->attached?:F, support_life?:F, visited?:F, turns_left:0
    [19,B]->fuel:2/3, actions_left_until_reproduction:0/1, turns_left:1
    [20,B]->fuel:3/3, actions_left_until_reproduction:1/1, turns_left:1
    [21,B]->fuel:3/3, actions_left_until_reproduction:1/1, turns_left:0
    [22,A]->turns_left:1
    [23,P]->attached?:F, support_life?:F, visited?:F, turns_left:0
  Deaths This Turn:none
    (1:1)  (1:2)  (1:3)  (1:4)  (1:5)  
    ----   BB--   B---   -W--   ----   
    (2:1)  (2:2)  (2:3)  (2:4)  (2:5)  
    ----   ----   ----   BAW-   BBY-   
    (3:1)  (3:2)  (3:3)  (3:4)  (3:5)  
    BP--   -B--   O---   AW--   -WB-   
    (4:1)  (4:2)  (4:3)  (4:4)  (4:5)  
    BW--   BW--   BB--   ----   -W--   
    (5:1)  (5:2)  (5:3)  (5:4)  (5:5)  
    ----   -EB-   BBA*   WBP-   P---   
->land
  state:2.1, mode:test, error
  Negative on that request:no yellow dwarf at Sector:5:2
->move(W)
  state:3.0, mode:test, ok
  Movement:
    [0,E]:[5,2,2]->[5,1,1]
    [1,B]:[1,2,1]->[2,3,1]
    [2,B]:[1,3,1]->[2,3,2]
      reproduced [24,B] at [2,3,3]
    [4,B]:[5,4,2]->[2,2,1]
      reproduced [25,B] at [2,2,2]
    [5,B]:[3,2,2]->[2,1,1]
      reproduced [26,B] at [2,1,2]
    [8,B]:[2,5,1]->[3,4,3]
    [9,B]:[2,5,2]->[1,4,1]
    [11,P]:[3,1,2]->[3,5,1]
    [13,B]:[5,2,3]->[1,3,1]
      reproduced [27,B] at [1,3,2]
    [14,B]:[4,1,1]->[5,1,2]
    [16,B]:[4,3,1]->[3,4,4]
    [17,B]:[4,3,2]->[3,2,1]
    [18,P]:[5,4,3]->[1,4,3]
    [21,B]:[5,3,2]->[5,2,1]
    [23,P]:[5,5,1]->[5,4,2]
  Sectors:
    [1,1]->-,-,-,-
    [1,2]->-,[19,B],-,-
    [1,3]->[13,B],[27,B],-,-
    [1,4]->[9,B],[-2,W],[18,P],-
    [1,5]->-,-,-,-
    [2,1]->[5,B],[26,B],-,-
    [2,2]->[4,B],[25,B],-,-
    [2,3]->[1,B],[2,B],[24,B],-
    [2,4]->[6,B],[7,A],[-11,W],-
    [2,5]->-,-,[-4,Y],-
    [3,1]->[10,B],-,-,-
    [3,2]->[17,B],-,-,-
    [3,3]->[-1,O],-,-,-
    [3,4]->[12,A],[-7,W],[8,B],[16,B]
    [3,5]->[11,P],[-8,W],[3,B],-
    [4,1]->-,[-3,W],-,-
    [4,2]->[15,B],[-9,W],-,-
    [4,3]->-,-,-,-
    [4,4]->-,-,-,-
    [4,5]->-,[-5,W],-,-
    [5,1]->[0,E],[14,B],-,-
    [5,2]->[21,B],-,-,-
    [5,3]->[20,B],-,[22,A],[-6,*]
    [5,4]->[-10,W],[23,P],-,-
    [5,5]->-,-,-,-
  Descriptions:
    [-11,W]->
    [-10,W]->
    [-9,W]->
    [-8,W]->
    [-7,W]->
    [-6,*]->Luminosity:5
    [-5,W]->
    [-4,Y]->Luminosity:2
    [-3,W]->
    [-2,W]->
    [-1,O]->
    [0,E]->fuel:1/3, life:3/3, landed?:F
    [1,B]->fuel:2/3, actions_left_until_reproduction:0/1, turns_left:2
    [2,B]->fuel:1/3, actions_left_until_reproduction:1/1, turns_left:1
    [3,B]->fuel:3/3, actions_left_until_reproduction:0/1, turns_left:1
    [4,B]->fuel:2/3, actions_left_until_reproduction:1/1, turns_left:2
    [5,B]->fuel:1/3, actions_left_until_reproduction:1/1, turns_left:0
    [6,B]->fuel:3/3, actions_left_until_reproduction:1/1, turns_left:0
    [7,A]->turns_left:0
    [8,B]->fuel:2/3, actions_left_until_reproduction:0/1, turns_left:1
    [9,B]->fuel:2/3, actions_left_until_reproduction:0/1, turns_left:1
    [10,B]->fuel:3/3, actions_left_until_reproduction:1/1, turns_left:0
    [11,P]->attached?:F, support_life?:F, visited?:F, turns_left:2
    [12,A]->turns_left:0
    [13,B]->fuel:2/3, actions_left_until_reproduction:1/1, turns_left:2
    [14,B]->fuel:3/3, actions_left_until_reproduction:0/1, turns_left:1
    [15,B]->fuel:3/3, actions_left_until_reproduction:1/1, turns_left:0
    [16,B]->fuel:2/3, actions_left_until_reproduction:0/1, turns_left:2
    [17,B]->fuel:2/3, actions_left_until_reproduction:0/1, turns_left:2
    [18,P]->attached?:F, support_life?:F, visited?:F, turns_left:0
    [19,B]->fuel:2/3, actions_left_until_reproduction:0/1, turns_left:0
    [20,B]->fuel:3/3, actions_left_until_reproduction:1/1, turns_left:0
    [21,B]->fuel:2/3, actions_left_until_reproduction:0/1, turns_left:1
    [22,A]->turns_left:0
    [23,P]->attached?:F, support_life?:F, visited?:F, turns_left:2
    [24,B]->fuel:3/3, actions_left_until_reproduction:1/1, turns_left:2
    [25,B]->fuel:3/3, actions_left_until_reproduction:1/1, turns_left:2
    [26,B]->fuel:3/3, actions_left_until_reproduction:1/1, turns_left:0
    [27,B]->fuel:3/3, actions_left_until_reproduction:1/1, turns_left:1
  Deaths This Turn:none
    (1:1)  (1:2)  (1:3)  (1:4)  (1:5)  
    ----   -B--   BB--   BWP-   ----   
    (2:1)  (2:2)  (2:3)  (2:4)  (2:5)  
    BB--   BB--   BBB-   BAW-   --Y-   
    (3:1)  (3:2)  (3:3)  (3:4)  (3:5)  
    B---   B---   O---   AWBB   PWB-   
    (4:1)  (4:2)  (4:3)  (4:4)  (4:5)  
    -W--   BW--   ----   ----   -W--   
    (5:1)  (5:2)  (5:3)  (5:4)  (5:5)  
    EB--   B---   B-A*   WP--   ----   
->wormhole
  state:3.1, mode:test, error
  Explorer couldn't find wormhole at Sector:5:1
->move(SW)
  state:4.0, mode:test, ok
  Explorer got lost in space - out of fuel at Sector:1:5
  The game has ended. You can start a new game.
  Movement:
    [0,E]:[5,1,1]->[1,5,1]
    [5,B]:[2,1,1]->[1,5,1]
    [6,B]:[2,4,1]->[5,2,2]
    [7,A]:[2,4,2]
    [10,B]:[3,1,1]->[3,5,4]
    [12,A]:[3,4,1]->[2,4,1]
    [15,B]:[4,2,1]->[4,5,1]
    [18,P]:[1,4,3]->[1,3,3]
    [19,B]:[1,2,2]->[1,1,1]
      reproduced [28,B] at [1,1,2]
    [20,B]:[5,3,1]->[4,3,1]
    [22,A]:[5,3,3]->[1,3,4]
      destroyed [13,B] at [1,3,1]
      destroyed [27,B] at [1,3,2]
    [26,B]:[2,1,2]->[1,1,3]
  Sectors:
    [1,1]->[19,B],[28,B],[26,B],-
    [1,2]->-,-,-,-
    [1,3]->-,-,[18,P],[22,A]
    [1,4]->[9,B],[-2,W],-,-
    [1,5]->-,-,-,-
    [2,1]->-,-,-,-
    [2,2]->[4,B],[25,B],-,-
    [2,3]->[1,B],[2,B],[24,B],-
    [2,4]->[12,A],[7,A],[-11,W],-
    [2,5]->-,-,[-4,Y],-
    [3,1]->-,-,-,-
    [3,2]->[17,B],-,-,-
    [3,3]->[-1,O],-,-,-
    [3,4]->-,[-7,W],[8,B],[16,B]
    [3,5]->[11,P],[-8,W],[3,B],[10,B]
    [4,1]->-,[-3,W],-,-
    [4,2]->-,[-9,W],-,-
    [4,3]->[20,B],-,-,-
    [4,4]->-,-,-,-
    [4,5]->[15,B],[-5,W],-,-
    [5,1]->-,[14,B],-,-
    [5,2]->[21,B],[6,B],-,-
    [5,3]->-,-,-,[-6,*]
    [5,4]->[-10,W],[23,P],-,-
    [5,5]->-,-,-,-
  Descriptions:
    [-11,W]->
    [-10,W]->
    [-9,W]->
    [-8,W]->
    [-7,W]->
    [-6,*]->Luminosity:5
    [-5,W]->
    [-4,Y]->Luminosity:2
    [-3,W]->
    [-2,W]->
    [-1,O]->
    [1,B]->fuel:2/3, actions_left_until_reproduction:0/1, turns_left:1
    [2,B]->fuel:1/3, actions_left_until_reproduction:1/1, turns_left:0
    [3,B]->fuel:3/3, actions_left_until_reproduction:0/1, turns_left:0
    [4,B]->fuel:2/3, actions_left_until_reproduction:1/1, turns_left:1
    [6,B]->fuel:3/3, actions_left_until_reproduction:0/1, turns_left:2
    [7,A]->turns_left:2
    [8,B]->fuel:2/3, actions_left_until_reproduction:0/1, turns_left:0
    [9,B]->fuel:2/3, actions_left_until_reproduction:0/1, turns_left:0
    [10,B]->fuel:2/3, actions_left_until_reproduction:0/1, turns_left:1
    [11,P]->attached?:F, support_life?:F, visited?:F, turns_left:1
    [12,A]->turns_left:2
    [14,B]->fuel:3/3, actions_left_until_reproduction:0/1, turns_left:0
    [15,B]->fuel:3/3, actions_left_until_reproduction:0/1, turns_left:1
    [16,B]->fuel:2/3, actions_left_until_reproduction:0/1, turns_left:1
    [17,B]->fuel:2/3, actions_left_until_reproduction:0/1, turns_left:1
    [18,P]->attached?:F, support_life?:F, visited?:F, turns_left:0
    [19,B]->fuel:1/3, actions_left_until_reproduction:1/1, turns_left:1
    [20,B]->fuel:2/3, actions_left_until_reproduction:0/1, turns_left:0
    [21,B]->fuel:2/3, actions_left_until_reproduction:0/1, turns_left:0
    [22,A]->turns_left:1
    [23,P]->attached?:F, support_life?:F, visited?:F, turns_left:1
    [24,B]->fuel:3/3, actions_left_until_reproduction:1/1, turns_left:1
    [25,B]->fuel:3/3, actions_left_until_reproduction:1/1, turns_left:1
    [26,B]->fuel:2/3, actions_left_until_reproduction:0/1, turns_left:1
    [28,B]->fuel:3/3, actions_left_until_reproduction:1/1, turns_left:2
  Deaths This Turn:
    [0,E]->fuel:0/3, life:0/3, landed?:F,
      Explorer got lost in space - out of fuel at Sector:1:5
    [5,B]->fuel:0/3, actions_left_until_reproduction:1/1, turns_left:N/A,
      Benign got lost in space - out of fuel at Sector:1:5
    [13,B]->fuel:2/3, actions_left_until_reproduction:1/1, turns_left:N/A,
      Benign got destroyed by asteroid (id: 22) at Sector:1:3
    [27,B]->fuel:3/3, actions_left_until_reproduction:1/1, turns_left:N/A,
      Benign got destroyed by asteroid (id: 22) at Sector:1:3
    (1:1)  (1:2)  (1:3)  (1:4)  (1:5)  
    BBB-   ----   --PA   BW--   ----   
    (2:1)  (2:2)  (2:3)  (2:4)  (2:5)  
    ----   BB--   BBB-   AAW-   --Y-   
    (3:1)  (3:2)  (3:3)  (3:4)  (3:5)  
    ----   B---   O---   -WBB   PWBB   
    (4:1)  (4:2)  (4:3)  (4:4)  (4:5)  
    -W--   -W--   B---   ----   BW--   
    (5:1)  (5:2)  (5:3)  (5:4)  (5:5)  
    -B--   BB--   ---*   WP--   ----   
  Explorer got lost in space - out of fuel at Sector:1:5
  The game has ended. You can start a new game.
->play
  state:5.0, mode:play, ok
  Movement:none
    (1:1)  (1:2)  (1:3)  (1:4)  (1:5)  
    EPW-   ----   W---   P*--   ----   
    (2:1)  (2:2)  (2:3)  (2:4)  (2:5)  
    ----   AW--   P---   ----   ----   
    (3:1)  (3:2)  (3:3)  (3:4)  (3:5)  
    PW--   ----   O---   ----   P---   
    (4:1)  (4:2)  (4:3)  (4:4)  (4:5)  
    P---   A*--   BY--   W---   PMY-   
    (5:1)  (5:2)  (5:3)  (5:4)  (5:5)  
    ----   ----   W---   P---   ----   
->land
  state:5.1, mode:play, error
  Negative on that request:no yellow dwarf at Sector:1:1
->move(W)
  state:6.0, mode:play, ok
  Movement:
    [0,E]:[1,1,1]->[1,5,1]
    [7,P]:[4,1,1]->[3,2,1]
    [8,A]:[4,2,1]->[3,2,2]
    [9,B]:[4,3,1]->[5,2,1]
    (1:1)  (1:2)  (1:3)  (1:4)  (1:5)  
    -PW-   ----   W---   P*--   E---   
    (2:1)  (2:2)  (2:3)  (2:4)  (2:5)  
    ----   AW--   P---   ----   ----   
    (3:1)  (3:2)  (3:3)  (3:4)  (3:5)  
    PW--   PA--   O---   ----   P---   
    (4:1)  (4:2)  (4:3)  (4:4)  (4:5)  
    ----   -*--   -Y--   W---   PMY-   
    (5:1)  (5:2)  (5:3)  (5:4)  (5:5)  
    ----   B---   W---   P---   ----   
->move(S)
  state:7.0, mode:play, ok
  Movement:
    [0,E]:[1,5,1]->[2,5,1]
    [1,P]:[1,1,2]->[1,5,1]
    [3,A]:[2,2,1]->[1,3,2]
    [4,P]:[2,3,1]->[1,3,3]
    [5,P]:[3,1,1]->[4,2,1]
    (1:1)  (1:2)  (1:3)  (1:4)  (1:5)  
    --W-   ----   WAP-   P*--   P---   
    (2:1)  (2:2)  (2:3)  (2:4)  (2:5)  
    ----   -W--   ----   ----   E---   
    (3:1)  (3:2)  (3:3)  (3:4)  (3:5)  
    -W--   PA--   O---   ----   P---   
    (4:1)  (4:2)  (4:3)  (4:4)  (4:5)  
    ----   P*--   -Y--   W---   PMY-   
    (5:1)  (5:2)  (5:3)  (5:4)  (5:5)  
    ----   B---   W---   P---   ----   
->move(N)
  state:8.0, mode:play, ok
  Explorer got lost in space - out of fuel at Sector:1:5
  The game has ended. You can start a new game.
  Movement:
    [0,E]:[2,5,1]->[1,5,2]
    [6,P]:[3,5,1]->[4,1,1]
    [7,P]:[3,2,1]->[3,1,1]
    [8,A]:[3,2,2]->[4,2,3]
    [11,M]:[4,5,2]->[4,1,2]
    [12,P]:[5,4,1]->[1,3,4]
    (1:1)  (1:2)  (1:3)  (1:4)  (1:5)  
    --W-   ----   WAPP   P*--   P---   
    (2:1)  (2:2)  (2:3)  (2:4)  (2:5)  
    ----   -W--   ----   ----   ----   
    (3:1)  (3:2)  (3:3)  (3:4)  (3:5)  
    PW--   ----   O---   ----   ----   
    (4:1)  (4:2)  (4:3)  (4:4)  (4:5)  
    PM--   P*A-   -Y--   W---   P-Y-   
    (5:1)  (5:2)  (5:3)  (5:4)  (5:5)  
    ----   B---   W---   ----   ----   
->move(NW)
  state:8.1, error
  Negative on that request:no mission in progress.
->test(20,34,31,41,43)
  state:8.2, error
  Thresholds should be non-decreasing order.
->move(SW)
  state:8.3, error
  Negative on that request:no mission in progress.
->move(N)
  state:8.4, error
  Negative on that request:no mission in progress.
->test(10,28,11,21,25)
  state:8.5, error
  Thresholds should be non-decreasing order.
->move(NE)
  state:8.6, error
  Negative on that request:no mission in progress.
->move(NE)
  state:8.7, error
  Negative on that request:no mission in progress.
->move(NW)
  state:8.8, error
  Negative on that request:no mission in progress.
->move(SW)
  state:8.9, error
  Negative on that request:no mission in progress.
->move(E)
  state:8.10, error
  Negative on that request:no mission in progress.
->move(S)
  state:8.11, error
  Negative on that request:no mission in progress.
->move(W)
  state:8.12, error
  Negative on that request:no mission in progress.
->move(N)
  state:8.13, error
  Negative on that request:no mission in progress.
->move(NE)
  state:8.14, error
  Negative on that request:no mission in progress.
->move(NW)
  state:8.15, error
  Negative on that request:no mission in progress.
->land
  state:8.16, error
  Negative on that request:no mission in progress.
->move(SW)
  state:8.17, error
  Negative on that request:no mission in progress.
->move(S)
  state:8.18, error
  Negative on that request:no mission in progress.
->move(N)
  state:8.19, error
  Negative on that request:no mission in progress.
->move(N)
  state:8.20, error
  Negative on that request:no mission in progress.
->liftoff
  state:8.21, error
  Negative on that request:no mission in progress.
->move(S)
  state:8.22, error
  Negative on that request:no mission in progress.
->liftoff
  state:8.23, error
  Negative on that request:no mission in progress.
->move(S)
  state:8.24, error
  Negative on that request:no mission in progress.
->move(W)
  state:8.25, error
  Negative on that request:no mission in progress.
->pass
  state:8.26, error
  Negative on that request:no mission in progress.
->move(N)
  state:8.27, error
  Negative on that request:no mission in progress.
->move(W)
  state:8.28, error
  Negative on that request:no mission in progress.
->test(29,23,12,20,53)
  state:8.29, error
  Thresholds should be non-decreasing order.
->wormhole
  state:8.30, error
  Negative on that request:no mission in progress.
->move(SW)
  state:8.31, error
  Negative on that request:no mission in progress.
->wormhole
  state:8.32, error
  Negative on that request:no mission in progress.
->move(SW)
  state:8.33, error
  Negative on that request:no mission in progress.
->move(NE)
  state:8.34, error
  Negative on that request:no mission in progress.
